Log file open, 04/10/25 10:43:33
LogWindows: Failed to load 'aqProf.dll' (GetLastError=126)
LogWindows: File 'aqProf.dll' does not exist
LogWindows: Failed to load 'VtuneApi.dll' (GetLastError=126)
LogWindows: File 'VtuneApi.dll' does not exist
LogWindows: Failed to load 'VtuneApi32e.dll' (GetLastError=126)
LogWindows: File 'VtuneApi32e.dll' does not exist
LogConsoleResponse: Display: Failed to find resolution value strings in scalability ini. Falling back to default.
LogConsoleResponse: Display: Failed to find resolution value strings in scalability ini. Falling back to default.
LogInit: Display: Running engine for game: TopDownPuzzle
LogPlatformFile: Not using cached read wrapper
LogTaskGraph: Started task graph with 5 named threads and 23 total threads with 3 sets of task threads.
LogStats: Stats thread started at 0.359004
LogICUInternationalization: ICU TimeZone Detection - Raw Offset: -5:00, Platform Override: ''
LogInit: Display: Loading text-based GConfig....
LogPluginManager: Mounting plugin MeshPainting
LogPluginManager: Mounting plugin XGEController
LogPluginManager: Mounting plugin Paper2D
LogPluginManager: Mounting plugin AISupport
LogPluginManager: Mounting plugin EnvironmentQueryEditor
LogPluginManager: Mounting plugin LiveLink
LogPluginManager: Mounting plugin LightPropagationVolume
LogPluginManager: Mounting plugin CameraShakePreviewer
LogPluginManager: Mounting plugin GameplayCameras
LogPluginManager: Mounting plugin OodleNetwork
LogPluginManager: Mounting plugin OodleData
LogPluginManager: Mounting plugin AnimationSharing
LogPluginManager: Mounting plugin CLionSourceCodeAccess
LogPluginManager: Mounting plugin GitSourceControl
LogPluginManager: Mounting plugin CodeLiteSourceCodeAccess
LogPluginManager: Mounting plugin KDevelopSourceCodeAccess
LogPluginManager: Mounting plugin NullSourceCodeAccess
LogPluginManager: Mounting plugin PerforceSourceControl
LogPluginManager: Mounting plugin PixWinPlugin
LogPluginManager: Mounting plugin PlasticSourceControl
LogPluginManager: Mounting plugin PluginUtils
LogPluginManager: Mounting plugin PropertyAccessNode
LogPluginManager: Mounting plugin RiderSourceCodeAccess
LogPluginManager: Mounting plugin SubversionSourceControl
LogPluginManager: Mounting plugin TextureFormatOodle
LogPluginManager: Mounting plugin UObjectPlugin
LogPluginManager: Mounting plugin VisualStudioSourceCodeAccess
LogPluginManager: Mounting plugin VisualStudioCodeSourceCodeAccess
LogPluginManager: Mounting plugin XCodeSourceCodeAccess
LogPluginManager: Mounting plugin AssetManagerEditor
LogPluginManager: Mounting plugin CryptoKeys
LogPluginManager: Mounting plugin CurveEditorTools
LogPluginManager: Mounting plugin DataValidation
LogPluginManager: Mounting plugin FacialAnimation
LogPluginManager: Mounting plugin GameplayTagsEditor
LogPluginManager: Mounting plugin GeometryMode
LogPluginManager: Mounting plugin MacGraphicsSwitching
LogPluginManager: Mounting plugin MaterialAnalyzer
LogPluginManager: Mounting plugin PluginBrowser
LogPluginManager: Mounting plugin MobileLauncherProfileWizard
LogPluginManager: Mounting plugin SpeedTreeImporter
LogPluginManager: Mounting plugin VariantManagerContent
LogPluginManager: Mounting plugin AlembicImporter
LogPluginManager: Mounting plugin AutomationUtils
LogPluginManager: Mounting plugin BackChannel
LogPluginManager: Mounting plugin ChaosCloth
LogPluginManager: Mounting plugin ChaosClothEditor
LogPluginManager: Mounting plugin ChaosEditor
LogPluginManager: Mounting plugin ChaosNiagara
LogPluginManager: Mounting plugin ChaosSolverPlugin
LogPluginManager: Mounting plugin CharacterAI
LogPluginManager: Mounting plugin DatasmithContent
LogPluginManager: Mounting plugin GeometryCache
LogPluginManager: Mounting plugin GeometryCollectionPlugin
LogPluginManager: Mounting plugin GeometryProcessing
LogPluginManager: Mounting plugin MotoSynth
LogPluginManager: Mounting plugin OpenImageDenoise
LogPluginManager: Mounting plugin PlanarCut
LogPluginManager: Mounting plugin PlatformCrypto
LogPluginManager: Mounting plugin ProxyLODPlugin
LogPluginManager: Mounting plugin PythonScriptPlugin
LogPluginManager: Mounting plugin SkeletalReduction
LogPluginManager: Mounting plugin Niagara
LogPluginManager: Mounting plugin LuminPlatformFeatures
LogPluginManager: Mounting plugin MagicLeapLightEstimation
LogPluginManager: Mounting plugin MagicLeapMedia
LogPluginManager: Mounting plugin MagicLeapPassableWorld
LogPluginManager: Mounting plugin MLSDK
LogPluginManager: Mounting plugin AndroidMedia
LogPluginManager: Mounting plugin MagicLeap
LogPluginManager: Mounting plugin AvfMedia
LogPluginManager: Mounting plugin ImgMedia
LogPluginManager: Mounting plugin MediaCompositing
LogPluginManager: Mounting plugin MediaPlayerEditor
LogPluginManager: Mounting plugin WebMMedia
LogPluginManager: Mounting plugin WmfMedia
LogPluginManager: Mounting plugin TcpMessaging
LogPluginManager: Mounting plugin UdpMessaging
LogPluginManager: Mounting plugin LevelSequenceEditor
LogPluginManager: Mounting plugin TemplateSequence
LogPluginManager: Mounting plugin ActorSequence
LogPluginManager: Mounting plugin MatineeToLevelSequence
LogPluginManager: Mounting plugin OnlineSubsystem
LogPluginManager: Mounting plugin OnlineSubsystemNull
LogPluginManager: Mounting plugin OnlineSubsystemUtils
LogPluginManager: Mounting plugin LauncherChunkInstaller
LogPluginManager: Mounting plugin ActorLayerUtilities
LogPluginManager: Mounting plugin AndroidDeviceProfileSelector
LogPluginManager: Mounting plugin AndroidMoviePlayer
LogPluginManager: Mounting plugin AndroidPermission
LogPluginManager: Mounting plugin AppleImageUtils
LogPluginManager: Mounting plugin AppleMoviePlayer
LogPluginManager: Mounting plugin ArchVisCharacter
LogPluginManager: Mounting plugin AssetTags
LogPluginManager: Mounting plugin AudioSynesthesia
LogPluginManager: Mounting plugin AudioCapture
LogPluginManager: Mounting plugin CableComponent
LogPluginManager: Mounting plugin ChunkDownloader
LogPluginManager: Mounting plugin CustomMeshComponent
LogPluginManager: Mounting plugin EditableMesh
LogPluginManager: Mounting plugin ExampleDeviceProfileSelector
LogPluginManager: Mounting plugin GoogleCloudMessaging
LogPluginManager: Mounting plugin GooglePAD
LogPluginManager: Mounting plugin IOSDeviceProfileSelector
LogPluginManager: Mounting plugin LinuxDeviceProfileSelector
LogPluginManager: Mounting plugin LocationServicesBPLibrary
LogPluginManager: Mounting plugin MobilePatchingUtils
LogPluginManager: Mounting plugin OpenXR
LogPluginManager: Mounting plugin OpenXREyeTracker
LogPluginManager: Mounting plugin OpenXRHandTracking
LogPluginManager: Mounting plugin PhysXVehicles
LogPluginManager: Mounting plugin PostSplashScreen
LogPluginManager: Mounting plugin ProceduralMeshComponent
LogPluginManager: Mounting plugin RuntimePhysXCooking
LogPluginManager: Mounting plugin PropertyAccessEditor
LogPluginManager: Mounting plugin SignificanceManager
LogPluginManager: Mounting plugin SoundFields
LogPluginManager: Mounting plugin Synthesis
LogPluginManager: Mounting plugin WebMMoviePlayer
LogPluginManager: Mounting plugin WindowsMoviePlayer
LogPluginManager: Mounting plugin ScreenshotTools
LogPluginManager: Mounting plugin Takes
LogPluginManager: Mounting plugin ContentBrowserAssetDataSource
LogPluginManager: Mounting plugin ContentBrowserClassDataSource
LogPluginManager: Mounting plugin ContentBrowserFileDataSource
LogPluginManager: Mounting plugin OnlineSubsystemGooglePlay
LogPluginManager: Mounting plugin OnlineSubsystemIOS
LogPluginManager: Mounting plugin OculusVR
LogPluginManager: Mounting plugin SteamVR
PixWinPlugin: PIX capture plugin failed to initialize! Check that the process is launched from PIX.
LogInit: Using libcurl 7.55.1-DEV
LogInit:  - built for x86_64-pc-win32
LogInit:  - supports SSL with OpenSSL/1.1.1
LogInit:  - supports HTTP deflate (compression) using libz 1.2.8
LogInit:  - other features:
LogInit:      CURL_VERSION_SSL
LogInit:      CURL_VERSION_LIBZ
LogInit:      CURL_VERSION_IPV6
LogInit:      CURL_VERSION_ASYNCHDNS
LogInit:      CURL_VERSION_LARGEFILE
LogInit:      CURL_VERSION_IDN
LogInit:  CurlRequestOptions (configurable via config and command line):
LogInit:  - bVerifyPeer = true  - Libcurl will verify peer certificate
LogInit:  - bUseHttpProxy = false  - Libcurl will NOT use HTTP proxy
LogInit:  - bDontReuseConnections = false  - Libcurl will reuse connections
LogInit:  - MaxHostConnections = 16  - Libcurl will limit the number of connections to a host
LogInit:  - LocalHostAddr = Default
LogInit:  - BufferSize = 65536
LogOnline: OSS: Creating online subsystem instance for: NULL
LogInit: WinSock: version 1.1 (2.2), MaxSocks=32767, MaxUdp=65467
LogOnline: OSS: TryLoadSubsystemAndSetDefault: Loaded subsystem for module [NULL]
LogOculusPluginWrapper: OculusPlugin initialized successfully
LogHMD: Failed initializing OVRPlugin 1.59.0
LogInit: Build: ++UE4+Release-4.27-CL-18319896
LogInit: Engine Version: 4.27.2-18319896+++UE4+Release-4.27
LogInit: Compatible Engine Version: 4.27.0-17155196+++UE4+Release-4.27
LogInit: Net CL: 17155196
LogInit: OS: Windows 10 (Release 2009) (), CPU: Intel(R) Core(TM) i5-9300H CPU @ 2.40GHz, GPU: Intel(R) UHD Graphics 630
LogInit: Compiled (64-bit): Nov 30 2021 07:12:08
LogInit: Compiled with Visual C++: 19.24.28315.00
LogInit: Build Configuration: Development
LogInit: Branch Name: ++UE4+Release-4.27
LogInit: Command Line: 
LogInit: Base Directory: C:/Program Files/UE/UE_4.27/Engine/Binaries/Win64/
LogInit: Allocator: TBB
LogInit: Installed Engine Build: 1
LogDevObjectVersion: Number of dev versions registered: 29
LogDevObjectVersion:   Dev-Blueprints (B0D832E4-1F89-4F0D-ACCF-7EB736FD4AA2): 10
LogDevObjectVersion:   Dev-Build (E1C64328-A22C-4D53-A36C-8E866417BD8C): 0
LogDevObjectVersion:   Dev-Core (375EC13C-06E4-48FB-B500-84F0262A717E): 4
LogDevObjectVersion:   Dev-Editor (E4B068ED-F494-42E9-A231-DA0B2E46BB41): 40
LogDevObjectVersion:   Dev-Framework (CFFC743F-43B0-4480-9391-14DF171D2073): 37
LogDevObjectVersion:   Dev-Mobile (B02B49B5-BB20-44E9-A304-32B752E40360): 3
LogDevObjectVersion:   Dev-Networking (A4E4105C-59A1-49B5-A7C5-40C4547EDFEE): 0
LogDevObjectVersion:   Dev-Online (39C831C9-5AE6-47DC-9A44-9C173E1C8E7C): 0
LogDevObjectVersion:   Dev-Physics (78F01B33-EBEA-4F98-B9B4-84EACCB95AA2): 14
LogDevObjectVersion:   Dev-Platform (6631380F-2D4D-43E0-8009-CF276956A95A): 0
LogDevObjectVersion:   Dev-Rendering (12F88B9F-8875-4AFC-A67C-D90C383ABD29): 45
LogDevObjectVersion:   Dev-Sequencer (7B5AE74C-D270-4C10-A958-57980B212A5A): 13
LogDevObjectVersion:   Dev-VR (D7296918-1DD6-4BDD-9DE2-64A83CC13884): 3
LogDevObjectVersion:   Dev-LoadTimes (C2A15278-BFE7-4AFE-6C17-90FF531DF755): 1
LogDevObjectVersion:   Private-Geometry (6EACA3D4-40EC-4CC1-B786-8BED09428FC5): 3
LogDevObjectVersion:   Dev-AnimPhys (29E575DD-E0A3-4627-9D10-D276232CDCEA): 17
LogDevObjectVersion:   Dev-Anim (AF43A65D-7FD3-4947-9873-3E8ED9C1BB05): 15
LogDevObjectVersion:   Dev-ReflectionCapture (6B266CEC-1EC7-4B8F-A30B-E4D90942FC07): 1
LogDevObjectVersion:   Dev-Automation (0DF73D61-A23F-47EA-B727-89E90C41499A): 1
LogDevObjectVersion:   FortniteMain (601D1886-AC64-4F84-AA16-D3DE0DEAC7D6): 47
LogDevObjectVersion:   FortniteRelease (E7086368-6B23-4C58-8439-1B7016265E91): 1
LogDevObjectVersion:   Dev-Enterprise (9DFFBCD6-494F-0158-E221-12823C92A888): 10
LogDevObjectVersion:   Dev-Niagara (F2AED0AC-9AFE-416F-8664-AA7FFA26D6FC): 1
LogDevObjectVersion:   Dev-Destruction (174F1F0B-B4C6-45A5-B13F-2EE8D0FB917D): 10
LogDevObjectVersion:   Dev-Physics-Ext (35F94A83-E258-406C-A318-09F59610247C): 41
LogDevObjectVersion:   Dev-PhysicsMaterial-Chaos (B68FC16E-8B1B-42E2-B453-215C058844FE): 1
LogDevObjectVersion:   Dev-CineCamera (B2E18506-4273-CFC2-A54E-F4BB758BBA07): 1
LogDevObjectVersion:   Dev-VirtualProduction (64F58936-FD1B-42BA-BA96-7289D5D0FA4E): 1
LogDevObjectVersion:   Dev-MediaFramework (6F0ED827-A609-4895-9C91-998D90180EA4): 2
LogInit: Presizing for max 25165824 objects, including 0 objects not considered by GC, pre-allocating 0 bytes for permanent pool.
LogConfig: Applying CVar settings from Section [/Script/Engine.StreamingSettings] File [C:/Unreal Projects/Top-Down-Puzzle/TopDownPuzzle/Saved/Config/Windows/Engine.ini]
LogConfig: Setting CVar [[s.MinBulkDataSizeForAsyncLoading:131072]]
LogConfig: Setting CVar [[s.AsyncLoadingThreadEnabled:0]]
LogConfig: Setting CVar [[s.EventDrivenLoaderEnabled:1]]
LogConfig: Setting CVar [[s.WarnIfTimeLimitExceeded:0]]
LogConfig: Setting CVar [[s.TimeLimitExceededMultiplier:1.5]]
LogConfig: Setting CVar [[s.TimeLimitExceededMinTime:0.005]]
LogConfig: Setting CVar [[s.UseBackgroundLevelStreaming:1]]
LogConfig: Setting CVar [[s.PriorityAsyncLoadingExtraTime:15.0]]
LogConfig: Setting CVar [[s.LevelStreamingActorsUpdateTimeLimit:5.0]]
LogConfig: Setting CVar [[s.PriorityLevelStreamingActorsUpdateExtraTime:5.0]]
LogConfig: Setting CVar [[s.LevelStreamingComponentsRegistrationGranularity:10]]
LogConfig: Setting CVar [[s.UnregisterComponentsTimeLimit:1.0]]
LogConfig: Setting CVar [[s.LevelStreamingComponentsUnregistrationGranularity:5]]
LogConfig: Setting CVar [[s.FlushStreamingOnExit:1]]
LogInit: Object subsystem initialized
LogConfig: Setting CVar [[con.DebugEarlyDefault:1]]
LogConfig: Setting CVar [[r.setres:1280x720]]
[2025.04.10-14.43.35:699][  0]LogConfig: Setting CVar [[r.VSync:0]]
[2025.04.10-14.43.35:699][  0]LogConfig: Setting CVar [[r.RHICmdBypass:0]]
[2025.04.10-14.43.35:699][  0]LogConfig: Applying CVar settings from Section [/Script/Engine.RendererSettings] File [C:/Unreal Projects/Top-Down-Puzzle/TopDownPuzzle/Saved/Config/Windows/Engine.ini]
[2025.04.10-14.43.35:699][  0]LogConfig: Setting CVar [[r.GPUCrashDebugging:0]]
[2025.04.10-14.43.35:699][  0]LogConfig: Setting CVar [[r.Mobile.DisableVertexFog:1]]
[2025.04.10-14.43.35:699][  0]LogConfig: Setting CVar [[r.Shadow.CSM.MaxMobileCascades:2]]
[2025.04.10-14.43.35:699][  0]LogConfig: Setting CVar [[r.MobileMSAA:1]]
[2025.04.10-14.43.35:699][  0]LogConfig: Setting CVar [[r.Mobile.AllowDitheredLODTransition:0]]
[2025.04.10-14.43.35:699][  0]LogConfig: Setting CVar [[r.Mobile.AllowSoftwareOcclusion:0]]
[2025.04.10-14.43.35:699][  0]LogConfig: Setting CVar [[r.Mobile.VirtualTextures:0]]
[2025.04.10-14.43.35:699][  0]LogConfig: Setting CVar [[r.DiscardUnusedQuality:0]]
[2025.04.10-14.43.35:699][  0]LogConfig: Setting CVar [[r.AllowOcclusionQueries:1]]
[2025.04.10-14.43.35:699][  0]LogConfig: Setting CVar [[r.MinScreenRadiusForLights:0.030000]]
[2025.04.10-14.43.35:699][  0]LogConfig: Setting CVar [[r.MinScreenRadiusForDepthPrepass:0.030000]]
[2025.04.10-14.43.35:699][  0]LogConfig: Setting CVar [[r.MinScreenRadiusForCSMDepth:0.010000]]
[2025.04.10-14.43.35:700][  0]LogConfig: Setting CVar [[r.PrecomputedVisibilityWarning:0]]
[2025.04.10-14.43.35:700][  0]LogConfig: Setting CVar [[r.TextureStreaming:1]]
[2025.04.10-14.43.35:700][  0]LogConfig: Setting CVar [[Compat.UseDXT5NormalMaps:0]]
[2025.04.10-14.43.35:700][  0]LogConfig: Setting CVar [[r.VirtualTextures:0]]
[2025.04.10-14.43.35:700][  0]LogConfig: Setting CVar [[r.VT.EnableAutoImport:1]]
[2025.04.10-14.43.35:700][  0]LogConfig: Setting CVar [[r.VirtualTexturedLightmaps:0]]
[2025.04.10-14.43.35:700][  0]LogConfig: Setting CVar [[r.VT.TileSize:128]]
[2025.04.10-14.43.35:700][  0]LogConfig: Setting CVar [[r.VT.TileBorderSize:4]]
[2025.04.10-14.43.35:700][  0]LogConfig: Setting CVar [[r.vt.FeedbackFactor:16]]
[2025.04.10-14.43.35:700][  0]LogConfig: Setting CVar [[r.VT.EnableCompressZlib:1]]
[2025.04.10-14.43.35:700][  0]LogConfig: Setting CVar [[r.VT.EnableCompressCrunch:0]]
[2025.04.10-14.43.35:700][  0]LogConfig: Setting CVar [[r.ClearCoatNormal:0]]
[2025.04.10-14.43.35:700][  0]LogConfig: Setting CVar [[r.ReflectionCaptureResolution:128]]
[2025.04.10-14.43.35:700][  0]LogConfig: Setting CVar [[r.Mobile.ReflectionCaptureCompression:0]]
[2025.04.10-14.43.35:700][  0]LogConfig: Setting CVar [[r.ReflectionEnvironmentLightmapMixBasedOnRoughness:1]]
[2025.04.10-14.43.35:700][  0]LogConfig: Setting CVar [[r.ForwardShading:0]]
[2025.04.10-14.43.35:700][  0]LogConfig: Setting CVar [[r.VertexFoggingForOpaque:1]]
[2025.04.10-14.43.35:700][  0]LogConfig: Setting CVar [[r.AllowStaticLighting:1]]
[2025.04.10-14.43.35:700][  0]LogConfig: Setting CVar [[r.NormalMapsForStaticLighting:0]]
[2025.04.10-14.43.35:700][  0]LogConfig: Setting CVar [[r.GenerateMeshDistanceFields:0]]
[2025.04.10-14.43.35:700][  0]LogConfig: Setting CVar [[r.DistanceFieldBuild.EightBit:0]]
[2025.04.10-14.43.35:700][  0]LogConfig: Setting CVar [[r.GenerateLandscapeGIData:0]]
[2025.04.10-14.43.35:700][  0]LogConfig: Setting CVar [[r.DistanceFieldBuild.Compress:0]]
[2025.04.10-14.43.35:700][  0]LogConfig: Setting CVar [[r.TessellationAdaptivePixelsPerTriangle:48.000000]]
[2025.04.10-14.43.35:700][  0]LogConfig: Setting CVar [[r.SeparateTranslucency:1]]
[2025.04.10-14.43.35:700][  0]LogConfig: Setting CVar [[r.TranslucentSortPolicy:0]]
[2025.04.10-14.43.35:700][  0]LogConfig: Setting CVar [[vr.VRS.HMDFixedFoveationLevel:0]]
[2025.04.10-14.43.35:700][  0]LogConfig: Setting CVar [[r.CustomDepth:1]]
[2025.04.10-14.43.35:700][  0]LogConfig: Setting CVar [[r.CustomDepthTemporalAAJitter:1]]
[2025.04.10-14.43.35:700][  0]LogConfig: Setting CVar [[r.PostProcessing.PropagateAlpha:0]]
[2025.04.10-14.43.35:700][  0]LogConfig: Setting CVar [[r.DefaultFeature.Bloom:1]]
[2025.04.10-14.43.35:700][  0]LogConfig: Setting CVar [[r.DefaultFeature.AmbientOcclusion:1]]
[2025.04.10-14.43.35:700][  0]LogConfig: Setting CVar [[r.DefaultFeature.AmbientOcclusionStaticFraction:1]]
[2025.04.10-14.43.35:700][  0]LogConfig: Setting CVar [[r.DefaultFeature.AutoExposure:0]]
[2025.04.10-14.43.35:700][  0]LogConfig: Setting CVar [[r.DefaultFeature.AutoExposure.Method:0]]
[2025.04.10-14.43.35:700][  0]LogConfig: Setting CVar [[r.DefaultFeature.AutoExposure.Bias:1.000000]]
[2025.04.10-14.43.35:700][  0]LogConfig: Setting CVar [[r.DefaultFeature.AutoExposure.ExtendDefaultLuminanceRange:0]]
[2025.04.10-14.43.35:700][  0]LogConfig: Setting CVar [[r.UsePreExposure:1]]
[2025.04.10-14.43.35:700][  0]LogConfig: Setting CVar [[r.EyeAdaptation.EditorOnly:0]]
[2025.04.10-14.43.35:700][  0]LogConfig: Setting CVar [[r.DefaultFeature.MotionBlur:0]]
[2025.04.10-14.43.35:700][  0]LogConfig: Setting CVar [[r.DefaultFeature.LensFlare:0]]
[2025.04.10-14.43.35:700][  0]LogConfig: Setting CVar [[r.TemporalAA.Upsampling:0]]
[2025.04.10-14.43.35:700][  0]LogConfig: Setting CVar [[r.SSGI.Enable:0]]
[2025.04.10-14.43.35:700][  0]LogConfig: Setting CVar [[r.DefaultFeature.AntiAliasing:0]]
[2025.04.10-14.43.35:700][  0]LogConfig: Setting CVar [[r.DefaultFeature.LightUnits:1]]
[2025.04.10-14.43.35:700][  0]LogConfig: Setting CVar [[r.DefaultBackBufferPixelFormat:4]]
[2025.04.10-14.43.35:700][  0]LogConfig: Setting CVar [[r.Shadow.UnbuiltPreviewInGame:1]]
[2025.04.10-14.43.35:700][  0]LogConfig: Setting CVar [[r.StencilForLODDither:0]]
[2025.04.10-14.43.35:700][  0]LogConfig: Setting CVar [[r.EarlyZPass:3]]
[2025.04.10-14.43.35:700][  0]LogConfig: Setting CVar [[r.EarlyZPassOnlyMaterialMasking:0]]
[2025.04.10-14.43.35:700][  0]LogConfig: Setting CVar [[r.DBuffer:1]]
[2025.04.10-14.43.35:700][  0]LogConfig: Setting CVar [[r.ClearSceneMethod:1]]
[2025.04.10-14.43.35:700][  0]LogConfig: Setting CVar [[r.BasePassOutputsVelocity:0]]
[2025.04.10-14.43.35:700][  0]LogConfig: Setting CVar [[r.VertexDeformationOutputsVelocity:0]]
[2025.04.10-14.43.35:700][  0]LogConfig: Setting CVar [[r.SelectiveBasePassOutputs:0]]
[2025.04.10-14.43.35:700][  0]LogConfig: Setting CVar [[fx.GPUSimulationTextureSizeX:1024]]
[2025.04.10-14.43.35:700][  0]LogConfig: Setting CVar [[fx.GPUSimulationTextureSizeY:1024]]
[2025.04.10-14.43.35:700][  0]LogConfig: Setting CVar [[r.AllowGlobalClipPlane:0]]
[2025.04.10-14.43.35:700][  0]LogConfig: Setting CVar [[r.GBufferFormat:1]]
[2025.04.10-14.43.35:700][  0]LogConfig: Setting CVar [[r.MorphTarget.Mode:1]]
[2025.04.10-14.43.35:700][  0]LogConfig: Setting CVar [[vr.InstancedStereo:0]]
[2025.04.10-14.43.35:700][  0]LogConfig: Setting CVar [[r.MobileHDR:1]]
[2025.04.10-14.43.35:700][  0]LogConfig: Setting CVar [[vr.MobileMultiView:0]]
[2025.04.10-14.43.35:701][  0]LogConfig: Setting CVar [[r.Mobile.UseHWsRGBEncoding:0]]
[2025.04.10-14.43.35:701][  0]LogConfig: Setting CVar [[vr.RoundRobinOcclusion:0]]
[2025.04.10-14.43.35:701][  0]LogConfig: Setting CVar [[vr.ODSCapture:0]]
[2025.04.10-14.43.35:701][  0]LogConfig: Setting CVar [[r.MeshStreaming:0]]
[2025.04.10-14.43.35:701][  0]LogConfig: Setting CVar [[r.WireframeCullThreshold:5.000000]]
[2025.04.10-14.43.35:701][  0]LogConfig: Setting CVar [[r.RayTracing:0]]
[2025.04.10-14.43.35:701][  0]LogConfig: Setting CVar [[r.RayTracing.UseTextureLod:0]]
[2025.04.10-14.43.35:701][  0]LogConfig: Setting CVar [[r.SupportStationarySkylight:1]]
[2025.04.10-14.43.35:701][  0]LogConfig: Setting CVar [[r.SupportLowQualityLightmaps:1]]
[2025.04.10-14.43.35:701][  0]LogConfig: Setting CVar [[r.SupportPointLightWholeSceneShadows:1]]
[2025.04.10-14.43.35:701][  0]LogConfig: Setting CVar [[r.SupportAtmosphericFog:1]]
[2025.04.10-14.43.35:701][  0]LogConfig: Setting CVar [[r.SupportSkyAtmosphere:1]]
[2025.04.10-14.43.35:701][  0]LogConfig: Setting CVar [[r.SupportSkyAtmosphereAffectsHeightFog:0]]
[2025.04.10-14.43.35:701][  0]LogConfig: Setting CVar [[r.SkinCache.CompileShaders:0]]
[2025.04.10-14.43.35:701][  0]LogConfig: Setting CVar [[r.SkinCache.DefaultBehavior:1]]
[2025.04.10-14.43.35:701][  0]LogConfig: Setting CVar [[r.SkinCache.SceneMemoryLimitInMB:128.000000]]
[2025.04.10-14.43.35:701][  0]LogConfig: Setting CVar [[r.Mobile.EnableStaticAndCSMShadowReceivers:1]]
[2025.04.10-14.43.35:701][  0]LogConfig: Setting CVar [[r.Mobile.EnableMovableLightCSMShaderCulling:1]]
[2025.04.10-14.43.35:701][  0]LogConfig: Setting CVar [[r.Mobile.AllowDistanceFieldShadows:1]]
[2025.04.10-14.43.35:701][  0]LogConfig: Setting CVar [[r.Mobile.AllowMovableDirectionalLights:1]]
[2025.04.10-14.43.35:701][  0]LogConfig: Setting CVar [[r.MobileNumDynamicPointLights:4]]
[2025.04.10-14.43.35:701][  0]LogConfig: Setting CVar [[r.MobileDynamicPointLightsUseStaticBranch:1]]
[2025.04.10-14.43.35:701][  0]LogConfig: Setting CVar [[r.Mobile.EnableMovableSpotlights:0]]
[2025.04.10-14.43.35:701][  0]LogConfig: Setting CVar [[r.Mobile.EnableMovableSpotlightsShadow:0]]
[2025.04.10-14.43.35:701][  0]LogConfig: Setting CVar [[r.GPUSkin.Support16BitBoneIndex:0]]
[2025.04.10-14.43.35:701][  0]LogConfig: Setting CVar [[r.GPUSkin.Limit2BoneInfluences:0]]
[2025.04.10-14.43.35:701][  0]LogConfig: Setting CVar [[r.SupportDepthOnlyIndexBuffers:1]]
[2025.04.10-14.43.35:701][  0]LogConfig: Setting CVar [[r.SupportReversedIndexBuffers:1]]
[2025.04.10-14.43.35:701][  0]LogConfig: Setting CVar [[r.LightPropagationVolume:0]]
[2025.04.10-14.43.35:701][  0]LogConfig: Setting CVar [[r.Mobile.AmbientOcclusion:0]]
[2025.04.10-14.43.35:701][  0]LogConfig: Setting CVar [[r.GPUSkin.UnlimitedBoneInfluences:0]]
[2025.04.10-14.43.35:701][  0]LogConfig: Setting CVar [[r.GPUSkin.UnlimitedBoneInfluencesThreshold:8]]
[2025.04.10-14.43.35:701][  0]LogConfig: Setting CVar [[r.Mobile.PlanarReflectionMode:0]]
[2025.04.10-14.43.35:701][  0]LogConfig: Setting CVar [[r.Mobile.SupportsGen4TAA:0]]
[2025.04.10-14.43.35:701][  0]LogConfig: Applying CVar settings from Section [/Script/Engine.RendererOverrideSettings] File [C:/Unreal Projects/Top-Down-Puzzle/TopDownPuzzle/Saved/Config/Windows/Engine.ini]
[2025.04.10-14.43.35:701][  0]LogConfig: Applying CVar settings from Section [/Script/Engine.StreamingSettings] File [C:/Unreal Projects/Top-Down-Puzzle/TopDownPuzzle/Saved/Config/Windows/Engine.ini]
[2025.04.10-14.43.35:701][  0]LogConfig: Setting CVar [[s.MinBulkDataSizeForAsyncLoading:131072]]
[2025.04.10-14.43.35:701][  0]LogConfig: Setting CVar [[s.AsyncLoadingThreadEnabled:0]]
[2025.04.10-14.43.35:701][  0]LogConfig: Setting CVar [[s.EventDrivenLoaderEnabled:1]]
[2025.04.10-14.43.35:701][  0]LogConfig: Setting CVar [[s.WarnIfTimeLimitExceeded:0]]
[2025.04.10-14.43.35:701][  0]LogConfig: Setting CVar [[s.TimeLimitExceededMultiplier:1.5]]
[2025.04.10-14.43.35:701][  0]LogConfig: Setting CVar [[s.TimeLimitExceededMinTime:0.005]]
[2025.04.10-14.43.35:701][  0]LogConfig: Setting CVar [[s.UseBackgroundLevelStreaming:1]]
[2025.04.10-14.43.35:701][  0]LogConfig: Setting CVar [[s.PriorityAsyncLoadingExtraTime:15.0]]
[2025.04.10-14.43.35:701][  0]LogConfig: Setting CVar [[s.LevelStreamingActorsUpdateTimeLimit:5.0]]
[2025.04.10-14.43.35:701][  0]LogConfig: Setting CVar [[s.PriorityLevelStreamingActorsUpdateExtraTime:5.0]]
[2025.04.10-14.43.35:701][  0]LogConfig: Setting CVar [[s.LevelStreamingComponentsRegistrationGranularity:10]]
[2025.04.10-14.43.35:701][  0]LogConfig: Setting CVar [[s.UnregisterComponentsTimeLimit:1.0]]
[2025.04.10-14.43.35:701][  0]LogConfig: Setting CVar [[s.LevelStreamingComponentsUnregistrationGranularity:5]]
[2025.04.10-14.43.35:701][  0]LogConfig: Setting CVar [[s.FlushStreamingOnExit:1]]
[2025.04.10-14.43.35:701][  0]LogConfig: Applying CVar settings from Section [/Script/Engine.GarbageCollectionSettings] File [C:/Unreal Projects/Top-Down-Puzzle/TopDownPuzzle/Saved/Config/Windows/Engine.ini]
[2025.04.10-14.43.35:701][  0]LogConfig: Setting CVar [[gc.MaxObjectsNotConsideredByGC:1]]
[2025.04.10-14.43.35:701][  0]LogConfig: Setting CVar [[gc.SizeOfPermanentObjectPool:0]]
[2025.04.10-14.43.35:701][  0]LogConfig: Setting CVar [[gc.FlushStreamingOnGC:0]]
[2025.04.10-14.43.35:701][  0]LogConfig: Setting CVar [[gc.NumRetriesBeforeForcingGC:10]]
[2025.04.10-14.43.35:701][  0]LogConfig: Setting CVar [[gc.AllowParallelGC:1]]
[2025.04.10-14.43.35:701][  0]LogConfig: Setting CVar [[gc.TimeBetweenPurgingPendingKillObjects:61.1]]
[2025.04.10-14.43.35:701][  0]LogConfig: Setting CVar [[gc.MaxObjectsInEditor:25165824]]
[2025.04.10-14.43.35:701][  0]LogConfig: Setting CVar [[gc.IncrementalBeginDestroyEnabled:1]]
[2025.04.10-14.43.35:701][  0]LogConfig: Setting CVar [[gc.CreateGCClusters:1]]
[2025.04.10-14.43.35:701][  0]LogConfig: Setting CVar [[gc.MinGCClusterSize:5]]
[2025.04.10-14.43.35:701][  0]LogConfig: Setting CVar [[gc.ActorClusteringEnabled:0]]
[2025.04.10-14.43.35:701][  0]LogConfig: Setting CVar [[gc.BlueprintClusteringEnabled:0]]
[2025.04.10-14.43.35:701][  0]LogConfig: Setting CVar [[gc.UseDisregardForGCOnDedicatedServers:0]]
[2025.04.10-14.43.35:701][  0]LogConfig: Setting CVar [[gc.MultithreadedDestructionEnabled:1]]
[2025.04.10-14.43.35:701][  0]LogConfig: Applying CVar settings from Section [/Script/Engine.NetworkSettings] File [C:/Unreal Projects/Top-Down-Puzzle/TopDownPuzzle/Saved/Config/Windows/Engine.ini]
[2025.04.10-14.43.35:701][  0]LogConfig: Applying CVar settings from Section [/Script/UnrealEd.CookerSettings] File [C:/Unreal Projects/Top-Down-Puzzle/TopDownPuzzle/Saved/Config/Windows/Engine.ini]
[2025.04.10-14.43.35:728][  0]LogConfig: Applying CVar settings from Section [ViewDistanceQuality@3] File [C:/Unreal Projects/Top-Down-Puzzle/TopDownPuzzle/Saved/Config/Windows/Scalability.ini]
[2025.04.10-14.43.35:728][  0]LogConfig: Setting CVar [[r.SkeletalMeshLODBias:0]]
[2025.04.10-14.43.35:728][  0]LogConfig: Setting CVar [[r.ViewDistanceScale:1.0]]
[2025.04.10-14.43.35:728][  0]LogConfig: Applying CVar settings from Section [AntiAliasingQuality@3] File [C:/Unreal Projects/Top-Down-Puzzle/TopDownPuzzle/Saved/Config/Windows/Scalability.ini]
[2025.04.10-14.43.35:728][  0]LogConfig: Setting CVar [[r.PostProcessAAQuality:4]]
[2025.04.10-14.43.35:728][  0]LogConfig: Applying CVar settings from Section [ShadowQuality@3] File [C:/Unreal Projects/Top-Down-Puzzle/TopDownPuzzle/Saved/Config/Windows/Scalability.ini]
[2025.04.10-14.43.35:728][  0]LogConfig: Setting CVar [[r.LightFunctionQuality:1]]
[2025.04.10-14.43.35:728][  0]LogConfig: Setting CVar [[r.ShadowQuality:5]]
[2025.04.10-14.43.35:728][  0]LogConfig: Setting CVar [[r.Shadow.CSM.MaxCascades:10]]
[2025.04.10-14.43.35:728][  0]LogConfig: Setting CVar [[r.Shadow.MaxResolution:2048]]
[2025.04.10-14.43.35:728][  0]LogConfig: Setting CVar [[r.Shadow.MaxCSMResolution:2048]]
[2025.04.10-14.43.35:728][  0]LogConfig: Setting CVar [[r.Shadow.RadiusThreshold:0.01]]
[2025.04.10-14.43.35:728][  0]LogConfig: Setting CVar [[r.Shadow.DistanceScale:1.0]]
[2025.04.10-14.43.35:728][  0]LogConfig: Setting CVar [[r.Shadow.CSM.TransitionScale:1.0]]
[2025.04.10-14.43.35:728][  0]LogConfig: Setting CVar [[r.Shadow.PreShadowResolutionFactor:1.0]]
[2025.04.10-14.43.35:728][  0]LogConfig: Setting CVar [[r.DistanceFieldShadowing:1]]
[2025.04.10-14.43.35:728][  0]LogConfig: Setting CVar [[r.DistanceFieldAO:1]]
[2025.04.10-14.43.35:728][  0]LogConfig: Setting CVar [[r.AOQuality:2]]
[2025.04.10-14.43.35:728][  0]LogConfig: Setting CVar [[r.VolumetricFog:1]]
[2025.04.10-14.43.35:728][  0]LogConfig: Setting CVar [[r.VolumetricFog.GridPixelSize:8]]
[2025.04.10-14.43.35:728][  0]LogConfig: Setting CVar [[r.VolumetricFog.GridSizeZ:128]]
[2025.04.10-14.43.35:728][  0]LogConfig: Setting CVar [[r.VolumetricFog.HistoryMissSupersampleCount:4]]
[2025.04.10-14.43.35:728][  0]LogConfig: Setting CVar [[r.LightMaxDrawDistanceScale:1]]
[2025.04.10-14.43.35:728][  0]LogConfig: Setting CVar [[r.CapsuleShadows:1]]
[2025.04.10-14.43.35:728][  0]LogConfig: Applying CVar settings from Section [PostProcessQuality@3] File [C:/Unreal Projects/Top-Down-Puzzle/TopDownPuzzle/Saved/Config/Windows/Scalability.ini]
[2025.04.10-14.43.35:728][  0]LogConfig: Setting CVar [[r.MotionBlurQuality:4]]
[2025.04.10-14.43.35:728][  0]LogConfig: Setting CVar [[r.AmbientOcclusionMipLevelFactor:0.4]]
[2025.04.10-14.43.35:728][  0]LogConfig: Setting CVar [[r.AmbientOcclusionMaxQuality:100]]
[2025.04.10-14.43.35:728][  0]LogConfig: Setting CVar [[r.AmbientOcclusionLevels:-1]]
[2025.04.10-14.43.35:728][  0]LogConfig: Setting CVar [[r.AmbientOcclusionRadiusScale:1.0]]
[2025.04.10-14.43.35:728][  0]LogConfig: Setting CVar [[r.DepthOfFieldQuality:2]]
[2025.04.10-14.43.35:728][  0]LogConfig: Setting CVar [[r.RenderTargetPoolMin:400]]
[2025.04.10-14.43.35:728][  0]LogConfig: Setting CVar [[r.LensFlareQuality:2]]
[2025.04.10-14.43.35:728][  0]LogConfig: Setting CVar [[r.SceneColorFringeQuality:1]]
[2025.04.10-14.43.35:728][  0]LogConfig: Setting CVar [[r.EyeAdaptationQuality:2]]
[2025.04.10-14.43.35:728][  0]LogConfig: Setting CVar [[r.BloomQuality:5]]
[2025.04.10-14.43.35:728][  0]LogConfig: Setting CVar [[r.FastBlurThreshold:100]]
[2025.04.10-14.43.35:728][  0]LogConfig: Setting CVar [[r.Upscale.Quality:3]]
[2025.04.10-14.43.35:728][  0]LogConfig: Setting CVar [[r.Tonemapper.GrainQuantization:1]]
[2025.04.10-14.43.35:728][  0]LogConfig: Setting CVar [[r.LightShaftQuality:1]]
[2025.04.10-14.43.35:728][  0]LogConfig: Setting CVar [[r.Filter.SizeScale:1]]
[2025.04.10-14.43.35:728][  0]LogConfig: Setting CVar [[r.Tonemapper.Quality:5]]
[2025.04.10-14.43.35:728][  0]LogConfig: Setting CVar [[r.DOF.Gather.AccumulatorQuality:1        ; higher gathering accumulator quality]]
[2025.04.10-14.43.35:728][  0]LogConfig: Setting CVar [[r.DOF.Gather.PostfilterMethod:1          ; Median3x3 postfilering method]]
[2025.04.10-14.43.35:728][  0]LogConfig: Setting CVar [[r.DOF.Gather.EnableBokehSettings:0       ; no bokeh simulation when gathering]]
[2025.04.10-14.43.35:728][  0]LogConfig: Setting CVar [[r.DOF.Gather.RingCount:4                 ; medium number of samples when gathering]]
[2025.04.10-14.43.35:728][  0]LogConfig: Setting CVar [[r.DOF.Scatter.ForegroundCompositing:1    ; additive foreground scattering]]
[2025.04.10-14.43.35:728][  0]LogConfig: Setting CVar [[r.DOF.Scatter.BackgroundCompositing:2    ; additive background scattering]]
[2025.04.10-14.43.35:728][  0]LogConfig: Setting CVar [[r.DOF.Scatter.EnableBokehSettings:1      ; bokeh simulation when scattering]]
[2025.04.10-14.43.35:729][  0]LogConfig: Setting CVar [[r.DOF.Scatter.MaxSpriteRatio:0.1         ; only a maximum of 10% of scattered bokeh]]
[2025.04.10-14.43.35:729][  0]LogConfig: Setting CVar [[r.DOF.Recombine.Quality:1                ; cheap slight out of focus]]
[2025.04.10-14.43.35:729][  0]LogConfig: Setting CVar [[r.DOF.Recombine.EnableBokehSettings:0    ; no bokeh simulation on slight out of focus]]
[2025.04.10-14.43.35:729][  0]LogConfig: Setting CVar [[r.DOF.TemporalAAQuality:1                ; more stable temporal accumulation]]
[2025.04.10-14.43.35:729][  0]LogConfig: Setting CVar [[r.DOF.Kernel.MaxForegroundRadius:0.025]]
[2025.04.10-14.43.35:729][  0]LogConfig: Setting CVar [[r.DOF.Kernel.MaxBackgroundRadius:0.025]]
[2025.04.10-14.43.35:729][  0]LogConfig: Applying CVar settings from Section [TextureQuality@3] File [C:/Unreal Projects/Top-Down-Puzzle/TopDownPuzzle/Saved/Config/Windows/Scalability.ini]
[2025.04.10-14.43.35:729][  0]LogConfig: Setting CVar [[r.Streaming.MipBias:0]]
[2025.04.10-14.43.35:729][  0]LogConfig: Setting CVar [[r.Streaming.AmortizeCPUToGPUCopy:0]]
[2025.04.10-14.43.35:729][  0]LogConfig: Setting CVar [[r.Streaming.MaxNumTexturesToStreamPerFrame:0]]
[2025.04.10-14.43.35:729][  0]LogConfig: Setting CVar [[r.Streaming.Boost:1]]
[2025.04.10-14.43.35:729][  0]LogConfig: Setting CVar [[r.MaxAnisotropy:8]]
[2025.04.10-14.43.35:729][  0]LogConfig: Setting CVar [[r.VT.MaxAnisotropy:8]]
[2025.04.10-14.43.35:729][  0]LogConfig: Setting CVar [[r.Streaming.LimitPoolSizeToVRAM:0]]
[2025.04.10-14.43.35:729][  0]LogConfig: Setting CVar [[r.Streaming.PoolSize:1000]]
[2025.04.10-14.43.35:729][  0]LogConfig: Setting CVar [[r.Streaming.MaxEffectiveScreenSize:0]]
[2025.04.10-14.43.35:729][  0]LogConfig: Applying CVar settings from Section [EffectsQuality@3] File [C:/Unreal Projects/Top-Down-Puzzle/TopDownPuzzle/Saved/Config/Windows/Scalability.ini]
[2025.04.10-14.43.35:729][  0]LogConfig: Setting CVar [[r.TranslucencyLightingVolumeDim:64]]
[2025.04.10-14.43.35:729][  0]LogConfig: Setting CVar [[r.RefractionQuality:2]]
[2025.04.10-14.43.35:729][  0]LogConfig: Setting CVar [[r.SSR.Quality:3]]
[2025.04.10-14.43.35:729][  0]LogConfig: Setting CVar [[r.SSR.HalfResSceneColor:0]]
[2025.04.10-14.43.35:729][  0]LogConfig: Setting CVar [[r.SceneColorFormat:4]]
[2025.04.10-14.43.35:729][  0]LogConfig: Setting CVar [[r.DetailMode:2]]
[2025.04.10-14.43.35:729][  0]LogConfig: Setting CVar [[r.TranslucencyVolumeBlur:1]]
[2025.04.10-14.43.35:729][  0]LogConfig: Setting CVar [[r.MaterialQualityLevel:1 ; High quality]]
[2025.04.10-14.43.35:729][  0]LogConfig: Setting CVar [[r.AnisotropicMaterials:1]]
[2025.04.10-14.43.35:729][  0]LogConfig: Setting CVar [[r.SSS.Scale:1]]
[2025.04.10-14.43.35:729][  0]LogConfig: Setting CVar [[r.SSS.SampleSet:2]]
[2025.04.10-14.43.35:729][  0]LogConfig: Setting CVar [[r.SSS.Quality:1]]
[2025.04.10-14.43.35:729][  0]LogConfig: Setting CVar [[r.SSS.HalfRes:0]]
[2025.04.10-14.43.35:729][  0]LogConfig: Setting CVar [[r.SSGI.Quality:3]]
[2025.04.10-14.43.35:729][  0]LogConfig: Setting CVar [[r.EmitterSpawnRateScale:1.0]]
[2025.04.10-14.43.35:729][  0]LogConfig: Setting CVar [[r.ParticleLightQuality:2]]
[2025.04.10-14.43.35:729][  0]LogConfig: Setting CVar [[r.SkyAtmosphere.AerialPerspectiveLUT.FastApplyOnOpaque:1 ; Always have FastSkyLUT 1 in this case to avoid wrong sky]]
[2025.04.10-14.43.35:729][  0]LogConfig: Setting CVar [[r.SkyAtmosphere.AerialPerspectiveLUT.SampleCountMaxPerSlice:4]]
[2025.04.10-14.43.35:729][  0]LogConfig: Setting CVar [[r.SkyAtmosphere.AerialPerspectiveLUT.DepthResolution:16.0]]
[2025.04.10-14.43.35:729][  0]LogConfig: Setting CVar [[r.SkyAtmosphere.FastSkyLUT:1]]
[2025.04.10-14.43.35:729][  0]LogConfig: Setting CVar [[r.SkyAtmosphere.FastSkyLUT.SampleCountMin:4.0]]
[2025.04.10-14.43.35:729][  0]LogConfig: Setting CVar [[r.SkyAtmosphere.FastSkyLUT.SampleCountMax:128.0]]
[2025.04.10-14.43.35:729][  0]LogConfig: Setting CVar [[r.SkyAtmosphere.SampleCountMin:4.0]]
[2025.04.10-14.43.35:729][  0]LogConfig: Setting CVar [[r.SkyAtmosphere.SampleCountMax:128.0]]
[2025.04.10-14.43.35:729][  0]LogConfig: Setting CVar [[r.SkyAtmosphere.TransmittanceLUT.UseSmallFormat:0]]
[2025.04.10-14.43.35:729][  0]LogConfig: Setting CVar [[r.SkyAtmosphere.TransmittanceLUT.SampleCount:10.0]]
[2025.04.10-14.43.35:729][  0]LogConfig: Setting CVar [[r.SkyAtmosphere.MultiScatteringLUT.SampleCount:15.0]]
[2025.04.10-14.43.35:729][  0]LogConfig: Setting CVar [[r.SkyLight.RealTimeReflectionCapture:1]]
[2025.04.10-14.43.35:729][  0]LogConfig: Applying CVar settings from Section [FoliageQuality@3] File [C:/Unreal Projects/Top-Down-Puzzle/TopDownPuzzle/Saved/Config/Windows/Scalability.ini]
[2025.04.10-14.43.35:729][  0]LogConfig: Setting CVar [[foliage.DensityScale:1.0]]
[2025.04.10-14.43.35:729][  0]LogConfig: Setting CVar [[grass.DensityScale:1.0]]
[2025.04.10-14.43.35:729][  0]LogConfig: Applying CVar settings from Section [ShadingQuality@3] File [C:/Unreal Projects/Top-Down-Puzzle/TopDownPuzzle/Saved/Config/Windows/Scalability.ini]
[2025.04.10-14.43.35:729][  0]LogConfig: Setting CVar [[r.HairStrands.SkyLighting.IntegrationType:2]]
[2025.04.10-14.43.35:729][  0]LogConfig: Setting CVar [[r.HairStrands.SkyAO.SampleCount:4]]
[2025.04.10-14.43.35:729][  0]LogConfig: Setting CVar [[r.HairStrands.Visibility.MSAA.SamplePerPixel:4]]
[2025.04.10-14.43.35:730][  0]LogInit: Selected Device Profile: [Windows]
[2025.04.10-14.43.35:730][  0]LogInit: Applying CVar settings loaded from the selected device profile: [Windows]
[2025.04.10-14.43.35:730][  0]LogHAL: Display: Platform has ~ 16 GB [17013329920 / 17179869184 / 16], which maps to Larger [LargestMinGB=32, LargerMinGB=12, DefaultMinGB=8, SmallerMinGB=6, SmallestMinGB=0)
[2025.04.10-14.43.35:730][  0]LogInit: Going up to parent DeviceProfile []
[2025.04.10-14.43.35:730][  0]LogConfig: Applying CVar settings from Section [ViewDistanceQuality@3] File [C:/Unreal Projects/Top-Down-Puzzle/TopDownPuzzle/Saved/Config/Windows/Scalability.ini]
[2025.04.10-14.43.35:730][  0]LogConfig: Setting CVar [[r.SkeletalMeshLODBias:0]]
[2025.04.10-14.43.35:730][  0]LogConfig: Setting CVar [[r.ViewDistanceScale:1.0]]
[2025.04.10-14.43.35:730][  0]LogConfig: Applying CVar settings from Section [AntiAliasingQuality@3] File [C:/Unreal Projects/Top-Down-Puzzle/TopDownPuzzle/Saved/Config/Windows/Scalability.ini]
[2025.04.10-14.43.35:730][  0]LogConfig: Setting CVar [[r.PostProcessAAQuality:4]]
[2025.04.10-14.43.35:730][  0]LogConfig: Applying CVar settings from Section [ShadowQuality@3] File [C:/Unreal Projects/Top-Down-Puzzle/TopDownPuzzle/Saved/Config/Windows/Scalability.ini]
[2025.04.10-14.43.35:730][  0]LogConfig: Setting CVar [[r.LightFunctionQuality:1]]
[2025.04.10-14.43.35:730][  0]LogConfig: Setting CVar [[r.ShadowQuality:5]]
[2025.04.10-14.43.35:730][  0]LogConfig: Setting CVar [[r.Shadow.CSM.MaxCascades:10]]
[2025.04.10-14.43.35:730][  0]LogConfig: Setting CVar [[r.Shadow.MaxResolution:2048]]
[2025.04.10-14.43.35:730][  0]LogConfig: Setting CVar [[r.Shadow.MaxCSMResolution:2048]]
[2025.04.10-14.43.35:730][  0]LogConfig: Setting CVar [[r.Shadow.RadiusThreshold:0.01]]
[2025.04.10-14.43.35:730][  0]LogConfig: Setting CVar [[r.Shadow.DistanceScale:1.0]]
[2025.04.10-14.43.35:730][  0]LogConfig: Setting CVar [[r.Shadow.CSM.TransitionScale:1.0]]
[2025.04.10-14.43.35:730][  0]LogConfig: Setting CVar [[r.Shadow.PreShadowResolutionFactor:1.0]]
[2025.04.10-14.43.35:730][  0]LogConfig: Setting CVar [[r.DistanceFieldShadowing:1]]
[2025.04.10-14.43.35:730][  0]LogConfig: Setting CVar [[r.DistanceFieldAO:1]]
[2025.04.10-14.43.35:730][  0]LogConfig: Setting CVar [[r.AOQuality:2]]
[2025.04.10-14.43.35:730][  0]LogConfig: Setting CVar [[r.VolumetricFog:1]]
[2025.04.10-14.43.35:730][  0]LogConfig: Setting CVar [[r.VolumetricFog.GridPixelSize:8]]
[2025.04.10-14.43.35:730][  0]LogConfig: Setting CVar [[r.VolumetricFog.GridSizeZ:128]]
[2025.04.10-14.43.35:730][  0]LogConfig: Setting CVar [[r.VolumetricFog.HistoryMissSupersampleCount:4]]
[2025.04.10-14.43.35:730][  0]LogConfig: Setting CVar [[r.LightMaxDrawDistanceScale:1]]
[2025.04.10-14.43.35:730][  0]LogConfig: Setting CVar [[r.CapsuleShadows:1]]
[2025.04.10-14.43.35:730][  0]LogConfig: Applying CVar settings from Section [PostProcessQuality@3] File [C:/Unreal Projects/Top-Down-Puzzle/TopDownPuzzle/Saved/Config/Windows/Scalability.ini]
[2025.04.10-14.43.35:730][  0]LogConfig: Setting CVar [[r.MotionBlurQuality:4]]
[2025.04.10-14.43.35:730][  0]LogConfig: Setting CVar [[r.AmbientOcclusionMipLevelFactor:0.4]]
[2025.04.10-14.43.35:730][  0]LogConfig: Setting CVar [[r.AmbientOcclusionMaxQuality:100]]
[2025.04.10-14.43.35:730][  0]LogConfig: Setting CVar [[r.AmbientOcclusionLevels:-1]]
[2025.04.10-14.43.35:730][  0]LogConfig: Setting CVar [[r.AmbientOcclusionRadiusScale:1.0]]
[2025.04.10-14.43.35:730][  0]LogConfig: Setting CVar [[r.DepthOfFieldQuality:2]]
[2025.04.10-14.43.35:730][  0]LogConfig: Setting CVar [[r.RenderTargetPoolMin:400]]
[2025.04.10-14.43.35:730][  0]LogConfig: Setting CVar [[r.LensFlareQuality:2]]
[2025.04.10-14.43.35:730][  0]LogConfig: Setting CVar [[r.SceneColorFringeQuality:1]]
[2025.04.10-14.43.35:730][  0]LogConfig: Setting CVar [[r.EyeAdaptationQuality:2]]
[2025.04.10-14.43.35:730][  0]LogConfig: Setting CVar [[r.BloomQuality:5]]
[2025.04.10-14.43.35:730][  0]LogConfig: Setting CVar [[r.FastBlurThreshold:100]]
[2025.04.10-14.43.35:730][  0]LogConfig: Setting CVar [[r.Upscale.Quality:3]]
[2025.04.10-14.43.35:730][  0]LogConfig: Setting CVar [[r.Tonemapper.GrainQuantization:1]]
[2025.04.10-14.43.35:730][  0]LogConfig: Setting CVar [[r.LightShaftQuality:1]]
[2025.04.10-14.43.35:730][  0]LogConfig: Setting CVar [[r.Filter.SizeScale:1]]
[2025.04.10-14.43.35:730][  0]LogConfig: Setting CVar [[r.Tonemapper.Quality:5]]
[2025.04.10-14.43.35:730][  0]LogConfig: Setting CVar [[r.DOF.Gather.AccumulatorQuality:1        ; higher gathering accumulator quality]]
[2025.04.10-14.43.35:730][  0]LogConfig: Setting CVar [[r.DOF.Gather.PostfilterMethod:1          ; Median3x3 postfilering method]]
[2025.04.10-14.43.35:731][  0]LogConfig: Setting CVar [[r.DOF.Gather.EnableBokehSettings:0       ; no bokeh simulation when gathering]]
[2025.04.10-14.43.35:731][  0]LogConfig: Setting CVar [[r.DOF.Gather.RingCount:4                 ; medium number of samples when gathering]]
[2025.04.10-14.43.35:731][  0]LogConfig: Setting CVar [[r.DOF.Scatter.ForegroundCompositing:1    ; additive foreground scattering]]
[2025.04.10-14.43.35:731][  0]LogConfig: Setting CVar [[r.DOF.Scatter.BackgroundCompositing:2    ; additive background scattering]]
[2025.04.10-14.43.35:731][  0]LogConfig: Setting CVar [[r.DOF.Scatter.EnableBokehSettings:1      ; bokeh simulation when scattering]]
[2025.04.10-14.43.35:731][  0]LogConfig: Setting CVar [[r.DOF.Scatter.MaxSpriteRatio:0.1         ; only a maximum of 10% of scattered bokeh]]
[2025.04.10-14.43.35:731][  0]LogConfig: Setting CVar [[r.DOF.Recombine.Quality:1                ; cheap slight out of focus]]
[2025.04.10-14.43.35:731][  0]LogConfig: Setting CVar [[r.DOF.Recombine.EnableBokehSettings:0    ; no bokeh simulation on slight out of focus]]
[2025.04.10-14.43.35:731][  0]LogConfig: Setting CVar [[r.DOF.TemporalAAQuality:1                ; more stable temporal accumulation]]
[2025.04.10-14.43.35:731][  0]LogConfig: Setting CVar [[r.DOF.Kernel.MaxForegroundRadius:0.025]]
[2025.04.10-14.43.35:731][  0]LogConfig: Setting CVar [[r.DOF.Kernel.MaxBackgroundRadius:0.025]]
[2025.04.10-14.43.35:731][  0]LogConfig: Applying CVar settings from Section [TextureQuality@3] File [C:/Unreal Projects/Top-Down-Puzzle/TopDownPuzzle/Saved/Config/Windows/Scalability.ini]
[2025.04.10-14.43.35:731][  0]LogConfig: Setting CVar [[r.Streaming.MipBias:0]]
[2025.04.10-14.43.35:731][  0]LogConfig: Setting CVar [[r.Streaming.AmortizeCPUToGPUCopy:0]]
[2025.04.10-14.43.35:731][  0]LogConfig: Setting CVar [[r.Streaming.MaxNumTexturesToStreamPerFrame:0]]
[2025.04.10-14.43.35:731][  0]LogConfig: Setting CVar [[r.Streaming.Boost:1]]
[2025.04.10-14.43.35:731][  0]LogConfig: Setting CVar [[r.MaxAnisotropy:8]]
[2025.04.10-14.43.35:731][  0]LogConfig: Setting CVar [[r.VT.MaxAnisotropy:8]]
[2025.04.10-14.43.35:731][  0]LogConfig: Setting CVar [[r.Streaming.LimitPoolSizeToVRAM:0]]
[2025.04.10-14.43.35:731][  0]LogConfig: Setting CVar [[r.Streaming.PoolSize:1000]]
[2025.04.10-14.43.35:731][  0]LogConfig: Setting CVar [[r.Streaming.MaxEffectiveScreenSize:0]]
[2025.04.10-14.43.35:731][  0]LogConfig: Applying CVar settings from Section [EffectsQuality@3] File [C:/Unreal Projects/Top-Down-Puzzle/TopDownPuzzle/Saved/Config/Windows/Scalability.ini]
[2025.04.10-14.43.35:731][  0]LogConfig: Setting CVar [[r.TranslucencyLightingVolumeDim:64]]
[2025.04.10-14.43.35:731][  0]LogConfig: Setting CVar [[r.RefractionQuality:2]]
[2025.04.10-14.43.35:731][  0]LogConfig: Setting CVar [[r.SSR.Quality:3]]
[2025.04.10-14.43.35:731][  0]LogConfig: Setting CVar [[r.SSR.HalfResSceneColor:0]]
[2025.04.10-14.43.35:731][  0]LogConfig: Setting CVar [[r.SceneColorFormat:4]]
[2025.04.10-14.43.35:731][  0]LogConfig: Setting CVar [[r.DetailMode:2]]
[2025.04.10-14.43.35:731][  0]LogConfig: Setting CVar [[r.TranslucencyVolumeBlur:1]]
[2025.04.10-14.43.35:731][  0]LogConfig: Setting CVar [[r.MaterialQualityLevel:1 ; High quality]]
[2025.04.10-14.43.35:731][  0]LogConfig: Setting CVar [[r.AnisotropicMaterials:1]]
[2025.04.10-14.43.35:731][  0]LogConfig: Setting CVar [[r.SSS.Scale:1]]
[2025.04.10-14.43.35:731][  0]LogConfig: Setting CVar [[r.SSS.SampleSet:2]]
[2025.04.10-14.43.35:731][  0]LogConfig: Setting CVar [[r.SSS.Quality:1]]
[2025.04.10-14.43.35:731][  0]LogConfig: Setting CVar [[r.SSS.HalfRes:0]]
[2025.04.10-14.43.35:731][  0]LogConfig: Setting CVar [[r.SSGI.Quality:3]]
[2025.04.10-14.43.35:731][  0]LogConfig: Setting CVar [[r.EmitterSpawnRateScale:1.0]]
[2025.04.10-14.43.35:731][  0]LogConfig: Setting CVar [[r.ParticleLightQuality:2]]
[2025.04.10-14.43.35:731][  0]LogConfig: Setting CVar [[r.SkyAtmosphere.AerialPerspectiveLUT.FastApplyOnOpaque:1 ; Always have FastSkyLUT 1 in this case to avoid wrong sky]]
[2025.04.10-14.43.35:731][  0]LogConfig: Setting CVar [[r.SkyAtmosphere.AerialPerspectiveLUT.SampleCountMaxPerSlice:4]]
[2025.04.10-14.43.35:731][  0]LogConfig: Setting CVar [[r.SkyAtmosphere.AerialPerspectiveLUT.DepthResolution:16.0]]
[2025.04.10-14.43.35:731][  0]LogConfig: Setting CVar [[r.SkyAtmosphere.FastSkyLUT:1]]
[2025.04.10-14.43.35:731][  0]LogConfig: Setting CVar [[r.SkyAtmosphere.FastSkyLUT.SampleCountMin:4.0]]
[2025.04.10-14.43.35:731][  0]LogConfig: Setting CVar [[r.SkyAtmosphere.FastSkyLUT.SampleCountMax:128.0]]
[2025.04.10-14.43.35:731][  0]LogConfig: Setting CVar [[r.SkyAtmosphere.SampleCountMin:4.0]]
[2025.04.10-14.43.35:731][  0]LogConfig: Setting CVar [[r.SkyAtmosphere.SampleCountMax:128.0]]
[2025.04.10-14.43.35:731][  0]LogConfig: Setting CVar [[r.SkyAtmosphere.TransmittanceLUT.UseSmallFormat:0]]
[2025.04.10-14.43.35:731][  0]LogConfig: Setting CVar [[r.SkyAtmosphere.TransmittanceLUT.SampleCount:10.0]]
[2025.04.10-14.43.35:731][  0]LogConfig: Setting CVar [[r.SkyAtmosphere.MultiScatteringLUT.SampleCount:15.0]]
[2025.04.10-14.43.35:731][  0]LogConfig: Setting CVar [[r.SkyLight.RealTimeReflectionCapture:1]]
[2025.04.10-14.43.35:731][  0]LogConfig: Applying CVar settings from Section [FoliageQuality@3] File [C:/Unreal Projects/Top-Down-Puzzle/TopDownPuzzle/Saved/Config/Windows/Scalability.ini]
[2025.04.10-14.43.35:732][  0]LogConfig: Setting CVar [[foliage.DensityScale:1.0]]
[2025.04.10-14.43.35:732][  0]LogConfig: Setting CVar [[grass.DensityScale:1.0]]
[2025.04.10-14.43.35:732][  0]LogConfig: Applying CVar settings from Section [ShadingQuality@3] File [C:/Unreal Projects/Top-Down-Puzzle/TopDownPuzzle/Saved/Config/Windows/Scalability.ini]
[2025.04.10-14.43.35:732][  0]LogConfig: Setting CVar [[r.HairStrands.SkyLighting.IntegrationType:2]]
[2025.04.10-14.43.35:732][  0]LogConfig: Setting CVar [[r.HairStrands.SkyAO.SampleCount:4]]
[2025.04.10-14.43.35:732][  0]LogConfig: Setting CVar [[r.HairStrands.Visibility.MSAA.SamplePerPixel:4]]
[2025.04.10-14.43.35:732][  0]LogConfig: Applying CVar settings from Section [Startup] File [../../../Engine/Config/ConsoleVariables.ini]
[2025.04.10-14.43.35:733][  0]LogConfig: Setting CVar [[net.UseAdaptiveNetUpdateFrequency:0]]
[2025.04.10-14.43.35:733][  0]LogConfig: Setting CVar [[p.chaos.AllowCreatePhysxBodies:1]]
[2025.04.10-14.43.35:733][  0]LogConfig: Setting CVar [[fx.SkipVectorVMBackendOptimizations:1]]
[2025.04.10-14.43.35:733][  0]LogConfig: Applying CVar settings from Section [ConsoleVariables] File [C:/Unreal Projects/Top-Down-Puzzle/TopDownPuzzle/Saved/Config/Windows/Engine.ini]
[2025.04.10-14.43.35:733][  0]LogConfig: Applying CVar settings from Section [ConsoleVariables] File [C:/Unreal Projects/Top-Down-Puzzle/TopDownPuzzle/Saved/Config/Windows/Editor.ini]
[2025.04.10-14.43.35:733][  0]LogInit: Computer: LAPTOP-EJ2DB2HV
[2025.04.10-14.43.35:733][  0]LogInit: User: patel
[2025.04.10-14.43.35:733][  0]LogInit: CPU Page size=4096, Cores=4
[2025.04.10-14.43.35:733][  0]LogInit: High frequency timer resolution =10.000000 MHz
[2025.04.10-14.43.35:733][  0]LogMemory: Memory total: Physical=15.8GB (16GB approx)
[2025.04.10-14.43.35:733][  0]LogMemory: Platform Memory Stats for Windows
[2025.04.10-14.43.35:733][  0]LogMemory: Process Physical Memory: 142.19 MB used, 142.19 MB peak
[2025.04.10-14.43.35:733][  0]LogMemory: Process Virtual Memory: 112.38 MB used, 112.38 MB peak
[2025.04.10-14.43.35:733][  0]LogMemory: Physical Memory: 6630.21 MB used,  9594.96 MB free, 16225.18 MB total
[2025.04.10-14.43.35:733][  0]LogMemory: Virtual Memory: 134191624.00 MB used,  26105.68 MB free, 134217728.00 MB total
[2025.04.10-14.43.35:742][  0]LogWindows: WindowsPlatformFeatures enabled
[2025.04.10-14.43.36:132][  0]LogInit: Physics initialised using underlying interface: PhysX
[2025.04.10-14.43.36:134][  0]LogInit: Using OS detected language (en-US).
[2025.04.10-14.43.36:134][  0]LogInit: Using OS detected locale (en-IN).
[2025.04.10-14.43.36:141][  0]LogTextLocalizationManager: No specific localization for 'en-US' exists, so the 'en' localization will be used.
[2025.04.10-14.43.36:577][  0]LogInit: Setting process to per monitor DPI aware
[2025.04.10-14.43.36:601][  0]LogWindowsTextInputMethodSystem: Display: IME system deactivated.
[2025.04.10-14.43.36:685][  0]LogSlate: New Slate User Created.  User Index 0, Is Virtual User: 0
[2025.04.10-14.43.36:685][  0]LogSlate: Slate User Registered.  User Index 0, Is Virtual User: 0
[2025.04.10-14.43.40:417][  0]LogD3D11RHI: Loaded GFSDK_Aftermath_Lib.x64.dll
[2025.04.10-14.43.40:484][  0]LogHMD: Failed to initialize OpenVR with code 110
[2025.04.10-14.43.40:484][  0]LogD3D11RHI: D3D11 min allowed feature level: 11_0
[2025.04.10-14.43.40:484][  0]LogD3D11RHI: D3D11 max allowed feature level: 11_0
[2025.04.10-14.43.40:484][  0]LogD3D11RHI: D3D11 adapters:
[2025.04.10-14.43.40:637][  0]LogD3D11RHI:    0. 'NVIDIA GeForce GTX 1650' (Feature Level 11_0)
[2025.04.10-14.43.40:637][  0]LogD3D11RHI:       3935/0/8112 MB DedicatedVideo/DedicatedSystem/SharedSystem, Outputs:1, VendorId:0x10de
[2025.04.10-14.43.40:707][  0]LogD3D11RHI:    1. 'Intel(R) UHD Graphics 630' (Feature Level 11_0)
[2025.04.10-14.43.40:707][  0]LogD3D11RHI:       128/0/8112 MB DedicatedVideo/DedicatedSystem/SharedSystem, Outputs:0, VendorId:0x8086
[2025.04.10-14.43.40:709][  0]LogD3D11RHI:    2. 'Microsoft Basic Render Driver' (Feature Level 11_0)
[2025.04.10-14.43.40:709][  0]LogD3D11RHI:       0/0/8112 MB DedicatedVideo/DedicatedSystem/SharedSystem, Outputs:0, VendorId:0x1414
[2025.04.10-14.43.40:709][  0]LogD3D11RHI: Chosen D3D11 Adapter:
[2025.04.10-14.43.40:709][  0]LogD3D11RHI:     Description : NVIDIA GeForce GTX 1650
[2025.04.10-14.43.40:709][  0]LogD3D11RHI:     VendorId    : 10de
[2025.04.10-14.43.40:710][  0]LogD3D11RHI:     DeviceId    : 1f91
[2025.04.10-14.43.40:710][  0]LogD3D11RHI:     SubSysId    : 85fc103c
[2025.04.10-14.43.40:710][  0]LogD3D11RHI:     Revision    : 00a1
[2025.04.10-14.43.40:710][  0]LogD3D11RHI:     DedicatedVideoMemory : 4126146560 bytes
[2025.04.10-14.43.40:710][  0]LogD3D11RHI:     DedicatedSystemMemory : 0 bytes
[2025.04.10-14.43.40:710][  0]LogD3D11RHI:     SharedSystemMemory : 8506664960 bytes
[2025.04.10-14.43.40:710][  0]LogD3D11RHI:     AdapterLuid : 0 80733
[2025.04.10-14.43.40:715][  0]LogD3D11RHI: Creating new Direct3DDevice
[2025.04.10-14.43.40:715][  0]LogD3D11RHI:     GPU DeviceId: 0x1f91 (for the marketing name, search the web for "GPU Device Id")
[2025.04.10-14.43.40:715][  0]LogWindows: EnumDisplayDevices:
[2025.04.10-14.43.40:715][  0]LogWindows:    0. 'Intel(R) UHD Graphics 630' (P:1 D:1)
[2025.04.10-14.43.40:716][  0]LogWindows:    1. 'Intel(R) UHD Graphics 630' (P:0 D:0)
[2025.04.10-14.43.40:716][  0]LogWindows:    2. 'Intel(R) UHD Graphics 630' (P:0 D:0)
[2025.04.10-14.43.40:716][  0]LogWindows:    3. 'NVIDIA GeForce GTX 1650' (P:0 D:0)
[2025.04.10-14.43.40:717][  0]LogWindows:    4. 'NVIDIA GeForce GTX 1650' (P:0 D:0)
[2025.04.10-14.43.40:717][  0]LogWindows:    5. 'NVIDIA GeForce GTX 1650' (P:0 D:0)
[2025.04.10-14.43.40:718][  0]LogWindows:    6. 'NVIDIA GeForce GTX 1650' (P:0 D:0)
[2025.04.10-14.43.40:718][  0]LogWindows: DebugString: PrimaryIsNotTheChoosenAdapter PrimaryIsNotTheChoosenAdapter PrimaryIsNotTheChoosenAdapter FoundDriverCount:4 
[2025.04.10-14.43.40:718][  0]LogD3D11RHI:     Adapter Name: NVIDIA GeForce GTX 1650
[2025.04.10-14.43.40:718][  0]LogD3D11RHI:   Driver Version: 561.19 (internal:32.0.15.6119, unified:561.19)
[2025.04.10-14.43.40:718][  0]LogD3D11RHI:      Driver Date: 11-11-2024
[2025.04.10-14.43.40:718][  0]LogRHI: Texture pool is 2754 MB (70% of 3935 MB)
[2025.04.10-14.43.40:718][  0]LogD3D11RHI: Creating D3DDevice using adapter:
[2025.04.10-14.43.40:718][  0]LogD3D11RHI:     Description : NVIDIA GeForce GTX 1650
[2025.04.10-14.43.40:718][  0]LogD3D11RHI:     VendorId    : 10de
[2025.04.10-14.43.40:718][  0]LogD3D11RHI:     DeviceId    : 1f91
[2025.04.10-14.43.40:718][  0]LogD3D11RHI:     SubSysId    : 85fc103c
[2025.04.10-14.43.40:718][  0]LogD3D11RHI:     Revision    : 00a1
[2025.04.10-14.43.40:718][  0]LogD3D11RHI:     DedicatedVideoMemory : 4126146560 bytes
[2025.04.10-14.43.40:718][  0]LogD3D11RHI:     DedicatedSystemMemory : 0 bytes
[2025.04.10-14.43.40:718][  0]LogD3D11RHI:     SharedSystemMemory : 8506664960 bytes
[2025.04.10-14.43.40:718][  0]LogD3D11RHI:     AdapterLuid : 0 80733
[2025.04.10-14.43.40:810][  0]LogD3D11RHI: RHI has support for 64 bit atomics
[2025.04.10-14.43.40:810][  0]LogD3D11RHI: Async texture creation enabled
[2025.04.10-14.43.40:810][  0]LogD3D11RHI: Array index from any shader is supported
[2025.04.10-14.43.40:874][  0]LogD3D11RHI: GPU Timing Frequency: 1000.000000 (Debug: 2 2)
[2025.04.10-14.43.40:973][  0]LogRHI: GeForceNow SDK initialized: 1
[2025.04.10-14.43.41:695][  0]LogTargetPlatformManager: Display: Loaded TargetPlatform 'AllDesktop'
[2025.04.10-14.43.41:747][  0]LogTargetPlatformManager: Display: Loaded TargetPlatform 'Android'
[2025.04.10-14.43.41:748][  0]LogTargetPlatformManager: Display: Loaded TargetPlatform 'Android_ASTC'
[2025.04.10-14.43.41:748][  0]LogTargetPlatformManager: Display: Loaded TargetPlatform 'Android_DXT'
[2025.04.10-14.43.41:748][  0]LogTargetPlatformManager: Display: Loaded TargetPlatform 'Android_ETC2'
[2025.04.10-14.43.41:748][  0]LogTargetPlatformManager: Display: Loaded TargetPlatform 'AndroidClient'
[2025.04.10-14.43.41:748][  0]LogTargetPlatformManager: Display: Loaded TargetPlatform 'Android_ASTCClient'
[2025.04.10-14.43.41:748][  0]LogTargetPlatformManager: Display: Loaded TargetPlatform 'Android_DXTClient'
[2025.04.10-14.43.41:748][  0]LogTargetPlatformManager: Display: Loaded TargetPlatform 'Android_ETC2Client'
[2025.04.10-14.43.41:748][  0]LogTargetPlatformManager: Display: Loaded TargetPlatform 'Android_Multi'
[2025.04.10-14.43.41:748][  0]LogTargetPlatformManager: Display: Loaded TargetPlatform 'Android_MultiClient'
[2025.04.10-14.43.41:776][  0]LogTargetPlatformManager: Display: Loaded TargetPlatform 'IOSClient'
[2025.04.10-14.43.41:776][  0]LogTargetPlatformManager: Display: Loaded TargetPlatform 'IOS'
[2025.04.10-14.43.41:791][  0]LogTargetPlatformManager: Display: Loaded TargetPlatform 'Linux'
[2025.04.10-14.43.41:799][  0]LogTargetPlatformManager: Display: Loaded TargetPlatform 'LinuxNoEditor'
[2025.04.10-14.43.41:805][  0]LogTargetPlatformManager: Display: Loaded TargetPlatform 'LinuxClient'
[2025.04.10-14.43.41:812][  0]LogTargetPlatformManager: Display: Loaded TargetPlatform 'LinuxServer'
[2025.04.10-14.43.41:848][  0]LogTargetPlatformManager: Display: Loaded TargetPlatform 'LinuxAArch64NoEditor'
[2025.04.10-14.43.41:855][  0]LogTargetPlatformManager: Display: Loaded TargetPlatform 'LinuxAArch64Client'
[2025.04.10-14.43.41:861][  0]LogTargetPlatformManager: Display: Loaded TargetPlatform 'LinuxAArch64Server'
[2025.04.10-14.43.41:919][  0]LogTargetPlatformManager: Display: Loaded TargetPlatform 'Lumin'
[2025.04.10-14.43.41:919][  0]LogTargetPlatformManager: Display: Loaded TargetPlatform 'LuminClient'
[2025.04.10-14.43.41:953][  0]LogTargetPlatformManager: Display: Loaded TargetPlatform 'MacNoEditor'
[2025.04.10-14.43.41:965][  0]LogTargetPlatformManager: Display: Loaded TargetPlatform 'Mac'
[2025.04.10-14.43.41:976][  0]LogTargetPlatformManager: Display: Loaded TargetPlatform 'MacClient'
[2025.04.10-14.43.41:988][  0]LogTargetPlatformManager: Display: Loaded TargetPlatform 'MacServer'
[2025.04.10-14.43.42:017][  0]LogTargetPlatformManager: Display: Loaded TargetPlatform 'TVOSClient'
[2025.04.10-14.43.42:017][  0]LogTargetPlatformManager: Display: Loaded TargetPlatform 'TVOS'
[2025.04.10-14.43.42:032][  0]LogTargetPlatformManager: Display: Loaded TargetPlatform 'WindowsNoEditor'
[2025.04.10-14.43.42:041][  0]LogTargetPlatformManager: Display: Loaded TargetPlatform 'Windows'
[2025.04.10-14.43.42:050][  0]LogTargetPlatformManager: Display: Loaded TargetPlatform 'WindowsClient'
[2025.04.10-14.43.42:062][  0]LogTargetPlatformManager: Display: Loaded TargetPlatform 'WindowsServer'
[2025.04.10-14.43.42:062][  0]LogTargetPlatformManager: Display: Building Assets For Windows
[2025.04.10-14.43.42:164][  0]LogAudioDebug: Display: Lib vorbis DLL was dynamically loaded.
[2025.04.10-14.43.42:308][  0]LogTextureFormatOodle: Display: Oodle Texture 2.9.0 init RDO Off
[2025.04.10-14.43.42:445][  0]LogRendererCore: Ray tracing is disabled. Reason: r.RayTracing=0.
[2025.04.10-14.43.42:445][  0]LogShaderCompilers: Guid format shader working directory is -18 characters bigger than the processId version (../../../../../../Unreal Projects/Top-Down-Puzzle/TopDownPuzzle/Intermediate/Shaders/WorkingDirectory/17556/).
[2025.04.10-14.43.42:446][  0]LogShaderCompilers: Cleaned the shader compiler working directory 'C:/Users/patel/AppData/Local/Temp/UnrealShaderWorkingDir/E2885A2A410694C873DECE8830A8C48F/'.
[2025.04.10-14.43.42:446][  0]LogXGEController: Cannot use XGE Controller as Incredibuild is not installed on this machine.
[2025.04.10-14.43.42:446][  0]LogShaderCompilers: Cannot use XGE Shader Compiler as Incredibuild is not installed on this machine.
[2025.04.10-14.43.42:446][  0]LogShaderCompilers: Display: Using Local Shader Compiler.
[2025.04.10-14.43.48:109][  0]LogDerivedDataCache: Display: Max Cache Size: 512 MB
[2025.04.10-14.43.48:184][  0]LogDerivedDataCache: Loaded boot cache 0.07s 103MB C:/Users/patel/AppData/Local/UnrealEngine/4.27/DerivedDataCache/Boot.ddc.
[2025.04.10-14.43.48:184][  0]LogDerivedDataCache: Display: Loaded Boot cache: C:/Users/patel/AppData/Local/UnrealEngine/4.27/DerivedDataCache/Boot.ddc
[2025.04.10-14.43.48:184][  0]LogDerivedDataCache: FDerivedDataBackendGraph:  Pak pak cache file ../../../../../../Unreal Projects/Top-Down-Puzzle/TopDownPuzzle/DerivedDataCache/DDC.ddp not found, will not use a pak cache.
[2025.04.10-14.43.48:184][  0]LogDerivedDataCache: Unable to find inner node Pak for hierarchical cache Hierarchy.
[2025.04.10-14.43.48:184][  0]LogDerivedDataCache: FDerivedDataBackendGraph:  CompressedPak pak cache file ../../../../../../Unreal Projects/Top-Down-Puzzle/TopDownPuzzle/DerivedDataCache/Compressed.ddp not found, will not use a pak cache.
[2025.04.10-14.43.48:185][  0]LogDerivedDataCache: Unable to find inner node CompressedPak for hierarchical cache Hierarchy.
[2025.04.10-14.43.48:203][  0]LogDerivedDataCache: Display: Pak cache opened for reading ../../../Engine/DerivedDataCache/Compressed.ddp.
[2025.04.10-14.43.48:203][  0]LogDerivedDataCache: FDerivedDataBackendGraph:  EnterprisePak pak cache file ../../../Enterprise/DerivedDataCache/Compressed.ddp not found, will not use a pak cache.
[2025.04.10-14.43.48:203][  0]LogDerivedDataCache: Unable to find inner node EnterprisePak for hierarchical cache Hierarchy.
[2025.04.10-14.43.48:253][  0]LogDerivedDataCache: Speed tests for C:/Users/patel/AppData/Local/UnrealEngine/Common/DerivedDataCache took 0.05 seconds
[2025.04.10-14.43.48:254][  0]LogDerivedDataCache: Display: Performance to C:/Users/patel/AppData/Local/UnrealEngine/Common/DerivedDataCache: Latency=0.05ms. RandomReadSpeed=25.10MBs, RandomWriteSpeed=76.25MBs. Assigned SpeedClass 'Local'
[2025.04.10-14.43.48:261][  0]LogDerivedDataCache: Using Local data cache path C:/Users/patel/AppData/Local/UnrealEngine/Common/DerivedDataCache: Writable
[2025.04.10-14.43.48:261][  0]LogDerivedDataCache: Shared data cache path not found in *engine.ini, will not use an Shared cache.
[2025.04.10-14.43.48:261][  0]LogDerivedDataCache: Unable to find inner node Shared for hierarchical cache Hierarchy.
[2025.04.10-14.43.48:316][  0]LogSlate: Using FreeType 2.10.0
[2025.04.10-14.43.48:331][  0]LogSlate: SlateFontServices - WITH_FREETYPE: 1, WITH_HARFBUZZ: 1
[2025.04.10-14.43.48:365][  0]LogAssetRegistry: FAssetRegistry took 0.0038 seconds to start up
[2025.04.10-14.43.48:682][  0]LogAssetRegistry: Error: Failed to open file for write ../../../../../../Unreal Projects/Top-Down-Puzzle/TopDownPuzzle/Intermediate/CachedAssetRegistry.bin.tmp
[2025.04.10-14.43.48:682][  0]LogInit: Selected Device Profile: [Windows]
[2025.04.10-14.43.48:682][  0]LogInit: Active device profile: [0000015F38D35400][0000015F37406180 49] Windows
[2025.04.10-14.43.48:682][  0]LogInit: Profiles: [0000015F38D35400][0000015F37406180 49] Windows, [0000015F38CC3F00][0000015F3339C300 49] WindowsNoEditor, [0000015F38CCFE00][0000015F333A0480 49] WindowsServer, [0000015F38CC1500][0000015F333A4600 49] WindowsClient, [0000015F38CCD800][0000015F333A8780 49] IOS, [0000015F38CC1000][0000015F333AC900 49] iPadAir, [0000015F38CCCC00][0000015F39672A80 49] iPadAir2, [0000015F38C88100][0000015F39676CC0 49] IPadPro, [0000015F38C88200][0000015F3740AD00 49] iPadAir3, [0000015F38CC1600][0000015F3967AE40 49] iPadAir4, [0000015F38C8AC00][0000015F3967EF80 49] iPadMini2, [0000015F38CC1300][0000015F39687100 49] iPadMini3, [0000015F38CCC100][0000015F3968B280 49] iPadMini4, [0000015F38CC1700][0000015F3968F400 49] iPadMini5, [0000015F38C7B900][0000015F396976C0 49] iPhone6, [0000015F38C7BA00][0000015F39693700 49] iPodTouch6, [0000015F38CCD200][0000015F3969F9C0 49] iPhone7, [0000015F38CCD100][0000015F3969BA00 49] iPodTouch7, [0000015F38C78400][0000015F396A3B80 49] iPhone5S, [0000015F38C8BD00][0000015F396A6180 49] iPhone6Plus, [0000015F38C79F00][0000015F396AA300 49] iPhone6S, [0000015F38CCD600][0000015F396AE480 49] iPhone6SPlus, [0000015F38C79300][0000015F396B2600 49] iPhone7Plus, [0000015F38CCC200][0000015F396B6780 49] iPhoneSE, [0000015F38C78D00][0000015F396BA900 49] iPhone8, [0000015F38CCCA00][0000015F396BEA80 49] iPhone8Plus, [0000015F38C7BC00][0000015F396C2C00 49] iPhoneX, [0000015F38CCF500][0000015F39682D40 49] iPhoneXS, [0000015F38C7A800][0000015F396C6E80 49] iPhoneXSMax, [0000015F38CCE700][0000015F396CAFC0 49] iPhoneXR, [0000015F38C7AA00][0000015F396CF100 49] iPhone11, [0000015F38CCEE00][0000015F396D7280 49] iPhone11Pro, [0000015F38C7B300][0000015F396DB400 49] iPhone11ProMax, [0000015F38CCE100][0000015F396DF580 49] iPhoneSE2, [0000015F38C7AF00][0000015F396E3700 49] iPhone12Mini, [0000015F38CCEB00][0000015F396E7880 49] iPhone12, [0000015F38C7BF00][0000015F396EBA00 49] iPhone12Pro, [0000015F38CCEC00][0000015F396EFB80 49] iPhone12ProMax, [0000015F38C79E00][0000015F396F2180 49] iPadPro105, [0000015F38CCF000][0000015F396F6300 49] iPadPro129, [0000015F38C7A400][0000015F396FA480 49] iPadPro97, [0000015F38CCCD00][0000015F396FE600 49] iPadPro2_129, [0000015F38C78F00][0000015F39702780 49] iPad5, [0000015F38CCC800][0000015F39706900 49] iPad6, [0000015F38C78300][0000015F3970AA80 49] iPad7, [0000015F38CCE500][0000015F3970EC00 49] iPad8, [0000015F38C78800][0000015F39712D80 49] iPadPro11, [0000015F38CCD000][0000015F39716F00 49] iPadPro2_11, [0000015F38C78700][0000015F396D3040 49] iPadPro3_129, [0000015F38CCD700][0000015F3971B180 49] iPadPro4_129, [0000015F38C7B000][0000015F3971F2C0 49] AppleTV, [0000015F38CCF300][0000015F39727440 49] AppleTV4K, [0000015F38C79200][0000015F3972B5C0 49] TVOS, [0000015F38CCDA00][0000015F3972F740 49] Mac, [0000015F38C79000][0000015F397738C0 49] MacClient, [0000015F38CCFA00][0000015F39783A40 49] MacNoEditor, [0000015F38C79100][0000015F39787BC0 49] MacServer, [0000015F38CCC400][0000015F370101C0 49] Linux, [0000015F38C78500][0000015F37014340 49] LinuxAArch64, [0000015F38CCE300][0000015F3701C4C0 49] LinuxNoEditor, [0000015F38C78C00][0000015F37020640 49] LinuxAArch64NoEditor, [0000015F38CCED00][0000015F370247C0 49] LinuxClient, [0000015F38C7B100][0000015F37030940 49] LinuxAArch64Client, [0000015F38CCFC00][0000015F37034AC0 49] LinuxServer, [0000015F38C7B600][0000015F37038C40 49] LinuxAArch64Server, [0000015F38CCF800][0000015F3703CDC0 49] Android, [0000015F38D37000][0000015F37040F40 49] Android_Low, [0000015F38C8A700][0000015F370450C0 49] Android_Mid, [0000015F38D36D00][0000015F39723200 49] Android_High, [0000015F38C88A00][0000015F37049340 49] Android_Default, [0000015F38D34200][0000015F3704D480 49] Android_Adreno4xx, [0000015F38C89200][0000015F370515C0 49] Android_Adreno5xx_Low, [0000015F38D35000][0000015F37059740 49] Android_Adreno5xx, [0000015F38C88300][0000015F3727B8C0 49] Android_Adreno6xx, [0000015F38D37700][0000015F3727FA40 49] Android_Adreno6xx_Vulkan, [0000015F38C8A300][0000015F37283BC0 49] Android_Mali_T6xx, [0000015F38D37400][0000015F372861C0 49] Android_Mali_T7xx, [0000015F38C8AE00][0000015F3728A340 49] Android_Mali_T8xx, [0000015F38D37500][0000015F3728E4C0 49] Android_Mali_G71, [0000015F38C88500][0000015F37292640 49] Android_Mali_G72, [0000015F38D34500][0000015F372967C0 49] Android_Mali_G72_Vulkan, [0000015F38C89500][0000015F3729A940 49] Android_Mali_G76, [0000015F38D37300][0000015F3729EAC0 49] Android_Mali_G76_Vulkan, [0000015F38C8BB00][0000015F372A2C40 49] Android_Mali_G77, [0000015F38D35900][0000015F372A6DC0 49] Android_Mali_G77_Vulkan, [0000015F38C8AD00][0000015F372AAF40 49] Android_Mali_G78, [0000015F38D36300][0000015F372AF0C0 49] Android_Mali_G78_Vulkan, [0000015F38C8B000][0000015F372B3240 49] Android_Mali_G710, [0000015F38D36F00][0000015F37055380 49] Android_Mali_G710_Vulkan, [0000015F38C88F00][0000015F372B74C0 49] Android_Vulkan_SM5, [0000015F38D34900][0000015F372BB600 49] Android_PowerVR_G6xxx, [0000015F38CCD300][0000015F372BF740 49] Android_PowerVR_GT7xxx, [0000015F38D34C00][0000015F372C78C0 49] Android_PowerVR_GE8xxx, [0000015F38CCCB00][0000015F372CBA40 49] Android_PowerVR_GM9xxx, [0000015F38D34700][0000015F372CFBC0 49] Android_PowerVR_GM9xxx_Vulkan, [0000015F38CCCE00][0000015F372D21C0 49] Android_TegraK1, [0000015F38D36C00][0000015F372D6340 49] Android_Unknown_Vulkan, [0000015F38CCE600][0000015F372DA4C0 49] Lumin, [0000015F38D36A00][0000015F372DE640 49] Lumin_Desktop, [0000015F38CCE900][0000015F372E27C0 49] HoloLens, 
[2025.04.10-14.43.48:928][  0]LogMeshReduction: Using QuadricMeshReduction for automatic static mesh reduction
[2025.04.10-14.43.48:928][  0]LogMeshReduction: Using SimplygonMeshReduction for automatic skeletal mesh reduction
[2025.04.10-14.43.48:928][  0]LogMeshReduction: Using ProxyLODMeshReduction for automatic mesh merging
[2025.04.10-14.43.48:928][  0]LogMeshReduction: No distributed automatic mesh merging module available
[2025.04.10-14.43.48:928][  0]LogMeshMerging: No distributed automatic mesh merging module available
[2025.04.10-14.43.48:967][  0]LogNetVersion: TopDownPuzzle 1.0.0, NetCL: 17155196, EngineNetVer: 17, GameNetVer: 0 (Checksum: 565499533)
[2025.04.10-14.43.50:418][  0]LogTexture: Default maximum texture size for cubemaps generated from long-lat sources has been changed from 512 to unlimited. In order to preserve old behaiour for '/Engine/MapTemplates/Sky/DaylightAmbientCubemap.DaylightAmbientCubemap', its maximum texture size has been explicitly set to 512.
[2025.04.10-14.43.50:645][  0]LogHMD: PokeAHoleMaterial loaded successfully
[2025.04.10-14.43.50:657][  0]LogUObjectArray: 17178 objects as part of root set at end of initial load.
[2025.04.10-14.43.50:657][  0]LogUObjectAllocator: 4302048 out of 0 bytes used by permanent object pool.
[2025.04.10-14.43.50:657][  0]LogUObjectArray: CloseDisregardForGC: 0/0 objects in disregard for GC pool
[2025.04.10-14.43.51:628][  0]LogPython: Using Python 3.7.7
[2025.04.10-14.43.53:068][  0]LogNiagaraDebuggerClient: Niagara Debugger Client Initialized | Session: E6B8C31F45F3F0CAE0CDD497181959CC | Instance: 2B4A93CD40635D189D6E11BAEE417D1B (LAPTOP-EJ2DB2HV-17556).
[2025.04.10-14.43.53:387][  0]LogTcpMessaging: Initializing TcpMessaging bridge
[2025.04.10-14.43.53:394][  0]LogUdpMessaging: Initializing bridge on interface 0.0.0.0:0 to multicast group 230.0.0.1:6666.
[2025.04.10-14.43.56:051][  0]LogWindows: Error: === Critical error: ===
[2025.04.10-14.43.56:051][  0]LogWindows: Error: 
[2025.04.10-14.43.56:051][  0]LogWindows: Error: Fatal error!
[2025.04.10-14.43.56:051][  0]LogWindows: Error: 
[2025.04.10-14.43.56:051][  0]LogWindows: Error: Unhandled Exception: EXCEPTION_ACCESS_VIOLATION reading address 0x00000000000000b8
[2025.04.10-14.43.56:051][  0]LogWindows: Error: 
[2025.04.10-14.43.56:051][  0]LogWindows: Error: [Callstack] 0x00007ffe6d08d9e4 UE4Editor-Engine.dll!UnknownFunction []
[2025.04.10-14.43.56:051][  0]LogWindows: Error: [Callstack] 0x00007ffe70714f9e UE4Editor-TopDownPuzzle-9630.dll!ATopDownPuzzleCharacter::ATopDownPuzzleCharacter() [C:\Unreal Projects\Top-Down-Puzzle\TopDownPuzzle\Source\TopDownPuzzle\TopDownPuzzleCharacter.cpp:68]
[2025.04.10-14.43.56:051][  0]LogWindows: Error: [Callstack] 0x00007ffe6b1961d3 UE4Editor-CoreUObject.dll!UnknownFunction []
[2025.04.10-14.43.56:051][  0]LogWindows: Error: [Callstack] 0x00007ffe6b4b8faf UE4Editor-CoreUObject.dll!UnknownFunction []
[2025.04.10-14.43.56:052][  0]LogWindows: Error: [Callstack] 0x00007ffe6b495411 UE4Editor-CoreUObject.dll!UnknownFunction []
[2025.04.10-14.43.56:052][  0]LogWindows: Error: [Callstack] 0x00007ffe6b35ddc5 UE4Editor-CoreUObject.dll!UnknownFunction []
[2025.04.10-14.43.56:052][  0]LogWindows: Error: [Callstack] 0x00007ffe6ef81bea UE4Editor-Core.dll!UnknownFunction []
[2025.04.10-14.43.56:052][  0]LogWindows: Error: [Callstack] 0x00007ffe6efa15a3 UE4Editor-Core.dll!UnknownFunction []
[2025.04.10-14.43.56:052][  0]LogWindows: Error: [Callstack] 0x00007ffe6af96433 UE4Editor-Projects.dll!UnknownFunction []
[2025.04.10-14.43.56:052][  0]LogWindows: Error: [Callstack] 0x00007ffe6af9674f UE4Editor-Projects.dll!UnknownFunction []
[2025.04.10-14.43.56:052][  0]LogWindows: Error: [Callstack] 0x00007ff613945642 UE4Editor.exe!UnknownFunction []
[2025.04.10-14.43.56:052][  0]LogWindows: Error: [Callstack] 0x00007ff613949000 UE4Editor.exe!UnknownFunction []
[2025.04.10-14.43.56:052][  0]LogWindows: Error: [Callstack] 0x00007ff613940d2c UE4Editor.exe!UnknownFunction []
[2025.04.10-14.43.56:052][  0]LogWindows: Error: [Callstack] 0x00007ff6139410ba UE4Editor.exe!UnknownFunction []
[2025.04.10-14.43.56:052][  0]LogWindows: Error: [Callstack] 0x00007ff6139440dd UE4Editor.exe!UnknownFunction []
[2025.04.10-14.43.56:052][  0]LogWindows: Error: [Callstack] 0x00007ff613955984 UE4Editor.exe!UnknownFunction []
[2025.04.10-14.43.56:052][  0]LogWindows: Error: [Callstack] 0x00007ff61395853a UE4Editor.exe!UnknownFunction []
[2025.04.10-14.43.56:052][  0]LogWindows: Error: [Callstack] 0x00007ffef5dc259d KERNEL32.DLL!UnknownFunction []
[2025.04.10-14.43.56:052][  0]LogWindows: Error: [Callstack] 0x00007ffef6c2af38 ntdll.dll!UnknownFunction []
[2025.04.10-14.43.56:052][  0]LogWindows: Error: 
[2025.04.10-14.43.56:071][  0]LogExit: Executing StaticShutdownAfterError
[2025.04.10-14.43.56:072][  0]LogWindows: FPlatformMisc::RequestExit(1)
[2025.04.10-14.43.56:072][  0]LogWindows: FPlatformMisc::RequestExitWithStatus(1, 3)
[2025.04.10-14.43.56:072][  0]LogCore: Engine exit requested (reason: Win RequestExit)
[2025.04.10-14.43.56:090][  0]Log file closed, 04/10/25 10:43:56
