Log file open, 04/10/25 09:56:51
LogInit: Display: Loading text-based GConfig....
LogPluginManager: Mounting plugin MeshPainting
LogPluginManager: Mounting plugin XGEController
LogPluginManager: Mounting plugin Paper2D
LogPluginManager: Mounting plugin AISupport
LogPluginManager: Mounting plugin EnvironmentQueryEditor
LogPluginManager: Mounting plugin LightPropagationVolume
LogPluginManager: Mounting plugin LiveLink
LogPluginManager: Mounting plugin GameplayCameras
LogPluginManager: Mounting plugin OodleData
LogPluginManager: Mounting plugin OodleNetwork
LogPluginManager: Mounting plugin AnimationSharing
LogPluginManager: Mounting plugin CLionSourceCodeAccess
LogPluginManager: Mounting plugin CodeLiteSourceCodeAccess
LogPluginManager: Mounting plugin GitSourceControl
LogPluginManager: Mounting plugin KDevelopSourceCodeAccess
LogPluginManager: Mounting plugin NullSourceCodeAccess
LogPluginManager: Mounting plugin PerforceSourceControl
LogPluginManager: Mounting plugin PixWinPlugin
LogPluginManager: Mounting plugin PluginUtils
LogPluginManager: Mounting plugin PropertyAccessNode
LogPluginManager: Mounting plugin RiderSourceCodeAccess
LogPluginManager: Mounting plugin SubversionSourceControl
LogPluginManager: Mounting plugin TextureFormatOodle
LogPluginManager: Mounting plugin PlasticSourceControl
LogPluginManager: Mounting plugin UObjectPlugin
LogPluginManager: Mounting plugin VisualStudioCodeSourceCodeAccess
LogPluginManager: Mounting plugin VisualStudioSourceCodeAccess
LogPluginManager: Mounting plugin XCodeSourceCodeAccess
LogPluginManager: Mounting plugin CameraShakePreviewer
LogPluginManager: Mounting plugin DatasmithContent
LogPluginManager: Mounting plugin VariantManagerContent
LogPluginManager: Mounting plugin AlembicImporter
LogPluginManager: Mounting plugin AutomationUtils
LogPluginManager: Mounting plugin BackChannel
LogPluginManager: Mounting plugin ChaosCloth
LogPluginManager: Mounting plugin ChaosClothEditor
LogPluginManager: Mounting plugin ChaosEditor
LogPluginManager: Mounting plugin ChaosNiagara
LogPluginManager: Mounting plugin ChaosSolverPlugin
LogPluginManager: Mounting plugin CharacterAI
LogPluginManager: Mounting plugin Niagara
LogPluginManager: Mounting plugin GeometryCache
LogPluginManager: Mounting plugin GeometryCollectionPlugin
LogPluginManager: Mounting plugin GeometryProcessing
LogPluginManager: Mounting plugin MotoSynth
LogPluginManager: Mounting plugin OpenImageDenoise
LogPluginManager: Mounting plugin PlanarCut
LogPluginManager: Mounting plugin PlatformCrypto
LogPluginManager: Mounting plugin ProxyLODPlugin
LogPluginManager: Mounting plugin PythonScriptPlugin
LogPluginManager: Mounting plugin SkeletalReduction
LogPluginManager: Mounting plugin LuminPlatformFeatures
LogPluginManager: Mounting plugin MagicLeap
LogPluginManager: Mounting plugin MagicLeapMedia
LogPluginManager: Mounting plugin MagicLeapPassableWorld
LogPluginManager: Mounting plugin MLSDK
LogPluginManager: Mounting plugin AndroidMedia
LogPluginManager: Mounting plugin MagicLeapLightEstimation
LogPluginManager: Mounting plugin AvfMedia
LogPluginManager: Mounting plugin ImgMedia
LogPluginManager: Mounting plugin MediaCompositing
LogPluginManager: Mounting plugin MediaPlayerEditor
LogPluginManager: Mounting plugin WebMMedia
LogPluginManager: Mounting plugin WmfMedia
LogPluginManager: Mounting plugin TcpMessaging
LogPluginManager: Mounting plugin UdpMessaging
LogPluginManager: Mounting plugin ActorSequence
LogPluginManager: Mounting plugin LevelSequenceEditor
LogPluginManager: Mounting plugin MatineeToLevelSequence
LogPluginManager: Mounting plugin TemplateSequence
LogPluginManager: Mounting plugin OnlineSubsystem
LogPluginManager: Mounting plugin OnlineSubsystemNull
LogPluginManager: Mounting plugin OnlineSubsystemUtils
LogPluginManager: Mounting plugin LauncherChunkInstaller
LogPluginManager: Mounting plugin ActorLayerUtilities
LogPluginManager: Mounting plugin AndroidDeviceProfileSelector
LogPluginManager: Mounting plugin AndroidMoviePlayer
LogPluginManager: Mounting plugin AndroidPermission
LogPluginManager: Mounting plugin AppleImageUtils
LogPluginManager: Mounting plugin AppleMoviePlayer
LogPluginManager: Mounting plugin ArchVisCharacter
LogPluginManager: Mounting plugin AssetTags
LogPluginManager: Mounting plugin AudioCapture
LogPluginManager: Mounting plugin AudioSynesthesia
LogPluginManager: Mounting plugin ChunkDownloader
LogPluginManager: Mounting plugin CableComponent
LogPluginManager: Mounting plugin CustomMeshComponent
LogPluginManager: Mounting plugin EditableMesh
LogPluginManager: Mounting plugin ExampleDeviceProfileSelector
LogPluginManager: Mounting plugin GoogleCloudMessaging
LogPluginManager: Mounting plugin GooglePAD
LogPluginManager: Mounting plugin IOSDeviceProfileSelector
LogPluginManager: Mounting plugin LinuxDeviceProfileSelector
LogPluginManager: Mounting plugin AssetManagerEditor
LogPluginManager: Mounting plugin LocationServicesBPLibrary
LogPluginManager: Mounting plugin CryptoKeys
LogPluginManager: Mounting plugin CurveEditorTools
LogPluginManager: Mounting plugin DataValidation
LogPluginManager: Mounting plugin MobilePatchingUtils
LogPluginManager: Mounting plugin FacialAnimation
LogPluginManager: Mounting plugin GameplayTagsEditor
LogPluginManager: Mounting plugin GeometryMode
LogPluginManager: Mounting plugin MacGraphicsSwitching
LogPluginManager: Mounting plugin MaterialAnalyzer
LogPluginManager: Mounting plugin OpenXR
LogPluginManager: Mounting plugin OpenXREyeTracker
LogPluginManager: Mounting plugin PluginBrowser
LogPluginManager: Mounting plugin MobileLauncherProfileWizard
LogPluginManager: Mounting plugin SpeedTreeImporter
LogPluginManager: Mounting plugin OpenXRHandTracking
LogPluginManager: Mounting plugin PhysXVehicles
LogPluginManager: Mounting plugin PostSplashScreen
LogPluginManager: Mounting plugin PropertyAccessEditor
LogPluginManager: Mounting plugin RuntimePhysXCooking
LogPluginManager: Mounting plugin SignificanceManager
LogPluginManager: Mounting plugin SoundFields
LogPluginManager: Mounting plugin Synthesis
LogPluginManager: Mounting plugin WebMMoviePlayer
LogPluginManager: Mounting plugin WindowsMoviePlayer
LogPluginManager: Mounting plugin ProceduralMeshComponent
LogPluginManager: Mounting plugin ScreenshotTools
LogPluginManager: Mounting plugin Takes
LogPluginManager: Mounting plugin OnlineSubsystemGooglePlay
LogPluginManager: Mounting plugin OnlineSubsystemIOS
LogPluginManager: Mounting plugin ContentBrowserAssetDataSource
LogPluginManager: Mounting plugin ContentBrowserClassDataSource
LogPluginManager: Mounting plugin ContentBrowserFileDataSource
LogPluginManager: Mounting plugin OculusVR
LogPluginManager: Mounting plugin SteamVR
PixWinPlugin: PIX capture plugin failed to initialize! Check that the process is launched from PIX.
LogInit: Using libcurl 7.55.1-DEV
LogInit:  - built for x86_64-pc-win32
LogInit:  - supports SSL with OpenSSL/1.1.1
LogInit:  - supports HTTP deflate (compression) using libz 1.2.8
LogInit:  - other features:
LogInit:      CURL_VERSION_SSL
LogInit:      CURL_VERSION_LIBZ
LogInit:      CURL_VERSION_IPV6
LogInit:      CURL_VERSION_ASYNCHDNS
LogInit:      CURL_VERSION_LARGEFILE
LogInit:      CURL_VERSION_IDN
LogInit:  CurlRequestOptions (configurable via config and command line):
LogInit:  - bVerifyPeer = true  - Libcurl will verify peer certificate
LogInit:  - bUseHttpProxy = false  - Libcurl will NOT use HTTP proxy
LogInit:  - bDontReuseConnections = false  - Libcurl will reuse connections
LogInit:  - MaxHostConnections = 16  - Libcurl will limit the number of connections to a host
LogInit:  - LocalHostAddr = Default
LogInit:  - BufferSize = 65536
LogOnline: OSS: Creating online subsystem instance for: NULL
LogInit: WinSock: version 1.1 (2.2), MaxSocks=32767, MaxUdp=65467
LogOnline: OSS: TryLoadSubsystemAndSetDefault: Loaded subsystem for module [NULL]
LogInit: Build: ++UE4+Release-4.27-CL-18319896
LogInit: Engine Version: 4.27.2-18319896+++UE4+Release-4.27
LogInit: Compatible Engine Version: 4.27.0-17155196+++UE4+Release-4.27
LogInit: Net CL: 17155196
LogInit: OS: Windows 10 (Release 2009) (), CPU: Intel(R) Core(TM) i5-9300H CPU @ 2.40GHz, GPU: Intel(R) UHD Graphics 630
LogInit: Compiled (64-bit): Nov 30 2021 07:12:08
LogInit: Compiled with Visual C++: 19.24.28315.00
LogInit: Build Configuration: Development
LogInit: Branch Name: ++UE4+Release-4.27
LogInit: Command Line:  "C:\Unreal Projects\Top-Down-Puzzle\TopDownPuzzle\TopDownPuzzle.uproject" -RUN=VSTestAdapter -listtests=C:\Users\patel\AppData\Local\Temp\tmpA1C2.tmp -filters= -stdout -multiprocess -silent -unattended -AllowStdOutLogVerbosity -NoShaderCompile -NoExit
LogInit: Base Directory: C:/Program Files/UE/UE_4.27/Engine/Binaries/Win64/
LogInit: Allocator: TBB
LogInit: Installed Engine Build: 1
LogDevObjectVersion: Number of dev versions registered: 29
LogDevObjectVersion:   Dev-Blueprints (B0D832E4-1F89-4F0D-ACCF-7EB736FD4AA2): 10
LogDevObjectVersion:   Dev-Build (E1C64328-A22C-4D53-A36C-8E866417BD8C): 0
LogDevObjectVersion:   Dev-Core (375EC13C-06E4-48FB-B500-84F0262A717E): 4
LogDevObjectVersion:   Dev-Editor (E4B068ED-F494-42E9-A231-DA0B2E46BB41): 40
LogDevObjectVersion:   Dev-Framework (CFFC743F-43B0-4480-9391-14DF171D2073): 37
LogDevObjectVersion:   Dev-Mobile (B02B49B5-BB20-44E9-A304-32B752E40360): 3
LogDevObjectVersion:   Dev-Networking (A4E4105C-59A1-49B5-A7C5-40C4547EDFEE): 0
LogDevObjectVersion:   Dev-Online (39C831C9-5AE6-47DC-9A44-9C173E1C8E7C): 0
LogDevObjectVersion:   Dev-Physics (78F01B33-EBEA-4F98-B9B4-84EACCB95AA2): 14
LogDevObjectVersion:   Dev-Platform (6631380F-2D4D-43E0-8009-CF276956A95A): 0
LogDevObjectVersion:   Dev-Rendering (12F88B9F-8875-4AFC-A67C-D90C383ABD29): 45
LogDevObjectVersion:   Dev-Sequencer (7B5AE74C-D270-4C10-A958-57980B212A5A): 13
LogDevObjectVersion:   Dev-VR (D7296918-1DD6-4BDD-9DE2-64A83CC13884): 3
LogDevObjectVersion:   Dev-LoadTimes (C2A15278-BFE7-4AFE-6C17-90FF531DF755): 1
LogDevObjectVersion:   Private-Geometry (6EACA3D4-40EC-4CC1-B786-8BED09428FC5): 3
LogDevObjectVersion:   Dev-AnimPhys (29E575DD-E0A3-4627-9D10-D276232CDCEA): 17
LogDevObjectVersion:   Dev-Anim (AF43A65D-7FD3-4947-9873-3E8ED9C1BB05): 15
LogDevObjectVersion:   Dev-ReflectionCapture (6B266CEC-1EC7-4B8F-A30B-E4D90942FC07): 1
LogDevObjectVersion:   Dev-Automation (0DF73D61-A23F-47EA-B727-89E90C41499A): 1
LogDevObjectVersion:   FortniteMain (601D1886-AC64-4F84-AA16-D3DE0DEAC7D6): 47
LogDevObjectVersion:   FortniteRelease (E7086368-6B23-4C58-8439-1B7016265E91): 1
LogDevObjectVersion:   Dev-Enterprise (9DFFBCD6-494F-0158-E221-12823C92A888): 10
LogDevObjectVersion:   Dev-Niagara (F2AED0AC-9AFE-416F-8664-AA7FFA26D6FC): 1
LogDevObjectVersion:   Dev-Destruction (174F1F0B-B4C6-45A5-B13F-2EE8D0FB917D): 10
LogDevObjectVersion:   Dev-Physics-Ext (35F94A83-E258-406C-A318-09F59610247C): 41
LogDevObjectVersion:   Dev-PhysicsMaterial-Chaos (B68FC16E-8B1B-42E2-B453-215C058844FE): 1
LogDevObjectVersion:   Dev-CineCamera (B2E18506-4273-CFC2-A54E-F4BB758BBA07): 1
LogDevObjectVersion:   Dev-VirtualProduction (64F58936-FD1B-42BA-BA96-7289D5D0FA4E): 1
LogDevObjectVersion:   Dev-MediaFramework (6F0ED827-A609-4895-9C91-998D90180EA4): 2
LogInit: Presizing for max 25165824 objects, including 0 objects not considered by GC, pre-allocating 0 bytes for permanent pool.
LogConfig: Applying CVar settings from Section [/Script/Engine.StreamingSettings] File [C:/Unreal Projects/Top-Down-Puzzle/TopDownPuzzle/Saved/Config/Windows/Engine.ini]
LogConfig: Setting CVar [[s.MinBulkDataSizeForAsyncLoading:131072]]
LogConfig: Setting CVar [[s.AsyncLoadingThreadEnabled:0]]
LogConfig: Setting CVar [[s.EventDrivenLoaderEnabled:1]]
LogConfig: Setting CVar [[s.WarnIfTimeLimitExceeded:0]]
LogConfig: Setting CVar [[s.TimeLimitExceededMultiplier:1.5]]
LogConfig: Setting CVar [[s.TimeLimitExceededMinTime:0.005]]
LogConfig: Setting CVar [[s.UseBackgroundLevelStreaming:1]]
LogConfig: Setting CVar [[s.PriorityAsyncLoadingExtraTime:15.0]]
LogConfig: Setting CVar [[s.LevelStreamingActorsUpdateTimeLimit:5.0]]
LogConfig: Setting CVar [[s.PriorityLevelStreamingActorsUpdateExtraTime:5.0]]
LogConfig: Setting CVar [[s.LevelStreamingComponentsRegistrationGranularity:10]]
LogConfig: Setting CVar [[s.UnregisterComponentsTimeLimit:1.0]]
LogConfig: Setting CVar [[s.LevelStreamingComponentsUnregistrationGranularity:5]]
LogConfig: Setting CVar [[s.FlushStreamingOnExit:1]]
LogInit: Object subsystem initialized
LogConfig: Setting CVar [[con.DebugEarlyDefault:1]]
LogConfig: Setting CVar [[r.setres:1280x720]]
[2025.04.10-13.56.52:757][  0]LogConfig: Setting CVar [[con.DebugEarlyDefault:1]]
[2025.04.10-13.56.52:757][  0]LogConfig: Setting CVar [[r.setres:1280x720]]
[2025.04.10-13.56.52:758][  0]LogConfig: Applying CVar settings from Section [/Script/Engine.RendererSettings] File [C:/Unreal Projects/Top-Down-Puzzle/TopDownPuzzle/Saved/Config/Windows/Engine.ini]
[2025.04.10-13.56.52:758][  0]LogConfig: Setting CVar [[r.GPUCrashDebugging:0]]
[2025.04.10-13.56.52:758][  0]LogConfig: Setting CVar [[r.Mobile.DisableVertexFog:1]]
[2025.04.10-13.56.52:758][  0]LogConfig: Setting CVar [[r.Shadow.CSM.MaxMobileCascades:2]]
[2025.04.10-13.56.52:758][  0]LogConfig: Setting CVar [[r.MobileMSAA:1]]
[2025.04.10-13.56.52:759][  0]LogConfig: Setting CVar [[r.Mobile.AllowDitheredLODTransition:0]]
[2025.04.10-13.56.52:759][  0]LogConfig: Setting CVar [[r.Mobile.AllowSoftwareOcclusion:0]]
[2025.04.10-13.56.52:759][  0]LogConfig: Setting CVar [[r.Mobile.VirtualTextures:0]]
[2025.04.10-13.56.52:760][  0]LogConfig: Setting CVar [[r.DiscardUnusedQuality:0]]
[2025.04.10-13.56.52:760][  0]LogConfig: Setting CVar [[r.AllowOcclusionQueries:1]]
[2025.04.10-13.56.52:760][  0]LogConfig: Setting CVar [[r.MinScreenRadiusForLights:0.030000]]
[2025.04.10-13.56.52:760][  0]LogConfig: Setting CVar [[r.MinScreenRadiusForDepthPrepass:0.030000]]
[2025.04.10-13.56.52:761][  0]LogConfig: Setting CVar [[r.MinScreenRadiusForCSMDepth:0.010000]]
[2025.04.10-13.56.52:761][  0]LogConfig: Setting CVar [[r.PrecomputedVisibilityWarning:0]]
[2025.04.10-13.56.52:761][  0]LogConfig: Setting CVar [[r.TextureStreaming:1]]
[2025.04.10-13.56.52:761][  0]LogConfig: Setting CVar [[Compat.UseDXT5NormalMaps:0]]
[2025.04.10-13.56.52:761][  0]LogConfig: Setting CVar [[r.VirtualTextures:0]]
[2025.04.10-13.56.52:762][  0]LogConfig: Setting CVar [[r.VT.EnableAutoImport:1]]
[2025.04.10-13.56.52:762][  0]LogConfig: Setting CVar [[r.VirtualTexturedLightmaps:0]]
[2025.04.10-13.56.52:762][  0]LogConfig: Setting CVar [[r.VT.TileSize:128]]
[2025.04.10-13.56.52:762][  0]LogConfig: Setting CVar [[r.VT.TileBorderSize:4]]
[2025.04.10-13.56.52:763][  0]LogConfig: Setting CVar [[r.vt.FeedbackFactor:16]]
[2025.04.10-13.56.52:763][  0]LogConfig: Setting CVar [[r.VT.EnableCompressZlib:1]]
[2025.04.10-13.56.52:763][  0]LogConfig: Setting CVar [[r.VT.EnableCompressCrunch:0]]
[2025.04.10-13.56.52:763][  0]LogConfig: Setting CVar [[r.ClearCoatNormal:0]]
[2025.04.10-13.56.52:764][  0]LogConfig: Setting CVar [[r.ReflectionCaptureResolution:128]]
[2025.04.10-13.56.52:765][  0]LogConfig: Setting CVar [[r.Mobile.ReflectionCaptureCompression:0]]
[2025.04.10-13.56.52:765][  0]LogConfig: Setting CVar [[r.ReflectionEnvironmentLightmapMixBasedOnRoughness:1]]
[2025.04.10-13.56.52:765][  0]LogConfig: Setting CVar [[r.ForwardShading:0]]
[2025.04.10-13.56.52:765][  0]LogConfig: Setting CVar [[r.VertexFoggingForOpaque:1]]
[2025.04.10-13.56.52:766][  0]LogConfig: Setting CVar [[r.AllowStaticLighting:1]]
[2025.04.10-13.56.52:766][  0]LogConfig: Setting CVar [[r.NormalMapsForStaticLighting:0]]
[2025.04.10-13.56.52:767][  0]LogConfig: Setting CVar [[r.GenerateMeshDistanceFields:0]]
[2025.04.10-13.56.52:767][  0]LogConfig: Setting CVar [[r.DistanceFieldBuild.EightBit:0]]
[2025.04.10-13.56.52:767][  0]LogConfig: Setting CVar [[r.GenerateLandscapeGIData:0]]
[2025.04.10-13.56.52:767][  0]LogConfig: Setting CVar [[r.DistanceFieldBuild.Compress:0]]
[2025.04.10-13.56.52:768][  0]LogConfig: Setting CVar [[r.TessellationAdaptivePixelsPerTriangle:48.000000]]
[2025.04.10-13.56.52:768][  0]LogConfig: Setting CVar [[r.SeparateTranslucency:1]]
[2025.04.10-13.56.52:768][  0]LogConfig: Setting CVar [[r.TranslucentSortPolicy:0]]
[2025.04.10-13.56.52:768][  0]LogConfig: Setting CVar [[vr.VRS.HMDFixedFoveationLevel:0]]
[2025.04.10-13.56.52:769][  0]LogConfig: Setting CVar [[r.CustomDepth:1]]
[2025.04.10-13.56.52:769][  0]LogConfig: Setting CVar [[r.CustomDepthTemporalAAJitter:1]]
[2025.04.10-13.56.52:769][  0]LogConfig: Setting CVar [[r.PostProcessing.PropagateAlpha:0]]
[2025.04.10-13.56.52:770][  0]LogConfig: Setting CVar [[r.DefaultFeature.Bloom:1]]
[2025.04.10-13.56.52:770][  0]LogConfig: Setting CVar [[r.DefaultFeature.AmbientOcclusion:1]]
[2025.04.10-13.56.52:771][  0]LogConfig: Setting CVar [[r.DefaultFeature.AmbientOcclusionStaticFraction:1]]
[2025.04.10-13.56.52:771][  0]LogConfig: Setting CVar [[r.DefaultFeature.AutoExposure:0]]
[2025.04.10-13.56.52:771][  0]LogConfig: Setting CVar [[r.DefaultFeature.AutoExposure.Method:0]]
[2025.04.10-13.56.52:771][  0]LogConfig: Setting CVar [[r.DefaultFeature.AutoExposure.Bias:1.000000]]
[2025.04.10-13.56.52:772][  0]LogConfig: Setting CVar [[r.DefaultFeature.AutoExposure.ExtendDefaultLuminanceRange:0]]
[2025.04.10-13.56.52:772][  0]LogConfig: Setting CVar [[r.UsePreExposure:1]]
[2025.04.10-13.56.52:772][  0]LogConfig: Setting CVar [[r.EyeAdaptation.EditorOnly:0]]
[2025.04.10-13.56.52:772][  0]LogConfig: Setting CVar [[r.DefaultFeature.MotionBlur:0]]
[2025.04.10-13.56.52:773][  0]LogConfig: Setting CVar [[r.DefaultFeature.LensFlare:0]]
[2025.04.10-13.56.52:773][  0]LogConfig: Setting CVar [[r.TemporalAA.Upsampling:0]]
[2025.04.10-13.56.52:773][  0]LogConfig: Setting CVar [[r.SSGI.Enable:0]]
[2025.04.10-13.56.52:774][  0]LogConfig: Setting CVar [[r.DefaultFeature.AntiAliasing:0]]
[2025.04.10-13.56.52:774][  0]LogConfig: Setting CVar [[r.DefaultFeature.LightUnits:1]]
[2025.04.10-13.56.52:774][  0]LogConfig: Setting CVar [[r.DefaultBackBufferPixelFormat:4]]
[2025.04.10-13.56.52:775][  0]LogConfig: Setting CVar [[r.Shadow.UnbuiltPreviewInGame:1]]
[2025.04.10-13.56.52:775][  0]LogConfig: Setting CVar [[r.StencilForLODDither:0]]
[2025.04.10-13.56.52:775][  0]LogConfig: Setting CVar [[r.EarlyZPass:3]]
[2025.04.10-13.56.52:775][  0]LogConfig: Setting CVar [[r.EarlyZPassOnlyMaterialMasking:0]]
[2025.04.10-13.56.52:775][  0]LogConfig: Setting CVar [[r.DBuffer:1]]
[2025.04.10-13.56.52:775][  0]LogConfig: Setting CVar [[r.ClearSceneMethod:1]]
[2025.04.10-13.56.52:776][  0]LogConfig: Setting CVar [[r.BasePassOutputsVelocity:0]]
[2025.04.10-13.56.52:776][  0]LogConfig: Setting CVar [[r.VertexDeformationOutputsVelocity:0]]
[2025.04.10-13.56.52:776][  0]LogConfig: Setting CVar [[r.SelectiveBasePassOutputs:0]]
[2025.04.10-13.56.52:776][  0]LogConfig: Setting CVar [[fx.GPUSimulationTextureSizeX:1024]]
[2025.04.10-13.56.52:777][  0]LogConfig: Setting CVar [[fx.GPUSimulationTextureSizeY:1024]]
[2025.04.10-13.56.52:777][  0]LogConfig: Setting CVar [[r.AllowGlobalClipPlane:0]]
[2025.04.10-13.56.52:777][  0]LogConfig: Setting CVar [[r.GBufferFormat:1]]
[2025.04.10-13.56.52:778][  0]LogConfig: Setting CVar [[r.MorphTarget.Mode:1]]
[2025.04.10-13.56.52:778][  0]LogConfig: Setting CVar [[vr.InstancedStereo:0]]
[2025.04.10-13.56.52:778][  0]LogConfig: Setting CVar [[r.MobileHDR:1]]
[2025.04.10-13.56.52:779][  0]LogConfig: Setting CVar [[vr.MobileMultiView:0]]
[2025.04.10-13.56.52:779][  0]LogConfig: Setting CVar [[r.Mobile.UseHWsRGBEncoding:0]]
[2025.04.10-13.56.52:779][  0]LogConfig: Setting CVar [[vr.RoundRobinOcclusion:0]]
[2025.04.10-13.56.52:779][  0]LogConfig: Setting CVar [[vr.ODSCapture:0]]
[2025.04.10-13.56.52:780][  0]LogConfig: Setting CVar [[r.MeshStreaming:0]]
[2025.04.10-13.56.52:780][  0]LogConfig: Setting CVar [[r.WireframeCullThreshold:5.000000]]
[2025.04.10-13.56.52:780][  0]LogConfig: Setting CVar [[r.RayTracing:0]]
[2025.04.10-13.56.52:780][  0]LogConfig: Setting CVar [[r.RayTracing.UseTextureLod:0]]
[2025.04.10-13.56.52:781][  0]LogConfig: Setting CVar [[r.SupportStationarySkylight:1]]
[2025.04.10-13.56.52:781][  0]LogConfig: Setting CVar [[r.SupportLowQualityLightmaps:1]]
[2025.04.10-13.56.52:781][  0]LogConfig: Setting CVar [[r.SupportPointLightWholeSceneShadows:1]]
[2025.04.10-13.56.52:781][  0]LogConfig: Setting CVar [[r.SupportAtmosphericFog:1]]
[2025.04.10-13.56.52:782][  0]LogConfig: Setting CVar [[r.SupportSkyAtmosphere:1]]
[2025.04.10-13.56.52:782][  0]LogConfig: Setting CVar [[r.SupportSkyAtmosphereAffectsHeightFog:0]]
[2025.04.10-13.56.52:782][  0]LogConfig: Setting CVar [[r.SkinCache.CompileShaders:0]]
[2025.04.10-13.56.52:782][  0]LogConfig: Setting CVar [[r.SkinCache.DefaultBehavior:1]]
[2025.04.10-13.56.52:782][  0]LogConfig: Setting CVar [[r.SkinCache.SceneMemoryLimitInMB:128.000000]]
[2025.04.10-13.56.52:783][  0]LogConfig: Setting CVar [[r.Mobile.EnableStaticAndCSMShadowReceivers:1]]
[2025.04.10-13.56.52:783][  0]LogConfig: Setting CVar [[r.Mobile.EnableMovableLightCSMShaderCulling:1]]
[2025.04.10-13.56.52:783][  0]LogConfig: Setting CVar [[r.Mobile.AllowDistanceFieldShadows:1]]
[2025.04.10-13.56.52:783][  0]LogConfig: Setting CVar [[r.Mobile.AllowMovableDirectionalLights:1]]
[2025.04.10-13.56.52:784][  0]LogConfig: Setting CVar [[r.MobileNumDynamicPointLights:4]]
[2025.04.10-13.56.52:784][  0]LogConfig: Setting CVar [[r.MobileDynamicPointLightsUseStaticBranch:1]]
[2025.04.10-13.56.52:784][  0]LogConfig: Setting CVar [[r.Mobile.EnableMovableSpotlights:0]]
[2025.04.10-13.56.52:784][  0]LogConfig: Setting CVar [[r.Mobile.EnableMovableSpotlightsShadow:0]]
[2025.04.10-13.56.52:785][  0]LogConfig: Setting CVar [[r.GPUSkin.Support16BitBoneIndex:0]]
[2025.04.10-13.56.52:786][  0]LogConfig: Setting CVar [[r.GPUSkin.Limit2BoneInfluences:0]]
[2025.04.10-13.56.52:787][  0]LogConfig: Setting CVar [[r.SupportDepthOnlyIndexBuffers:1]]
[2025.04.10-13.56.52:787][  0]LogConfig: Setting CVar [[r.SupportReversedIndexBuffers:1]]
[2025.04.10-13.56.52:787][  0]LogConfig: Setting CVar [[r.LightPropagationVolume:0]]
[2025.04.10-13.56.52:787][  0]LogConfig: Setting CVar [[r.Mobile.AmbientOcclusion:0]]
[2025.04.10-13.56.52:788][  0]LogConfig: Setting CVar [[r.GPUSkin.UnlimitedBoneInfluences:0]]
[2025.04.10-13.56.52:788][  0]LogConfig: Setting CVar [[r.GPUSkin.UnlimitedBoneInfluencesThreshold:8]]
[2025.04.10-13.56.52:788][  0]LogConfig: Setting CVar [[r.Mobile.PlanarReflectionMode:0]]
[2025.04.10-13.56.52:788][  0]LogConfig: Setting CVar [[r.Mobile.SupportsGen4TAA:0]]
[2025.04.10-13.56.52:788][  0]LogConfig: Applying CVar settings from Section [/Script/Engine.RendererOverrideSettings] File [C:/Unreal Projects/Top-Down-Puzzle/TopDownPuzzle/Saved/Config/Windows/Engine.ini]
[2025.04.10-13.56.52:790][  0]LogConfig: Applying CVar settings from Section [/Script/Engine.StreamingSettings] File [C:/Unreal Projects/Top-Down-Puzzle/TopDownPuzzle/Saved/Config/Windows/Engine.ini]
[2025.04.10-13.56.52:790][  0]LogConfig: Setting CVar [[s.MinBulkDataSizeForAsyncLoading:131072]]
[2025.04.10-13.56.52:790][  0]LogConfig: Setting CVar [[s.AsyncLoadingThreadEnabled:0]]
[2025.04.10-13.56.52:791][  0]LogConfig: Setting CVar [[s.EventDrivenLoaderEnabled:1]]
[2025.04.10-13.56.52:791][  0]LogConfig: Setting CVar [[s.WarnIfTimeLimitExceeded:0]]
[2025.04.10-13.56.52:792][  0]LogConfig: Setting CVar [[s.TimeLimitExceededMultiplier:1.5]]
[2025.04.10-13.56.52:793][  0]LogConfig: Setting CVar [[s.TimeLimitExceededMinTime:0.005]]
[2025.04.10-13.56.52:793][  0]LogConfig: Setting CVar [[s.UseBackgroundLevelStreaming:1]]
[2025.04.10-13.56.52:793][  0]LogConfig: Setting CVar [[s.PriorityAsyncLoadingExtraTime:15.0]]
[2025.04.10-13.56.52:795][  0]LogConfig: Setting CVar [[s.LevelStreamingActorsUpdateTimeLimit:5.0]]
[2025.04.10-13.56.52:795][  0]LogConfig: Setting CVar [[s.PriorityLevelStreamingActorsUpdateExtraTime:5.0]]
[2025.04.10-13.56.52:800][  0]LogConfig: Setting CVar [[s.LevelStreamingComponentsRegistrationGranularity:10]]
[2025.04.10-13.56.52:800][  0]LogConfig: Setting CVar [[s.UnregisterComponentsTimeLimit:1.0]]
[2025.04.10-13.56.52:801][  0]LogConfig: Setting CVar [[s.LevelStreamingComponentsUnregistrationGranularity:5]]
[2025.04.10-13.56.52:802][  0]LogConfig: Setting CVar [[s.FlushStreamingOnExit:1]]
[2025.04.10-13.56.52:802][  0]LogConfig: Applying CVar settings from Section [/Script/Engine.GarbageCollectionSettings] File [C:/Unreal Projects/Top-Down-Puzzle/TopDownPuzzle/Saved/Config/Windows/Engine.ini]
[2025.04.10-13.56.52:802][  0]LogConfig: Setting CVar [[gc.MaxObjectsNotConsideredByGC:1]]
[2025.04.10-13.56.52:803][  0]LogConfig: Setting CVar [[gc.SizeOfPermanentObjectPool:0]]
[2025.04.10-13.56.52:803][  0]LogConfig: Setting CVar [[gc.FlushStreamingOnGC:0]]
[2025.04.10-13.56.52:803][  0]LogConfig: Setting CVar [[gc.NumRetriesBeforeForcingGC:10]]
[2025.04.10-13.56.52:803][  0]LogConfig: Setting CVar [[gc.AllowParallelGC:1]]
[2025.04.10-13.56.52:804][  0]LogConfig: Setting CVar [[gc.TimeBetweenPurgingPendingKillObjects:61.1]]
[2025.04.10-13.56.52:804][  0]LogConfig: Setting CVar [[gc.MaxObjectsInEditor:25165824]]
[2025.04.10-13.56.52:804][  0]LogConfig: Setting CVar [[gc.IncrementalBeginDestroyEnabled:1]]
[2025.04.10-13.56.52:804][  0]LogConfig: Setting CVar [[gc.CreateGCClusters:1]]
[2025.04.10-13.56.52:805][  0]LogConfig: Setting CVar [[gc.MinGCClusterSize:5]]
[2025.04.10-13.56.52:805][  0]LogConfig: Setting CVar [[gc.ActorClusteringEnabled:0]]
[2025.04.10-13.56.52:805][  0]LogConfig: Setting CVar [[gc.BlueprintClusteringEnabled:0]]
[2025.04.10-13.56.52:805][  0]LogConfig: Setting CVar [[gc.UseDisregardForGCOnDedicatedServers:0]]
[2025.04.10-13.56.52:805][  0]LogConfig: Setting CVar [[gc.MultithreadedDestructionEnabled:1]]
[2025.04.10-13.56.52:805][  0]LogConfig: Applying CVar settings from Section [/Script/Engine.NetworkSettings] File [C:/Unreal Projects/Top-Down-Puzzle/TopDownPuzzle/Saved/Config/Windows/Engine.ini]
[2025.04.10-13.56.52:806][  0]LogConfig: Applying CVar settings from Section [/Script/UnrealEd.CookerSettings] File [C:/Unreal Projects/Top-Down-Puzzle/TopDownPuzzle/Saved/Config/Windows/Engine.ini]
[2025.04.10-13.56.52:806][  0]LogConfig: Applying CVar settings from Section [ViewDistanceQuality@3] File [C:/Unreal Projects/Top-Down-Puzzle/TopDownPuzzle/Saved/Config/Windows/Scalability.ini]
[2025.04.10-13.56.52:806][  0]LogConfig: Setting CVar [[r.SkeletalMeshLODBias:0]]
[2025.04.10-13.56.52:806][  0]LogConfig: Setting CVar [[r.ViewDistanceScale:1.0]]
[2025.04.10-13.56.52:807][  0]LogConfig: Applying CVar settings from Section [AntiAliasingQuality@3] File [C:/Unreal Projects/Top-Down-Puzzle/TopDownPuzzle/Saved/Config/Windows/Scalability.ini]
[2025.04.10-13.56.52:807][  0]LogConfig: Setting CVar [[r.PostProcessAAQuality:4]]
[2025.04.10-13.56.52:807][  0]LogConfig: Applying CVar settings from Section [ShadowQuality@3] File [C:/Unreal Projects/Top-Down-Puzzle/TopDownPuzzle/Saved/Config/Windows/Scalability.ini]
[2025.04.10-13.56.52:807][  0]LogConfig: Setting CVar [[r.LightFunctionQuality:1]]
[2025.04.10-13.56.52:807][  0]LogConfig: Setting CVar [[r.ShadowQuality:5]]
[2025.04.10-13.56.52:808][  0]LogConfig: Setting CVar [[r.Shadow.CSM.MaxCascades:10]]
[2025.04.10-13.56.52:808][  0]LogConfig: Setting CVar [[r.Shadow.MaxResolution:2048]]
[2025.04.10-13.56.52:808][  0]LogConfig: Setting CVar [[r.Shadow.MaxCSMResolution:2048]]
[2025.04.10-13.56.52:808][  0]LogConfig: Setting CVar [[r.Shadow.RadiusThreshold:0.01]]
[2025.04.10-13.56.52:809][  0]LogConfig: Setting CVar [[r.Shadow.DistanceScale:1.0]]
[2025.04.10-13.56.52:809][  0]LogConfig: Setting CVar [[r.Shadow.CSM.TransitionScale:1.0]]
[2025.04.10-13.56.52:809][  0]LogConfig: Setting CVar [[r.Shadow.PreShadowResolutionFactor:1.0]]
[2025.04.10-13.56.52:809][  0]LogConfig: Setting CVar [[r.DistanceFieldShadowing:1]]
[2025.04.10-13.56.52:810][  0]LogConfig: Setting CVar [[r.DistanceFieldAO:1]]
[2025.04.10-13.56.52:810][  0]LogConfig: Setting CVar [[r.AOQuality:2]]
[2025.04.10-13.56.52:810][  0]LogConfig: Setting CVar [[r.VolumetricFog:1]]
[2025.04.10-13.56.52:810][  0]LogConfig: Setting CVar [[r.VolumetricFog.GridPixelSize:8]]
[2025.04.10-13.56.52:810][  0]LogConfig: Setting CVar [[r.VolumetricFog.GridSizeZ:128]]
[2025.04.10-13.56.52:811][  0]LogConfig: Setting CVar [[r.VolumetricFog.HistoryMissSupersampleCount:4]]
[2025.04.10-13.56.52:811][  0]LogConfig: Setting CVar [[r.LightMaxDrawDistanceScale:1]]
[2025.04.10-13.56.52:811][  0]LogConfig: Setting CVar [[r.CapsuleShadows:1]]
[2025.04.10-13.56.52:811][  0]LogConfig: Applying CVar settings from Section [PostProcessQuality@3] File [C:/Unreal Projects/Top-Down-Puzzle/TopDownPuzzle/Saved/Config/Windows/Scalability.ini]
[2025.04.10-13.56.52:812][  0]LogConfig: Setting CVar [[r.MotionBlurQuality:4]]
[2025.04.10-13.56.52:812][  0]LogConfig: Setting CVar [[r.AmbientOcclusionMipLevelFactor:0.4]]
[2025.04.10-13.56.52:812][  0]LogConfig: Setting CVar [[r.AmbientOcclusionMaxQuality:100]]
[2025.04.10-13.56.52:812][  0]LogConfig: Setting CVar [[r.AmbientOcclusionLevels:-1]]
[2025.04.10-13.56.52:813][  0]LogConfig: Setting CVar [[r.AmbientOcclusionRadiusScale:1.0]]
[2025.04.10-13.56.52:813][  0]LogConfig: Setting CVar [[r.DepthOfFieldQuality:2]]
[2025.04.10-13.56.52:813][  0]LogConfig: Setting CVar [[r.RenderTargetPoolMin:400]]
[2025.04.10-13.56.52:814][  0]LogConfig: Setting CVar [[r.LensFlareQuality:2]]
[2025.04.10-13.56.52:814][  0]LogConfig: Setting CVar [[r.SceneColorFringeQuality:1]]
[2025.04.10-13.56.52:814][  0]LogConfig: Setting CVar [[r.EyeAdaptationQuality:2]]
[2025.04.10-13.56.52:815][  0]LogConfig: Setting CVar [[r.BloomQuality:5]]
[2025.04.10-13.56.52:815][  0]LogConfig: Setting CVar [[r.FastBlurThreshold:100]]
[2025.04.10-13.56.52:815][  0]LogConfig: Setting CVar [[r.Upscale.Quality:3]]
[2025.04.10-13.56.52:817][  0]LogConfig: Setting CVar [[r.Tonemapper.GrainQuantization:1]]
[2025.04.10-13.56.52:818][  0]LogConfig: Setting CVar [[r.LightShaftQuality:1]]
[2025.04.10-13.56.52:819][  0]LogConfig: Setting CVar [[r.Filter.SizeScale:1]]
[2025.04.10-13.56.52:819][  0]LogConfig: Setting CVar [[r.Tonemapper.Quality:5]]
[2025.04.10-13.56.52:820][  0]LogConfig: Setting CVar [[r.DOF.Gather.AccumulatorQuality:1        ; higher gathering accumulator quality]]
[2025.04.10-13.56.52:820][  0]LogConfig: Setting CVar [[r.DOF.Gather.PostfilterMethod:1          ; Median3x3 postfilering method]]
[2025.04.10-13.56.52:821][  0]LogConfig: Setting CVar [[r.DOF.Gather.EnableBokehSettings:0       ; no bokeh simulation when gathering]]
[2025.04.10-13.56.52:821][  0]LogConfig: Setting CVar [[r.DOF.Gather.RingCount:4                 ; medium number of samples when gathering]]
[2025.04.10-13.56.52:821][  0]LogConfig: Setting CVar [[r.DOF.Scatter.ForegroundCompositing:1    ; additive foreground scattering]]
[2025.04.10-13.56.52:821][  0]LogConfig: Setting CVar [[r.DOF.Scatter.BackgroundCompositing:2    ; additive background scattering]]
[2025.04.10-13.56.52:821][  0]LogConfig: Setting CVar [[r.DOF.Scatter.EnableBokehSettings:1      ; bokeh simulation when scattering]]
[2025.04.10-13.56.52:822][  0]LogConfig: Setting CVar [[r.DOF.Scatter.MaxSpriteRatio:0.1         ; only a maximum of 10% of scattered bokeh]]
[2025.04.10-13.56.52:822][  0]LogConfig: Setting CVar [[r.DOF.Recombine.Quality:1                ; cheap slight out of focus]]
[2025.04.10-13.56.52:822][  0]LogConfig: Setting CVar [[r.DOF.Recombine.EnableBokehSettings:0    ; no bokeh simulation on slight out of focus]]
[2025.04.10-13.56.52:823][  0]LogConfig: Setting CVar [[r.DOF.TemporalAAQuality:1                ; more stable temporal accumulation]]
[2025.04.10-13.56.52:823][  0]LogConfig: Setting CVar [[r.DOF.Kernel.MaxForegroundRadius:0.025]]
[2025.04.10-13.56.52:823][  0]LogConfig: Setting CVar [[r.DOF.Kernel.MaxBackgroundRadius:0.025]]
[2025.04.10-13.56.52:823][  0]LogConfig: Applying CVar settings from Section [TextureQuality@3] File [C:/Unreal Projects/Top-Down-Puzzle/TopDownPuzzle/Saved/Config/Windows/Scalability.ini]
[2025.04.10-13.56.52:824][  0]LogConfig: Setting CVar [[r.Streaming.MipBias:0]]
[2025.04.10-13.56.52:824][  0]LogConfig: Setting CVar [[r.Streaming.AmortizeCPUToGPUCopy:0]]
[2025.04.10-13.56.52:824][  0]LogConfig: Setting CVar [[r.Streaming.MaxNumTexturesToStreamPerFrame:0]]
[2025.04.10-13.56.52:824][  0]LogConfig: Setting CVar [[r.Streaming.Boost:1]]
[2025.04.10-13.56.52:824][  0]LogConfig: Setting CVar [[r.MaxAnisotropy:8]]
[2025.04.10-13.56.52:825][  0]LogConfig: Setting CVar [[r.VT.MaxAnisotropy:8]]
[2025.04.10-13.56.52:825][  0]LogConfig: Setting CVar [[r.Streaming.LimitPoolSizeToVRAM:0]]
[2025.04.10-13.56.52:825][  0]LogConfig: Setting CVar [[r.Streaming.PoolSize:1000]]
[2025.04.10-13.56.52:825][  0]LogConfig: Setting CVar [[r.Streaming.MaxEffectiveScreenSize:0]]
[2025.04.10-13.56.52:825][  0]LogConfig: Applying CVar settings from Section [EffectsQuality@3] File [C:/Unreal Projects/Top-Down-Puzzle/TopDownPuzzle/Saved/Config/Windows/Scalability.ini]
[2025.04.10-13.56.52:825][  0]LogConfig: Setting CVar [[r.TranslucencyLightingVolumeDim:64]]
[2025.04.10-13.56.52:826][  0]LogConfig: Setting CVar [[r.RefractionQuality:2]]
[2025.04.10-13.56.52:826][  0]LogConfig: Setting CVar [[r.SSR.Quality:3]]
[2025.04.10-13.56.52:826][  0]LogConfig: Setting CVar [[r.SSR.HalfResSceneColor:0]]
[2025.04.10-13.56.52:826][  0]LogConfig: Setting CVar [[r.SceneColorFormat:4]]
[2025.04.10-13.56.52:826][  0]LogConfig: Setting CVar [[r.DetailMode:2]]
[2025.04.10-13.56.52:827][  0]LogConfig: Setting CVar [[r.TranslucencyVolumeBlur:1]]
[2025.04.10-13.56.52:827][  0]LogConfig: Setting CVar [[r.MaterialQualityLevel:1 ; High quality]]
[2025.04.10-13.56.52:828][  0]LogConfig: Setting CVar [[r.AnisotropicMaterials:1]]
[2025.04.10-13.56.52:828][  0]LogConfig: Setting CVar [[r.SSS.Scale:1]]
[2025.04.10-13.56.52:828][  0]LogConfig: Setting CVar [[r.SSS.SampleSet:2]]
[2025.04.10-13.56.52:828][  0]LogConfig: Setting CVar [[r.SSS.Quality:1]]
[2025.04.10-13.56.52:828][  0]LogConfig: Setting CVar [[r.SSS.HalfRes:0]]
[2025.04.10-13.56.52:829][  0]LogConfig: Setting CVar [[r.SSGI.Quality:3]]
[2025.04.10-13.56.52:829][  0]LogConfig: Setting CVar [[r.EmitterSpawnRateScale:1.0]]
[2025.04.10-13.56.52:829][  0]LogConfig: Setting CVar [[r.ParticleLightQuality:2]]
[2025.04.10-13.56.52:829][  0]LogConfig: Setting CVar [[r.SkyAtmosphere.AerialPerspectiveLUT.FastApplyOnOpaque:1 ; Always have FastSkyLUT 1 in this case to avoid wrong sky]]
[2025.04.10-13.56.52:829][  0]LogConfig: Setting CVar [[r.SkyAtmosphere.AerialPerspectiveLUT.SampleCountMaxPerSlice:4]]
[2025.04.10-13.56.52:830][  0]LogConfig: Setting CVar [[r.SkyAtmosphere.AerialPerspectiveLUT.DepthResolution:16.0]]
[2025.04.10-13.56.52:830][  0]LogConfig: Setting CVar [[r.SkyAtmosphere.FastSkyLUT:1]]
[2025.04.10-13.56.52:830][  0]LogConfig: Setting CVar [[r.SkyAtmosphere.FastSkyLUT.SampleCountMin:4.0]]
[2025.04.10-13.56.52:830][  0]LogConfig: Setting CVar [[r.SkyAtmosphere.FastSkyLUT.SampleCountMax:128.0]]
[2025.04.10-13.56.52:830][  0]LogConfig: Setting CVar [[r.SkyAtmosphere.SampleCountMin:4.0]]
[2025.04.10-13.56.52:831][  0]LogConfig: Setting CVar [[r.SkyAtmosphere.SampleCountMax:128.0]]
[2025.04.10-13.56.52:831][  0]LogConfig: Setting CVar [[r.SkyAtmosphere.TransmittanceLUT.UseSmallFormat:0]]
[2025.04.10-13.56.52:831][  0]LogConfig: Setting CVar [[r.SkyAtmosphere.TransmittanceLUT.SampleCount:10.0]]
[2025.04.10-13.56.52:832][  0]LogConfig: Setting CVar [[r.SkyAtmosphere.MultiScatteringLUT.SampleCount:15.0]]
[2025.04.10-13.56.52:832][  0]LogConfig: Setting CVar [[r.SkyLight.RealTimeReflectionCapture:1]]
[2025.04.10-13.56.52:832][  0]LogConfig: Applying CVar settings from Section [FoliageQuality@3] File [C:/Unreal Projects/Top-Down-Puzzle/TopDownPuzzle/Saved/Config/Windows/Scalability.ini]
[2025.04.10-13.56.52:832][  0]LogConfig: Setting CVar [[foliage.DensityScale:1.0]]
[2025.04.10-13.56.52:833][  0]LogConfig: Setting CVar [[grass.DensityScale:1.0]]
[2025.04.10-13.56.52:833][  0]LogConfig: Applying CVar settings from Section [ShadingQuality@3] File [C:/Unreal Projects/Top-Down-Puzzle/TopDownPuzzle/Saved/Config/Windows/Scalability.ini]
[2025.04.10-13.56.52:833][  0]LogConfig: Setting CVar [[r.HairStrands.SkyLighting.IntegrationType:2]]
[2025.04.10-13.56.52:833][  0]LogConfig: Setting CVar [[r.HairStrands.SkyAO.SampleCount:4]]
[2025.04.10-13.56.52:834][  0]LogConfig: Setting CVar [[r.HairStrands.Visibility.MSAA.SamplePerPixel:4]]
[2025.04.10-13.56.52:840][  0]LogInit: Selected Device Profile: [Windows]
[2025.04.10-13.56.52:840][  0]LogInit: Applying CVar settings loaded from the selected device profile: [Windows]
[2025.04.10-13.56.52:840][  0]LogHAL: Display: Platform has ~ 16 GB [17013329920 / 17179869184 / 16], which maps to Larger [LargestMinGB=32, LargerMinGB=12, DefaultMinGB=8, SmallerMinGB=6, SmallestMinGB=0)
[2025.04.10-13.56.52:841][  0]LogInit: Going up to parent DeviceProfile []
[2025.04.10-13.56.52:841][  0]LogConfig: Applying CVar settings from Section [ViewDistanceQuality@3] File [C:/Unreal Projects/Top-Down-Puzzle/TopDownPuzzle/Saved/Config/Windows/Scalability.ini]
[2025.04.10-13.56.52:841][  0]LogConfig: Setting CVar [[r.SkeletalMeshLODBias:0]]
[2025.04.10-13.56.52:841][  0]LogConfig: Setting CVar [[r.ViewDistanceScale:1.0]]
[2025.04.10-13.56.52:842][  0]LogConfig: Applying CVar settings from Section [AntiAliasingQuality@3] File [C:/Unreal Projects/Top-Down-Puzzle/TopDownPuzzle/Saved/Config/Windows/Scalability.ini]
[2025.04.10-13.56.52:843][  0]LogConfig: Setting CVar [[r.PostProcessAAQuality:4]]
[2025.04.10-13.56.52:843][  0]LogConfig: Applying CVar settings from Section [ShadowQuality@3] File [C:/Unreal Projects/Top-Down-Puzzle/TopDownPuzzle/Saved/Config/Windows/Scalability.ini]
[2025.04.10-13.56.52:843][  0]LogConfig: Setting CVar [[r.LightFunctionQuality:1]]
[2025.04.10-13.56.52:844][  0]LogConfig: Setting CVar [[r.ShadowQuality:5]]
[2025.04.10-13.56.52:844][  0]LogConfig: Setting CVar [[r.Shadow.CSM.MaxCascades:10]]
[2025.04.10-13.56.52:845][  0]LogConfig: Setting CVar [[r.Shadow.MaxResolution:2048]]
[2025.04.10-13.56.52:846][  0]LogConfig: Setting CVar [[r.Shadow.MaxCSMResolution:2048]]
[2025.04.10-13.56.52:846][  0]LogConfig: Setting CVar [[r.Shadow.RadiusThreshold:0.01]]
[2025.04.10-13.56.52:847][  0]LogConfig: Setting CVar [[r.Shadow.DistanceScale:1.0]]
[2025.04.10-13.56.52:847][  0]LogConfig: Setting CVar [[r.Shadow.CSM.TransitionScale:1.0]]
[2025.04.10-13.56.52:848][  0]LogConfig: Setting CVar [[r.Shadow.PreShadowResolutionFactor:1.0]]
[2025.04.10-13.56.52:848][  0]LogConfig: Setting CVar [[r.DistanceFieldShadowing:1]]
[2025.04.10-13.56.52:849][  0]LogConfig: Setting CVar [[r.DistanceFieldAO:1]]
[2025.04.10-13.56.52:850][  0]LogConfig: Setting CVar [[r.AOQuality:2]]
[2025.04.10-13.56.52:850][  0]LogConfig: Setting CVar [[r.VolumetricFog:1]]
[2025.04.10-13.56.52:851][  0]LogConfig: Setting CVar [[r.VolumetricFog.GridPixelSize:8]]
[2025.04.10-13.56.52:851][  0]LogConfig: Setting CVar [[r.VolumetricFog.GridSizeZ:128]]
[2025.04.10-13.56.52:852][  0]LogConfig: Setting CVar [[r.VolumetricFog.HistoryMissSupersampleCount:4]]
[2025.04.10-13.56.52:852][  0]LogConfig: Setting CVar [[r.LightMaxDrawDistanceScale:1]]
[2025.04.10-13.56.52:853][  0]LogConfig: Setting CVar [[r.CapsuleShadows:1]]
[2025.04.10-13.56.52:853][  0]LogConfig: Applying CVar settings from Section [PostProcessQuality@3] File [C:/Unreal Projects/Top-Down-Puzzle/TopDownPuzzle/Saved/Config/Windows/Scalability.ini]
[2025.04.10-13.56.52:853][  0]LogConfig: Setting CVar [[r.MotionBlurQuality:4]]
[2025.04.10-13.56.52:854][  0]LogConfig: Setting CVar [[r.AmbientOcclusionMipLevelFactor:0.4]]
[2025.04.10-13.56.52:854][  0]LogConfig: Setting CVar [[r.AmbientOcclusionMaxQuality:100]]
[2025.04.10-13.56.52:854][  0]LogConfig: Setting CVar [[r.AmbientOcclusionLevels:-1]]
[2025.04.10-13.56.52:854][  0]LogConfig: Setting CVar [[r.AmbientOcclusionRadiusScale:1.0]]
[2025.04.10-13.56.52:855][  0]LogConfig: Setting CVar [[r.DepthOfFieldQuality:2]]
[2025.04.10-13.56.52:855][  0]LogConfig: Setting CVar [[r.RenderTargetPoolMin:400]]
[2025.04.10-13.56.52:855][  0]LogConfig: Setting CVar [[r.LensFlareQuality:2]]
[2025.04.10-13.56.52:855][  0]LogConfig: Setting CVar [[r.SceneColorFringeQuality:1]]
[2025.04.10-13.56.52:856][  0]LogConfig: Setting CVar [[r.EyeAdaptationQuality:2]]
[2025.04.10-13.56.52:856][  0]LogConfig: Setting CVar [[r.BloomQuality:5]]
[2025.04.10-13.56.52:856][  0]LogConfig: Setting CVar [[r.FastBlurThreshold:100]]
[2025.04.10-13.56.52:857][  0]LogConfig: Setting CVar [[r.Upscale.Quality:3]]
[2025.04.10-13.56.52:857][  0]LogConfig: Setting CVar [[r.Tonemapper.GrainQuantization:1]]
[2025.04.10-13.56.52:857][  0]LogConfig: Setting CVar [[r.LightShaftQuality:1]]
[2025.04.10-13.56.52:858][  0]LogConfig: Setting CVar [[r.Filter.SizeScale:1]]
[2025.04.10-13.56.52:858][  0]LogConfig: Setting CVar [[r.Tonemapper.Quality:5]]
[2025.04.10-13.56.52:858][  0]LogConfig: Setting CVar [[r.DOF.Gather.AccumulatorQuality:1        ; higher gathering accumulator quality]]
[2025.04.10-13.56.52:859][  0]LogConfig: Setting CVar [[r.DOF.Gather.PostfilterMethod:1          ; Median3x3 postfilering method]]
[2025.04.10-13.56.52:859][  0]LogConfig: Setting CVar [[r.DOF.Gather.EnableBokehSettings:0       ; no bokeh simulation when gathering]]
[2025.04.10-13.56.52:859][  0]LogConfig: Setting CVar [[r.DOF.Gather.RingCount:4                 ; medium number of samples when gathering]]
[2025.04.10-13.56.52:860][  0]LogConfig: Setting CVar [[r.DOF.Scatter.ForegroundCompositing:1    ; additive foreground scattering]]
[2025.04.10-13.56.52:860][  0]LogConfig: Setting CVar [[r.DOF.Scatter.BackgroundCompositing:2    ; additive background scattering]]
[2025.04.10-13.56.52:860][  0]LogConfig: Setting CVar [[r.DOF.Scatter.EnableBokehSettings:1      ; bokeh simulation when scattering]]
[2025.04.10-13.56.52:861][  0]LogConfig: Setting CVar [[r.DOF.Scatter.MaxSpriteRatio:0.1         ; only a maximum of 10% of scattered bokeh]]
[2025.04.10-13.56.52:861][  0]LogConfig: Setting CVar [[r.DOF.Recombine.Quality:1                ; cheap slight out of focus]]
[2025.04.10-13.56.52:862][  0]LogConfig: Setting CVar [[r.DOF.Recombine.EnableBokehSettings:0    ; no bokeh simulation on slight out of focus]]
[2025.04.10-13.56.52:862][  0]LogConfig: Setting CVar [[r.DOF.TemporalAAQuality:1                ; more stable temporal accumulation]]
[2025.04.10-13.56.52:862][  0]LogConfig: Setting CVar [[r.DOF.Kernel.MaxForegroundRadius:0.025]]
[2025.04.10-13.56.52:862][  0]LogConfig: Setting CVar [[r.DOF.Kernel.MaxBackgroundRadius:0.025]]
[2025.04.10-13.56.52:863][  0]LogConfig: Applying CVar settings from Section [TextureQuality@3] File [C:/Unreal Projects/Top-Down-Puzzle/TopDownPuzzle/Saved/Config/Windows/Scalability.ini]
[2025.04.10-13.56.52:863][  0]LogConfig: Setting CVar [[r.Streaming.MipBias:0]]
[2025.04.10-13.56.52:863][  0]LogConfig: Setting CVar [[r.Streaming.AmortizeCPUToGPUCopy:0]]
[2025.04.10-13.56.52:864][  0]LogConfig: Setting CVar [[r.Streaming.MaxNumTexturesToStreamPerFrame:0]]
[2025.04.10-13.56.52:864][  0]LogConfig: Setting CVar [[r.Streaming.Boost:1]]
[2025.04.10-13.56.52:864][  0]LogConfig: Setting CVar [[r.MaxAnisotropy:8]]
[2025.04.10-13.56.52:864][  0]LogConfig: Setting CVar [[r.VT.MaxAnisotropy:8]]
[2025.04.10-13.56.52:865][  0]LogConfig: Setting CVar [[r.Streaming.LimitPoolSizeToVRAM:0]]
[2025.04.10-13.56.52:865][  0]LogConfig: Setting CVar [[r.Streaming.PoolSize:1000]]
[2025.04.10-13.56.52:865][  0]LogConfig: Setting CVar [[r.Streaming.MaxEffectiveScreenSize:0]]
[2025.04.10-13.56.52:865][  0]LogConfig: Applying CVar settings from Section [EffectsQuality@3] File [C:/Unreal Projects/Top-Down-Puzzle/TopDownPuzzle/Saved/Config/Windows/Scalability.ini]
[2025.04.10-13.56.52:865][  0]LogConfig: Setting CVar [[r.TranslucencyLightingVolumeDim:64]]
[2025.04.10-13.56.52:865][  0]LogConfig: Setting CVar [[r.RefractionQuality:2]]
[2025.04.10-13.56.52:866][  0]LogConfig: Setting CVar [[r.SSR.Quality:3]]
[2025.04.10-13.56.52:866][  0]LogConfig: Setting CVar [[r.SSR.HalfResSceneColor:0]]
[2025.04.10-13.56.52:866][  0]LogConfig: Setting CVar [[r.SceneColorFormat:4]]
[2025.04.10-13.56.52:866][  0]LogConfig: Setting CVar [[r.DetailMode:2]]
[2025.04.10-13.56.52:867][  0]LogConfig: Setting CVar [[r.TranslucencyVolumeBlur:1]]
[2025.04.10-13.56.52:867][  0]LogConfig: Setting CVar [[r.MaterialQualityLevel:1 ; High quality]]
[2025.04.10-13.56.52:867][  0]LogConfig: Setting CVar [[r.AnisotropicMaterials:1]]
[2025.04.10-13.56.52:868][  0]LogConfig: Setting CVar [[r.SSS.Scale:1]]
[2025.04.10-13.56.52:868][  0]LogConfig: Setting CVar [[r.SSS.SampleSet:2]]
[2025.04.10-13.56.52:868][  0]LogConfig: Setting CVar [[r.SSS.Quality:1]]
[2025.04.10-13.56.52:868][  0]LogConfig: Setting CVar [[r.SSS.HalfRes:0]]
[2025.04.10-13.56.52:869][  0]LogConfig: Setting CVar [[r.SSGI.Quality:3]]
[2025.04.10-13.56.52:869][  0]LogConfig: Setting CVar [[r.EmitterSpawnRateScale:1.0]]
[2025.04.10-13.56.52:869][  0]LogConfig: Setting CVar [[r.ParticleLightQuality:2]]
[2025.04.10-13.56.52:869][  0]LogConfig: Setting CVar [[r.SkyAtmosphere.AerialPerspectiveLUT.FastApplyOnOpaque:1 ; Always have FastSkyLUT 1 in this case to avoid wrong sky]]
[2025.04.10-13.56.52:870][  0]LogConfig: Setting CVar [[r.SkyAtmosphere.AerialPerspectiveLUT.SampleCountMaxPerSlice:4]]
[2025.04.10-13.56.52:870][  0]LogConfig: Setting CVar [[r.SkyAtmosphere.AerialPerspectiveLUT.DepthResolution:16.0]]
[2025.04.10-13.56.52:870][  0]LogConfig: Setting CVar [[r.SkyAtmosphere.FastSkyLUT:1]]
[2025.04.10-13.56.52:872][  0]LogConfig: Setting CVar [[r.SkyAtmosphere.FastSkyLUT.SampleCountMin:4.0]]
[2025.04.10-13.56.52:872][  0]LogConfig: Setting CVar [[r.SkyAtmosphere.FastSkyLUT.SampleCountMax:128.0]]
[2025.04.10-13.56.52:872][  0]LogConfig: Setting CVar [[r.SkyAtmosphere.SampleCountMin:4.0]]
[2025.04.10-13.56.52:873][  0]LogConfig: Setting CVar [[r.SkyAtmosphere.SampleCountMax:128.0]]
[2025.04.10-13.56.52:873][  0]LogConfig: Setting CVar [[r.SkyAtmosphere.TransmittanceLUT.UseSmallFormat:0]]
[2025.04.10-13.56.52:873][  0]LogConfig: Setting CVar [[r.SkyAtmosphere.TransmittanceLUT.SampleCount:10.0]]
[2025.04.10-13.56.52:873][  0]LogConfig: Setting CVar [[r.SkyAtmosphere.MultiScatteringLUT.SampleCount:15.0]]
[2025.04.10-13.56.52:873][  0]LogConfig: Setting CVar [[r.SkyLight.RealTimeReflectionCapture:1]]
[2025.04.10-13.56.52:875][  0]LogConfig: Applying CVar settings from Section [FoliageQuality@3] File [C:/Unreal Projects/Top-Down-Puzzle/TopDownPuzzle/Saved/Config/Windows/Scalability.ini]
[2025.04.10-13.56.52:875][  0]LogConfig: Setting CVar [[foliage.DensityScale:1.0]]
[2025.04.10-13.56.52:875][  0]LogConfig: Setting CVar [[grass.DensityScale:1.0]]
[2025.04.10-13.56.52:875][  0]LogConfig: Applying CVar settings from Section [ShadingQuality@3] File [C:/Unreal Projects/Top-Down-Puzzle/TopDownPuzzle/Saved/Config/Windows/Scalability.ini]
[2025.04.10-13.56.52:876][  0]LogConfig: Setting CVar [[r.HairStrands.SkyLighting.IntegrationType:2]]
[2025.04.10-13.56.52:876][  0]LogConfig: Setting CVar [[r.HairStrands.SkyAO.SampleCount:4]]
[2025.04.10-13.56.52:876][  0]LogConfig: Setting CVar [[r.HairStrands.Visibility.MSAA.SamplePerPixel:4]]
[2025.04.10-13.56.52:876][  0]LogConfig: Applying CVar settings from Section [Startup] File [../../../Engine/Config/ConsoleVariables.ini]
[2025.04.10-13.56.52:876][  0]LogConfig: Setting CVar [[net.UseAdaptiveNetUpdateFrequency:0]]
[2025.04.10-13.56.52:877][  0]LogConfig: Setting CVar [[p.chaos.AllowCreatePhysxBodies:1]]
[2025.04.10-13.56.52:877][  0]LogConfig: Setting CVar [[fx.SkipVectorVMBackendOptimizations:1]]
[2025.04.10-13.56.52:877][  0]LogConfig: Applying CVar settings from Section [ConsoleVariables] File [C:/Unreal Projects/Top-Down-Puzzle/TopDownPuzzle/Saved/Config/Windows/Engine.ini]
[2025.04.10-13.56.52:878][  0]LogConfig: Applying CVar settings from Section [ConsoleVariables] File [C:/Unreal Projects/Top-Down-Puzzle/TopDownPuzzle/Saved/Config/Windows/Editor.ini]
[2025.04.10-13.56.52:879][  0]LogInit: Computer: LAPTOP-EJ2DB2HV
[2025.04.10-13.56.52:879][  0]LogInit: User: patel
[2025.04.10-13.56.52:880][  0]LogInit: CPU Page size=4096, Cores=4
[2025.04.10-13.56.52:880][  0]LogInit: High frequency timer resolution =10.000000 MHz
[2025.04.10-13.56.52:880][  0]LogMemory: Memory total: Physical=15.8GB (16GB approx)
[2025.04.10-13.56.52:880][  0]LogMemory: Platform Memory Stats for Windows
[2025.04.10-13.56.52:881][  0]LogMemory: Process Physical Memory: 139.10 MB used, 139.10 MB peak
[2025.04.10-13.56.52:881][  0]LogMemory: Process Virtual Memory: 114.05 MB used, 114.05 MB peak
[2025.04.10-13.56.52:881][  0]LogMemory: Physical Memory: 12331.09 MB used,  3894.09 MB free, 16225.18 MB total
[2025.04.10-13.56.52:881][  0]LogMemory: Virtual Memory: 134200784.00 MB used,  16940.67 MB free, 134217728.00 MB total
[2025.04.10-13.56.52:891][  0]LogWindows: WindowsPlatformFeatures enabled
[2025.04.10-13.56.52:979][  0]LogInit: Physics initialised using underlying interface: PhysX
[2025.04.10-13.56.52:980][  0]LogInit: Using OS detected language (en-US).
[2025.04.10-13.56.52:980][  0]LogInit: Using OS detected locale (en-IN).
[2025.04.10-13.56.52:992][  0]LogTextLocalizationManager: No specific localization for 'en-US' exists, so the 'en' localization will be used.
[2025.04.10-13.56.54:045][  0]LogTargetPlatformManager: Display: Loaded TargetPlatform 'AllDesktop'
[2025.04.10-13.56.54:071][  0]LogTargetPlatformManager: Display: Loaded TargetPlatform 'Android'
[2025.04.10-13.56.54:072][  0]LogTargetPlatformManager: Display: Loaded TargetPlatform 'Android_ASTC'
[2025.04.10-13.56.54:072][  0]LogTargetPlatformManager: Display: Loaded TargetPlatform 'Android_DXT'
[2025.04.10-13.56.54:072][  0]LogTargetPlatformManager: Display: Loaded TargetPlatform 'Android_ETC2'
[2025.04.10-13.56.54:072][  0]LogTargetPlatformManager: Display: Loaded TargetPlatform 'AndroidClient'
[2025.04.10-13.56.54:073][  0]LogTargetPlatformManager: Display: Loaded TargetPlatform 'Android_ASTCClient'
[2025.04.10-13.56.54:073][  0]LogTargetPlatformManager: Display: Loaded TargetPlatform 'Android_DXTClient'
[2025.04.10-13.56.54:073][  0]LogTargetPlatformManager: Display: Loaded TargetPlatform 'Android_ETC2Client'
[2025.04.10-13.56.54:073][  0]LogTargetPlatformManager: Display: Loaded TargetPlatform 'Android_Multi'
[2025.04.10-13.56.54:073][  0]LogTargetPlatformManager: Display: Loaded TargetPlatform 'Android_MultiClient'
[2025.04.10-13.56.54:099][  0]LogTargetPlatformManager: Display: Loaded TargetPlatform 'IOSClient'
[2025.04.10-13.56.54:099][  0]LogTargetPlatformManager: Display: Loaded TargetPlatform 'IOS'
[2025.04.10-13.56.54:114][  0]LogTargetPlatformManager: Display: Loaded TargetPlatform 'Linux'
[2025.04.10-13.56.54:122][  0]LogTargetPlatformManager: Display: Loaded TargetPlatform 'LinuxNoEditor'
[2025.04.10-13.56.54:133][  0]LogTargetPlatformManager: Display: Loaded TargetPlatform 'LinuxClient'
[2025.04.10-13.56.54:141][  0]LogTargetPlatformManager: Display: Loaded TargetPlatform 'LinuxServer'
[2025.04.10-13.56.54:157][  0]LogTargetPlatformManager: Display: Loaded TargetPlatform 'LinuxAArch64NoEditor'
[2025.04.10-13.56.54:165][  0]LogTargetPlatformManager: Display: Loaded TargetPlatform 'LinuxAArch64Client'
[2025.04.10-13.56.54:173][  0]LogTargetPlatformManager: Display: Loaded TargetPlatform 'LinuxAArch64Server'
[2025.04.10-13.56.54:334][  0]LogTargetPlatformManager: Display: Loaded TargetPlatform 'Lumin'
[2025.04.10-13.56.54:335][  0]LogTargetPlatformManager: Display: Loaded TargetPlatform 'LuminClient'
[2025.04.10-13.56.54:354][  0]LogTargetPlatformManager: Display: Loaded TargetPlatform 'MacNoEditor'
[2025.04.10-13.56.54:363][  0]LogTargetPlatformManager: Display: Loaded TargetPlatform 'Mac'
[2025.04.10-13.56.54:370][  0]LogTargetPlatformManager: Display: Loaded TargetPlatform 'MacClient'
[2025.04.10-13.56.54:378][  0]LogTargetPlatformManager: Display: Loaded TargetPlatform 'MacServer'
[2025.04.10-13.56.54:395][  0]LogTargetPlatformManager: Display: Loaded TargetPlatform 'TVOSClient'
[2025.04.10-13.56.54:395][  0]LogTargetPlatformManager: Display: Loaded TargetPlatform 'TVOS'
[2025.04.10-13.56.54:413][  0]LogTargetPlatformManager: Display: Loaded TargetPlatform 'WindowsNoEditor'
[2025.04.10-13.56.54:421][  0]LogTargetPlatformManager: Display: Loaded TargetPlatform 'Windows'
[2025.04.10-13.56.54:429][  0]LogTargetPlatformManager: Display: Loaded TargetPlatform 'WindowsClient'
[2025.04.10-13.56.54:437][  0]LogTargetPlatformManager: Display: Loaded TargetPlatform 'WindowsServer'
[2025.04.10-13.56.54:437][  0]LogTargetPlatformManager: Display: Building Assets For Windows
[2025.04.10-13.56.54:452][  0]LogAudioDebug: Display: Lib vorbis DLL was dynamically loaded.
[2025.04.10-13.56.54:512][  0]LogTextureFormatOodle: Display: Oodle Texture 2.9.0 init RDO Off
[2025.04.10-13.56.54:615][  0]LogRendererCore: Ray tracing is disabled. Reason: r.RayTracing=0.
[2025.04.10-13.56.54:617][  0]LogDerivedDataCache: Display: Max Cache Size: 512 MB
[2025.04.10-13.56.54:741][  0]LogDerivedDataCache: Loaded boot cache 0.12s 103MB C:/Users/patel/AppData/Local/UnrealEngine/4.27/DerivedDataCache/Boot.ddc.
[2025.04.10-13.56.54:742][  0]LogDerivedDataCache: Display: Loaded Boot cache: C:/Users/patel/AppData/Local/UnrealEngine/4.27/DerivedDataCache/Boot.ddc
[2025.04.10-13.56.54:742][  0]LogDerivedDataCache: FDerivedDataBackendGraph:  Pak pak cache file ../../../../../../Unreal Projects/Top-Down-Puzzle/TopDownPuzzle/DerivedDataCache/DDC.ddp not found, will not use a pak cache.
[2025.04.10-13.56.54:742][  0]LogDerivedDataCache: Unable to find inner node Pak for hierarchical cache Hierarchy.
[2025.04.10-13.56.54:742][  0]LogDerivedDataCache: FDerivedDataBackendGraph:  CompressedPak pak cache file ../../../../../../Unreal Projects/Top-Down-Puzzle/TopDownPuzzle/DerivedDataCache/Compressed.ddp not found, will not use a pak cache.
[2025.04.10-13.56.54:743][  0]LogDerivedDataCache: Unable to find inner node CompressedPak for hierarchical cache Hierarchy.
[2025.04.10-13.56.54:762][  0]LogDerivedDataCache: Display: Pak cache opened for reading ../../../Engine/DerivedDataCache/Compressed.ddp.
[2025.04.10-13.56.54:762][  0]LogDerivedDataCache: FDerivedDataBackendGraph:  EnterprisePak pak cache file ../../../Enterprise/DerivedDataCache/Compressed.ddp not found, will not use a pak cache.
[2025.04.10-13.56.54:762][  0]LogDerivedDataCache: Unable to find inner node EnterprisePak for hierarchical cache Hierarchy.
[2025.04.10-13.56.54:781][  0]LogDerivedDataCache: Speed tests for C:/Users/patel/AppData/Local/UnrealEngine/Common/DerivedDataCache took 0.01 seconds
[2025.04.10-13.56.54:782][  0]LogDerivedDataCache: Display: Performance to C:/Users/patel/AppData/Local/UnrealEngine/Common/DerivedDataCache: Latency=0.07ms. RandomReadSpeed=676.92MBs, RandomWriteSpeed=96.69MBs. Assigned SpeedClass 'Local'
[2025.04.10-13.56.54:783][  0]LogDerivedDataCache: Using Local data cache path C:/Users/patel/AppData/Local/UnrealEngine/Common/DerivedDataCache: Writable
[2025.04.10-13.56.54:783][  0]LogDerivedDataCache: Shared data cache path not found in *engine.ini, will not use an Shared cache.
[2025.04.10-13.56.54:784][  0]LogDerivedDataCache: Unable to find inner node Shared for hierarchical cache Hierarchy.
[2025.04.10-13.56.54:793][  0]LogAssetRegistry: FAssetRegistry took 0.0025 seconds to start up
[2025.04.10-13.56.55:096][  0]LogInit: Selected Device Profile: [Windows]
[2025.04.10-13.56.55:097][  0]LogInit: Active device profile: [00000210F8FE3E00][00000210F0AF5A40 49] Windows
[2025.04.10-13.56.55:098][  0]LogInit: Profiles: [00000210F8FE3E00][00000210F0AF5A40 49] Windows, [00000210F9F84300][00000210F0B03BC0 49] WindowsNoEditor, [00000210F8FE0300][00000210F0B061C0 49] WindowsServer, [00000210F9F85600][00000210F0B0A340 49] WindowsClient, [00000210F8FE1500][00000210F0B0E4C0 49] IOS, [00000210F9F86400][00000210F0B12640 49] iPadAir, [00000210F8FE2300][00000210F0B167C0 49] iPadAir2, [00000210F9F37D00][00000210F0B24A80 49] IPadPro, [00000210F9F37E00][00000210F0B1AAC0 49] iPadAir3, [00000210F8FE3900][00000210F6AD4C40 49] iPadAir4, [00000210F9F34800][00000210F6AD8DC0 49] iPadMini2, [00000210F8FE0600][00000210F6ADCF40 49] iPadMini3, [00000210F9F36D00][00000210F0AF9080 49] iPadMini4, [00000210F8FE1100][00000210F6AE11C0 49] iPadMini5, [00000210F9F8B600][00000210F6AE9400 49] iPhone6, [00000210F9F8B700][00000210F6AE5440 49] iPodTouch6, [00000210F9F36000][00000210F6AF5700 49] iPhone7, [00000210F9F36100][00000210F6AF1740 49] iPodTouch7, [00000210F9F88700][00000210F6AF98C0 49] iPhone5S, [00000210F9F34D00][00000210F6AFDA40 49] iPhone6Plus, [00000210F9F89100][00000210F6B01BC0 49] iPhone6S, [00000210F9F35A00][00000210F6B041C0 49] iPhone6SPlus, [00000210F9F8B400][00000210F6B08340 49] iPhone7Plus, [00000210F9F36B00][00000210F6B0C4C0 49] iPhoneSE, [00000210F9F88D00][00000210F6B10640 49] iPhone8, [00000210F9F37F00][00000210F6B147C0 49] iPhone8Plus, [00000210F9F8A700][00000210F6B18940 49] iPhoneX, [00000210F9F36900][00000210F6B1CAC0 49] iPhoneXS, [00000210F9F88300][00000210F6B20C40 49] iPhoneXSMax, [00000210F9F35700][00000210F6B24DC0 49] iPhoneXR, [00000210F9F89200][00000210F6B28F40 49] iPhone11, [00000210F9F37A00][00000210F6B2D0C0 49] iPhone11Pro, [00000210F9F88600][00000210F6AED200 49] iPhone11ProMax, [00000210F9F35B00][00000210F6B31340 49] iPhoneSE2, [00000210F9F8B800][00000210F6B35480 49] iPhone12Mini, [00000210F9F36A00][00000210F6B395C0 49] iPhone12, [00000210F9F88400][00000210F6B41740 49] iPhone12Pro, [00000210F9F36400][00000210F6B458C0 49] iPhone12ProMax, [00000210F9F88800][00000210F6B49A40 49] iPadPro105, [00000210F9F36500][00000210F6B4DBC0 49] iPadPro129, [00000210F9F8B300][00000210F6B501C0 49] iPadPro97, [00000210F9F35D00][00000210F6B54340 49] iPadPro2_129, [00000210F9F88B00][00000210F6B584C0 49] iPad5, [00000210F9F37000][00000210F6B5C640 49] iPad6, [00000210F9F89C00][00000210F6B607C0 49] iPad7, [00000210F9F34900][00000210F6B64940 49] iPad8, [00000210F9F88900][00000210F6B68AC0 49] iPadPro11, [00000210F9F37B00][00000210F6B6CC40 49] iPadPro2_11, [00000210F9F89500][00000210F6B70DC0 49] iPadPro3_129, [00000210F9F36700][00000210F6B74F40 49] iPadPro4_129, [00000210F9F8BC00][00000210F6B790C0 49] AppleTV, [00000210F9F36C00][00000210F6B7D240 49] AppleTV4K, [00000210F9F89F00][00000210F6B813C0 49] TVOS, [00000210F9F34300][00000210F6B3D500 49] Mac, [00000210F9F8AF00][00000210F6B85640 49] MacClient, [00000210F9F35500][00000210F6B89780 49] MacNoEditor, [00000210F9F8B900][00000210F6B91900 49] MacServer, [00000210F9F35300][00000210F6B95A80 49] Linux, [00000210F9F8A300][00000210F6B99C00 49] LinuxAArch64, [00000210F9F34F00][00000210F6B9C200 49] LinuxNoEditor, [00000210F9F88200][00000210F9FC0380 49] LinuxAArch64NoEditor, [00000210F9F34700][00000210F9FC4500 49] LinuxClient, [00000210F9F89E00][00000210F9FC8680 49] LinuxAArch64Client, [00000210F9F84900][00000210F9FCC800 49] LinuxServer, [00000210F9011600][00000210F9FD0980 49] LinuxAArch64Server, [00000210F9F85500][00000210F9FD4B00 49] Android, [00000210F9010800][00000210F9FD8C80 49] Android_Low, [00000210F9F85800][00000210F9FDCE00 49] Android_Mid, [00000210F9012D00][00000210F9FE0F80 49] Android_High, [00000210F9F87D00][00000210F9FE5100 49] Android_Default, [00000210F9013300][00000210F9FE9280 49] Android_Adreno4xx, [00000210F9F86F00][00000210F9FED400 49] Android_Adreno5xx_Low, [00000210F9011500][00000210F9FF1580 49] Android_Adreno5xx, [00000210F9F86B00][00000210F6B8D6C0 49] Android_Adreno6xx, [00000210F9011200][00000210F9FF5800 49] Android_Adreno6xx_Vulkan, [00000210F9F84700][00000210F9FF9940 49] Android_Mali_T6xx, [00000210F9010400][00000210FA001AC0 49] Android_Mali_T7xx, [00000210F9F85C00][00000210FA0040C0 49] Android_Mali_T8xx, [00000210F9012E00][00000210FA008240 49] Android_Mali_G71, [00000210F9F84A00][00000210FA00C3C0 49] Android_Mali_G72, [00000210F9011100][00000210FA010540 49] Android_Mali_G72_Vulkan, [00000210F9F84200][00000210FA0146C0 49] Android_Mali_G76, [00000210F9010B00][00000210FA018840 49] Android_Mali_G76_Vulkan, [00000210F9F85900][00000210FA01C9C0 49] Android_Mali_G77, [00000210F9012800][00000210FA020B40 49] Android_Mali_G77_Vulkan, [00000210F9F8A200][00000210FA024CC0 49] Android_Mali_G78, [00000210F9011B00][00000210FA028E40 49] Android_Mali_G78_Vulkan, [00000210F9F8A500][00000210FA02CFC0 49] Android_Mali_G710, [00000210F9010300][00000210FA031140 49] Android_Mali_G710_Vulkan, [00000210F9F8A600][00000210FA0352C0 49] Android_Vulkan_SM5, [00000210F9012F00][00000210FA039440 49] Android_PowerVR_G6xxx, [00000210F9F8A100][00000210FA03D5C0 49] Android_PowerVR_GT7xxx, [00000210F9012400][00000210FA041740 49] Android_PowerVR_GE8xxx, [00000210F9F8A900][00000210F9FFD880 49] Android_PowerVR_GM9xxx, [00000210F9013900][00000210FA0459C0 49] Android_PowerVR_GM9xxx_Vulkan, [00000210F9F8BA00][00000210FA049B00 49] Android_TegraK1, [00000210F9010A00][00000210FA04C0C0 49] Android_Unknown_Vulkan, [00000210F9F8BE00][00000210FA054240 49] Lumin, [00000210F9012300][00000210FA0583C0 49] Lumin_Desktop, [00000210F9F89D00][00000210FA05C540 49] HoloLens, 
[2025.04.10-13.56.55:143][  0]LogMeshReduction: Using QuadricMeshReduction for automatic static mesh reduction
[2025.04.10-13.56.55:143][  0]LogMeshReduction: Using SimplygonMeshReduction for automatic skeletal mesh reduction
[2025.04.10-13.56.55:143][  0]LogMeshReduction: Using ProxyLODMeshReduction for automatic mesh merging
[2025.04.10-13.56.55:144][  0]LogMeshReduction: No distributed automatic mesh merging module available
[2025.04.10-13.56.55:144][  0]LogMeshMerging: No distributed automatic mesh merging module available
[2025.04.10-13.56.55:155][  0]LogNetVersion: TopDownPuzzle 1.0.0, NetCL: 17155196, EngineNetVer: 17, GameNetVer: 0 (Checksum: 565499533)
[2025.04.10-13.56.55:341][  0]LogHMD: PokeAHoleMaterial loaded successfully
[2025.04.10-13.56.55:478][  0]LogCollectionManager: Loaded 0 collections in 0.001821 seconds
[2025.04.10-13.56.55:481][  0]LogFileCache: Scanning file cache for directory 'C:/Unreal Projects/Top-Down-Puzzle/TopDownPuzzle/Saved/Collections/' took 0.00s
[2025.04.10-13.56.55:481][  0]LogFileCache: Scanning file cache for directory 'C:/Unreal Projects/Top-Down-Puzzle/TopDownPuzzle/Content/Developers/patel/Collections/' took 0.00s
[2025.04.10-13.56.55:481][  0]LogFileCache: Scanning file cache for directory 'C:/Unreal Projects/Top-Down-Puzzle/TopDownPuzzle/Content/Collections/' took 0.00s
[2025.04.10-13.56.55:482][  0]LogCollectionManager: Fixed up redirectors for 0 collections in 0.000002 seconds (updated 0 objects)
[2025.04.10-13.56.55:672][  0]LogNiagaraDebuggerClient: Niagara Debugger Client Initialized | Session: F79D986B4E288477EBD54BB35ACC4630 | Instance: 2FCEF440433EFDD13AA46C8FD33714D3 (LAPTOP-EJ2DB2HV-17468).
[2025.04.10-13.56.55:743][  0]LogPython: Using Python 3.7.7
[2025.04.10-13.56.57:499][  0]SourceControl: Source control is disabled
[2025.04.10-13.56.57:500][  0]SourceControl: Source control is disabled
[2025.04.10-13.56.57:505][  0]SourceControl: Source control is disabled
[2025.04.10-13.56.57:513][  0]SourceControl: Source control is disabled
[2025.04.10-13.56.57:520][  0]SourceControl: Source control is disabled
[2025.04.10-13.56.57:532][  0]LogUProjectInfo: Found projects:
[2025.04.10-13.56.57:747][  0]LogOpenImageDenoise: OIDN starting up
[2025.04.10-13.56.57:800][  0]LogAndroidPermission: UAndroidPermissionCallbackProxy::GetInstance
[2025.04.10-13.56.57:838][  0]LogAudioCaptureCore: Display: No Audio Capture implementations found. Audio input will be silent.
[2025.04.10-13.56.57:839][  0]LogAudioCaptureCore: Display: No Audio Capture implementations found. Audio input will be silent.
[2025.04.10-13.56.58:141][  0]LogOcInput: OculusInput pre-init called
[2025.04.10-13.56.58:186][  0]LogUObjectArray: 24154 objects as part of root set at end of initial load.
[2025.04.10-13.56.58:186][  0]LogUObjectAllocator: 6840752 out of 0 bytes used by permanent object pool.
[2025.04.10-13.56.58:187][  0]LogUObjectArray: CloseDisregardForGC: 0/0 objects in disregard for GC pool
[2025.04.10-13.56.58:187][  0]LogInit: Error: VSTestAdapterCommandlet looked like a commandlet, but we could not find the class.
[2025.04.10-13.56.58:188][  0]LogCore: Engine exit requested (reason: Failed to find commandlet class VSTestAdapterCommandlet)
[2025.04.10-13.56.58:188][  0]LogCore: Engine exit requested (reason: EngineExit() was called; note: exit was already requested)
[2025.04.10-13.56.58:188][  0]LogExit: Preparing to exit.
[2025.04.10-13.56.58:196][  0]LogUObjectHash: Compacting FUObjectHashTables data took   1.07ms
[2025.04.10-13.56.58:243][  0]LogDemo: Cleaned up 0 splitscreen connections with owner deletion
[2025.04.10-13.56.58:288][  0]LogExit: Object subsystem successfully closed.
[2025.04.10-13.56.58:337][  0]LogModuleManager: Shutting down and abandoning module AudioSynesthesiaEditor (596)
[2025.04.10-13.56.58:338][  0]LogModuleManager: Shutting down and abandoning module OculusEditor (594)
[2025.04.10-13.56.58:338][  0]LogModuleManager: Shutting down and abandoning module OculusInput (592)
[2025.04.10-13.56.58:338][  0]LogModuleManager: Shutting down and abandoning module ContentBrowserFileDataSource (590)
[2025.04.10-13.56.58:338][  0]LogModuleManager: Shutting down and abandoning module ContentBrowserClassDataSource (588)
[2025.04.10-13.56.58:339][  0]LogModuleManager: Shutting down and abandoning module ContentBrowserAssetDataSource (586)
[2025.04.10-13.56.58:339][  0]LogModuleManager: Shutting down and abandoning module ToolMenus (585)
[2025.04.10-13.56.58:339][  0]LogModuleManager: Shutting down and abandoning module TakeSequencer (582)
[2025.04.10-13.56.58:339][  0]LogModuleManager: Shutting down and abandoning module TakeMovieScene (580)
[2025.04.10-13.56.58:340][  0]LogModuleManager: Shutting down and abandoning module ScreenshotTools (578)
[2025.04.10-13.56.58:340][  0]LogModuleManager: Shutting down and abandoning module ProceduralMeshComponentEditor (576)
[2025.04.10-13.56.58:340][  0]LogModuleManager: Shutting down and abandoning module ProceduralMeshComponent (574)
[2025.04.10-13.56.58:340][  0]LogModuleManager: Shutting down and abandoning module SynthesisEditor (572)
[2025.04.10-13.56.58:341][  0]LogModuleManager: Shutting down and abandoning module Synthesis (570)
[2025.04.10-13.56.58:341][  0]LogModuleManager: Shutting down and abandoning module SpeedTreeImporter (568)
[2025.04.10-13.56.58:341][  0]LogModuleManager: Shutting down and abandoning module MobileLauncherProfileWizard (566)
[2025.04.10-13.56.58:341][  0]LogModuleManager: Shutting down and abandoning module PluginBrowser (564)
[2025.04.10-13.56.58:341][  0]LogModuleManager: Shutting down and abandoning module OpenXREditor (562)
[2025.04.10-13.56.58:341][  0]LogModuleManager: Shutting down and abandoning module MaterialAnalyzer (560)
[2025.04.10-13.56.58:342][  0]LogModuleManager: Shutting down and abandoning module MobilePatchingUtils (558)
[2025.04.10-13.56.58:342][  0]LogModuleManager: Shutting down and abandoning module CurveEditorTools (556)
[2025.04.10-13.56.58:342][  0]LogModuleManager: Shutting down and abandoning module CryptoKeysOpenSSL (554)
[2025.04.10-13.56.58:342][  0]LogModuleManager: Shutting down and abandoning module CryptoKeys (552)
[2025.04.10-13.56.58:343][  0]LogModuleManager: Shutting down and abandoning module GooglePAD (550)
[2025.04.10-13.56.58:343][  0]LogModuleManager: Shutting down and abandoning module EditableMesh (548)
[2025.04.10-13.56.58:343][  0]LogModuleManager: Shutting down and abandoning module CustomMeshComponent (546)
[2025.04.10-13.56.58:343][  0]LogModuleManager: Shutting down and abandoning module CableComponent (544)
[2025.04.10-13.56.58:343][  0]LogModuleManager: Shutting down and abandoning module AudioCapture (542)
[2025.04.10-13.56.58:343][  0]LogModuleManager: Shutting down and abandoning module AudioCaptureRtAudio (541)
[2025.04.10-13.56.58:344][  0]LogModuleManager: Shutting down and abandoning module AssetTags (538)
[2025.04.10-13.56.58:344][  0]LogModuleManager: Shutting down and abandoning module ArchVisCharacter (536)
[2025.04.10-13.56.58:344][  0]LogModuleManager: Shutting down and abandoning module AppleImageUtilsBlueprintSupport (534)
[2025.04.10-13.56.58:344][  0]LogModuleManager: Shutting down and abandoning module AppleImageUtils (532)
[2025.04.10-13.56.58:344][  0]LogModuleManager: Shutting down and abandoning module AndroidPermission (530)
[2025.04.10-13.56.58:345][  0]LogModuleManager: Shutting down and abandoning module ActorLayerUtilitiesEditor (528)
[2025.04.10-13.56.58:345][  0]LogModuleManager: Shutting down and abandoning module ActorLayerUtilities (526)
[2025.04.10-13.56.58:345][  0]LogModuleManager: Shutting down and abandoning module TemplateSequence (524)
[2025.04.10-13.56.58:345][  0]LogModuleManager: Shutting down and abandoning module MediaCompositing (522)
[2025.04.10-13.56.58:345][  0]LogModuleManager: Shutting down and abandoning module MagicLeapLightEstimation (520)
[2025.04.10-13.56.58:345][  0]LogModuleManager: Shutting down and abandoning module MagicLeapSharedWorld (518)
[2025.04.10-13.56.58:345][  0]LogModuleManager: Shutting down and abandoning module MagicLeapHelperVulkan (516)
[2025.04.10-13.56.58:345][  0]LogModuleManager: Shutting down and abandoning module MagicLeapHelperOpenGL (514)
[2025.04.10-13.56.58:346][  0]LogModuleManager: Shutting down and abandoning module MagicLeapAudio (512)
[2025.04.10-13.56.58:346][  0]LogModuleManager: Shutting down and abandoning module OpenImageDenoise (510)
[2025.04.10-13.56.58:346][  0]LogOpenImageDenoise: OIDN shutting down
[2025.04.10-13.56.58:346][  0]LogModuleManager: Shutting down and abandoning module MotoSynthEditor (508)
[2025.04.10-13.56.58:347][  0]LogModuleManager: Shutting down and abandoning module MotoSynth (506)
[2025.04.10-13.56.58:347][  0]LogModuleManager: Shutting down and abandoning module MeshConversion (504)
[2025.04.10-13.56.58:347][  0]LogModuleManager: Shutting down and abandoning module DynamicMesh (502)
[2025.04.10-13.56.58:347][  0]LogModuleManager: Shutting down and abandoning module GeometryAlgorithms (500)
[2025.04.10-13.56.58:348][  0]LogModuleManager: Shutting down and abandoning module GeometricObjects (498)
[2025.04.10-13.56.58:348][  0]LogModuleManager: Shutting down and abandoning module GeometryCollectionTracks (496)
[2025.04.10-13.56.58:348][  0]LogModuleManager: Shutting down and abandoning module GeometryCollectionSequencer (495)
[2025.04.10-13.56.58:348][  0]LogModuleManager: Shutting down and abandoning module GeometryCollectionEditor (492)
[2025.04.10-13.56.58:348][  0]LogModuleManager: Shutting down and abandoning module GeometryCacheTracks (490)
[2025.04.10-13.56.58:348][  0]LogModuleManager: Shutting down and abandoning module GeometryCacheStreamer (488)
[2025.04.10-13.56.58:349][  0]LogModuleManager: Shutting down and abandoning module GeometryCacheSequencer (486)
[2025.04.10-13.56.58:349][  0]LogModuleManager: Shutting down and abandoning module NiagaraEditorWidgets (484)
[2025.04.10-13.56.58:349][  0]LogModuleManager: Shutting down and abandoning module ChaosSolverEditor (482)
[2025.04.10-13.56.58:349][  0]LogModuleManager: Shutting down and abandoning module ChaosNiagara (480)
[2025.04.10-13.56.58:349][  0]LogModuleManager: Shutting down and abandoning module FractureEditor (478)
[2025.04.10-13.56.58:350][  0]LogModuleManager: Shutting down and abandoning module FieldSystemEngine (477)
[2025.04.10-13.56.58:350][  0]LogModuleManager: Shutting down and abandoning module ChaosClothEditor (474)
[2025.04.10-13.56.58:350][  0]LogModuleManager: Shutting down and abandoning module AutomationUtilsEditor (472)
[2025.04.10-13.56.58:350][  0]LogModuleManager: Shutting down and abandoning module AutomationUtils (470)
[2025.04.10-13.56.58:350][  0]LogModuleManager: Shutting down and abandoning module AlembicImporter (468)
[2025.04.10-13.56.58:350][  0]LogModuleManager: Shutting down and abandoning module AlembicLibrary (467)
[2025.04.10-13.56.58:351][  0]LogModuleManager: Shutting down and abandoning module GeometryCache (466)
[2025.04.10-13.56.58:351][  0]LogModuleManager: Shutting down and abandoning module GeometryCacheEd (465)
[2025.04.10-13.56.58:351][  0]LogModuleManager: Shutting down and abandoning module VariantManagerContentEditor (460)
[2025.04.10-13.56.58:351][  0]LogModuleManager: Shutting down and abandoning module DatasmithContentEditor (458)
[2025.04.10-13.56.58:351][  0]LogModuleManager: Shutting down and abandoning module VisualStudioSourceCodeAccess (456)
[2025.04.10-13.56.58:351][  0]LogModuleManager: Shutting down and abandoning module VisualStudioCodeSourceCodeAccess (454)
[2025.04.10-13.56.58:352][  0]LogModuleManager: Shutting down and abandoning module UObjectPlugin (452)
[2025.04.10-13.56.58:352][  0]LogModuleManager: Shutting down and abandoning module PlasticSourceControl (450)
[2025.04.10-13.56.58:352][  0]LogModuleManager: Shutting down and abandoning module SubversionSourceControl (448)
[2025.04.10-13.56.58:352][  0]LogModuleManager: Shutting down and abandoning module PluginUtils (446)
[2025.04.10-13.56.58:352][  0]LogModuleManager: Shutting down and abandoning module PerforceSourceControl (444)
[2025.04.10-13.56.58:353][  0]LogModuleManager: Shutting down and abandoning module GitSourceControl (442)
[2025.04.10-13.56.58:353][  0]LogModuleManager: Shutting down and abandoning module SourceControl (441)
[2025.04.10-13.56.58:353][  0]LogModuleManager: Shutting down and abandoning module CLionSourceCodeAccess (438)
[2025.04.10-13.56.58:353][  0]LogModuleManager: Shutting down and abandoning module AnimationSharingEd (436)
[2025.04.10-13.56.58:353][  0]LogModuleManager: Shutting down and abandoning module OodleNetworkHandlerComponent (434)
[2025.04.10-13.56.58:353][  0]LogModuleManager: Shutting down and abandoning module LiveLinkSequencer (432)
[2025.04.10-13.56.58:354][  0]LogModuleManager: Shutting down and abandoning module LiveLinkMovieScene (430)
[2025.04.10-13.56.58:354][  0]LogModuleManager: Shutting down and abandoning module LiveLinkGraphNode (428)
[2025.04.10-13.56.58:354][  0]LogModuleManager: Shutting down and abandoning module LiveLinkEditor (426)
[2025.04.10-13.56.58:354][  0]LogModuleManager: Shutting down and abandoning module LiveLinkComponents (424)
[2025.04.10-13.56.58:354][  0]LogModuleManager: Shutting down and abandoning module LiveLink (422)
[2025.04.10-13.56.58:400][  0]LogModuleManager: Shutting down and abandoning module LightPropagationVolumeEditor (420)
[2025.04.10-13.56.58:400][  0]LogModuleManager: Shutting down and abandoning module PaperTiledImporter (418)
[2025.04.10-13.56.58:400][  0]LogModuleManager: Shutting down and abandoning module PaperSpriteSheetImporter (416)
[2025.04.10-13.56.58:400][  0]LogModuleManager: Shutting down and abandoning module Paper2DEditor (414)
[2025.04.10-13.56.58:401][  0]LogModuleManager: Shutting down and abandoning module MeshPaintingToolset (412)
[2025.04.10-13.56.58:401][  0]LogModuleManager: Shutting down and abandoning module MeshPaintEditorMode (410)
[2025.04.10-13.56.58:401][  0]LogModuleManager: Shutting down and abandoning module TopDownPuzzle (408)
[2025.04.10-13.56.58:402][  0]LogModuleManager: Shutting down and abandoning module AnimGraph (407)
[2025.04.10-13.56.58:403][  0]LogModuleManager: Shutting down and abandoning module SoundFields (404)
[2025.04.10-13.56.58:404][  0]LogModuleManager: Shutting down and abandoning module SignificanceManager (402)
[2025.04.10-13.56.58:404][  0]LogModuleManager: Shutting down and abandoning module RuntimePhysXCooking (400)
[2025.04.10-13.56.58:404][  0]LogModuleManager: Shutting down and abandoning module PropertyAccessEditor (398)
[2025.04.10-13.56.58:405][  0]LogModuleManager: Shutting down and abandoning module PhysXVehiclesEditor (396)
[2025.04.10-13.56.58:405][  0]LogModuleManager: Shutting down and abandoning module GameplayTagsEditor (392)
[2025.04.10-13.56.58:405][  0]LogModuleManager: Shutting down and abandoning module FacialAnimationEditor (390)
[2025.04.10-13.56.58:405][  0]LogModuleManager: Shutting down and abandoning module FacialAnimation (388)
[2025.04.10-13.56.58:405][  0]LogModuleManager: Shutting down and abandoning module DataValidation (386)
[2025.04.10-13.56.58:405][  0]LogModuleManager: Shutting down and abandoning module LocationServicesBPLibrary (384)
[2025.04.10-13.56.58:406][  0]LogModuleManager: Shutting down and abandoning module AssetManagerEditor (382)
[2025.04.10-13.56.58:406][  0]LogModuleManager: Shutting down and abandoning module TreeMap (381)
[2025.04.10-13.56.58:406][  0]LogModuleManager: Shutting down and abandoning module AudioSynesthesia (378)
[2025.04.10-13.56.58:406][  0]LogModuleManager: Shutting down and abandoning module AudioSynesthesiaCore (376)
[2025.04.10-13.56.58:407][  0]LogModuleManager: Shutting down and abandoning module ActorSequence (374)
[2025.04.10-13.56.58:407][  0]LogModuleManager: Shutting down and abandoning module UdpMessaging (372)
[2025.04.10-13.56.58:407][  0]LogModuleManager: Shutting down and abandoning module TcpMessaging (370)
[2025.04.10-13.56.58:408][  0]LogModuleManager: Shutting down and abandoning module MagicLeapARPin (368)
[2025.04.10-13.56.58:408][  0]LogModuleManager: Shutting down and abandoning module MagicLeapHandMeshing (366)
[2025.04.10-13.56.58:408][  0]LogModuleManager: Shutting down and abandoning module MagicLeapSecureStorage (364)
[2025.04.10-13.56.58:408][  0]LogModuleManager: Shutting down and abandoning module MagicLeapPrivileges (362)
[2025.04.10-13.56.58:409][  0]LogModuleManager: Shutting down and abandoning module MagicLeapPlanes (360)
[2025.04.10-13.56.58:409][  0]LogMagicLeapPlanes: Planes tracker already destroyed.
[2025.04.10-13.56.58:409][  0]LogModuleManager: Shutting down and abandoning module MagicLeapImageTracker (358)
[2025.04.10-13.56.58:409][  0]LogModuleManager: Shutting down and abandoning module MagicLeapIdentity (356)
[2025.04.10-13.56.58:410][  0]LogModuleManager: Shutting down and abandoning module MagicLeapHandTracking (354)
[2025.04.10-13.56.58:410][  0]LogModuleManager: Shutting down and abandoning module MagicLeapEyeTracker (352)
[2025.04.10-13.56.58:410][  0]LogModuleManager: Shutting down and abandoning module MagicLeapController (350)
[2025.04.10-13.56.58:410][  0]LogModuleManager: Shutting down and abandoning module MagicLeapARPinImpl (348)
[2025.04.10-13.56.58:411][  0]LogModuleManager: Shutting down and abandoning module MagicLeapAR (346)
[2025.04.10-13.56.58:411][  0]LogModuleManager: Shutting down and abandoning module PythonScriptPlugin (344)
[2025.04.10-13.56.58:411][  0]LogModuleManager: Shutting down and abandoning module NiagaraAnimNotifies (342)
[2025.04.10-13.56.58:411][  0]LogModuleManager: Shutting down and abandoning module Niagara (340)
[2025.04.10-13.56.58:412][  0]LogModuleManager: Shutting down and abandoning module SignalProcessing (339)
[2025.04.10-13.56.58:412][  0]LogModuleManager: Shutting down and abandoning module NiagaraEditor (337)
[2025.04.10-13.56.58:413][  0]LogModuleManager: Shutting down and abandoning module NiagaraCore (334)
[2025.04.10-13.56.58:413][  0]LogModuleManager: Shutting down and abandoning module PropertyAccessNode (332)
[2025.04.10-13.56.58:414][  0]LogModuleManager: Shutting down and abandoning module AnimationSharing (330)
[2025.04.10-13.56.58:414][  0]LogModuleManager: Shutting down and abandoning module GameplayCameras (328)
[2025.04.10-13.56.58:415][  0]LogModuleManager: Shutting down and abandoning module LightPropagationVolumeRuntime (326)
[2025.04.10-13.56.58:415][  0]LogModuleManager: Shutting down and abandoning module EnvironmentQueryEditor (324)
[2025.04.10-13.56.58:415][  0]LogModuleManager: Shutting down and abandoning module Paper2D (322)
[2025.04.10-13.56.58:415][  0]LogModuleManager: Shutting down and abandoning module NetworkReplayStreaming (320)
[2025.04.10-13.56.58:415][  0]LogModuleManager: Shutting down and abandoning module PacketHandler (318)
[2025.04.10-13.56.58:416][  0]LogModuleManager: Shutting down and abandoning module ClothingSystemEditor (316)
[2025.04.10-13.56.58:416][  0]LogModuleManager: Shutting down and abandoning module ClothingSystemRuntimeNv (314)
[2025.04.10-13.56.58:416][  0]LogModuleManager: Shutting down and abandoning module MediaAssets (312)
[2025.04.10-13.56.58:416][  0]LogModuleManager: Shutting down and abandoning module Overlay (310)
[2025.04.10-13.56.58:418][  0]LogModuleManager: Shutting down and abandoning module OverlayEditor (309)
[2025.04.10-13.56.58:418][  0]LogModuleManager: Shutting down and abandoning module Blutility (306)
[2025.04.10-13.56.58:418][  0]LogModuleManager: Shutting down and abandoning module LevelEditor (305)
[2025.04.10-13.56.58:420][  0]LogModuleManager: Shutting down and abandoning module PixelInspectorModule (304)
[2025.04.10-13.56.58:420][  0]LogModuleManager: Shutting down and abandoning module CommonMenuExtensions (302)
[2025.04.10-13.56.58:420][  0]LogModuleManager: Shutting down and abandoning module MainFrame (300)
[2025.04.10-13.56.58:420][  0]LogModuleManager: Shutting down and abandoning module HotReload (299)
[2025.04.10-13.56.58:421][  0]LogModuleManager: Shutting down and abandoning module ContentBrowser (295)
[2025.04.10-13.56.58:421][  0]LogModuleManager: Shutting down and abandoning module CollectionManager (294)
[2025.04.10-13.56.58:422][  0]LogModuleManager: Shutting down and abandoning module ContentBrowserData (292)
[2025.04.10-13.56.58:422][  0]LogModuleManager: Shutting down and abandoning module IntroTutorials (288)
[2025.04.10-13.56.58:422][  0]LogModuleManager: Shutting down and abandoning module VREditor (286)
[2025.04.10-13.56.58:423][  0]LogModuleManager: Shutting down and abandoning module StringTableEditor (284)
[2025.04.10-13.56.58:423][  0]LogModuleManager: Shutting down and abandoning module GameplayTasksEditor (282)
[2025.04.10-13.56.58:424][  0]LogModuleManager: Shutting down and abandoning module BehaviorTreeEditor (280)
[2025.04.10-13.56.58:424][  0]LogModuleManager: Shutting down and abandoning module FunctionalTesting (278)
[2025.04.10-13.56.58:424][  0]LogModuleManager: Shutting down and abandoning module CollisionAnalyzer (276)
[2025.04.10-13.56.58:424][  0]LogModuleManager: Shutting down and abandoning module WorkspaceMenuStructure (275)
[2025.04.10-13.56.58:425][  0]LogModuleManager: Shutting down and abandoning module UMG (272)
[2025.04.10-13.56.58:425][  0]LogModuleManager: Shutting down and abandoning module UMGEditor (271)
[2025.04.10-13.56.58:425][  0]LogModuleManager: Shutting down and abandoning module MessageLog (269)
[2025.04.10-13.56.58:425][  0]LogModuleManager: Shutting down and abandoning module SlateReflector (264)
[2025.04.10-13.56.58:425][  0]LogModuleManager: Shutting down and abandoning module Slate (262)
[2025.04.10-13.56.58:426][  0]LogModuleManager: Shutting down and abandoning module SlateCore (260)
[2025.04.10-13.56.58:427][  0]LogModuleManager: Shutting down and abandoning module LandscapeEditorUtilities (258)
[2025.04.10-13.56.58:427][  0]LogModuleManager: Shutting down and abandoning module UnrealEd (256)
[2025.04.10-13.56.58:428][  0]LogModuleManager: Shutting down and abandoning module MRMesh (254)
[2025.04.10-13.56.58:428][  0]LogModuleManager: Shutting down and abandoning module SourceCodeAccess (252)
[2025.04.10-13.56.58:428][  0]LogModuleManager: Shutting down and abandoning module HeadMountedDisplay (250)
[2025.04.10-13.56.58:428][  0]LogModuleManager: Shutting down and abandoning module XAudio2 (248)
[2025.04.10-13.56.58:429][  0]LogModuleManager: Shutting down and abandoning module Networking (246)
[2025.04.10-13.56.58:429][  0]LogModuleManager: Shutting down and abandoning module Core (244)
[2025.04.10-13.56.58:429][  0]LogModuleManager: Shutting down and abandoning module MaterialEditor (242)
[2025.04.10-13.56.58:429][  0]LogModuleManager: Shutting down and abandoning module Settings (241)
[2025.04.10-13.56.58:430][  0]LogModuleManager: Shutting down and abandoning module MovieSceneTools (238)
[2025.04.10-13.56.58:430][  0]LogModuleManager: Shutting down and abandoning module CurveEditor (237)
[2025.04.10-13.56.58:430][  0]LogModuleManager: Shutting down and abandoning module Sequencer (235)
[2025.04.10-13.56.58:430][  0]LogModuleManager: Shutting down and abandoning module EditorStyle (234)
[2025.04.10-13.56.58:431][  0]LogModuleManager: Shutting down and abandoning module KismetCompiler (230)
[2025.04.10-13.56.58:431][  0]LogModuleManager: Shutting down and abandoning module MeshBuilder (228)
[2025.04.10-13.56.58:432][  0]LogModuleManager: Shutting down and abandoning module MeshUtilities (226)
[2025.04.10-13.56.58:432][  0]LogModuleManager: Shutting down and abandoning module MeshMergeUtilities (225)
[2025.04.10-13.56.58:432][  0]LogModuleManager: Shutting down and abandoning module MeshReductionInterface (224)
[2025.04.10-13.56.58:432][  0]LogModuleManager: Shutting down and abandoning module MeshBoneReduction (223)
[2025.04.10-13.56.58:434][  0]LogModuleManager: Shutting down and abandoning module SkeletalMeshReduction (221)
[2025.04.10-13.56.58:434][  0]LogModuleManager: Shutting down and abandoning module ProxyLODMeshReduction (219)
[2025.04.10-13.56.58:434][  0]LogModuleManager: Shutting down and abandoning module QuadricMeshReduction (217)
[2025.04.10-13.56.58:435][  0]LogModuleManager: Shutting down and abandoning module MaterialBaking (213)
[2025.04.10-13.56.58:435][  0]LogModuleManager: Shutting down and abandoning module DirectoryWatcher (209)
[2025.04.10-13.56.58:435][  0]LogModuleManager: Shutting down and abandoning module NullInstallBundleManager (206)
[2025.04.10-13.56.58:435][  0]LogModuleManager: Shutting down and abandoning module DerivedDataCache (204)
[2025.04.10-13.56.58:436][  0]LogModuleManager: Shutting down and abandoning module TargetPlatform (202)
[2025.04.10-13.56.58:436][  0]LogModuleManager: Shutting down and abandoning module VulkanShaderFormat (201)
[2025.04.10-13.56.58:436][  0]LogModuleManager: Shutting down and abandoning module ShaderFormatVectorVM (199)
[2025.04.10-13.56.58:436][  0]LogModuleManager: Shutting down and abandoning module ShaderFormatOpenGL (197)
[2025.04.10-13.56.58:436][  0]LogModuleManager: Shutting down and abandoning module ShaderFormatD3D (195)
[2025.04.10-13.56.58:437][  0]LogModuleManager: Shutting down and abandoning module MetalShaderFormat (193)
[2025.04.10-13.56.58:437][  0]LogModuleManager: Shutting down and abandoning module TextureFormatOodle (191)
[2025.04.10-13.56.58:437][  0]LogModuleManager: Shutting down and abandoning module TextureFormatUncompressed (189)
[2025.04.10-13.56.58:437][  0]LogModuleManager: Shutting down and abandoning module TextureFormatPVR (187)
[2025.04.10-13.56.58:438][  0]LogModuleManager: Shutting down and abandoning module TextureFormatETC2 (185)
[2025.04.10-13.56.58:438][  0]LogModuleManager: Shutting down and abandoning module TextureFormatDXT (183)
[2025.04.10-13.56.58:438][  0]LogModuleManager: Shutting down and abandoning module TextureFormatIntelISPCTexComp (181)
[2025.04.10-13.56.58:438][  0]LogModuleManager: Shutting down and abandoning module TextureFormatASTC (179)
[2025.04.10-13.56.58:439][  0]LogModuleManager: Shutting down and abandoning module ImageWrapper (178)
[2025.04.10-13.56.58:439][  0]LogModuleManager: Shutting down and abandoning module AudioFormatOpus (175)
[2025.04.10-13.56.58:439][  0]LogModuleManager: Shutting down and abandoning module AudioFormatOgg (173)
[2025.04.10-13.56.58:439][  0]LogModuleManager: Shutting down and abandoning module AudioFormatADPCM (171)
[2025.04.10-13.56.58:440][  0]LogModuleManager: Shutting down and abandoning module WindowsServerTargetPlatform (169)
[2025.04.10-13.56.58:440][  0]LogModuleManager: Shutting down and abandoning module WindowsClientTargetPlatform (167)
[2025.04.10-13.56.58:440][  0]LogModuleManager: Shutting down and abandoning module WindowsTargetPlatform (165)
[2025.04.10-13.56.58:440][  0]LogModuleManager: Shutting down and abandoning module WindowsNoEditorTargetPlatform (163)
[2025.04.10-13.56.58:440][  0]LogModuleManager: Shutting down and abandoning module TVOSTargetPlatform (161)
[2025.04.10-13.56.58:441][  0]LogModuleManager: Shutting down and abandoning module MacServerTargetPlatform (159)
[2025.04.10-13.56.58:441][  0]LogModuleManager: Shutting down and abandoning module MacClientTargetPlatform (157)
[2025.04.10-13.56.58:442][  0]LogModuleManager: Shutting down and abandoning module MacTargetPlatform (155)
[2025.04.10-13.56.58:442][  0]LogModuleManager: Shutting down and abandoning module MacNoEditorTargetPlatform (153)
[2025.04.10-13.56.58:442][  0]LogModuleManager: Shutting down and abandoning module LuminTargetPlatform (151)
[2025.04.10-13.56.58:443][  0]LogModuleManager: Shutting down and abandoning module LinuxAArch64ServerTargetPlatform (149)
[2025.04.10-13.56.58:443][  0]LogModuleManager: Shutting down and abandoning module LinuxAArch64ClientTargetPlatform (147)
[2025.04.10-13.56.58:443][  0]LogModuleManager: Shutting down and abandoning module LinuxAArch64NoEditorTargetPlatform (145)
[2025.04.10-13.56.58:443][  0]LogModuleManager: Shutting down and abandoning module LinuxServerTargetPlatform (143)
[2025.04.10-13.56.58:444][  0]LogModuleManager: Shutting down and abandoning module LinuxClientTargetPlatform (141)
[2025.04.10-13.56.58:444][  0]LogModuleManager: Shutting down and abandoning module LinuxNoEditorTargetPlatform (139)
[2025.04.10-13.56.58:444][  0]LogModuleManager: Shutting down and abandoning module LinuxTargetPlatform (137)
[2025.04.10-13.56.58:444][  0]LogModuleManager: Shutting down and abandoning module Messaging (135)
[2025.04.10-13.56.58:445][  0]LogModuleManager: Shutting down and abandoning module IOSTargetPlatform (133)
[2025.04.10-13.56.58:445][  0]LogModuleManager: Shutting down and abandoning module AndroidTargetPlatform (131)
[2025.04.10-13.56.58:450][  0]LogModuleManager: Shutting down and abandoning module AllDesktopTargetPlatform (129)
[2025.04.10-13.56.58:450][  0]LogModuleManager: Shutting down and abandoning module NullDrv (126)
[2025.04.10-13.56.58:451][  0]LogModuleManager: Shutting down and abandoning module PhysXCooking (124)
[2025.04.10-13.56.58:451][  0]LogModuleManager: Shutting down and abandoning module Chaos (122)
[2025.04.10-13.56.58:451][  0]LogModuleManager: Shutting down and abandoning module WindowsPlatformFeatures (120)
[2025.04.10-13.56.58:452][  0]LogModuleManager: Shutting down and abandoning module GameplayMediaEncoder (119)
[2025.04.10-13.56.58:452][  0]LogModuleManager: Shutting down and abandoning module AVEncoder (118)
[2025.04.10-13.56.58:452][  0]LogModuleManager: Shutting down and abandoning module ExampleDeviceProfileSelector (114)
[2025.04.10-13.56.58:452][  0]LogModuleManager: Shutting down and abandoning module SteamVRInputDevice (112)
[2025.04.10-13.56.58:452][  0]LogModuleManager: Shutting down and abandoning module SteamVRInput (110)
[2025.04.10-13.56.58:453][  0]LogModuleManager: Shutting down and abandoning module SteamVR (108)
[2025.04.10-13.56.58:453][  0]LogHMD: Freeing OpenVRDLLHandle.
[2025.04.10-13.56.58:453][  0]LogModuleManager: Shutting down and abandoning module OculusHMD (106)
[2025.04.10-13.56.58:453][  0]LogModuleManager: Shutting down and abandoning module OpenXRHandTracking (104)
[2025.04.10-13.56.58:453][  0]LogModuleManager: Shutting down and abandoning module OpenXREyeTracker (102)
[2025.04.10-13.56.58:454][  0]LogModuleManager: Shutting down and abandoning module OpenXRAR (100)
[2025.04.10-13.56.58:454][  0]LogModuleManager: Shutting down and abandoning module AugmentedReality (99)
[2025.04.10-13.56.58:454][  0]LogModuleManager: Shutting down and abandoning module OpenXRHMD (96)
[2025.04.10-13.56.58:454][  0]LogModuleManager: Shutting down and abandoning module ChunkDownloader (94)
[2025.04.10-13.56.58:455][  0]LogModuleManager: Shutting down and abandoning module LauncherChunkInstaller (92)
[2025.04.10-13.56.58:455][  0]LogModuleManager: Shutting down and abandoning module OnlineBlueprintSupport (90)
[2025.04.10-13.56.58:455][  0]LogModuleManager: Shutting down and abandoning module OnlineSubsystem (86)
[2025.04.10-13.56.58:456][  0]LogModuleManager: Shutting down and abandoning module XMPP (81)
[2025.04.10-13.56.58:456][  0]LogModuleManager: Shutting down and abandoning module WebSockets (80)
[2025.04.10-13.56.58:483][  0]LogModuleManager: Shutting down and abandoning module HTTP (77)
[2025.04.10-13.56.58:483][  0]LogHttp: Display: cleaning up 0 outstanding Http requests.
[2025.04.10-13.56.58:502][  0]LogModuleManager: Shutting down and abandoning module SSL (76)
[2025.04.10-13.56.58:504][  0]LogModuleManager: Shutting down and abandoning module WmfMedia (72)
[2025.04.10-13.56.58:505][  0]LogModuleManager: Shutting down and abandoning module Media (71)
[2025.04.10-13.56.58:506][  0]LogModuleManager: Shutting down and abandoning module MediaInfo (70)
[2025.04.10-13.56.58:507][  0]LogModuleManager: Shutting down and abandoning module ExrReaderGpu (66)
[2025.04.10-13.56.58:507][  0]LogModuleManager: Shutting down and abandoning module MLSDK (64)
[2025.04.10-13.56.58:507][  0]LogModuleManager: Shutting down and abandoning module MagicLeap (62)
[2025.04.10-13.56.58:508][  0]LogModuleManager: Shutting down and abandoning module NiagaraVertexFactories (60)
[2025.04.10-13.56.58:508][  0]LogModuleManager: Shutting down and abandoning module NiagaraShader (58)
[2025.04.10-13.56.58:508][  0]LogModuleManager: Shutting down and abandoning module ChaosCloth (56)
[2025.04.10-13.56.58:508][  0]LogModuleManager: Shutting down and abandoning module VariantManagerContent (54)
[2025.04.10-13.56.58:508][  0]LogModuleManager: Shutting down and abandoning module DatasmithContent (52)
[2025.04.10-13.56.58:509][  0]LogModuleManager: Shutting down and abandoning module PixWinPlugin (50)
[2025.04.10-13.56.58:509][  0]LogModuleManager: Shutting down and abandoning module AISupportModule (48)
[2025.04.10-13.56.58:509][  0]LogModuleManager: Shutting down and abandoning module PythonScriptPluginPreload (46)
[2025.04.10-13.56.58:510][  0]LogModuleManager: Shutting down and abandoning module PlatformCryptoOpenSSL (44)
[2025.04.10-13.56.58:510][  0]LogModuleManager: Shutting down and abandoning module PlatformCryptoTypes (42)
[2025.04.10-13.56.58:510][  0]LogModuleManager: Shutting down and abandoning module PlatformCrypto (40)
[2025.04.10-13.56.58:510][  0]LogModuleManager: Shutting down and abandoning module OodleDataCompressionFormat (38)
[2025.04.10-13.56.58:511][  0]LogModuleManager: Shutting down and abandoning module XGEController (36)
[2025.04.10-13.56.58:511][  0]LogXGEController: Cannot use XGE Controller as Incredibuild is not installed on this machine.
[2025.04.10-13.56.58:511][  0]LogModuleManager: Shutting down and abandoning module AnimationModifiers (34)
[2025.04.10-13.56.58:511][  0]LogModuleManager: Shutting down and abandoning module AudioEditor (32)
[2025.04.10-13.56.58:512][  0]LogModuleManager: Shutting down and abandoning module PropertyEditor (31)
[2025.04.10-13.56.58:512][  0]LogModuleManager: Shutting down and abandoning module TextureCompressor (28)
[2025.04.10-13.56.58:512][  0]LogModuleManager: Shutting down and abandoning module RenderCore (26)
[2025.04.10-13.56.58:512][  0]LogModuleManager: Shutting down and abandoning module Landscape (24)
[2025.04.10-13.56.58:513][  0]LogModuleManager: Shutting down and abandoning module SlateRHIRenderer (22)
[2025.04.10-13.56.58:513][  0]LogModuleManager: Shutting down and abandoning module AnimGraphRuntime (20)
[2025.04.10-13.56.58:513][  0]LogModuleManager: Shutting down and abandoning module Renderer (18)
[2025.04.10-13.56.58:513][  0]LogModuleManager: Shutting down and abandoning module Engine (16)
[2025.04.10-13.56.58:513][  0]LogModuleManager: Shutting down and abandoning module CoreUObject (14)
[2025.04.10-13.56.58:514][  0]LogModuleManager: Shutting down and abandoning module NetworkFile (12)
[2025.04.10-13.56.58:514][  0]LogModuleManager: Shutting down and abandoning module CookedIterativeFile (10)
[2025.04.10-13.56.58:514][  0]LogModuleManager: Shutting down and abandoning module StreamingFile (8)
[2025.04.10-13.56.58:514][  0]LogModuleManager: Shutting down and abandoning module SandboxFile (6)
[2025.04.10-13.56.58:514][  0]LogModuleManager: Shutting down and abandoning module PakFile (4)
[2025.04.10-13.56.58:514][  0]LogModuleManager: Shutting down and abandoning module RSA (3)
[2025.04.10-13.56.58:849][  0]LogContentStreaming: Display: There are 1 unreleased StreamingManagers
[2025.04.10-13.56.58:856][  0]LogExit: Exiting.
[2025.04.10-13.56.58:859][  0]Log file closed, 04/10/25 09:56:58
