Log file open, 04/09/25 21:46:37
LogInit: Display: Loading text-based GConfig....
LogPluginManager: Mounting plugin MeshPainting
LogPluginManager: Mounting plugin XGEController
LogPluginManager: Mounting plugin Paper2D
LogPluginManager: Mounting plugin AISupport
LogPluginManager: Mounting plugin EnvironmentQueryEditor
LogPluginManager: Mounting plugin LightPropagationVolume
LogPluginManager: Mounting plugin LiveLink
LogPluginManager: Mounting plugin CameraShakePreviewer
LogPluginManager: Mounting plugin GameplayCameras
LogPluginManager: Mounting plugin AssetManagerEditor
LogPluginManager: Mounting plugin CryptoKeys
LogPluginManager: Mounting plugin CurveEditorTools
LogPluginManager: Mounting plugin DataValidation
LogPluginManager: Mounting plugin FacialAnimation
LogPluginManager: Mounting plugin GameplayTagsEditor
LogPluginManager: Mounting plugin GeometryMode
LogPluginManager: Mounting plugin MacGraphicsSwitching
LogPluginManager: Mounting plugin MaterialAnalyzer
LogPluginManager: Mounting plugin SpeedTreeImporter
LogPluginManager: Mounting plugin PluginBrowser
LogPluginManager: Mounting plugin AlembicImporter
LogPluginManager: Mounting plugin AutomationUtils
LogPluginManager: Mounting plugin BackChannel
LogPluginManager: Mounting plugin ChaosCloth
LogPluginManager: Mounting plugin ChaosNiagara
LogPluginManager: Mounting plugin ChaosClothEditor
LogPluginManager: Mounting plugin ChaosSolverPlugin
LogPluginManager: Mounting plugin CharacterAI
LogPluginManager: Mounting plugin ChaosEditor
LogPluginManager: Mounting plugin GeometryCache
LogPluginManager: Mounting plugin GeometryCollectionPlugin
LogPluginManager: Mounting plugin MobileLauncherProfileWizard
LogPluginManager: Mounting plugin GeometryProcessing
LogPluginManager: Mounting plugin MotoSynth
LogPluginManager: Mounting plugin OpenImageDenoise
LogPluginManager: Mounting plugin PlanarCut
LogPluginManager: Mounting plugin PlatformCrypto
LogPluginManager: Mounting plugin ProxyLODPlugin
LogPluginManager: Mounting plugin AnimationSharing
LogPluginManager: Mounting plugin CodeLiteSourceCodeAccess
LogPluginManager: Mounting plugin PythonScriptPlugin
LogPluginManager: Mounting plugin KDevelopSourceCodeAccess
LogPluginManager: Mounting plugin GitSourceControl
LogPluginManager: Mounting plugin SkeletalReduction
LogPluginManager: Mounting plugin PerforceSourceControl
LogPluginManager: Mounting plugin PixWinPlugin
LogPluginManager: Mounting plugin PlasticSourceControl
LogPluginManager: Mounting plugin PluginUtils
LogPluginManager: Mounting plugin PropertyAccessNode
LogPluginManager: Mounting plugin NullSourceCodeAccess
LogPluginManager: Mounting plugin RiderSourceCodeAccess
LogPluginManager: Mounting plugin SubversionSourceControl
LogPluginManager: Mounting plugin TextureFormatOodle
LogPluginManager: Mounting plugin UObjectPlugin
LogPluginManager: Mounting plugin VisualStudioCodeSourceCodeAccess
LogPluginManager: Mounting plugin VisualStudioSourceCodeAccess
LogPluginManager: Mounting plugin XCodeSourceCodeAccess
LogPluginManager: Mounting plugin DatasmithContent
LogPluginManager: Mounting plugin Niagara
LogPluginManager: Mounting plugin VariantManagerContent
LogPluginManager: Mounting plugin AndroidMedia
LogPluginManager: Mounting plugin AvfMedia
LogPluginManager: Mounting plugin ImgMedia
LogPluginManager: Mounting plugin MediaCompositing
LogPluginManager: Mounting plugin MediaPlayerEditor
LogPluginManager: Mounting plugin WebMMedia
LogPluginManager: Mounting plugin WmfMedia
LogPluginManager: Mounting plugin ActorSequence
LogPluginManager: Mounting plugin LevelSequenceEditor
LogPluginManager: Mounting plugin MatineeToLevelSequence
LogPluginManager: Mounting plugin TemplateSequence
LogPluginManager: Mounting plugin OnlineSubsystem
LogPluginManager: Mounting plugin OnlineSubsystemNull
LogPluginManager: Mounting plugin CLionSourceCodeAccess
LogPluginManager: Mounting plugin OnlineSubsystemUtils
LogPluginManager: Mounting plugin TcpMessaging
LogPluginManager: Mounting plugin UdpMessaging
LogPluginManager: Mounting plugin LauncherChunkInstaller
LogPluginManager: Mounting plugin ActorLayerUtilities
LogPluginManager: Mounting plugin AndroidDeviceProfileSelector
LogPluginManager: Mounting plugin AndroidMoviePlayer
LogPluginManager: Mounting plugin AppleMoviePlayer
LogPluginManager: Mounting plugin ArchVisCharacter
LogPluginManager: Mounting plugin AssetTags
LogPluginManager: Mounting plugin AppleImageUtils
LogPluginManager: Mounting plugin AudioCapture
LogPluginManager: Mounting plugin AudioSynesthesia
LogPluginManager: Mounting plugin CustomMeshComponent
LogPluginManager: Mounting plugin EditableMesh
LogPluginManager: Mounting plugin AndroidPermission
LogPluginManager: Mounting plugin ExampleDeviceProfileSelector
LogPluginManager: Mounting plugin GoogleCloudMessaging
LogPluginManager: Mounting plugin GooglePAD
LogPluginManager: Mounting plugin IOSDeviceProfileSelector
LogPluginManager: Mounting plugin LinuxDeviceProfileSelector
LogPluginManager: Mounting plugin LocationServicesBPLibrary
LogPluginManager: Mounting plugin MobilePatchingUtils
LogPluginManager: Mounting plugin OpenXR
LogPluginManager: Mounting plugin OpenXREyeTracker
LogPluginManager: Mounting plugin LuminPlatformFeatures
LogPluginManager: Mounting plugin MagicLeap
LogPluginManager: Mounting plugin MagicLeapLightEstimation
LogPluginManager: Mounting plugin MagicLeapMedia
LogPluginManager: Mounting plugin MagicLeapPassableWorld
LogPluginManager: Mounting plugin MLSDK
LogPluginManager: Mounting plugin OpenXRHandTracking
LogPluginManager: Mounting plugin PhysXVehicles
LogPluginManager: Mounting plugin PostSplashScreen
LogPluginManager: Mounting plugin ChunkDownloader
LogPluginManager: Mounting plugin PropertyAccessEditor
LogPluginManager: Mounting plugin SignificanceManager
LogPluginManager: Mounting plugin ProceduralMeshComponent
LogPluginManager: Mounting plugin SoundFields
LogPluginManager: Mounting plugin RuntimePhysXCooking
LogPluginManager: Mounting plugin Synthesis
LogPluginManager: Mounting plugin WebMMoviePlayer
LogPluginManager: Mounting plugin WindowsMoviePlayer
LogPluginManager: Mounting plugin Takes
LogPluginManager: Mounting plugin OodleData
LogPluginManager: Mounting plugin OodleNetwork
LogPluginManager: Mounting plugin ScreenshotTools
LogPluginManager: Mounting plugin CableComponent
LogPluginManager: Mounting plugin ContentBrowserAssetDataSource
LogPluginManager: Mounting plugin ContentBrowserClassDataSource
LogPluginManager: Mounting plugin ContentBrowserFileDataSource
LogPluginManager: Mounting plugin OnlineSubsystemIOS
LogPluginManager: Mounting plugin OnlineSubsystemGooglePlay
LogPluginManager: Mounting plugin OculusVR
LogPluginManager: Mounting plugin SteamVR
PixWinPlugin: PIX capture plugin failed to initialize! Check that the process is launched from PIX.
LogInit: Using libcurl 7.55.1-DEV
LogInit:  - built for x86_64-pc-win32
LogInit:  - supports SSL with OpenSSL/1.1.1
LogInit:  - supports HTTP deflate (compression) using libz 1.2.8
LogInit:  - other features:
LogInit:      CURL_VERSION_SSL
LogInit:      CURL_VERSION_LIBZ
LogInit:      CURL_VERSION_IPV6
LogInit:      CURL_VERSION_ASYNCHDNS
LogInit:      CURL_VERSION_LARGEFILE
LogInit:      CURL_VERSION_IDN
LogInit:  CurlRequestOptions (configurable via config and command line):
LogInit:  - bVerifyPeer = true  - Libcurl will verify peer certificate
LogInit:  - bUseHttpProxy = false  - Libcurl will NOT use HTTP proxy
LogInit:  - bDontReuseConnections = false  - Libcurl will reuse connections
LogInit:  - MaxHostConnections = 16  - Libcurl will limit the number of connections to a host
LogInit:  - LocalHostAddr = Default
LogInit:  - BufferSize = 65536
LogOnline: OSS: Creating online subsystem instance for: NULL
LogInit: WinSock: version 1.1 (2.2), MaxSocks=32767, MaxUdp=65467
LogOnline: OSS: TryLoadSubsystemAndSetDefault: Loaded subsystem for module [NULL]
LogInit: Build: ++UE4+Release-4.27-CL-18319896
LogInit: Engine Version: 4.27.2-18319896+++UE4+Release-4.27
LogInit: Compatible Engine Version: 4.27.0-17155196+++UE4+Release-4.27
LogInit: Net CL: 17155196
LogInit: OS: Windows 10 (Release 2009) (), CPU: Intel(R) Core(TM) i5-9300H CPU @ 2.40GHz, GPU: Intel(R) UHD Graphics 630
LogInit: Compiled (64-bit): Nov 30 2021 07:12:08
LogInit: Compiled with Visual C++: 19.24.28315.00
LogInit: Build Configuration: Development
LogInit: Branch Name: ++UE4+Release-4.27
LogInit: Command Line:  "C:\Unreal Projects\Top-Down-Puzzle\TopDownPuzzle\TopDownPuzzle.uproject" -RUN=VSTestAdapter -listtests=C:\Users\patel\AppData\Local\Temp\tmp3521.tmp -filters= -stdout -multiprocess -silent -unattended -AllowStdOutLogVerbosity -NoShaderCompile -NoExit
LogInit: Base Directory: C:/Program Files/UE/UE_4.27/Engine/Binaries/Win64/
LogInit: Allocator: TBB
LogInit: Installed Engine Build: 1
LogDevObjectVersion: Number of dev versions registered: 29
LogDevObjectVersion:   Dev-Blueprints (B0D832E4-1F89-4F0D-ACCF-7EB736FD4AA2): 10
LogDevObjectVersion:   Dev-Build (E1C64328-A22C-4D53-A36C-8E866417BD8C): 0
LogDevObjectVersion:   Dev-Core (375EC13C-06E4-48FB-B500-84F0262A717E): 4
LogDevObjectVersion:   Dev-Editor (E4B068ED-F494-42E9-A231-DA0B2E46BB41): 40
LogDevObjectVersion:   Dev-Framework (CFFC743F-43B0-4480-9391-14DF171D2073): 37
LogDevObjectVersion:   Dev-Mobile (B02B49B5-BB20-44E9-A304-32B752E40360): 3
LogDevObjectVersion:   Dev-Networking (A4E4105C-59A1-49B5-A7C5-40C4547EDFEE): 0
LogDevObjectVersion:   Dev-Online (39C831C9-5AE6-47DC-9A44-9C173E1C8E7C): 0
LogDevObjectVersion:   Dev-Physics (78F01B33-EBEA-4F98-B9B4-84EACCB95AA2): 14
LogDevObjectVersion:   Dev-Platform (6631380F-2D4D-43E0-8009-CF276956A95A): 0
LogDevObjectVersion:   Dev-Rendering (12F88B9F-8875-4AFC-A67C-D90C383ABD29): 45
LogDevObjectVersion:   Dev-Sequencer (7B5AE74C-D270-4C10-A958-57980B212A5A): 13
LogDevObjectVersion:   Dev-VR (D7296918-1DD6-4BDD-9DE2-64A83CC13884): 3
LogDevObjectVersion:   Dev-LoadTimes (C2A15278-BFE7-4AFE-6C17-90FF531DF755): 1
LogDevObjectVersion:   Private-Geometry (6EACA3D4-40EC-4CC1-B786-8BED09428FC5): 3
LogDevObjectVersion:   Dev-AnimPhys (29E575DD-E0A3-4627-9D10-D276232CDCEA): 17
LogDevObjectVersion:   Dev-Anim (AF43A65D-7FD3-4947-9873-3E8ED9C1BB05): 15
LogDevObjectVersion:   Dev-ReflectionCapture (6B266CEC-1EC7-4B8F-A30B-E4D90942FC07): 1
LogDevObjectVersion:   Dev-Automation (0DF73D61-A23F-47EA-B727-89E90C41499A): 1
LogDevObjectVersion:   FortniteMain (601D1886-AC64-4F84-AA16-D3DE0DEAC7D6): 47
LogDevObjectVersion:   FortniteRelease (E7086368-6B23-4C58-8439-1B7016265E91): 1
LogDevObjectVersion:   Dev-Enterprise (9DFFBCD6-494F-0158-E221-12823C92A888): 10
LogDevObjectVersion:   Dev-Niagara (F2AED0AC-9AFE-416F-8664-AA7FFA26D6FC): 1
LogDevObjectVersion:   Dev-Destruction (174F1F0B-B4C6-45A5-B13F-2EE8D0FB917D): 10
LogDevObjectVersion:   Dev-Physics-Ext (35F94A83-E258-406C-A318-09F59610247C): 41
LogDevObjectVersion:   Dev-PhysicsMaterial-Chaos (B68FC16E-8B1B-42E2-B453-215C058844FE): 1
LogDevObjectVersion:   Dev-CineCamera (B2E18506-4273-CFC2-A54E-F4BB758BBA07): 1
LogDevObjectVersion:   Dev-VirtualProduction (64F58936-FD1B-42BA-BA96-7289D5D0FA4E): 1
LogDevObjectVersion:   Dev-MediaFramework (6F0ED827-A609-4895-9C91-998D90180EA4): 2
LogInit: Presizing for max 25165824 objects, including 0 objects not considered by GC, pre-allocating 0 bytes for permanent pool.
LogConfig: Applying CVar settings from Section [/Script/Engine.StreamingSettings] File [C:/Unreal Projects/Top-Down-Puzzle/TopDownPuzzle/Saved/Config/Windows/Engine.ini]
LogConfig: Setting CVar [[s.MinBulkDataSizeForAsyncLoading:131072]]
LogConfig: Setting CVar [[s.AsyncLoadingThreadEnabled:0]]
LogConfig: Setting CVar [[s.EventDrivenLoaderEnabled:1]]
LogConfig: Setting CVar [[s.WarnIfTimeLimitExceeded:0]]
LogConfig: Setting CVar [[s.TimeLimitExceededMultiplier:1.5]]
LogConfig: Setting CVar [[s.TimeLimitExceededMinTime:0.005]]
LogConfig: Setting CVar [[s.UseBackgroundLevelStreaming:1]]
LogConfig: Setting CVar [[s.PriorityAsyncLoadingExtraTime:15.0]]
LogConfig: Setting CVar [[s.LevelStreamingActorsUpdateTimeLimit:5.0]]
LogConfig: Setting CVar [[s.PriorityLevelStreamingActorsUpdateExtraTime:5.0]]
LogConfig: Setting CVar [[s.LevelStreamingComponentsRegistrationGranularity:10]]
LogConfig: Setting CVar [[s.UnregisterComponentsTimeLimit:1.0]]
LogConfig: Setting CVar [[s.LevelStreamingComponentsUnregistrationGranularity:5]]
LogConfig: Setting CVar [[s.FlushStreamingOnExit:1]]
LogInit: Object subsystem initialized
LogConfig: Setting CVar [[con.DebugEarlyDefault:1]]
LogConfig: Setting CVar [[r.setres:1280x720]]
[2025.04.10-01.46.40:565][  0]LogConfig: Setting CVar [[con.DebugEarlyDefault:1]]
[2025.04.10-01.46.40:570][  0]LogConfig: Setting CVar [[r.setres:1280x720]]
[2025.04.10-01.46.40:572][  0]LogConfig: Applying CVar settings from Section [/Script/Engine.RendererSettings] File [C:/Unreal Projects/Top-Down-Puzzle/TopDownPuzzle/Saved/Config/Windows/Engine.ini]
[2025.04.10-01.46.40:572][  0]LogConfig: Setting CVar [[r.GPUCrashDebugging:0]]
[2025.04.10-01.46.40:573][  0]LogConfig: Setting CVar [[r.Mobile.DisableVertexFog:1]]
[2025.04.10-01.46.40:575][  0]LogConfig: Setting CVar [[r.Shadow.CSM.MaxMobileCascades:2]]
[2025.04.10-01.46.40:575][  0]LogConfig: Setting CVar [[r.MobileMSAA:1]]
[2025.04.10-01.46.40:575][  0]LogConfig: Setting CVar [[r.Mobile.AllowDitheredLODTransition:0]]
[2025.04.10-01.46.40:576][  0]LogConfig: Setting CVar [[r.Mobile.AllowSoftwareOcclusion:0]]
[2025.04.10-01.46.40:576][  0]LogConfig: Setting CVar [[r.Mobile.VirtualTextures:0]]
[2025.04.10-01.46.40:576][  0]LogConfig: Setting CVar [[r.DiscardUnusedQuality:0]]
[2025.04.10-01.46.40:576][  0]LogConfig: Setting CVar [[r.AllowOcclusionQueries:1]]
[2025.04.10-01.46.40:577][  0]LogConfig: Setting CVar [[r.MinScreenRadiusForLights:0.030000]]
[2025.04.10-01.46.40:577][  0]LogConfig: Setting CVar [[r.MinScreenRadiusForDepthPrepass:0.030000]]
[2025.04.10-01.46.40:577][  0]LogConfig: Setting CVar [[r.MinScreenRadiusForCSMDepth:0.010000]]
[2025.04.10-01.46.40:577][  0]LogConfig: Setting CVar [[r.PrecomputedVisibilityWarning:0]]
[2025.04.10-01.46.40:577][  0]LogConfig: Setting CVar [[r.TextureStreaming:1]]
[2025.04.10-01.46.40:578][  0]LogConfig: Setting CVar [[Compat.UseDXT5NormalMaps:0]]
[2025.04.10-01.46.40:579][  0]LogConfig: Setting CVar [[r.VirtualTextures:0]]
[2025.04.10-01.46.40:580][  0]LogConfig: Setting CVar [[r.VT.EnableAutoImport:1]]
[2025.04.10-01.46.40:581][  0]LogConfig: Setting CVar [[r.VirtualTexturedLightmaps:0]]
[2025.04.10-01.46.40:583][  0]LogConfig: Setting CVar [[r.VT.TileSize:128]]
[2025.04.10-01.46.40:583][  0]LogConfig: Setting CVar [[r.VT.TileBorderSize:4]]
[2025.04.10-01.46.40:583][  0]LogConfig: Setting CVar [[r.vt.FeedbackFactor:16]]
[2025.04.10-01.46.40:584][  0]LogConfig: Setting CVar [[r.VT.EnableCompressZlib:1]]
[2025.04.10-01.46.40:585][  0]LogConfig: Setting CVar [[r.VT.EnableCompressCrunch:0]]
[2025.04.10-01.46.40:585][  0]LogConfig: Setting CVar [[r.ClearCoatNormal:0]]
[2025.04.10-01.46.40:585][  0]LogConfig: Setting CVar [[r.ReflectionCaptureResolution:128]]
[2025.04.10-01.46.40:588][  0]LogConfig: Setting CVar [[r.Mobile.ReflectionCaptureCompression:0]]
[2025.04.10-01.46.40:588][  0]LogConfig: Setting CVar [[r.ReflectionEnvironmentLightmapMixBasedOnRoughness:1]]
[2025.04.10-01.46.40:589][  0]LogConfig: Setting CVar [[r.ForwardShading:0]]
[2025.04.10-01.46.40:589][  0]LogConfig: Setting CVar [[r.VertexFoggingForOpaque:1]]
[2025.04.10-01.46.40:590][  0]LogConfig: Setting CVar [[r.AllowStaticLighting:1]]
[2025.04.10-01.46.40:590][  0]LogConfig: Setting CVar [[r.NormalMapsForStaticLighting:0]]
[2025.04.10-01.46.40:590][  0]LogConfig: Setting CVar [[r.GenerateMeshDistanceFields:0]]
[2025.04.10-01.46.40:591][  0]LogConfig: Setting CVar [[r.DistanceFieldBuild.EightBit:0]]
[2025.04.10-01.46.40:591][  0]LogConfig: Setting CVar [[r.GenerateLandscapeGIData:0]]
[2025.04.10-01.46.40:591][  0]LogConfig: Setting CVar [[r.DistanceFieldBuild.Compress:0]]
[2025.04.10-01.46.40:592][  0]LogConfig: Setting CVar [[r.TessellationAdaptivePixelsPerTriangle:48.000000]]
[2025.04.10-01.46.40:592][  0]LogConfig: Setting CVar [[r.SeparateTranslucency:1]]
[2025.04.10-01.46.40:592][  0]LogConfig: Setting CVar [[r.TranslucentSortPolicy:0]]
[2025.04.10-01.46.40:592][  0]LogConfig: Setting CVar [[vr.VRS.HMDFixedFoveationLevel:0]]
[2025.04.10-01.46.40:593][  0]LogConfig: Setting CVar [[r.CustomDepth:1]]
[2025.04.10-01.46.40:593][  0]LogConfig: Setting CVar [[r.CustomDepthTemporalAAJitter:1]]
[2025.04.10-01.46.40:593][  0]LogConfig: Setting CVar [[r.PostProcessing.PropagateAlpha:0]]
[2025.04.10-01.46.40:593][  0]LogConfig: Setting CVar [[r.DefaultFeature.Bloom:1]]
[2025.04.10-01.46.40:594][  0]LogConfig: Setting CVar [[r.DefaultFeature.AmbientOcclusion:1]]
[2025.04.10-01.46.40:594][  0]LogConfig: Setting CVar [[r.DefaultFeature.AmbientOcclusionStaticFraction:1]]
[2025.04.10-01.46.40:594][  0]LogConfig: Setting CVar [[r.DefaultFeature.AutoExposure:0]]
[2025.04.10-01.46.40:595][  0]LogConfig: Setting CVar [[r.DefaultFeature.AutoExposure.Method:0]]
[2025.04.10-01.46.40:595][  0]LogConfig: Setting CVar [[r.DefaultFeature.AutoExposure.Bias:1.000000]]
[2025.04.10-01.46.40:596][  0]LogConfig: Setting CVar [[r.DefaultFeature.AutoExposure.ExtendDefaultLuminanceRange:0]]
[2025.04.10-01.46.40:596][  0]LogConfig: Setting CVar [[r.UsePreExposure:1]]
[2025.04.10-01.46.40:596][  0]LogConfig: Setting CVar [[r.EyeAdaptation.EditorOnly:0]]
[2025.04.10-01.46.40:596][  0]LogConfig: Setting CVar [[r.DefaultFeature.MotionBlur:0]]
[2025.04.10-01.46.40:597][  0]LogConfig: Setting CVar [[r.DefaultFeature.LensFlare:0]]
[2025.04.10-01.46.40:597][  0]LogConfig: Setting CVar [[r.TemporalAA.Upsampling:0]]
[2025.04.10-01.46.40:597][  0]LogConfig: Setting CVar [[r.SSGI.Enable:0]]
[2025.04.10-01.46.40:597][  0]LogConfig: Setting CVar [[r.DefaultFeature.AntiAliasing:0]]
[2025.04.10-01.46.40:597][  0]LogConfig: Setting CVar [[r.DefaultFeature.LightUnits:1]]
[2025.04.10-01.46.40:598][  0]LogConfig: Setting CVar [[r.DefaultBackBufferPixelFormat:4]]
[2025.04.10-01.46.40:598][  0]LogConfig: Setting CVar [[r.Shadow.UnbuiltPreviewInGame:1]]
[2025.04.10-01.46.40:598][  0]LogConfig: Setting CVar [[r.StencilForLODDither:0]]
[2025.04.10-01.46.40:598][  0]LogConfig: Setting CVar [[r.EarlyZPass:3]]
[2025.04.10-01.46.40:599][  0]LogConfig: Setting CVar [[r.EarlyZPassOnlyMaterialMasking:0]]
[2025.04.10-01.46.40:599][  0]LogConfig: Setting CVar [[r.DBuffer:1]]
[2025.04.10-01.46.40:599][  0]LogConfig: Setting CVar [[r.ClearSceneMethod:1]]
[2025.04.10-01.46.40:600][  0]LogConfig: Setting CVar [[r.BasePassOutputsVelocity:0]]
[2025.04.10-01.46.40:600][  0]LogConfig: Setting CVar [[r.VertexDeformationOutputsVelocity:0]]
[2025.04.10-01.46.40:601][  0]LogConfig: Setting CVar [[r.SelectiveBasePassOutputs:0]]
[2025.04.10-01.46.40:601][  0]LogConfig: Setting CVar [[fx.GPUSimulationTextureSizeX:1024]]
[2025.04.10-01.46.40:601][  0]LogConfig: Setting CVar [[fx.GPUSimulationTextureSizeY:1024]]
[2025.04.10-01.46.40:602][  0]LogConfig: Setting CVar [[r.AllowGlobalClipPlane:0]]
[2025.04.10-01.46.40:602][  0]LogConfig: Setting CVar [[r.GBufferFormat:1]]
[2025.04.10-01.46.40:603][  0]LogConfig: Setting CVar [[r.MorphTarget.Mode:1]]
[2025.04.10-01.46.40:603][  0]LogConfig: Setting CVar [[vr.InstancedStereo:0]]
[2025.04.10-01.46.40:603][  0]LogConfig: Setting CVar [[r.MobileHDR:1]]
[2025.04.10-01.46.40:604][  0]LogConfig: Setting CVar [[vr.MobileMultiView:0]]
[2025.04.10-01.46.40:604][  0]LogConfig: Setting CVar [[r.Mobile.UseHWsRGBEncoding:0]]
[2025.04.10-01.46.40:604][  0]LogConfig: Setting CVar [[vr.RoundRobinOcclusion:0]]
[2025.04.10-01.46.40:604][  0]LogConfig: Setting CVar [[vr.ODSCapture:0]]
[2025.04.10-01.46.40:605][  0]LogConfig: Setting CVar [[r.MeshStreaming:0]]
[2025.04.10-01.46.40:605][  0]LogConfig: Setting CVar [[r.WireframeCullThreshold:5.000000]]
[2025.04.10-01.46.40:605][  0]LogConfig: Setting CVar [[r.RayTracing:0]]
[2025.04.10-01.46.40:605][  0]LogConfig: Setting CVar [[r.RayTracing.UseTextureLod:0]]
[2025.04.10-01.46.40:605][  0]LogConfig: Setting CVar [[r.SupportStationarySkylight:1]]
[2025.04.10-01.46.40:605][  0]LogConfig: Setting CVar [[r.SupportLowQualityLightmaps:1]]
[2025.04.10-01.46.40:607][  0]LogConfig: Setting CVar [[r.SupportPointLightWholeSceneShadows:1]]
[2025.04.10-01.46.40:607][  0]LogConfig: Setting CVar [[r.SupportAtmosphericFog:1]]
[2025.04.10-01.46.40:607][  0]LogConfig: Setting CVar [[r.SupportSkyAtmosphere:1]]
[2025.04.10-01.46.40:608][  0]LogConfig: Setting CVar [[r.SupportSkyAtmosphereAffectsHeightFog:0]]
[2025.04.10-01.46.40:608][  0]LogConfig: Setting CVar [[r.SkinCache.CompileShaders:0]]
[2025.04.10-01.46.40:608][  0]LogConfig: Setting CVar [[r.SkinCache.DefaultBehavior:1]]
[2025.04.10-01.46.40:609][  0]LogConfig: Setting CVar [[r.SkinCache.SceneMemoryLimitInMB:128.000000]]
[2025.04.10-01.46.40:609][  0]LogConfig: Setting CVar [[r.Mobile.EnableStaticAndCSMShadowReceivers:1]]
[2025.04.10-01.46.40:610][  0]LogConfig: Setting CVar [[r.Mobile.EnableMovableLightCSMShaderCulling:1]]
[2025.04.10-01.46.40:611][  0]LogConfig: Setting CVar [[r.Mobile.AllowDistanceFieldShadows:1]]
[2025.04.10-01.46.40:612][  0]LogConfig: Setting CVar [[r.Mobile.AllowMovableDirectionalLights:1]]
[2025.04.10-01.46.40:612][  0]LogConfig: Setting CVar [[r.MobileNumDynamicPointLights:4]]
[2025.04.10-01.46.40:612][  0]LogConfig: Setting CVar [[r.MobileDynamicPointLightsUseStaticBranch:1]]
[2025.04.10-01.46.40:613][  0]LogConfig: Setting CVar [[r.Mobile.EnableMovableSpotlights:0]]
[2025.04.10-01.46.40:613][  0]LogConfig: Setting CVar [[r.Mobile.EnableMovableSpotlightsShadow:0]]
[2025.04.10-01.46.40:614][  0]LogConfig: Setting CVar [[r.GPUSkin.Support16BitBoneIndex:0]]
[2025.04.10-01.46.40:614][  0]LogConfig: Setting CVar [[r.GPUSkin.Limit2BoneInfluences:0]]
[2025.04.10-01.46.40:614][  0]LogConfig: Setting CVar [[r.SupportDepthOnlyIndexBuffers:1]]
[2025.04.10-01.46.40:614][  0]LogConfig: Setting CVar [[r.SupportReversedIndexBuffers:1]]
[2025.04.10-01.46.40:615][  0]LogConfig: Setting CVar [[r.LightPropagationVolume:0]]
[2025.04.10-01.46.40:615][  0]LogConfig: Setting CVar [[r.Mobile.AmbientOcclusion:0]]
[2025.04.10-01.46.40:615][  0]LogConfig: Setting CVar [[r.GPUSkin.UnlimitedBoneInfluences:0]]
[2025.04.10-01.46.40:615][  0]LogConfig: Setting CVar [[r.GPUSkin.UnlimitedBoneInfluencesThreshold:8]]
[2025.04.10-01.46.40:616][  0]LogConfig: Setting CVar [[r.Mobile.PlanarReflectionMode:0]]
[2025.04.10-01.46.40:616][  0]LogConfig: Setting CVar [[r.Mobile.SupportsGen4TAA:0]]
[2025.04.10-01.46.40:616][  0]LogConfig: Applying CVar settings from Section [/Script/Engine.RendererOverrideSettings] File [C:/Unreal Projects/Top-Down-Puzzle/TopDownPuzzle/Saved/Config/Windows/Engine.ini]
[2025.04.10-01.46.40:617][  0]LogConfig: Applying CVar settings from Section [/Script/Engine.StreamingSettings] File [C:/Unreal Projects/Top-Down-Puzzle/TopDownPuzzle/Saved/Config/Windows/Engine.ini]
[2025.04.10-01.46.40:617][  0]LogConfig: Setting CVar [[s.MinBulkDataSizeForAsyncLoading:131072]]
[2025.04.10-01.46.40:617][  0]LogConfig: Setting CVar [[s.AsyncLoadingThreadEnabled:0]]
[2025.04.10-01.46.40:617][  0]LogConfig: Setting CVar [[s.EventDrivenLoaderEnabled:1]]
[2025.04.10-01.46.40:617][  0]LogConfig: Setting CVar [[s.WarnIfTimeLimitExceeded:0]]
[2025.04.10-01.46.40:617][  0]LogConfig: Setting CVar [[s.TimeLimitExceededMultiplier:1.5]]
[2025.04.10-01.46.40:618][  0]LogConfig: Setting CVar [[s.TimeLimitExceededMinTime:0.005]]
[2025.04.10-01.46.40:618][  0]LogConfig: Setting CVar [[s.UseBackgroundLevelStreaming:1]]
[2025.04.10-01.46.40:618][  0]LogConfig: Setting CVar [[s.PriorityAsyncLoadingExtraTime:15.0]]
[2025.04.10-01.46.40:619][  0]LogConfig: Setting CVar [[s.LevelStreamingActorsUpdateTimeLimit:5.0]]
[2025.04.10-01.46.40:619][  0]LogConfig: Setting CVar [[s.PriorityLevelStreamingActorsUpdateExtraTime:5.0]]
[2025.04.10-01.46.40:620][  0]LogConfig: Setting CVar [[s.LevelStreamingComponentsRegistrationGranularity:10]]
[2025.04.10-01.46.40:620][  0]LogConfig: Setting CVar [[s.UnregisterComponentsTimeLimit:1.0]]
[2025.04.10-01.46.40:620][  0]LogConfig: Setting CVar [[s.LevelStreamingComponentsUnregistrationGranularity:5]]
[2025.04.10-01.46.40:621][  0]LogConfig: Setting CVar [[s.FlushStreamingOnExit:1]]
[2025.04.10-01.46.40:621][  0]LogConfig: Applying CVar settings from Section [/Script/Engine.GarbageCollectionSettings] File [C:/Unreal Projects/Top-Down-Puzzle/TopDownPuzzle/Saved/Config/Windows/Engine.ini]
[2025.04.10-01.46.40:621][  0]LogConfig: Setting CVar [[gc.MaxObjectsNotConsideredByGC:1]]
[2025.04.10-01.46.40:622][  0]LogConfig: Setting CVar [[gc.SizeOfPermanentObjectPool:0]]
[2025.04.10-01.46.40:622][  0]LogConfig: Setting CVar [[gc.FlushStreamingOnGC:0]]
[2025.04.10-01.46.40:623][  0]LogConfig: Setting CVar [[gc.NumRetriesBeforeForcingGC:10]]
[2025.04.10-01.46.40:623][  0]LogConfig: Setting CVar [[gc.AllowParallelGC:1]]
[2025.04.10-01.46.40:624][  0]LogConfig: Setting CVar [[gc.TimeBetweenPurgingPendingKillObjects:61.1]]
[2025.04.10-01.46.40:624][  0]LogConfig: Setting CVar [[gc.MaxObjectsInEditor:25165824]]
[2025.04.10-01.46.40:624][  0]LogConfig: Setting CVar [[gc.IncrementalBeginDestroyEnabled:1]]
[2025.04.10-01.46.40:624][  0]LogConfig: Setting CVar [[gc.CreateGCClusters:1]]
[2025.04.10-01.46.40:625][  0]LogConfig: Setting CVar [[gc.MinGCClusterSize:5]]
[2025.04.10-01.46.40:625][  0]LogConfig: Setting CVar [[gc.ActorClusteringEnabled:0]]
[2025.04.10-01.46.40:625][  0]LogConfig: Setting CVar [[gc.BlueprintClusteringEnabled:0]]
[2025.04.10-01.46.40:625][  0]LogConfig: Setting CVar [[gc.UseDisregardForGCOnDedicatedServers:0]]
[2025.04.10-01.46.40:625][  0]LogConfig: Setting CVar [[gc.MultithreadedDestructionEnabled:1]]
[2025.04.10-01.46.40:627][  0]LogConfig: Applying CVar settings from Section [/Script/Engine.NetworkSettings] File [C:/Unreal Projects/Top-Down-Puzzle/TopDownPuzzle/Saved/Config/Windows/Engine.ini]
[2025.04.10-01.46.40:627][  0]LogConfig: Applying CVar settings from Section [/Script/UnrealEd.CookerSettings] File [C:/Unreal Projects/Top-Down-Puzzle/TopDownPuzzle/Saved/Config/Windows/Engine.ini]
[2025.04.10-01.46.40:627][  0]LogConfig: Applying CVar settings from Section [ViewDistanceQuality@3] File [C:/Unreal Projects/Top-Down-Puzzle/TopDownPuzzle/Saved/Config/Windows/Scalability.ini]
[2025.04.10-01.46.40:629][  0]LogConfig: Setting CVar [[r.SkeletalMeshLODBias:0]]
[2025.04.10-01.46.40:630][  0]LogConfig: Setting CVar [[r.ViewDistanceScale:1.0]]
[2025.04.10-01.46.40:630][  0]LogConfig: Applying CVar settings from Section [AntiAliasingQuality@3] File [C:/Unreal Projects/Top-Down-Puzzle/TopDownPuzzle/Saved/Config/Windows/Scalability.ini]
[2025.04.10-01.46.40:630][  0]LogConfig: Setting CVar [[r.PostProcessAAQuality:4]]
[2025.04.10-01.46.40:631][  0]LogConfig: Applying CVar settings from Section [ShadowQuality@3] File [C:/Unreal Projects/Top-Down-Puzzle/TopDownPuzzle/Saved/Config/Windows/Scalability.ini]
[2025.04.10-01.46.40:631][  0]LogConfig: Setting CVar [[r.LightFunctionQuality:1]]
[2025.04.10-01.46.40:632][  0]LogConfig: Setting CVar [[r.ShadowQuality:5]]
[2025.04.10-01.46.40:632][  0]LogConfig: Setting CVar [[r.Shadow.CSM.MaxCascades:10]]
[2025.04.10-01.46.40:633][  0]LogConfig: Setting CVar [[r.Shadow.MaxResolution:2048]]
[2025.04.10-01.46.40:633][  0]LogConfig: Setting CVar [[r.Shadow.MaxCSMResolution:2048]]
[2025.04.10-01.46.40:634][  0]LogConfig: Setting CVar [[r.Shadow.RadiusThreshold:0.01]]
[2025.04.10-01.46.40:635][  0]LogConfig: Setting CVar [[r.Shadow.DistanceScale:1.0]]
[2025.04.10-01.46.40:635][  0]LogConfig: Setting CVar [[r.Shadow.CSM.TransitionScale:1.0]]
[2025.04.10-01.46.40:635][  0]LogConfig: Setting CVar [[r.Shadow.PreShadowResolutionFactor:1.0]]
[2025.04.10-01.46.40:635][  0]LogConfig: Setting CVar [[r.DistanceFieldShadowing:1]]
[2025.04.10-01.46.40:636][  0]LogConfig: Setting CVar [[r.DistanceFieldAO:1]]
[2025.04.10-01.46.40:636][  0]LogConfig: Setting CVar [[r.AOQuality:2]]
[2025.04.10-01.46.40:636][  0]LogConfig: Setting CVar [[r.VolumetricFog:1]]
[2025.04.10-01.46.40:637][  0]LogConfig: Setting CVar [[r.VolumetricFog.GridPixelSize:8]]
[2025.04.10-01.46.40:637][  0]LogConfig: Setting CVar [[r.VolumetricFog.GridSizeZ:128]]
[2025.04.10-01.46.40:637][  0]LogConfig: Setting CVar [[r.VolumetricFog.HistoryMissSupersampleCount:4]]
[2025.04.10-01.46.40:638][  0]LogConfig: Setting CVar [[r.LightMaxDrawDistanceScale:1]]
[2025.04.10-01.46.40:638][  0]LogConfig: Setting CVar [[r.CapsuleShadows:1]]
[2025.04.10-01.46.40:638][  0]LogConfig: Applying CVar settings from Section [PostProcessQuality@3] File [C:/Unreal Projects/Top-Down-Puzzle/TopDownPuzzle/Saved/Config/Windows/Scalability.ini]
[2025.04.10-01.46.40:640][  0]LogConfig: Setting CVar [[r.MotionBlurQuality:4]]
[2025.04.10-01.46.40:640][  0]LogConfig: Setting CVar [[r.AmbientOcclusionMipLevelFactor:0.4]]
[2025.04.10-01.46.40:641][  0]LogConfig: Setting CVar [[r.AmbientOcclusionMaxQuality:100]]
[2025.04.10-01.46.40:641][  0]LogConfig: Setting CVar [[r.AmbientOcclusionLevels:-1]]
[2025.04.10-01.46.40:642][  0]LogConfig: Setting CVar [[r.AmbientOcclusionRadiusScale:1.0]]
[2025.04.10-01.46.40:642][  0]LogConfig: Setting CVar [[r.DepthOfFieldQuality:2]]
[2025.04.10-01.46.40:642][  0]LogConfig: Setting CVar [[r.RenderTargetPoolMin:400]]
[2025.04.10-01.46.40:642][  0]LogConfig: Setting CVar [[r.LensFlareQuality:2]]
[2025.04.10-01.46.40:643][  0]LogConfig: Setting CVar [[r.SceneColorFringeQuality:1]]
[2025.04.10-01.46.40:643][  0]LogConfig: Setting CVar [[r.EyeAdaptationQuality:2]]
[2025.04.10-01.46.40:643][  0]LogConfig: Setting CVar [[r.BloomQuality:5]]
[2025.04.10-01.46.40:643][  0]LogConfig: Setting CVar [[r.FastBlurThreshold:100]]
[2025.04.10-01.46.40:643][  0]LogConfig: Setting CVar [[r.Upscale.Quality:3]]
[2025.04.10-01.46.40:644][  0]LogConfig: Setting CVar [[r.Tonemapper.GrainQuantization:1]]
[2025.04.10-01.46.40:644][  0]LogConfig: Setting CVar [[r.LightShaftQuality:1]]
[2025.04.10-01.46.40:644][  0]LogConfig: Setting CVar [[r.Filter.SizeScale:1]]
[2025.04.10-01.46.40:645][  0]LogConfig: Setting CVar [[r.Tonemapper.Quality:5]]
[2025.04.10-01.46.40:645][  0]LogConfig: Setting CVar [[r.DOF.Gather.AccumulatorQuality:1        ; higher gathering accumulator quality]]
[2025.04.10-01.46.40:645][  0]LogConfig: Setting CVar [[r.DOF.Gather.PostfilterMethod:1          ; Median3x3 postfilering method]]
[2025.04.10-01.46.40:645][  0]LogConfig: Setting CVar [[r.DOF.Gather.EnableBokehSettings:0       ; no bokeh simulation when gathering]]
[2025.04.10-01.46.40:645][  0]LogConfig: Setting CVar [[r.DOF.Gather.RingCount:4                 ; medium number of samples when gathering]]
[2025.04.10-01.46.40:646][  0]LogConfig: Setting CVar [[r.DOF.Scatter.ForegroundCompositing:1    ; additive foreground scattering]]
[2025.04.10-01.46.40:646][  0]LogConfig: Setting CVar [[r.DOF.Scatter.BackgroundCompositing:2    ; additive background scattering]]
[2025.04.10-01.46.40:647][  0]LogConfig: Setting CVar [[r.DOF.Scatter.EnableBokehSettings:1      ; bokeh simulation when scattering]]
[2025.04.10-01.46.40:648][  0]LogConfig: Setting CVar [[r.DOF.Scatter.MaxSpriteRatio:0.1         ; only a maximum of 10% of scattered bokeh]]
[2025.04.10-01.46.40:648][  0]LogConfig: Setting CVar [[r.DOF.Recombine.Quality:1                ; cheap slight out of focus]]
[2025.04.10-01.46.40:648][  0]LogConfig: Setting CVar [[r.DOF.Recombine.EnableBokehSettings:0    ; no bokeh simulation on slight out of focus]]
[2025.04.10-01.46.40:648][  0]LogConfig: Setting CVar [[r.DOF.TemporalAAQuality:1                ; more stable temporal accumulation]]
[2025.04.10-01.46.40:649][  0]LogConfig: Setting CVar [[r.DOF.Kernel.MaxForegroundRadius:0.025]]
[2025.04.10-01.46.40:649][  0]LogConfig: Setting CVar [[r.DOF.Kernel.MaxBackgroundRadius:0.025]]
[2025.04.10-01.46.40:649][  0]LogConfig: Applying CVar settings from Section [TextureQuality@3] File [C:/Unreal Projects/Top-Down-Puzzle/TopDownPuzzle/Saved/Config/Windows/Scalability.ini]
[2025.04.10-01.46.40:650][  0]LogConfig: Setting CVar [[r.Streaming.MipBias:0]]
[2025.04.10-01.46.40:650][  0]LogConfig: Setting CVar [[r.Streaming.AmortizeCPUToGPUCopy:0]]
[2025.04.10-01.46.40:650][  0]LogConfig: Setting CVar [[r.Streaming.MaxNumTexturesToStreamPerFrame:0]]
[2025.04.10-01.46.40:651][  0]LogConfig: Setting CVar [[r.Streaming.Boost:1]]
[2025.04.10-01.46.40:651][  0]LogConfig: Setting CVar [[r.MaxAnisotropy:8]]
[2025.04.10-01.46.40:651][  0]LogConfig: Setting CVar [[r.VT.MaxAnisotropy:8]]
[2025.04.10-01.46.40:651][  0]LogConfig: Setting CVar [[r.Streaming.LimitPoolSizeToVRAM:0]]
[2025.04.10-01.46.40:652][  0]LogConfig: Setting CVar [[r.Streaming.PoolSize:1000]]
[2025.04.10-01.46.40:652][  0]LogConfig: Setting CVar [[r.Streaming.MaxEffectiveScreenSize:0]]
[2025.04.10-01.46.40:652][  0]LogConfig: Applying CVar settings from Section [EffectsQuality@3] File [C:/Unreal Projects/Top-Down-Puzzle/TopDownPuzzle/Saved/Config/Windows/Scalability.ini]
[2025.04.10-01.46.40:652][  0]LogConfig: Setting CVar [[r.TranslucencyLightingVolumeDim:64]]
[2025.04.10-01.46.40:653][  0]LogConfig: Setting CVar [[r.RefractionQuality:2]]
[2025.04.10-01.46.40:653][  0]LogConfig: Setting CVar [[r.SSR.Quality:3]]
[2025.04.10-01.46.40:653][  0]LogConfig: Setting CVar [[r.SSR.HalfResSceneColor:0]]
[2025.04.10-01.46.40:653][  0]LogConfig: Setting CVar [[r.SceneColorFormat:4]]
[2025.04.10-01.46.40:654][  0]LogConfig: Setting CVar [[r.DetailMode:2]]
[2025.04.10-01.46.40:654][  0]LogConfig: Setting CVar [[r.TranslucencyVolumeBlur:1]]
[2025.04.10-01.46.40:654][  0]LogConfig: Setting CVar [[r.MaterialQualityLevel:1 ; High quality]]
[2025.04.10-01.46.40:654][  0]LogConfig: Setting CVar [[r.AnisotropicMaterials:1]]
[2025.04.10-01.46.40:655][  0]LogConfig: Setting CVar [[r.SSS.Scale:1]]
[2025.04.10-01.46.40:655][  0]LogConfig: Setting CVar [[r.SSS.SampleSet:2]]
[2025.04.10-01.46.40:655][  0]LogConfig: Setting CVar [[r.SSS.Quality:1]]
[2025.04.10-01.46.40:655][  0]LogConfig: Setting CVar [[r.SSS.HalfRes:0]]
[2025.04.10-01.46.40:656][  0]LogConfig: Setting CVar [[r.SSGI.Quality:3]]
[2025.04.10-01.46.40:656][  0]LogConfig: Setting CVar [[r.EmitterSpawnRateScale:1.0]]
[2025.04.10-01.46.40:657][  0]LogConfig: Setting CVar [[r.ParticleLightQuality:2]]
[2025.04.10-01.46.40:657][  0]LogConfig: Setting CVar [[r.SkyAtmosphere.AerialPerspectiveLUT.FastApplyOnOpaque:1 ; Always have FastSkyLUT 1 in this case to avoid wrong sky]]
[2025.04.10-01.46.40:658][  0]LogConfig: Setting CVar [[r.SkyAtmosphere.AerialPerspectiveLUT.SampleCountMaxPerSlice:4]]
[2025.04.10-01.46.40:658][  0]LogConfig: Setting CVar [[r.SkyAtmosphere.AerialPerspectiveLUT.DepthResolution:16.0]]
[2025.04.10-01.46.40:659][  0]LogConfig: Setting CVar [[r.SkyAtmosphere.FastSkyLUT:1]]
[2025.04.10-01.46.40:659][  0]LogConfig: Setting CVar [[r.SkyAtmosphere.FastSkyLUT.SampleCountMin:4.0]]
[2025.04.10-01.46.40:659][  0]LogConfig: Setting CVar [[r.SkyAtmosphere.FastSkyLUT.SampleCountMax:128.0]]
[2025.04.10-01.46.40:659][  0]LogConfig: Setting CVar [[r.SkyAtmosphere.SampleCountMin:4.0]]
[2025.04.10-01.46.40:659][  0]LogConfig: Setting CVar [[r.SkyAtmosphere.SampleCountMax:128.0]]
[2025.04.10-01.46.40:660][  0]LogConfig: Setting CVar [[r.SkyAtmosphere.TransmittanceLUT.UseSmallFormat:0]]
[2025.04.10-01.46.40:660][  0]LogConfig: Setting CVar [[r.SkyAtmosphere.TransmittanceLUT.SampleCount:10.0]]
[2025.04.10-01.46.40:660][  0]LogConfig: Setting CVar [[r.SkyAtmosphere.MultiScatteringLUT.SampleCount:15.0]]
[2025.04.10-01.46.40:660][  0]LogConfig: Setting CVar [[r.SkyLight.RealTimeReflectionCapture:1]]
[2025.04.10-01.46.40:661][  0]LogConfig: Applying CVar settings from Section [FoliageQuality@3] File [C:/Unreal Projects/Top-Down-Puzzle/TopDownPuzzle/Saved/Config/Windows/Scalability.ini]
[2025.04.10-01.46.40:661][  0]LogConfig: Setting CVar [[foliage.DensityScale:1.0]]
[2025.04.10-01.46.40:661][  0]LogConfig: Setting CVar [[grass.DensityScale:1.0]]
[2025.04.10-01.46.40:662][  0]LogConfig: Applying CVar settings from Section [ShadingQuality@3] File [C:/Unreal Projects/Top-Down-Puzzle/TopDownPuzzle/Saved/Config/Windows/Scalability.ini]
[2025.04.10-01.46.40:662][  0]LogConfig: Setting CVar [[r.HairStrands.SkyLighting.IntegrationType:2]]
[2025.04.10-01.46.40:662][  0]LogConfig: Setting CVar [[r.HairStrands.SkyAO.SampleCount:4]]
[2025.04.10-01.46.40:662][  0]LogConfig: Setting CVar [[r.HairStrands.Visibility.MSAA.SamplePerPixel:4]]
[2025.04.10-01.46.40:669][  0]LogInit: Selected Device Profile: [Windows]
[2025.04.10-01.46.40:669][  0]LogInit: Applying CVar settings loaded from the selected device profile: [Windows]
[2025.04.10-01.46.40:670][  0]LogHAL: Display: Platform has ~ 16 GB [17013329920 / 17179869184 / 16], which maps to Larger [LargestMinGB=32, LargerMinGB=12, DefaultMinGB=8, SmallerMinGB=6, SmallestMinGB=0)
[2025.04.10-01.46.40:670][  0]LogInit: Going up to parent DeviceProfile []
[2025.04.10-01.46.40:670][  0]LogConfig: Applying CVar settings from Section [ViewDistanceQuality@3] File [C:/Unreal Projects/Top-Down-Puzzle/TopDownPuzzle/Saved/Config/Windows/Scalability.ini]
[2025.04.10-01.46.40:670][  0]LogConfig: Setting CVar [[r.SkeletalMeshLODBias:0]]
[2025.04.10-01.46.40:671][  0]LogConfig: Setting CVar [[r.ViewDistanceScale:1.0]]
[2025.04.10-01.46.40:671][  0]LogConfig: Applying CVar settings from Section [AntiAliasingQuality@3] File [C:/Unreal Projects/Top-Down-Puzzle/TopDownPuzzle/Saved/Config/Windows/Scalability.ini]
[2025.04.10-01.46.40:671][  0]LogConfig: Setting CVar [[r.PostProcessAAQuality:4]]
[2025.04.10-01.46.40:672][  0]LogConfig: Applying CVar settings from Section [ShadowQuality@3] File [C:/Unreal Projects/Top-Down-Puzzle/TopDownPuzzle/Saved/Config/Windows/Scalability.ini]
[2025.04.10-01.46.40:672][  0]LogConfig: Setting CVar [[r.LightFunctionQuality:1]]
[2025.04.10-01.46.40:672][  0]LogConfig: Setting CVar [[r.ShadowQuality:5]]
[2025.04.10-01.46.40:672][  0]LogConfig: Setting CVar [[r.Shadow.CSM.MaxCascades:10]]
[2025.04.10-01.46.40:673][  0]LogConfig: Setting CVar [[r.Shadow.MaxResolution:2048]]
[2025.04.10-01.46.40:673][  0]LogConfig: Setting CVar [[r.Shadow.MaxCSMResolution:2048]]
[2025.04.10-01.46.40:673][  0]LogConfig: Setting CVar [[r.Shadow.RadiusThreshold:0.01]]
[2025.04.10-01.46.40:673][  0]LogConfig: Setting CVar [[r.Shadow.DistanceScale:1.0]]
[2025.04.10-01.46.40:674][  0]LogConfig: Setting CVar [[r.Shadow.CSM.TransitionScale:1.0]]
[2025.04.10-01.46.40:674][  0]LogConfig: Setting CVar [[r.Shadow.PreShadowResolutionFactor:1.0]]
[2025.04.10-01.46.40:674][  0]LogConfig: Setting CVar [[r.DistanceFieldShadowing:1]]
[2025.04.10-01.46.40:674][  0]LogConfig: Setting CVar [[r.DistanceFieldAO:1]]
[2025.04.10-01.46.40:675][  0]LogConfig: Setting CVar [[r.AOQuality:2]]
[2025.04.10-01.46.40:675][  0]LogConfig: Setting CVar [[r.VolumetricFog:1]]
[2025.04.10-01.46.40:676][  0]LogConfig: Setting CVar [[r.VolumetricFog.GridPixelSize:8]]
[2025.04.10-01.46.40:676][  0]LogConfig: Setting CVar [[r.VolumetricFog.GridSizeZ:128]]
[2025.04.10-01.46.40:676][  0]LogConfig: Setting CVar [[r.VolumetricFog.HistoryMissSupersampleCount:4]]
[2025.04.10-01.46.40:676][  0]LogConfig: Setting CVar [[r.LightMaxDrawDistanceScale:1]]
[2025.04.10-01.46.40:677][  0]LogConfig: Setting CVar [[r.CapsuleShadows:1]]
[2025.04.10-01.46.40:677][  0]LogConfig: Applying CVar settings from Section [PostProcessQuality@3] File [C:/Unreal Projects/Top-Down-Puzzle/TopDownPuzzle/Saved/Config/Windows/Scalability.ini]
[2025.04.10-01.46.40:677][  0]LogConfig: Setting CVar [[r.MotionBlurQuality:4]]
[2025.04.10-01.46.40:677][  0]LogConfig: Setting CVar [[r.AmbientOcclusionMipLevelFactor:0.4]]
[2025.04.10-01.46.40:678][  0]LogConfig: Setting CVar [[r.AmbientOcclusionMaxQuality:100]]
[2025.04.10-01.46.40:678][  0]LogConfig: Setting CVar [[r.AmbientOcclusionLevels:-1]]
[2025.04.10-01.46.40:678][  0]LogConfig: Setting CVar [[r.AmbientOcclusionRadiusScale:1.0]]
[2025.04.10-01.46.40:679][  0]LogConfig: Setting CVar [[r.DepthOfFieldQuality:2]]
[2025.04.10-01.46.40:679][  0]LogConfig: Setting CVar [[r.RenderTargetPoolMin:400]]
[2025.04.10-01.46.40:679][  0]LogConfig: Setting CVar [[r.LensFlareQuality:2]]
[2025.04.10-01.46.40:679][  0]LogConfig: Setting CVar [[r.SceneColorFringeQuality:1]]
[2025.04.10-01.46.40:680][  0]LogConfig: Setting CVar [[r.EyeAdaptationQuality:2]]
[2025.04.10-01.46.40:680][  0]LogConfig: Setting CVar [[r.BloomQuality:5]]
[2025.04.10-01.46.40:680][  0]LogConfig: Setting CVar [[r.FastBlurThreshold:100]]
[2025.04.10-01.46.40:681][  0]LogConfig: Setting CVar [[r.Upscale.Quality:3]]
[2025.04.10-01.46.40:681][  0]LogConfig: Setting CVar [[r.Tonemapper.GrainQuantization:1]]
[2025.04.10-01.46.40:681][  0]LogConfig: Setting CVar [[r.LightShaftQuality:1]]
[2025.04.10-01.46.40:681][  0]LogConfig: Setting CVar [[r.Filter.SizeScale:1]]
[2025.04.10-01.46.40:682][  0]LogConfig: Setting CVar [[r.Tonemapper.Quality:5]]
[2025.04.10-01.46.40:682][  0]LogConfig: Setting CVar [[r.DOF.Gather.AccumulatorQuality:1        ; higher gathering accumulator quality]]
[2025.04.10-01.46.40:682][  0]LogConfig: Setting CVar [[r.DOF.Gather.PostfilterMethod:1          ; Median3x3 postfilering method]]
[2025.04.10-01.46.40:682][  0]LogConfig: Setting CVar [[r.DOF.Gather.EnableBokehSettings:0       ; no bokeh simulation when gathering]]
[2025.04.10-01.46.40:683][  0]LogConfig: Setting CVar [[r.DOF.Gather.RingCount:4                 ; medium number of samples when gathering]]
[2025.04.10-01.46.40:683][  0]LogConfig: Setting CVar [[r.DOF.Scatter.ForegroundCompositing:1    ; additive foreground scattering]]
[2025.04.10-01.46.40:684][  0]LogConfig: Setting CVar [[r.DOF.Scatter.BackgroundCompositing:2    ; additive background scattering]]
[2025.04.10-01.46.40:685][  0]LogConfig: Setting CVar [[r.DOF.Scatter.EnableBokehSettings:1      ; bokeh simulation when scattering]]
[2025.04.10-01.46.40:685][  0]LogConfig: Setting CVar [[r.DOF.Scatter.MaxSpriteRatio:0.1         ; only a maximum of 10% of scattered bokeh]]
[2025.04.10-01.46.40:685][  0]LogConfig: Setting CVar [[r.DOF.Recombine.Quality:1                ; cheap slight out of focus]]
[2025.04.10-01.46.40:685][  0]LogConfig: Setting CVar [[r.DOF.Recombine.EnableBokehSettings:0    ; no bokeh simulation on slight out of focus]]
[2025.04.10-01.46.40:687][  0]LogConfig: Setting CVar [[r.DOF.TemporalAAQuality:1                ; more stable temporal accumulation]]
[2025.04.10-01.46.40:687][  0]LogConfig: Setting CVar [[r.DOF.Kernel.MaxForegroundRadius:0.025]]
[2025.04.10-01.46.40:688][  0]LogConfig: Setting CVar [[r.DOF.Kernel.MaxBackgroundRadius:0.025]]
[2025.04.10-01.46.40:688][  0]LogConfig: Applying CVar settings from Section [TextureQuality@3] File [C:/Unreal Projects/Top-Down-Puzzle/TopDownPuzzle/Saved/Config/Windows/Scalability.ini]
[2025.04.10-01.46.40:689][  0]LogConfig: Setting CVar [[r.Streaming.MipBias:0]]
[2025.04.10-01.46.40:689][  0]LogConfig: Setting CVar [[r.Streaming.AmortizeCPUToGPUCopy:0]]
[2025.04.10-01.46.40:689][  0]LogConfig: Setting CVar [[r.Streaming.MaxNumTexturesToStreamPerFrame:0]]
[2025.04.10-01.46.40:689][  0]LogConfig: Setting CVar [[r.Streaming.Boost:1]]
[2025.04.10-01.46.40:690][  0]LogConfig: Setting CVar [[r.MaxAnisotropy:8]]
[2025.04.10-01.46.40:690][  0]LogConfig: Setting CVar [[r.VT.MaxAnisotropy:8]]
[2025.04.10-01.46.40:691][  0]LogConfig: Setting CVar [[r.Streaming.LimitPoolSizeToVRAM:0]]
[2025.04.10-01.46.40:691][  0]LogConfig: Setting CVar [[r.Streaming.PoolSize:1000]]
[2025.04.10-01.46.40:691][  0]LogConfig: Setting CVar [[r.Streaming.MaxEffectiveScreenSize:0]]
[2025.04.10-01.46.40:691][  0]LogConfig: Applying CVar settings from Section [EffectsQuality@3] File [C:/Unreal Projects/Top-Down-Puzzle/TopDownPuzzle/Saved/Config/Windows/Scalability.ini]
[2025.04.10-01.46.40:692][  0]LogConfig: Setting CVar [[r.TranslucencyLightingVolumeDim:64]]
[2025.04.10-01.46.40:692][  0]LogConfig: Setting CVar [[r.RefractionQuality:2]]
[2025.04.10-01.46.40:693][  0]LogConfig: Setting CVar [[r.SSR.Quality:3]]
[2025.04.10-01.46.40:693][  0]LogConfig: Setting CVar [[r.SSR.HalfResSceneColor:0]]
[2025.04.10-01.46.40:693][  0]LogConfig: Setting CVar [[r.SceneColorFormat:4]]
[2025.04.10-01.46.40:693][  0]LogConfig: Setting CVar [[r.DetailMode:2]]
[2025.04.10-01.46.40:693][  0]LogConfig: Setting CVar [[r.TranslucencyVolumeBlur:1]]
[2025.04.10-01.46.40:694][  0]LogConfig: Setting CVar [[r.MaterialQualityLevel:1 ; High quality]]
[2025.04.10-01.46.40:694][  0]LogConfig: Setting CVar [[r.AnisotropicMaterials:1]]
[2025.04.10-01.46.40:695][  0]LogConfig: Setting CVar [[r.SSS.Scale:1]]
[2025.04.10-01.46.40:695][  0]LogConfig: Setting CVar [[r.SSS.SampleSet:2]]
[2025.04.10-01.46.40:695][  0]LogConfig: Setting CVar [[r.SSS.Quality:1]]
[2025.04.10-01.46.40:695][  0]LogConfig: Setting CVar [[r.SSS.HalfRes:0]]
[2025.04.10-01.46.40:696][  0]LogConfig: Setting CVar [[r.SSGI.Quality:3]]
[2025.04.10-01.46.40:696][  0]LogConfig: Setting CVar [[r.EmitterSpawnRateScale:1.0]]
[2025.04.10-01.46.40:696][  0]LogConfig: Setting CVar [[r.ParticleLightQuality:2]]
[2025.04.10-01.46.40:696][  0]LogConfig: Setting CVar [[r.SkyAtmosphere.AerialPerspectiveLUT.FastApplyOnOpaque:1 ; Always have FastSkyLUT 1 in this case to avoid wrong sky]]
[2025.04.10-01.46.40:696][  0]LogConfig: Setting CVar [[r.SkyAtmosphere.AerialPerspectiveLUT.SampleCountMaxPerSlice:4]]
[2025.04.10-01.46.40:697][  0]LogConfig: Setting CVar [[r.SkyAtmosphere.AerialPerspectiveLUT.DepthResolution:16.0]]
[2025.04.10-01.46.40:697][  0]LogConfig: Setting CVar [[r.SkyAtmosphere.FastSkyLUT:1]]
[2025.04.10-01.46.40:697][  0]LogConfig: Setting CVar [[r.SkyAtmosphere.FastSkyLUT.SampleCountMin:4.0]]
[2025.04.10-01.46.40:698][  0]LogConfig: Setting CVar [[r.SkyAtmosphere.FastSkyLUT.SampleCountMax:128.0]]
[2025.04.10-01.46.40:698][  0]LogConfig: Setting CVar [[r.SkyAtmosphere.SampleCountMin:4.0]]
[2025.04.10-01.46.40:698][  0]LogConfig: Setting CVar [[r.SkyAtmosphere.SampleCountMax:128.0]]
[2025.04.10-01.46.40:698][  0]LogConfig: Setting CVar [[r.SkyAtmosphere.TransmittanceLUT.UseSmallFormat:0]]
[2025.04.10-01.46.40:699][  0]LogConfig: Setting CVar [[r.SkyAtmosphere.TransmittanceLUT.SampleCount:10.0]]
[2025.04.10-01.46.40:699][  0]LogConfig: Setting CVar [[r.SkyAtmosphere.MultiScatteringLUT.SampleCount:15.0]]
[2025.04.10-01.46.40:700][  0]LogConfig: Setting CVar [[r.SkyLight.RealTimeReflectionCapture:1]]
[2025.04.10-01.46.40:700][  0]LogConfig: Applying CVar settings from Section [FoliageQuality@3] File [C:/Unreal Projects/Top-Down-Puzzle/TopDownPuzzle/Saved/Config/Windows/Scalability.ini]
[2025.04.10-01.46.40:700][  0]LogConfig: Setting CVar [[foliage.DensityScale:1.0]]
[2025.04.10-01.46.40:701][  0]LogConfig: Setting CVar [[grass.DensityScale:1.0]]
[2025.04.10-01.46.40:701][  0]LogConfig: Applying CVar settings from Section [ShadingQuality@3] File [C:/Unreal Projects/Top-Down-Puzzle/TopDownPuzzle/Saved/Config/Windows/Scalability.ini]
[2025.04.10-01.46.40:701][  0]LogConfig: Setting CVar [[r.HairStrands.SkyLighting.IntegrationType:2]]
[2025.04.10-01.46.40:702][  0]LogConfig: Setting CVar [[r.HairStrands.SkyAO.SampleCount:4]]
[2025.04.10-01.46.40:703][  0]LogConfig: Setting CVar [[r.HairStrands.Visibility.MSAA.SamplePerPixel:4]]
[2025.04.10-01.46.40:703][  0]LogConfig: Applying CVar settings from Section [Startup] File [../../../Engine/Config/ConsoleVariables.ini]
[2025.04.10-01.46.40:704][  0]LogConfig: Setting CVar [[net.UseAdaptiveNetUpdateFrequency:0]]
[2025.04.10-01.46.40:705][  0]LogConfig: Setting CVar [[p.chaos.AllowCreatePhysxBodies:1]]
[2025.04.10-01.46.40:705][  0]LogConfig: Setting CVar [[fx.SkipVectorVMBackendOptimizations:1]]
[2025.04.10-01.46.40:705][  0]LogConfig: Applying CVar settings from Section [ConsoleVariables] File [C:/Unreal Projects/Top-Down-Puzzle/TopDownPuzzle/Saved/Config/Windows/Engine.ini]
[2025.04.10-01.46.40:705][  0]LogConfig: Applying CVar settings from Section [ConsoleVariables] File [C:/Unreal Projects/Top-Down-Puzzle/TopDownPuzzle/Saved/Config/Windows/Editor.ini]
[2025.04.10-01.46.40:705][  0]LogInit: Computer: LAPTOP-EJ2DB2HV
[2025.04.10-01.46.40:707][  0]LogInit: User: patel
[2025.04.10-01.46.40:707][  0]LogInit: CPU Page size=4096, Cores=4
[2025.04.10-01.46.40:708][  0]LogInit: High frequency timer resolution =10.000000 MHz
[2025.04.10-01.46.40:708][  0]LogMemory: Memory total: Physical=15.8GB (16GB approx)
[2025.04.10-01.46.40:708][  0]LogMemory: Platform Memory Stats for Windows
[2025.04.10-01.46.40:709][  0]LogMemory: Process Physical Memory: 135.73 MB used, 135.73 MB peak
[2025.04.10-01.46.40:709][  0]LogMemory: Process Virtual Memory: 110.11 MB used, 110.11 MB peak
[2025.04.10-01.46.40:709][  0]LogMemory: Physical Memory: 11598.85 MB used,  4626.33 MB free, 16225.18 MB total
[2025.04.10-01.46.40:710][  0]LogMemory: Virtual Memory: 134201112.00 MB used,  16612.38 MB free, 134217728.00 MB total
[2025.04.10-01.46.40:789][  0]LogWindows: WindowsPlatformFeatures enabled
[2025.04.10-01.46.40:955][  0]LogInit: Physics initialised using underlying interface: PhysX
[2025.04.10-01.46.40:956][  0]LogInit: Using OS detected language (en-US).
[2025.04.10-01.46.40:957][  0]LogInit: Using OS detected locale (en-IN).
[2025.04.10-01.46.40:981][  0]LogTextLocalizationManager: No specific localization for 'en-US' exists, so the 'en' localization will be used.
[2025.04.10-01.46.42:184][  0]LogTargetPlatformManager: Display: Loaded TargetPlatform 'AllDesktop'
[2025.04.10-01.46.42:219][  0]LogTargetPlatformManager: Display: Loaded TargetPlatform 'Android'
[2025.04.10-01.46.42:219][  0]LogTargetPlatformManager: Display: Loaded TargetPlatform 'Android_ASTC'
[2025.04.10-01.46.42:219][  0]LogTargetPlatformManager: Display: Loaded TargetPlatform 'Android_DXT'
[2025.04.10-01.46.42:220][  0]LogTargetPlatformManager: Display: Loaded TargetPlatform 'Android_ETC2'
[2025.04.10-01.46.42:220][  0]LogTargetPlatformManager: Display: Loaded TargetPlatform 'AndroidClient'
[2025.04.10-01.46.42:220][  0]LogTargetPlatformManager: Display: Loaded TargetPlatform 'Android_ASTCClient'
[2025.04.10-01.46.42:220][  0]LogTargetPlatformManager: Display: Loaded TargetPlatform 'Android_DXTClient'
[2025.04.10-01.46.42:220][  0]LogTargetPlatformManager: Display: Loaded TargetPlatform 'Android_ETC2Client'
[2025.04.10-01.46.42:221][  0]LogTargetPlatformManager: Display: Loaded TargetPlatform 'Android_Multi'
[2025.04.10-01.46.42:221][  0]LogTargetPlatformManager: Display: Loaded TargetPlatform 'Android_MultiClient'
[2025.04.10-01.46.42:246][  0]LogTargetPlatformManager: Display: Loaded TargetPlatform 'IOSClient'
[2025.04.10-01.46.42:246][  0]LogTargetPlatformManager: Display: Loaded TargetPlatform 'IOS'
[2025.04.10-01.46.42:261][  0]LogTargetPlatformManager: Display: Loaded TargetPlatform 'Linux'
[2025.04.10-01.46.42:269][  0]LogTargetPlatformManager: Display: Loaded TargetPlatform 'LinuxNoEditor'
[2025.04.10-01.46.42:275][  0]LogTargetPlatformManager: Display: Loaded TargetPlatform 'LinuxClient'
[2025.04.10-01.46.42:280][  0]LogTargetPlatformManager: Display: Loaded TargetPlatform 'LinuxServer'
[2025.04.10-01.46.42:293][  0]LogTargetPlatformManager: Display: Loaded TargetPlatform 'LinuxAArch64NoEditor'
[2025.04.10-01.46.42:299][  0]LogTargetPlatformManager: Display: Loaded TargetPlatform 'LinuxAArch64Client'
[2025.04.10-01.46.42:307][  0]LogTargetPlatformManager: Display: Loaded TargetPlatform 'LinuxAArch64Server'
[2025.04.10-01.46.42:347][  0]LogTargetPlatformManager: Display: Loaded TargetPlatform 'Lumin'
[2025.04.10-01.46.42:347][  0]LogTargetPlatformManager: Display: Loaded TargetPlatform 'LuminClient'
[2025.04.10-01.46.42:364][  0]LogTargetPlatformManager: Display: Loaded TargetPlatform 'MacNoEditor'
[2025.04.10-01.46.42:374][  0]LogTargetPlatformManager: Display: Loaded TargetPlatform 'Mac'
[2025.04.10-01.46.42:384][  0]LogTargetPlatformManager: Display: Loaded TargetPlatform 'MacClient'
[2025.04.10-01.46.42:394][  0]LogTargetPlatformManager: Display: Loaded TargetPlatform 'MacServer'
[2025.04.10-01.46.42:416][  0]LogTargetPlatformManager: Display: Loaded TargetPlatform 'TVOSClient'
[2025.04.10-01.46.42:417][  0]LogTargetPlatformManager: Display: Loaded TargetPlatform 'TVOS'
[2025.04.10-01.46.42:436][  0]LogTargetPlatformManager: Display: Loaded TargetPlatform 'WindowsNoEditor'
[2025.04.10-01.46.42:444][  0]LogTargetPlatformManager: Display: Loaded TargetPlatform 'Windows'
[2025.04.10-01.46.42:451][  0]LogTargetPlatformManager: Display: Loaded TargetPlatform 'WindowsClient'
[2025.04.10-01.46.42:463][  0]LogTargetPlatformManager: Display: Loaded TargetPlatform 'WindowsServer'
[2025.04.10-01.46.42:464][  0]LogTargetPlatformManager: Display: Building Assets For Windows
[2025.04.10-01.46.42:482][  0]LogAudioDebug: Display: Lib vorbis DLL was dynamically loaded.
[2025.04.10-01.46.42:542][  0]LogTextureFormatOodle: Display: Oodle Texture 2.9.0 init RDO Off
[2025.04.10-01.46.42:597][  0]LogRendererCore: Ray tracing is disabled. Reason: r.RayTracing=0.
[2025.04.10-01.46.42:598][  0]LogDerivedDataCache: Display: Max Cache Size: 512 MB
[2025.04.10-01.46.42:678][  0]LogDerivedDataCache: Loaded boot cache 0.08s 103MB C:/Users/patel/AppData/Local/UnrealEngine/4.27/DerivedDataCache/Boot.ddc.
[2025.04.10-01.46.42:678][  0]LogDerivedDataCache: Display: Loaded Boot cache: C:/Users/patel/AppData/Local/UnrealEngine/4.27/DerivedDataCache/Boot.ddc
[2025.04.10-01.46.42:678][  0]LogDerivedDataCache: FDerivedDataBackendGraph:  Pak pak cache file ../../../../../../Unreal Projects/Top-Down-Puzzle/TopDownPuzzle/DerivedDataCache/DDC.ddp not found, will not use a pak cache.
[2025.04.10-01.46.42:678][  0]LogDerivedDataCache: Unable to find inner node Pak for hierarchical cache Hierarchy.
[2025.04.10-01.46.42:679][  0]LogDerivedDataCache: FDerivedDataBackendGraph:  CompressedPak pak cache file ../../../../../../Unreal Projects/Top-Down-Puzzle/TopDownPuzzle/DerivedDataCache/Compressed.ddp not found, will not use a pak cache.
[2025.04.10-01.46.42:679][  0]LogDerivedDataCache: Unable to find inner node CompressedPak for hierarchical cache Hierarchy.
[2025.04.10-01.46.42:696][  0]LogDerivedDataCache: Display: Pak cache opened for reading ../../../Engine/DerivedDataCache/Compressed.ddp.
[2025.04.10-01.46.42:697][  0]LogDerivedDataCache: FDerivedDataBackendGraph:  EnterprisePak pak cache file ../../../Enterprise/DerivedDataCache/Compressed.ddp not found, will not use a pak cache.
[2025.04.10-01.46.42:697][  0]LogDerivedDataCache: Unable to find inner node EnterprisePak for hierarchical cache Hierarchy.
[2025.04.10-01.46.42:713][  0]LogDerivedDataCache: Speed tests for C:/Users/patel/AppData/Local/UnrealEngine/Common/DerivedDataCache took 0.01 seconds
[2025.04.10-01.46.42:713][  0]LogDerivedDataCache: Display: Performance to C:/Users/patel/AppData/Local/UnrealEngine/Common/DerivedDataCache: Latency=0.07ms. RandomReadSpeed=674.71MBs, RandomWriteSpeed=75.68MBs. Assigned SpeedClass 'Local'
[2025.04.10-01.46.42:715][  0]LogDerivedDataCache: Using Local data cache path C:/Users/patel/AppData/Local/UnrealEngine/Common/DerivedDataCache: Writable
[2025.04.10-01.46.42:715][  0]LogDerivedDataCache: Shared data cache path not found in *engine.ini, will not use an Shared cache.
[2025.04.10-01.46.42:715][  0]LogDerivedDataCache: Unable to find inner node Shared for hierarchical cache Hierarchy.
[2025.04.10-01.46.42:725][  0]LogAssetRegistry: FAssetRegistry took 0.0019 seconds to start up
[2025.04.10-01.46.43:152][  0]LogInit: Selected Device Profile: [Windows]
[2025.04.10-01.46.43:153][  0]LogInit: Active device profile: [000002013C457E00][00000201374D1880 49] Windows
[2025.04.10-01.46.43:154][  0]LogInit: Profiles: [000002013C457E00][00000201374D1880 49] Windows, [000002013C460300][00000201374DFA00 49] WindowsNoEditor, [000002013C454300][00000201374E3B80 49] WindowsServer, [000002013C461600][000002013CD7C180 49] WindowsClient, [000002013C455500][000002013CD80300 49] IOS, [000002013C462400][000002013CD84480 49] iPadAir, [000002013C456300][000002013CD88600 49] iPadAir2, [000002013C41BD00][000002013CD968C0 49] IPadPro, [000002013C41BE00][000002013CD8C900 49] iPadAir3, [000002013C457900][000002013CDA0A80 49] iPadAir4, [000002013C418800][000002013CDA4C00 49] iPadMini2, [000002013C454600][000002013CDA8D80 49] iPadMini3, [000002013C41AD00][000002013CDACF00 49] iPadMini4, [000002013C455100][00000201374D5040 49] iPadMini5, [000002013C45B600][000002013CDB5280 49] iPhone6, [000002013C45B700][000002013CDB12C0 49] iPodTouch6, [000002013C41A000][000002013CDC1540 49] iPhone7, [000002013C41A100][000002013CDB9580 49] iPodTouch7, [000002013C458700][000002013CDC5700 49] iPhone5S, [000002013C418D00][000002013CDC9880 49] iPhone6Plus, [000002013C459100][000002013CDCDA00 49] iPhone6S, [000002013C419A00][000002013CDD1B80 49] iPhone6SPlus, [000002013C45B400][000002013CDD4180 49] iPhone7Plus, [000002013C41AB00][000002013CDD8300 49] iPhoneSE, [000002013C458D00][000002013CDDC480 49] iPhone8, [000002013C41BF00][000002013CDE0600 49] iPhone8Plus, [000002013C45A700][000002013CDE4780 49] iPhoneX, [000002013C41A900][000002013CDE8900 49] iPhoneXS, [000002013C458300][000002013CDECA80 49] iPhoneXSMax, [000002013C419700][000002013CDF0C00 49] iPhoneXR, [000002013C459200][000002013CDF4D80 49] iPhone11, [000002013C41BA00][000002013CDF8F00 49] iPhone11Pro, [000002013C458600][000002013CDFD080 49] iPhone11ProMax, [000002013C419B00][000002013CDBD1C0 49] iPhoneSE2, [000002013C45B800][000002013CE01300 49] iPhone12Mini, [000002013C41AA00][000002013CE05440 49] iPhone12, [000002013C458400][000002013CE09580 49] iPhone12Pro, [000002013C41A400][000002013CE11700 49] iPhone12ProMax, [000002013C458800][000002013CE15880 49] iPadPro105, [000002013C41A500][000002013CE19A00 49] iPadPro129, [000002013C45B300][000002013CE1DB80 49] iPadPro97, [000002013C419D00][000002013CE20180 49] iPadPro2_129, [000002013C458B00][000002013CE24300 49] iPad5, [000002013C41B000][000002013CE28480 49] iPad6, [000002013C459C00][000002013CE2C600 49] iPad7, [000002013C418900][000002013CE30780 49] iPad8, [000002013C458900][000002013CE34900 49] iPadPro11, [000002013C41BB00][000002013CE38A80 49] iPadPro2_11, [000002013C459500][000002013CE3CC00 49] iPadPro3_129, [000002013C41A700][000002013CE40D80 49] iPadPro4_129, [000002013C45BC00][000002013CE44F00 49] AppleTV, [000002013C41AC00][000002013CE49080 49] AppleTV4K, [000002013C459F00][000002013CE4D200 49] TVOS, [000002013C418300][000002013CE51380 49] Mac, [000002013C45AF00][000002013CE0D4C0 49] MacClient, [000002013C419500][000002013CE55600 49] MacNoEditor, [000002013C45B900][000002013CE59740 49] MacServer, [000002013C419300][000002013CE618C0 49] Linux, [000002013C45A300][000002013CE65A40 49] LinuxAArch64, [000002013C418F00][000002013CE69BC0 49] LinuxNoEditor, [000002013C458200][000002013CE6C1C0 49] LinuxAArch64NoEditor, [000002013C418700][000002013CE70340 49] LinuxClient, [000002013C459E00][000002013CE744C0 49] LinuxAArch64Client, [000002013C460900][000002013CE78640 49] LinuxServer, [000002013C4E1600][000002013CE7C7C0 49] LinuxAArch64Server, [000002013C461500][000002013CE80940 49] Android, [000002013C4E0800][000002013CE84AC0 49] Android_Low, [000002013C461800][000002013CE88C40 49] Android_Mid, [000002013C4E2D00][000002013CE8CDC0 49] Android_High, [000002013C463D00][000002013CE90F40 49] Android_Default, [000002013C4E3300][000002013CE950C0 49] Android_Adreno4xx, [000002013C462F00][000002013CE99240 49] Android_Adreno5xx_Low, [000002013C4E1500][000002013CE9D3C0 49] Android_Adreno5xx, [000002013C462B00][000002013CEA1540 49] Android_Adreno6xx, [000002013C4E1200][000002013CE5D680 49] Android_Adreno6xx_Vulkan, [000002013C460700][000002013CEA57C0 49] Android_Mali_T6xx, [000002013C4E0400][000002013CEA9900 49] Android_Mali_T7xx, [000002013C461C00][000002013CEADA40 49] Android_Mali_T8xx, [000002013C4E2E00][000002013CEB5BC0 49] Android_Mali_G71, [000002013C460A00][000002013CEB81C0 49] Android_Mali_G72, [000002013C4E1100][000002013CEBC340 49] Android_Mali_G72_Vulkan, [000002013C460200][000002013CEC04C0 49] Android_Mali_G76, [000002013C4E0B00][000002013CEC4640 49] Android_Mali_G76_Vulkan, [000002013C461900][000002013CEC87C0 49] Android_Mali_G77, [000002013C4E2800][000002013CECC940 49] Android_Mali_G77_Vulkan, [000002013C45A200][000002013CEE0AC0 49] Android_Mali_G78, [000002013C4E1B00][000002013CEE4C40 49] Android_Mali_G78_Vulkan, [000002013C45A500][000002013CEE8DC0 49] Android_Mali_G710, [000002013C4E0300][000002013CEECF40 49] Android_Mali_G710_Vulkan, [000002013C45A600][000002013CEF10C0 49] Android_Vulkan_SM5, [000002013C4E2F00][000002013CEF5240 49] Android_PowerVR_G6xxx, [000002013C45A100][000002013CEF93C0 49] Android_PowerVR_GT7xxx, [000002013C4E2400][000002013CEFD540 49] Android_PowerVR_GE8xxx, [000002013C45A900][000002013CF016C0 49] Android_PowerVR_GM9xxx, [000002013C4E3900][000002013CEB1800 49] Android_PowerVR_GM9xxx_Vulkan, [000002013C45BA00][000002013CF05940 49] Android_TegraK1, [000002013C4E0A00][000002013CF09A80 49] Android_Unknown_Vulkan, [000002013C45BE00][000002013CF0DBC0 49] Lumin, [000002013C4E2300][000002013CF141C0 49] Lumin_Desktop, [000002013C459D00][000002013CF18340 49] HoloLens, 
[2025.04.10-01.46.43:220][  0]LogMeshReduction: Using QuadricMeshReduction for automatic static mesh reduction
[2025.04.10-01.46.43:221][  0]LogMeshReduction: Using SimplygonMeshReduction for automatic skeletal mesh reduction
[2025.04.10-01.46.43:221][  0]LogMeshReduction: Using ProxyLODMeshReduction for automatic mesh merging
[2025.04.10-01.46.43:221][  0]LogMeshReduction: No distributed automatic mesh merging module available
[2025.04.10-01.46.43:221][  0]LogMeshMerging: No distributed automatic mesh merging module available
[2025.04.10-01.46.43:235][  0]LogNetVersion: TopDownPuzzle 1.0.0, NetCL: 17155196, EngineNetVer: 17, GameNetVer: 0 (Checksum: 565499533)
[2025.04.10-01.46.43:509][  0]LogHMD: PokeAHoleMaterial loaded successfully
[2025.04.10-01.46.43:683][  0]LogCollectionManager: Loaded 0 collections in 0.001952 seconds
[2025.04.10-01.46.43:687][  0]LogFileCache: Scanning file cache for directory 'C:/Unreal Projects/Top-Down-Puzzle/TopDownPuzzle/Saved/Collections/' took 0.00s
[2025.04.10-01.46.43:687][  0]LogFileCache: Scanning file cache for directory 'C:/Unreal Projects/Top-Down-Puzzle/TopDownPuzzle/Content/Developers/patel/Collections/' took 0.00s
[2025.04.10-01.46.43:687][  0]LogFileCache: Scanning file cache for directory 'C:/Unreal Projects/Top-Down-Puzzle/TopDownPuzzle/Content/Collections/' took 0.00s
[2025.04.10-01.46.43:688][  0]LogCollectionManager: Fixed up redirectors for 0 collections in 0.000002 seconds (updated 0 objects)
[2025.04.10-01.46.43:852][  0]LogPython: Using Python 3.7.7
[2025.04.10-01.46.44:563][  0]LogNiagaraDebuggerClient: Niagara Debugger Client Initialized | Session: 9917C7DE42864356A80388B8F649C884 | Instance: A94DFED04EFF5BF15C4D4C9C21B41173 (LAPTOP-EJ2DB2HV-2412).
[2025.04.10-01.46.45:388][  0]LogOpenImageDenoise: OIDN starting up
[2025.04.10-01.46.45:404][  0]SourceControl: Source control is disabled
[2025.04.10-01.46.45:404][  0]SourceControl: Source control is disabled
[2025.04.10-01.46.45:410][  0]SourceControl: Source control is disabled
[2025.04.10-01.46.45:415][  0]SourceControl: Source control is disabled
[2025.04.10-01.46.45:421][  0]SourceControl: Source control is disabled
[2025.04.10-01.46.45:430][  0]LogUProjectInfo: Found projects:
[2025.04.10-01.46.45:520][  0]LogAudioCaptureCore: Display: No Audio Capture implementations found. Audio input will be silent.
[2025.04.10-01.46.45:520][  0]LogAudioCaptureCore: Display: No Audio Capture implementations found. Audio input will be silent.
[2025.04.10-01.46.45:547][  0]LogAndroidPermission: UAndroidPermissionCallbackProxy::GetInstance
[2025.04.10-01.46.45:715][  0]LogOcInput: OculusInput pre-init called
[2025.04.10-01.46.45:759][  0]LogUObjectArray: 24154 objects as part of root set at end of initial load.
[2025.04.10-01.46.45:760][  0]LogUObjectAllocator: 6840720 out of 0 bytes used by permanent object pool.
[2025.04.10-01.46.45:760][  0]LogUObjectArray: CloseDisregardForGC: 0/0 objects in disregard for GC pool
[2025.04.10-01.46.45:760][  0]LogInit: Error: VSTestAdapterCommandlet looked like a commandlet, but we could not find the class.
[2025.04.10-01.46.45:760][  0]LogCore: Engine exit requested (reason: Failed to find commandlet class VSTestAdapterCommandlet)
[2025.04.10-01.46.45:761][  0]LogCore: Engine exit requested (reason: EngineExit() was called; note: exit was already requested)
[2025.04.10-01.46.45:761][  0]LogExit: Preparing to exit.
[2025.04.10-01.46.45:770][  0]LogUObjectHash: Compacting FUObjectHashTables data took   1.07ms
[2025.04.10-01.46.45:819][  0]LogDemo: Cleaned up 0 splitscreen connections with owner deletion
[2025.04.10-01.46.45:859][  0]LogExit: Object subsystem successfully closed.
[2025.04.10-01.46.45:898][  0]LogModuleManager: Shutting down and abandoning module AudioSynesthesiaEditor (596)
[2025.04.10-01.46.45:898][  0]LogModuleManager: Shutting down and abandoning module OculusEditor (594)
[2025.04.10-01.46.45:899][  0]LogModuleManager: Shutting down and abandoning module OculusInput (592)
[2025.04.10-01.46.45:899][  0]LogModuleManager: Shutting down and abandoning module ContentBrowserFileDataSource (590)
[2025.04.10-01.46.45:899][  0]LogModuleManager: Shutting down and abandoning module ContentBrowserClassDataSource (588)
[2025.04.10-01.46.45:899][  0]LogModuleManager: Shutting down and abandoning module ContentBrowserAssetDataSource (586)
[2025.04.10-01.46.45:899][  0]LogModuleManager: Shutting down and abandoning module ToolMenus (585)
[2025.04.10-01.46.45:899][  0]LogModuleManager: Shutting down and abandoning module CableComponent (582)
[2025.04.10-01.46.45:900][  0]LogModuleManager: Shutting down and abandoning module ScreenshotTools (580)
[2025.04.10-01.46.45:900][  0]LogModuleManager: Shutting down and abandoning module OodleNetworkHandlerComponent (578)
[2025.04.10-01.46.45:900][  0]LogModuleManager: Shutting down and abandoning module TakeSequencer (576)
[2025.04.10-01.46.45:900][  0]LogModuleManager: Shutting down and abandoning module TakeMovieScene (574)
[2025.04.10-01.46.45:900][  0]LogModuleManager: Shutting down and abandoning module SynthesisEditor (572)
[2025.04.10-01.46.45:901][  0]LogModuleManager: Shutting down and abandoning module Synthesis (570)
[2025.04.10-01.46.45:901][  0]LogModuleManager: Shutting down and abandoning module ProceduralMeshComponentEditor (568)
[2025.04.10-01.46.45:901][  0]LogModuleManager: Shutting down and abandoning module ProceduralMeshComponent (566)
[2025.04.10-01.46.45:901][  0]LogModuleManager: Shutting down and abandoning module MagicLeapSharedWorld (564)
[2025.04.10-01.46.45:902][  0]LogModuleManager: Shutting down and abandoning module MagicLeapLightEstimation (562)
[2025.04.10-01.46.45:902][  0]LogModuleManager: Shutting down and abandoning module MagicLeapHelperVulkan (560)
[2025.04.10-01.46.45:902][  0]LogModuleManager: Shutting down and abandoning module MagicLeapHelperOpenGL (558)
[2025.04.10-01.46.45:902][  0]LogModuleManager: Shutting down and abandoning module MagicLeapAudio (556)
[2025.04.10-01.46.45:902][  0]LogModuleManager: Shutting down and abandoning module OpenXREditor (554)
[2025.04.10-01.46.45:903][  0]LogModuleManager: Shutting down and abandoning module MobilePatchingUtils (552)
[2025.04.10-01.46.45:903][  0]LogModuleManager: Shutting down and abandoning module GooglePAD (550)
[2025.04.10-01.46.45:903][  0]LogModuleManager: Shutting down and abandoning module AndroidPermission (548)
[2025.04.10-01.46.45:903][  0]LogModuleManager: Shutting down and abandoning module EditableMesh (546)
[2025.04.10-01.46.45:903][  0]LogModuleManager: Shutting down and abandoning module CustomMeshComponent (544)
[2025.04.10-01.46.45:903][  0]LogModuleManager: Shutting down and abandoning module AudioCapture (542)
[2025.04.10-01.46.45:904][  0]LogModuleManager: Shutting down and abandoning module AudioCaptureRtAudio (541)
[2025.04.10-01.46.45:904][  0]LogModuleManager: Shutting down and abandoning module AppleImageUtilsBlueprintSupport (538)
[2025.04.10-01.46.45:904][  0]LogModuleManager: Shutting down and abandoning module AppleImageUtils (536)
[2025.04.10-01.46.45:904][  0]LogModuleManager: Shutting down and abandoning module AssetTags (534)
[2025.04.10-01.46.45:905][  0]LogModuleManager: Shutting down and abandoning module ArchVisCharacter (532)
[2025.04.10-01.46.45:905][  0]LogModuleManager: Shutting down and abandoning module ActorLayerUtilitiesEditor (530)
[2025.04.10-01.46.45:905][  0]LogModuleManager: Shutting down and abandoning module ActorLayerUtilities (528)
[2025.04.10-01.46.45:905][  0]LogModuleManager: Shutting down and abandoning module CLionSourceCodeAccess (526)
[2025.04.10-01.46.45:905][  0]LogModuleManager: Shutting down and abandoning module TemplateSequence (524)
[2025.04.10-01.46.45:905][  0]LogModuleManager: Shutting down and abandoning module MediaCompositing (522)
[2025.04.10-01.46.45:905][  0]LogModuleManager: Shutting down and abandoning module VariantManagerContentEditor (520)
[2025.04.10-01.46.45:905][  0]LogModuleManager: Shutting down and abandoning module NiagaraEditorWidgets (518)
[2025.04.10-01.46.45:907][  0]LogModuleManager: Shutting down and abandoning module DatasmithContentEditor (516)
[2025.04.10-01.46.45:907][  0]LogModuleManager: Shutting down and abandoning module VisualStudioSourceCodeAccess (514)
[2025.04.10-01.46.45:907][  0]LogModuleManager: Shutting down and abandoning module VisualStudioCodeSourceCodeAccess (512)
[2025.04.10-01.46.45:908][  0]LogModuleManager: Shutting down and abandoning module UObjectPlugin (510)
[2025.04.10-01.46.45:908][  0]LogModuleManager: Shutting down and abandoning module SubversionSourceControl (508)
[2025.04.10-01.46.45:908][  0]LogModuleManager: Shutting down and abandoning module PluginUtils (506)
[2025.04.10-01.46.45:908][  0]LogModuleManager: Shutting down and abandoning module PlasticSourceControl (504)
[2025.04.10-01.46.45:908][  0]LogModuleManager: Shutting down and abandoning module PerforceSourceControl (502)
[2025.04.10-01.46.45:909][  0]LogModuleManager: Shutting down and abandoning module GitSourceControl (500)
[2025.04.10-01.46.45:909][  0]LogModuleManager: Shutting down and abandoning module SourceControl (499)
[2025.04.10-01.46.45:909][  0]LogModuleManager: Shutting down and abandoning module AnimationSharingEd (496)
[2025.04.10-01.46.45:909][  0]LogModuleManager: Shutting down and abandoning module OpenImageDenoise (494)
[2025.04.10-01.46.45:909][  0]LogOpenImageDenoise: OIDN shutting down
[2025.04.10-01.46.45:910][  0]LogModuleManager: Shutting down and abandoning module MotoSynthEditor (492)
[2025.04.10-01.46.45:910][  0]LogModuleManager: Shutting down and abandoning module MotoSynth (490)
[2025.04.10-01.46.45:910][  0]LogModuleManager: Shutting down and abandoning module MeshConversion (488)
[2025.04.10-01.46.45:910][  0]LogModuleManager: Shutting down and abandoning module DynamicMesh (486)
[2025.04.10-01.46.45:910][  0]LogModuleManager: Shutting down and abandoning module GeometryAlgorithms (484)
[2025.04.10-01.46.45:911][  0]LogModuleManager: Shutting down and abandoning module GeometricObjects (482)
[2025.04.10-01.46.45:911][  0]LogModuleManager: Shutting down and abandoning module MobileLauncherProfileWizard (480)
[2025.04.10-01.46.45:911][  0]LogModuleManager: Shutting down and abandoning module GeometryCollectionTracks (478)
[2025.04.10-01.46.45:911][  0]LogModuleManager: Shutting down and abandoning module GeometryCollectionSequencer (477)
[2025.04.10-01.46.45:911][  0]LogModuleManager: Shutting down and abandoning module GeometryCollectionEditor (474)
[2025.04.10-01.46.45:912][  0]LogModuleManager: Shutting down and abandoning module GeometryCacheTracks (472)
[2025.04.10-01.46.45:912][  0]LogModuleManager: Shutting down and abandoning module GeometryCacheStreamer (470)
[2025.04.10-01.46.45:912][  0]LogModuleManager: Shutting down and abandoning module GeometryCacheSequencer (468)
[2025.04.10-01.46.45:912][  0]LogModuleManager: Shutting down and abandoning module FractureEditor (466)
[2025.04.10-01.46.45:912][  0]LogModuleManager: Shutting down and abandoning module ChaosSolverEditor (464)
[2025.04.10-01.46.45:913][  0]LogModuleManager: Shutting down and abandoning module ChaosClothEditor (462)
[2025.04.10-01.46.45:913][  0]LogModuleManager: Shutting down and abandoning module ChaosNiagara (460)
[2025.04.10-01.46.45:913][  0]LogModuleManager: Shutting down and abandoning module FieldSystemEngine (459)
[2025.04.10-01.46.45:913][  0]LogModuleManager: Shutting down and abandoning module AutomationUtilsEditor (456)
[2025.04.10-01.46.45:913][  0]LogModuleManager: Shutting down and abandoning module AutomationUtils (454)
[2025.04.10-01.46.45:914][  0]LogModuleManager: Shutting down and abandoning module AlembicImporter (452)
[2025.04.10-01.46.45:914][  0]LogModuleManager: Shutting down and abandoning module AlembicLibrary (451)
[2025.04.10-01.46.45:914][  0]LogModuleManager: Shutting down and abandoning module GeometryCache (450)
[2025.04.10-01.46.45:914][  0]LogModuleManager: Shutting down and abandoning module GeometryCacheEd (449)
[2025.04.10-01.46.45:915][  0]LogModuleManager: Shutting down and abandoning module PluginBrowser (444)
[2025.04.10-01.46.45:915][  0]LogModuleManager: Shutting down and abandoning module SpeedTreeImporter (442)
[2025.04.10-01.46.45:915][  0]LogModuleManager: Shutting down and abandoning module MaterialAnalyzer (440)
[2025.04.10-01.46.45:915][  0]LogModuleManager: Shutting down and abandoning module CurveEditorTools (438)
[2025.04.10-01.46.45:915][  0]LogModuleManager: Shutting down and abandoning module CryptoKeysOpenSSL (436)
[2025.04.10-01.46.45:915][  0]LogModuleManager: Shutting down and abandoning module CryptoKeys (434)
[2025.04.10-01.46.45:916][  0]LogModuleManager: Shutting down and abandoning module LiveLinkSequencer (432)
[2025.04.10-01.46.45:916][  0]LogModuleManager: Shutting down and abandoning module LiveLinkMovieScene (430)
[2025.04.10-01.46.45:916][  0]LogModuleManager: Shutting down and abandoning module LiveLinkGraphNode (428)
[2025.04.10-01.46.45:916][  0]LogModuleManager: Shutting down and abandoning module LiveLinkEditor (426)
[2025.04.10-01.46.45:916][  0]LogModuleManager: Shutting down and abandoning module LiveLinkComponents (424)
[2025.04.10-01.46.45:917][  0]LogModuleManager: Shutting down and abandoning module LiveLink (422)
[2025.04.10-01.46.46:083][  0]LogModuleManager: Shutting down and abandoning module LightPropagationVolumeEditor (420)
[2025.04.10-01.46.46:084][  0]LogModuleManager: Shutting down and abandoning module PaperTiledImporter (418)
[2025.04.10-01.46.46:084][  0]LogModuleManager: Shutting down and abandoning module PaperSpriteSheetImporter (416)
[2025.04.10-01.46.46:084][  0]LogModuleManager: Shutting down and abandoning module Paper2DEditor (414)
[2025.04.10-01.46.46:084][  0]LogModuleManager: Shutting down and abandoning module MeshPaintingToolset (412)
[2025.04.10-01.46.46:085][  0]LogModuleManager: Shutting down and abandoning module MeshPaintEditorMode (410)
[2025.04.10-01.46.46:085][  0]LogModuleManager: Shutting down and abandoning module TopDownPuzzle (408)
[2025.04.10-01.46.46:085][  0]LogModuleManager: Shutting down and abandoning module AnimGraph (407)
[2025.04.10-01.46.46:085][  0]LogModuleManager: Shutting down and abandoning module RuntimePhysXCooking (404)
[2025.04.10-01.46.46:087][  0]LogModuleManager: Shutting down and abandoning module SoundFields (402)
[2025.04.10-01.46.46:087][  0]LogModuleManager: Shutting down and abandoning module SignificanceManager (400)
[2025.04.10-01.46.46:088][  0]LogModuleManager: Shutting down and abandoning module PropertyAccessEditor (398)
[2025.04.10-01.46.46:088][  0]LogModuleManager: Shutting down and abandoning module PhysXVehiclesEditor (396)
[2025.04.10-01.46.46:088][  0]LogModuleManager: Shutting down and abandoning module MagicLeapARPin (392)
[2025.04.10-01.46.46:088][  0]LogModuleManager: Shutting down and abandoning module MagicLeapHandMeshing (390)
[2025.04.10-01.46.46:089][  0]LogModuleManager: Shutting down and abandoning module MagicLeapSecureStorage (388)
[2025.04.10-01.46.46:089][  0]LogModuleManager: Shutting down and abandoning module MagicLeapPrivileges (386)
[2025.04.10-01.46.46:089][  0]LogModuleManager: Shutting down and abandoning module MagicLeapPlanes (384)
[2025.04.10-01.46.46:089][  0]LogMagicLeapPlanes: Planes tracker already destroyed.
[2025.04.10-01.46.46:090][  0]LogModuleManager: Shutting down and abandoning module MagicLeapImageTracker (382)
[2025.04.10-01.46.46:090][  0]LogModuleManager: Shutting down and abandoning module MagicLeapIdentity (380)
[2025.04.10-01.46.46:090][  0]LogModuleManager: Shutting down and abandoning module MagicLeapHandTracking (378)
[2025.04.10-01.46.46:090][  0]LogModuleManager: Shutting down and abandoning module MagicLeapEyeTracker (376)
[2025.04.10-01.46.46:091][  0]LogModuleManager: Shutting down and abandoning module MagicLeapController (374)
[2025.04.10-01.46.46:091][  0]LogModuleManager: Shutting down and abandoning module MagicLeapARPinImpl (372)
[2025.04.10-01.46.46:091][  0]LogModuleManager: Shutting down and abandoning module MagicLeapAR (370)
[2025.04.10-01.46.46:091][  0]LogModuleManager: Shutting down and abandoning module LocationServicesBPLibrary (368)
[2025.04.10-01.46.46:092][  0]LogModuleManager: Shutting down and abandoning module AudioSynesthesia (366)
[2025.04.10-01.46.46:093][  0]LogModuleManager: Shutting down and abandoning module AudioSynesthesiaCore (364)
[2025.04.10-01.46.46:093][  0]LogModuleManager: Shutting down and abandoning module UdpMessaging (362)
[2025.04.10-01.46.46:094][  0]LogModuleManager: Shutting down and abandoning module TcpMessaging (360)
[2025.04.10-01.46.46:094][  0]LogModuleManager: Shutting down and abandoning module ActorSequence (358)
[2025.04.10-01.46.46:094][  0]LogModuleManager: Shutting down and abandoning module NiagaraAnimNotifies (356)
[2025.04.10-01.46.46:095][  0]LogModuleManager: Shutting down and abandoning module Niagara (354)
[2025.04.10-01.46.46:095][  0]LogModuleManager: Shutting down and abandoning module SignalProcessing (353)
[2025.04.10-01.46.46:095][  0]LogModuleManager: Shutting down and abandoning module NiagaraEditor (351)
[2025.04.10-01.46.46:095][  0]LogModuleManager: Shutting down and abandoning module NiagaraCore (348)
[2025.04.10-01.46.46:095][  0]LogModuleManager: Shutting down and abandoning module PropertyAccessNode (346)
[2025.04.10-01.46.46:095][  0]LogModuleManager: Shutting down and abandoning module PythonScriptPlugin (344)
[2025.04.10-01.46.46:095][  0]LogModuleManager: Shutting down and abandoning module AnimationSharing (342)
[2025.04.10-01.46.46:097][  0]LogModuleManager: Shutting down and abandoning module GameplayTagsEditor (340)
[2025.04.10-01.46.46:097][  0]LogModuleManager: Shutting down and abandoning module FacialAnimationEditor (338)
[2025.04.10-01.46.46:097][  0]LogModuleManager: Shutting down and abandoning module FacialAnimation (336)
[2025.04.10-01.46.46:098][  0]LogModuleManager: Shutting down and abandoning module DataValidation (334)
[2025.04.10-01.46.46:098][  0]LogModuleManager: Shutting down and abandoning module AssetManagerEditor (332)
[2025.04.10-01.46.46:098][  0]LogModuleManager: Shutting down and abandoning module TreeMap (331)
[2025.04.10-01.46.46:098][  0]LogModuleManager: Shutting down and abandoning module GameplayCameras (328)
[2025.04.10-01.46.46:099][  0]LogModuleManager: Shutting down and abandoning module LightPropagationVolumeRuntime (326)
[2025.04.10-01.46.46:099][  0]LogModuleManager: Shutting down and abandoning module EnvironmentQueryEditor (324)
[2025.04.10-01.46.46:099][  0]LogModuleManager: Shutting down and abandoning module Paper2D (322)
[2025.04.10-01.46.46:099][  0]LogModuleManager: Shutting down and abandoning module NetworkReplayStreaming (320)
[2025.04.10-01.46.46:099][  0]LogModuleManager: Shutting down and abandoning module PacketHandler (318)
[2025.04.10-01.46.46:100][  0]LogModuleManager: Shutting down and abandoning module ClothingSystemEditor (316)
[2025.04.10-01.46.46:100][  0]LogModuleManager: Shutting down and abandoning module ClothingSystemRuntimeNv (314)
[2025.04.10-01.46.46:100][  0]LogModuleManager: Shutting down and abandoning module MediaAssets (312)
[2025.04.10-01.46.46:100][  0]LogModuleManager: Shutting down and abandoning module Overlay (310)
[2025.04.10-01.46.46:100][  0]LogModuleManager: Shutting down and abandoning module OverlayEditor (309)
[2025.04.10-01.46.46:101][  0]LogModuleManager: Shutting down and abandoning module Blutility (306)
[2025.04.10-01.46.46:101][  0]LogModuleManager: Shutting down and abandoning module LevelEditor (305)
[2025.04.10-01.46.46:102][  0]LogModuleManager: Shutting down and abandoning module PixelInspectorModule (304)
[2025.04.10-01.46.46:102][  0]LogModuleManager: Shutting down and abandoning module CommonMenuExtensions (302)
[2025.04.10-01.46.46:102][  0]LogModuleManager: Shutting down and abandoning module MainFrame (300)
[2025.04.10-01.46.46:102][  0]LogModuleManager: Shutting down and abandoning module HotReload (299)
[2025.04.10-01.46.46:103][  0]LogModuleManager: Shutting down and abandoning module ContentBrowser (295)
[2025.04.10-01.46.46:103][  0]LogModuleManager: Shutting down and abandoning module CollectionManager (294)
[2025.04.10-01.46.46:104][  0]LogModuleManager: Shutting down and abandoning module ContentBrowserData (292)
[2025.04.10-01.46.46:104][  0]LogModuleManager: Shutting down and abandoning module IntroTutorials (288)
[2025.04.10-01.46.46:104][  0]LogModuleManager: Shutting down and abandoning module VREditor (286)
[2025.04.10-01.46.46:104][  0]LogModuleManager: Shutting down and abandoning module StringTableEditor (284)
[2025.04.10-01.46.46:105][  0]LogModuleManager: Shutting down and abandoning module GameplayTasksEditor (282)
[2025.04.10-01.46.46:105][  0]LogModuleManager: Shutting down and abandoning module BehaviorTreeEditor (280)
[2025.04.10-01.46.46:105][  0]LogModuleManager: Shutting down and abandoning module FunctionalTesting (278)
[2025.04.10-01.46.46:106][  0]LogModuleManager: Shutting down and abandoning module CollisionAnalyzer (276)
[2025.04.10-01.46.46:106][  0]LogModuleManager: Shutting down and abandoning module WorkspaceMenuStructure (275)
[2025.04.10-01.46.46:106][  0]LogModuleManager: Shutting down and abandoning module UMG (272)
[2025.04.10-01.46.46:106][  0]LogModuleManager: Shutting down and abandoning module UMGEditor (271)
[2025.04.10-01.46.46:107][  0]LogModuleManager: Shutting down and abandoning module MessageLog (269)
[2025.04.10-01.46.46:107][  0]LogModuleManager: Shutting down and abandoning module SlateReflector (264)
[2025.04.10-01.46.46:107][  0]LogModuleManager: Shutting down and abandoning module Slate (262)
[2025.04.10-01.46.46:107][  0]LogModuleManager: Shutting down and abandoning module SlateCore (260)
[2025.04.10-01.46.46:109][  0]LogModuleManager: Shutting down and abandoning module LandscapeEditorUtilities (258)
[2025.04.10-01.46.46:109][  0]LogModuleManager: Shutting down and abandoning module UnrealEd (256)
[2025.04.10-01.46.46:109][  0]LogModuleManager: Shutting down and abandoning module MRMesh (254)
[2025.04.10-01.46.46:109][  0]LogModuleManager: Shutting down and abandoning module SourceCodeAccess (252)
[2025.04.10-01.46.46:110][  0]LogModuleManager: Shutting down and abandoning module HeadMountedDisplay (250)
[2025.04.10-01.46.46:110][  0]LogModuleManager: Shutting down and abandoning module XAudio2 (248)
[2025.04.10-01.46.46:110][  0]LogModuleManager: Shutting down and abandoning module Networking (246)
[2025.04.10-01.46.46:110][  0]LogModuleManager: Shutting down and abandoning module Core (244)
[2025.04.10-01.46.46:111][  0]LogModuleManager: Shutting down and abandoning module MaterialEditor (242)
[2025.04.10-01.46.46:111][  0]LogModuleManager: Shutting down and abandoning module Settings (241)
[2025.04.10-01.46.46:111][  0]LogModuleManager: Shutting down and abandoning module MovieSceneTools (238)
[2025.04.10-01.46.46:111][  0]LogModuleManager: Shutting down and abandoning module CurveEditor (237)
[2025.04.10-01.46.46:112][  0]LogModuleManager: Shutting down and abandoning module Sequencer (235)
[2025.04.10-01.46.46:112][  0]LogModuleManager: Shutting down and abandoning module EditorStyle (234)
[2025.04.10-01.46.46:113][  0]LogModuleManager: Shutting down and abandoning module KismetCompiler (230)
[2025.04.10-01.46.46:113][  0]LogModuleManager: Shutting down and abandoning module MeshBuilder (228)
[2025.04.10-01.46.46:113][  0]LogModuleManager: Shutting down and abandoning module MeshUtilities (226)
[2025.04.10-01.46.46:113][  0]LogModuleManager: Shutting down and abandoning module MeshMergeUtilities (225)
[2025.04.10-01.46.46:114][  0]LogModuleManager: Shutting down and abandoning module MeshReductionInterface (224)
[2025.04.10-01.46.46:114][  0]LogModuleManager: Shutting down and abandoning module MeshBoneReduction (223)
[2025.04.10-01.46.46:115][  0]LogModuleManager: Shutting down and abandoning module SkeletalMeshReduction (221)
[2025.04.10-01.46.46:115][  0]LogModuleManager: Shutting down and abandoning module ProxyLODMeshReduction (219)
[2025.04.10-01.46.46:115][  0]LogModuleManager: Shutting down and abandoning module QuadricMeshReduction (217)
[2025.04.10-01.46.46:116][  0]LogModuleManager: Shutting down and abandoning module MaterialBaking (213)
[2025.04.10-01.46.46:116][  0]LogModuleManager: Shutting down and abandoning module DirectoryWatcher (209)
[2025.04.10-01.46.46:116][  0]LogModuleManager: Shutting down and abandoning module NullInstallBundleManager (206)
[2025.04.10-01.46.46:116][  0]LogModuleManager: Shutting down and abandoning module DerivedDataCache (204)
[2025.04.10-01.46.46:221][  0]LogModuleManager: Shutting down and abandoning module TargetPlatform (202)
[2025.04.10-01.46.46:222][  0]LogModuleManager: Shutting down and abandoning module VulkanShaderFormat (201)
[2025.04.10-01.46.46:222][  0]LogModuleManager: Shutting down and abandoning module ShaderFormatVectorVM (199)
[2025.04.10-01.46.46:222][  0]LogModuleManager: Shutting down and abandoning module ShaderFormatOpenGL (197)
[2025.04.10-01.46.46:222][  0]LogModuleManager: Shutting down and abandoning module ShaderFormatD3D (195)
[2025.04.10-01.46.46:223][  0]LogModuleManager: Shutting down and abandoning module MetalShaderFormat (193)
[2025.04.10-01.46.46:223][  0]LogModuleManager: Shutting down and abandoning module TextureFormatOodle (191)
[2025.04.10-01.46.46:223][  0]LogModuleManager: Shutting down and abandoning module TextureFormatUncompressed (189)
[2025.04.10-01.46.46:223][  0]LogModuleManager: Shutting down and abandoning module TextureFormatPVR (187)
[2025.04.10-01.46.46:223][  0]LogModuleManager: Shutting down and abandoning module TextureFormatETC2 (185)
[2025.04.10-01.46.46:224][  0]LogModuleManager: Shutting down and abandoning module TextureFormatDXT (183)
[2025.04.10-01.46.46:224][  0]LogModuleManager: Shutting down and abandoning module TextureFormatIntelISPCTexComp (181)
[2025.04.10-01.46.46:224][  0]LogModuleManager: Shutting down and abandoning module TextureFormatASTC (179)
[2025.04.10-01.46.46:224][  0]LogModuleManager: Shutting down and abandoning module ImageWrapper (178)
[2025.04.10-01.46.46:225][  0]LogModuleManager: Shutting down and abandoning module AudioFormatOpus (175)
[2025.04.10-01.46.46:225][  0]LogModuleManager: Shutting down and abandoning module AudioFormatOgg (173)
[2025.04.10-01.46.46:225][  0]LogModuleManager: Shutting down and abandoning module AudioFormatADPCM (171)
[2025.04.10-01.46.46:226][  0]LogModuleManager: Shutting down and abandoning module WindowsServerTargetPlatform (169)
[2025.04.10-01.46.46:226][  0]LogModuleManager: Shutting down and abandoning module WindowsClientTargetPlatform (167)
[2025.04.10-01.46.46:226][  0]LogModuleManager: Shutting down and abandoning module WindowsTargetPlatform (165)
[2025.04.10-01.46.46:226][  0]LogModuleManager: Shutting down and abandoning module WindowsNoEditorTargetPlatform (163)
[2025.04.10-01.46.46:226][  0]LogModuleManager: Shutting down and abandoning module TVOSTargetPlatform (161)
[2025.04.10-01.46.46:227][  0]LogModuleManager: Shutting down and abandoning module MacServerTargetPlatform (159)
[2025.04.10-01.46.46:227][  0]LogModuleManager: Shutting down and abandoning module MacClientTargetPlatform (157)
[2025.04.10-01.46.46:227][  0]LogModuleManager: Shutting down and abandoning module MacTargetPlatform (155)
[2025.04.10-01.46.46:228][  0]LogModuleManager: Shutting down and abandoning module MacNoEditorTargetPlatform (153)
[2025.04.10-01.46.46:228][  0]LogModuleManager: Shutting down and abandoning module LuminTargetPlatform (151)
[2025.04.10-01.46.46:229][  0]LogModuleManager: Shutting down and abandoning module LinuxAArch64ServerTargetPlatform (149)
[2025.04.10-01.46.46:229][  0]LogModuleManager: Shutting down and abandoning module LinuxAArch64ClientTargetPlatform (147)
[2025.04.10-01.46.46:229][  0]LogModuleManager: Shutting down and abandoning module LinuxAArch64NoEditorTargetPlatform (145)
[2025.04.10-01.46.46:229][  0]LogModuleManager: Shutting down and abandoning module LinuxServerTargetPlatform (143)
[2025.04.10-01.46.46:230][  0]LogModuleManager: Shutting down and abandoning module LinuxClientTargetPlatform (141)
[2025.04.10-01.46.46:230][  0]LogModuleManager: Shutting down and abandoning module LinuxNoEditorTargetPlatform (139)
[2025.04.10-01.46.46:230][  0]LogModuleManager: Shutting down and abandoning module LinuxTargetPlatform (137)
[2025.04.10-01.46.46:230][  0]LogModuleManager: Shutting down and abandoning module Messaging (135)
[2025.04.10-01.46.46:230][  0]LogModuleManager: Shutting down and abandoning module IOSTargetPlatform (133)
[2025.04.10-01.46.46:231][  0]LogModuleManager: Shutting down and abandoning module AndroidTargetPlatform (131)
[2025.04.10-01.46.46:234][  0]LogModuleManager: Shutting down and abandoning module AllDesktopTargetPlatform (129)
[2025.04.10-01.46.46:234][  0]LogModuleManager: Shutting down and abandoning module NullDrv (126)
[2025.04.10-01.46.46:235][  0]LogModuleManager: Shutting down and abandoning module PhysXCooking (124)
[2025.04.10-01.46.46:235][  0]LogModuleManager: Shutting down and abandoning module Chaos (122)
[2025.04.10-01.46.46:236][  0]LogModuleManager: Shutting down and abandoning module WindowsPlatformFeatures (120)
[2025.04.10-01.46.46:236][  0]LogModuleManager: Shutting down and abandoning module GameplayMediaEncoder (119)
[2025.04.10-01.46.46:236][  0]LogModuleManager: Shutting down and abandoning module AVEncoder (118)
[2025.04.10-01.46.46:236][  0]LogModuleManager: Shutting down and abandoning module ExampleDeviceProfileSelector (114)
[2025.04.10-01.46.46:236][  0]LogModuleManager: Shutting down and abandoning module SteamVRInputDevice (112)
[2025.04.10-01.46.46:237][  0]LogModuleManager: Shutting down and abandoning module SteamVRInput (110)
[2025.04.10-01.46.46:237][  0]LogModuleManager: Shutting down and abandoning module SteamVR (108)
[2025.04.10-01.46.46:237][  0]LogHMD: Freeing OpenVRDLLHandle.
[2025.04.10-01.46.46:237][  0]LogModuleManager: Shutting down and abandoning module OculusHMD (106)
[2025.04.10-01.46.46:237][  0]LogModuleManager: Shutting down and abandoning module ChunkDownloader (104)
[2025.04.10-01.46.46:238][  0]LogModuleManager: Shutting down and abandoning module OpenXRHandTracking (102)
[2025.04.10-01.46.46:238][  0]LogModuleManager: Shutting down and abandoning module MLSDK (100)
[2025.04.10-01.46.46:238][  0]LogModuleManager: Shutting down and abandoning module MagicLeap (98)
[2025.04.10-01.46.46:238][  0]LogModuleManager: Shutting down and abandoning module OpenXREyeTracker (96)
[2025.04.10-01.46.46:239][  0]LogModuleManager: Shutting down and abandoning module OpenXRAR (94)
[2025.04.10-01.46.46:239][  0]LogModuleManager: Shutting down and abandoning module AugmentedReality (93)
[2025.04.10-01.46.46:239][  0]LogModuleManager: Shutting down and abandoning module OpenXRHMD (90)
[2025.04.10-01.46.46:239][  0]LogModuleManager: Shutting down and abandoning module LauncherChunkInstaller (88)
[2025.04.10-01.46.46:240][  0]LogModuleManager: Shutting down and abandoning module OnlineBlueprintSupport (86)
[2025.04.10-01.46.46:240][  0]LogModuleManager: Shutting down and abandoning module OnlineSubsystem (82)
[2025.04.10-01.46.46:241][  0]LogModuleManager: Shutting down and abandoning module XMPP (77)
[2025.04.10-01.46.46:241][  0]LogModuleManager: Shutting down and abandoning module WebSockets (76)
[2025.04.10-01.46.46:260][  0]LogModuleManager: Shutting down and abandoning module HTTP (73)
[2025.04.10-01.46.46:261][  0]LogHttp: Display: cleaning up 0 outstanding Http requests.
[2025.04.10-01.46.46:294][  0]LogModuleManager: Shutting down and abandoning module SSL (72)
[2025.04.10-01.46.46:296][  0]LogModuleManager: Shutting down and abandoning module WmfMedia (68)
[2025.04.10-01.46.46:297][  0]LogModuleManager: Shutting down and abandoning module Media (67)
[2025.04.10-01.46.46:298][  0]LogModuleManager: Shutting down and abandoning module MediaInfo (66)
[2025.04.10-01.46.46:298][  0]LogModuleManager: Shutting down and abandoning module ExrReaderGpu (62)
[2025.04.10-01.46.46:298][  0]LogModuleManager: Shutting down and abandoning module VariantManagerContent (60)
[2025.04.10-01.46.46:298][  0]LogModuleManager: Shutting down and abandoning module NiagaraVertexFactories (58)
[2025.04.10-01.46.46:299][  0]LogModuleManager: Shutting down and abandoning module NiagaraShader (56)
[2025.04.10-01.46.46:299][  0]LogModuleManager: Shutting down and abandoning module DatasmithContent (54)
[2025.04.10-01.46.46:300][  0]LogModuleManager: Shutting down and abandoning module PixWinPlugin (52)
[2025.04.10-01.46.46:300][  0]LogModuleManager: Shutting down and abandoning module ChaosCloth (50)
[2025.04.10-01.46.46:300][  0]LogModuleManager: Shutting down and abandoning module AISupportModule (48)
[2025.04.10-01.46.46:301][  0]LogModuleManager: Shutting down and abandoning module OodleDataCompressionFormat (46)
[2025.04.10-01.46.46:301][  0]LogModuleManager: Shutting down and abandoning module PythonScriptPluginPreload (44)
[2025.04.10-01.46.46:301][  0]LogModuleManager: Shutting down and abandoning module PlatformCryptoOpenSSL (42)
[2025.04.10-01.46.46:301][  0]LogModuleManager: Shutting down and abandoning module PlatformCryptoTypes (40)
[2025.04.10-01.46.46:302][  0]LogModuleManager: Shutting down and abandoning module PlatformCrypto (38)
[2025.04.10-01.46.46:302][  0]LogModuleManager: Shutting down and abandoning module XGEController (36)
[2025.04.10-01.46.46:302][  0]LogXGEController: Cannot use XGE Controller as Incredibuild is not installed on this machine.
[2025.04.10-01.46.46:302][  0]LogModuleManager: Shutting down and abandoning module AnimationModifiers (34)
[2025.04.10-01.46.46:302][  0]LogModuleManager: Shutting down and abandoning module AudioEditor (32)
[2025.04.10-01.46.46:303][  0]LogModuleManager: Shutting down and abandoning module PropertyEditor (31)
[2025.04.10-01.46.46:303][  0]LogModuleManager: Shutting down and abandoning module TextureCompressor (28)
[2025.04.10-01.46.46:303][  0]LogModuleManager: Shutting down and abandoning module RenderCore (26)
[2025.04.10-01.46.46:303][  0]LogModuleManager: Shutting down and abandoning module Landscape (24)
[2025.04.10-01.46.46:304][  0]LogModuleManager: Shutting down and abandoning module SlateRHIRenderer (22)
[2025.04.10-01.46.46:304][  0]LogModuleManager: Shutting down and abandoning module AnimGraphRuntime (20)
[2025.04.10-01.46.46:304][  0]LogModuleManager: Shutting down and abandoning module Renderer (18)
[2025.04.10-01.46.46:304][  0]LogModuleManager: Shutting down and abandoning module Engine (16)
[2025.04.10-01.46.46:304][  0]LogModuleManager: Shutting down and abandoning module CoreUObject (14)
[2025.04.10-01.46.46:305][  0]LogModuleManager: Shutting down and abandoning module NetworkFile (12)
[2025.04.10-01.46.46:305][  0]LogModuleManager: Shutting down and abandoning module CookedIterativeFile (10)
[2025.04.10-01.46.46:305][  0]LogModuleManager: Shutting down and abandoning module StreamingFile (8)
[2025.04.10-01.46.46:305][  0]LogModuleManager: Shutting down and abandoning module SandboxFile (6)
[2025.04.10-01.46.46:305][  0]LogModuleManager: Shutting down and abandoning module PakFile (4)
[2025.04.10-01.46.46:305][  0]LogModuleManager: Shutting down and abandoning module RSA (3)
[2025.04.10-01.46.46:740][  0]LogContentStreaming: Display: There are 1 unreleased StreamingManagers
[2025.04.10-01.46.46:752][  0]LogExit: Exiting.
[2025.04.10-01.46.46:765][  0]Log file closed, 04/09/25 21:46:46
