Log file open, 04/10/25 10:54:37
LogWindows: Failed to load 'aqProf.dll' (GetLastError=126)
LogWindows: File 'aqProf.dll' does not exist
LogWindows: Failed to load 'VtuneApi.dll' (GetLastError=126)
LogWindows: File 'VtuneApi.dll' does not exist
LogWindows: Failed to load 'VtuneApi32e.dll' (GetLastError=126)
LogWindows: File 'VtuneApi32e.dll' does not exist
LogConsoleResponse: Display: Failed to find resolution value strings in scalability ini. Falling back to default.
LogConsoleResponse: Display: Failed to find resolution value strings in scalability ini. Falling back to default.
LogInit: Display: Running engine for game: TopDownPuzzle
LogPlatformFile: Not using cached read wrapper
LogTaskGraph: Started task graph with 5 named threads and 23 total threads with 3 sets of task threads.
LogStats: Stats thread started at 0.268252
LogICUInternationalization: ICU TimeZone Detection - Raw Offset: -5:00, Platform Override: ''
LogInit: Display: Loading text-based GConfig....
LogPluginManager: Mounting plugin MeshPainting
LogPluginManager: Mounting plugin XGEController
LogPluginManager: Mounting plugin Paper2D
LogPluginManager: Mounting plugin AISupport
LogPluginManager: Mounting plugin EnvironmentQueryEditor
LogPluginManager: Mounting plugin LiveLink
LogPluginManager: Mounting plugin LightPropagationVolume
LogPluginManager: Mounting plugin CameraShakePreviewer
LogPluginManager: Mounting plugin GameplayCameras
LogPluginManager: Mounting plugin OodleData
LogPluginManager: Mounting plugin OodleNetwork
LogPluginManager: Mounting plugin AssetManagerEditor
LogPluginManager: Mounting plugin CryptoKeys
LogPluginManager: Mounting plugin CurveEditorTools
LogPluginManager: Mounting plugin DataValidation
LogPluginManager: Mounting plugin FacialAnimation
LogPluginManager: Mounting plugin GameplayTagsEditor
LogPluginManager: Mounting plugin GeometryMode
LogPluginManager: Mounting plugin MacGraphicsSwitching
LogPluginManager: Mounting plugin MaterialAnalyzer
LogPluginManager: Mounting plugin MobileLauncherProfileWizard
LogPluginManager: Mounting plugin PluginBrowser
LogPluginManager: Mounting plugin SpeedTreeImporter
LogPluginManager: Mounting plugin AnimationSharing
LogPluginManager: Mounting plugin CLionSourceCodeAccess
LogPluginManager: Mounting plugin CodeLiteSourceCodeAccess
LogPluginManager: Mounting plugin GitSourceControl
LogPluginManager: Mounting plugin KDevelopSourceCodeAccess
LogPluginManager: Mounting plugin NullSourceCodeAccess
LogPluginManager: Mounting plugin PerforceSourceControl
LogPluginManager: Mounting plugin PixWinPlugin
LogPluginManager: Mounting plugin PlasticSourceControl
LogPluginManager: Mounting plugin PluginUtils
LogPluginManager: Mounting plugin PropertyAccessNode
LogPluginManager: Mounting plugin DatasmithContent
LogPluginManager: Mounting plugin RiderSourceCodeAccess
LogPluginManager: Mounting plugin SubversionSourceControl
LogPluginManager: Mounting plugin TextureFormatOodle
LogPluginManager: Mounting plugin UObjectPlugin
LogPluginManager: Mounting plugin Niagara
LogPluginManager: Mounting plugin VisualStudioCodeSourceCodeAccess
LogPluginManager: Mounting plugin VisualStudioSourceCodeAccess
LogPluginManager: Mounting plugin XCodeSourceCodeAccess
LogPluginManager: Mounting plugin VariantManagerContent
LogPluginManager: Mounting plugin AlembicImporter
LogPluginManager: Mounting plugin AutomationUtils
LogPluginManager: Mounting plugin BackChannel
LogPluginManager: Mounting plugin ChaosCloth
LogPluginManager: Mounting plugin ChaosClothEditor
LogPluginManager: Mounting plugin ChaosEditor
LogPluginManager: Mounting plugin ChaosSolverPlugin
LogPluginManager: Mounting plugin ChaosNiagara
LogPluginManager: Mounting plugin CharacterAI
LogPluginManager: Mounting plugin GeometryCache
LogPluginManager: Mounting plugin GeometryCollectionPlugin
LogPluginManager: Mounting plugin GeometryProcessing
LogPluginManager: Mounting plugin LuminPlatformFeatures
LogPluginManager: Mounting plugin MagicLeap
LogPluginManager: Mounting plugin MotoSynth
LogPluginManager: Mounting plugin OpenImageDenoise
LogPluginManager: Mounting plugin PlanarCut
LogPluginManager: Mounting plugin ProxyLODPlugin
LogPluginManager: Mounting plugin PlatformCrypto
LogPluginManager: Mounting plugin PythonScriptPlugin
LogPluginManager: Mounting plugin MagicLeapLightEstimation
LogPluginManager: Mounting plugin MagicLeapMedia
LogPluginManager: Mounting plugin MagicLeapPassableWorld
LogPluginManager: Mounting plugin MLSDK
LogPluginManager: Mounting plugin SkeletalReduction
LogPluginManager: Mounting plugin AndroidMedia
LogPluginManager: Mounting plugin AvfMedia
LogPluginManager: Mounting plugin ImgMedia
LogPluginManager: Mounting plugin MediaCompositing
LogPluginManager: Mounting plugin MediaPlayerEditor
LogPluginManager: Mounting plugin WebMMedia
LogPluginManager: Mounting plugin TcpMessaging
LogPluginManager: Mounting plugin UdpMessaging
LogPluginManager: Mounting plugin WmfMedia
LogPluginManager: Mounting plugin ActorSequence
LogPluginManager: Mounting plugin MatineeToLevelSequence
LogPluginManager: Mounting plugin LevelSequenceEditor
LogPluginManager: Mounting plugin TemplateSequence
LogPluginManager: Mounting plugin OnlineSubsystem
LogPluginManager: Mounting plugin OnlineSubsystemNull
LogPluginManager: Mounting plugin OnlineSubsystemUtils
LogPluginManager: Mounting plugin ActorLayerUtilities
LogPluginManager: Mounting plugin LauncherChunkInstaller
LogPluginManager: Mounting plugin AndroidMoviePlayer
LogPluginManager: Mounting plugin AndroidDeviceProfileSelector
LogPluginManager: Mounting plugin AndroidPermission
LogPluginManager: Mounting plugin AppleImageUtils
LogPluginManager: Mounting plugin AppleMoviePlayer
LogPluginManager: Mounting plugin AssetTags
LogPluginManager: Mounting plugin ArchVisCharacter
LogPluginManager: Mounting plugin AudioCapture
LogPluginManager: Mounting plugin AudioSynesthesia
LogPluginManager: Mounting plugin ChunkDownloader
LogPluginManager: Mounting plugin CableComponent
LogPluginManager: Mounting plugin CustomMeshComponent
LogPluginManager: Mounting plugin EditableMesh
LogPluginManager: Mounting plugin ExampleDeviceProfileSelector
LogPluginManager: Mounting plugin GoogleCloudMessaging
LogPluginManager: Mounting plugin GooglePAD
LogPluginManager: Mounting plugin IOSDeviceProfileSelector
LogPluginManager: Mounting plugin LinuxDeviceProfileSelector
LogPluginManager: Mounting plugin LocationServicesBPLibrary
LogPluginManager: Mounting plugin MobilePatchingUtils
LogPluginManager: Mounting plugin OpenXR
LogPluginManager: Mounting plugin OpenXREyeTracker
LogPluginManager: Mounting plugin OpenXRHandTracking
LogPluginManager: Mounting plugin PhysXVehicles
LogPluginManager: Mounting plugin PostSplashScreen
LogPluginManager: Mounting plugin ProceduralMeshComponent
LogPluginManager: Mounting plugin PropertyAccessEditor
LogPluginManager: Mounting plugin RuntimePhysXCooking
LogPluginManager: Mounting plugin SignificanceManager
LogPluginManager: Mounting plugin SoundFields
LogPluginManager: Mounting plugin Synthesis
LogPluginManager: Mounting plugin ScreenshotTools
LogPluginManager: Mounting plugin WebMMoviePlayer
LogPluginManager: Mounting plugin WindowsMoviePlayer
LogPluginManager: Mounting plugin Takes
LogPluginManager: Mounting plugin ContentBrowserAssetDataSource
LogPluginManager: Mounting plugin ContentBrowserClassDataSource
LogPluginManager: Mounting plugin ContentBrowserFileDataSource
LogPluginManager: Mounting plugin OnlineSubsystemGooglePlay
LogPluginManager: Mounting plugin OnlineSubsystemIOS
LogPluginManager: Mounting plugin OculusVR
LogPluginManager: Mounting plugin SteamVR
PixWinPlugin: PIX capture plugin failed to initialize! Check that the process is launched from PIX.
LogInit: Using libcurl 7.55.1-DEV
LogInit:  - built for x86_64-pc-win32
LogInit:  - supports SSL with OpenSSL/1.1.1
LogInit:  - supports HTTP deflate (compression) using libz 1.2.8
LogInit:  - other features:
LogInit:      CURL_VERSION_SSL
LogInit:      CURL_VERSION_LIBZ
LogInit:      CURL_VERSION_IPV6
LogInit:      CURL_VERSION_ASYNCHDNS
LogInit:      CURL_VERSION_LARGEFILE
LogInit:      CURL_VERSION_IDN
LogInit:  CurlRequestOptions (configurable via config and command line):
LogInit:  - bVerifyPeer = true  - Libcurl will verify peer certificate
LogInit:  - bUseHttpProxy = false  - Libcurl will NOT use HTTP proxy
LogInit:  - bDontReuseConnections = false  - Libcurl will reuse connections
LogInit:  - MaxHostConnections = 16  - Libcurl will limit the number of connections to a host
LogInit:  - LocalHostAddr = Default
LogInit:  - BufferSize = 65536
LogOnline: OSS: Creating online subsystem instance for: NULL
LogInit: WinSock: version 1.1 (2.2), MaxSocks=32767, MaxUdp=65467
LogOnline: OSS: TryLoadSubsystemAndSetDefault: Loaded subsystem for module [NULL]
LogOculusPluginWrapper: OculusPlugin initialized successfully
LogHMD: Failed initializing OVRPlugin 1.59.0
LogInit: Build: ++UE4+Release-4.27-CL-18319896
LogInit: Engine Version: 4.27.2-18319896+++UE4+Release-4.27
LogInit: Compatible Engine Version: 4.27.0-17155196+++UE4+Release-4.27
LogInit: Net CL: 17155196
LogInit: OS: Windows 10 (Release 2009) (), CPU: Intel(R) Core(TM) i5-9300H CPU @ 2.40GHz, GPU: Intel(R) UHD Graphics 630
LogInit: Compiled (64-bit): Nov 30 2021 07:12:08
LogInit: Compiled with Visual C++: 19.24.28315.00
LogInit: Build Configuration: Development
LogInit: Branch Name: ++UE4+Release-4.27
LogInit: Command Line: 
LogInit: Base Directory: C:/Program Files/UE/UE_4.27/Engine/Binaries/Win64/
LogInit: Allocator: TBB
LogInit: Installed Engine Build: 1
LogDevObjectVersion: Number of dev versions registered: 29
LogDevObjectVersion:   Dev-Blueprints (B0D832E4-1F89-4F0D-ACCF-7EB736FD4AA2): 10
LogDevObjectVersion:   Dev-Build (E1C64328-A22C-4D53-A36C-8E866417BD8C): 0
LogDevObjectVersion:   Dev-Core (375EC13C-06E4-48FB-B500-84F0262A717E): 4
LogDevObjectVersion:   Dev-Editor (E4B068ED-F494-42E9-A231-DA0B2E46BB41): 40
LogDevObjectVersion:   Dev-Framework (CFFC743F-43B0-4480-9391-14DF171D2073): 37
LogDevObjectVersion:   Dev-Mobile (B02B49B5-BB20-44E9-A304-32B752E40360): 3
LogDevObjectVersion:   Dev-Networking (A4E4105C-59A1-49B5-A7C5-40C4547EDFEE): 0
LogDevObjectVersion:   Dev-Online (39C831C9-5AE6-47DC-9A44-9C173E1C8E7C): 0
LogDevObjectVersion:   Dev-Physics (78F01B33-EBEA-4F98-B9B4-84EACCB95AA2): 14
LogDevObjectVersion:   Dev-Platform (6631380F-2D4D-43E0-8009-CF276956A95A): 0
LogDevObjectVersion:   Dev-Rendering (12F88B9F-8875-4AFC-A67C-D90C383ABD29): 45
LogDevObjectVersion:   Dev-Sequencer (7B5AE74C-D270-4C10-A958-57980B212A5A): 13
LogDevObjectVersion:   Dev-VR (D7296918-1DD6-4BDD-9DE2-64A83CC13884): 3
LogDevObjectVersion:   Dev-LoadTimes (C2A15278-BFE7-4AFE-6C17-90FF531DF755): 1
LogDevObjectVersion:   Private-Geometry (6EACA3D4-40EC-4CC1-B786-8BED09428FC5): 3
LogDevObjectVersion:   Dev-AnimPhys (29E575DD-E0A3-4627-9D10-D276232CDCEA): 17
LogDevObjectVersion:   Dev-Anim (AF43A65D-7FD3-4947-9873-3E8ED9C1BB05): 15
LogDevObjectVersion:   Dev-ReflectionCapture (6B266CEC-1EC7-4B8F-A30B-E4D90942FC07): 1
LogDevObjectVersion:   Dev-Automation (0DF73D61-A23F-47EA-B727-89E90C41499A): 1
LogDevObjectVersion:   FortniteMain (601D1886-AC64-4F84-AA16-D3DE0DEAC7D6): 47
LogDevObjectVersion:   FortniteRelease (E7086368-6B23-4C58-8439-1B7016265E91): 1
LogDevObjectVersion:   Dev-Enterprise (9DFFBCD6-494F-0158-E221-12823C92A888): 10
LogDevObjectVersion:   Dev-Niagara (F2AED0AC-9AFE-416F-8664-AA7FFA26D6FC): 1
LogDevObjectVersion:   Dev-Destruction (174F1F0B-B4C6-45A5-B13F-2EE8D0FB917D): 10
LogDevObjectVersion:   Dev-Physics-Ext (35F94A83-E258-406C-A318-09F59610247C): 41
LogDevObjectVersion:   Dev-PhysicsMaterial-Chaos (B68FC16E-8B1B-42E2-B453-215C058844FE): 1
LogDevObjectVersion:   Dev-CineCamera (B2E18506-4273-CFC2-A54E-F4BB758BBA07): 1
LogDevObjectVersion:   Dev-VirtualProduction (64F58936-FD1B-42BA-BA96-7289D5D0FA4E): 1
LogDevObjectVersion:   Dev-MediaFramework (6F0ED827-A609-4895-9C91-998D90180EA4): 2
LogInit: Presizing for max 25165824 objects, including 0 objects not considered by GC, pre-allocating 0 bytes for permanent pool.
LogConfig: Applying CVar settings from Section [/Script/Engine.StreamingSettings] File [C:/Unreal Projects/Top-Down-Puzzle/TopDownPuzzle/Saved/Config/Windows/Engine.ini]
LogConfig: Setting CVar [[s.MinBulkDataSizeForAsyncLoading:131072]]
LogConfig: Setting CVar [[s.AsyncLoadingThreadEnabled:0]]
LogConfig: Setting CVar [[s.EventDrivenLoaderEnabled:1]]
LogConfig: Setting CVar [[s.WarnIfTimeLimitExceeded:0]]
LogConfig: Setting CVar [[s.TimeLimitExceededMultiplier:1.5]]
LogConfig: Setting CVar [[s.TimeLimitExceededMinTime:0.005]]
LogConfig: Setting CVar [[s.UseBackgroundLevelStreaming:1]]
LogConfig: Setting CVar [[s.PriorityAsyncLoadingExtraTime:15.0]]
LogConfig: Setting CVar [[s.LevelStreamingActorsUpdateTimeLimit:5.0]]
LogConfig: Setting CVar [[s.PriorityLevelStreamingActorsUpdateExtraTime:5.0]]
LogConfig: Setting CVar [[s.LevelStreamingComponentsRegistrationGranularity:10]]
LogConfig: Setting CVar [[s.UnregisterComponentsTimeLimit:1.0]]
LogConfig: Setting CVar [[s.LevelStreamingComponentsUnregistrationGranularity:5]]
LogConfig: Setting CVar [[s.FlushStreamingOnExit:1]]
LogInit: Object subsystem initialized
LogConfig: Setting CVar [[con.DebugEarlyDefault:1]]
LogConfig: Setting CVar [[r.setres:1280x720]]
[2025.04.10-14.54.38:359][  0]LogConfig: Setting CVar [[r.VSync:0]]
[2025.04.10-14.54.38:359][  0]LogConfig: Setting CVar [[r.RHICmdBypass:0]]
[2025.04.10-14.54.38:359][  0]LogConfig: Applying CVar settings from Section [/Script/Engine.RendererSettings] File [C:/Unreal Projects/Top-Down-Puzzle/TopDownPuzzle/Saved/Config/Windows/Engine.ini]
[2025.04.10-14.54.38:359][  0]LogConfig: Setting CVar [[r.GPUCrashDebugging:0]]
[2025.04.10-14.54.38:359][  0]LogConfig: Setting CVar [[r.Mobile.DisableVertexFog:1]]
[2025.04.10-14.54.38:359][  0]LogConfig: Setting CVar [[r.Shadow.CSM.MaxMobileCascades:2]]
[2025.04.10-14.54.38:359][  0]LogConfig: Setting CVar [[r.MobileMSAA:1]]
[2025.04.10-14.54.38:359][  0]LogConfig: Setting CVar [[r.Mobile.AllowDitheredLODTransition:0]]
[2025.04.10-14.54.38:359][  0]LogConfig: Setting CVar [[r.Mobile.AllowSoftwareOcclusion:0]]
[2025.04.10-14.54.38:359][  0]LogConfig: Setting CVar [[r.Mobile.VirtualTextures:0]]
[2025.04.10-14.54.38:359][  0]LogConfig: Setting CVar [[r.DiscardUnusedQuality:0]]
[2025.04.10-14.54.38:359][  0]LogConfig: Setting CVar [[r.AllowOcclusionQueries:1]]
[2025.04.10-14.54.38:359][  0]LogConfig: Setting CVar [[r.MinScreenRadiusForLights:0.030000]]
[2025.04.10-14.54.38:359][  0]LogConfig: Setting CVar [[r.MinScreenRadiusForDepthPrepass:0.030000]]
[2025.04.10-14.54.38:359][  0]LogConfig: Setting CVar [[r.MinScreenRadiusForCSMDepth:0.010000]]
[2025.04.10-14.54.38:359][  0]LogConfig: Setting CVar [[r.PrecomputedVisibilityWarning:0]]
[2025.04.10-14.54.38:359][  0]LogConfig: Setting CVar [[r.TextureStreaming:1]]
[2025.04.10-14.54.38:359][  0]LogConfig: Setting CVar [[Compat.UseDXT5NormalMaps:0]]
[2025.04.10-14.54.38:359][  0]LogConfig: Setting CVar [[r.VirtualTextures:0]]
[2025.04.10-14.54.38:359][  0]LogConfig: Setting CVar [[r.VT.EnableAutoImport:1]]
[2025.04.10-14.54.38:359][  0]LogConfig: Setting CVar [[r.VirtualTexturedLightmaps:0]]
[2025.04.10-14.54.38:359][  0]LogConfig: Setting CVar [[r.VT.TileSize:128]]
[2025.04.10-14.54.38:359][  0]LogConfig: Setting CVar [[r.VT.TileBorderSize:4]]
[2025.04.10-14.54.38:359][  0]LogConfig: Setting CVar [[r.vt.FeedbackFactor:16]]
[2025.04.10-14.54.38:359][  0]LogConfig: Setting CVar [[r.VT.EnableCompressZlib:1]]
[2025.04.10-14.54.38:359][  0]LogConfig: Setting CVar [[r.VT.EnableCompressCrunch:0]]
[2025.04.10-14.54.38:359][  0]LogConfig: Setting CVar [[r.ClearCoatNormal:0]]
[2025.04.10-14.54.38:359][  0]LogConfig: Setting CVar [[r.ReflectionCaptureResolution:128]]
[2025.04.10-14.54.38:359][  0]LogConfig: Setting CVar [[r.Mobile.ReflectionCaptureCompression:0]]
[2025.04.10-14.54.38:359][  0]LogConfig: Setting CVar [[r.ReflectionEnvironmentLightmapMixBasedOnRoughness:1]]
[2025.04.10-14.54.38:359][  0]LogConfig: Setting CVar [[r.ForwardShading:0]]
[2025.04.10-14.54.38:359][  0]LogConfig: Setting CVar [[r.VertexFoggingForOpaque:1]]
[2025.04.10-14.54.38:359][  0]LogConfig: Setting CVar [[r.AllowStaticLighting:1]]
[2025.04.10-14.54.38:359][  0]LogConfig: Setting CVar [[r.NormalMapsForStaticLighting:0]]
[2025.04.10-14.54.38:359][  0]LogConfig: Setting CVar [[r.GenerateMeshDistanceFields:0]]
[2025.04.10-14.54.38:359][  0]LogConfig: Setting CVar [[r.DistanceFieldBuild.EightBit:0]]
[2025.04.10-14.54.38:359][  0]LogConfig: Setting CVar [[r.GenerateLandscapeGIData:0]]
[2025.04.10-14.54.38:359][  0]LogConfig: Setting CVar [[r.DistanceFieldBuild.Compress:0]]
[2025.04.10-14.54.38:359][  0]LogConfig: Setting CVar [[r.TessellationAdaptivePixelsPerTriangle:48.000000]]
[2025.04.10-14.54.38:359][  0]LogConfig: Setting CVar [[r.SeparateTranslucency:1]]
[2025.04.10-14.54.38:359][  0]LogConfig: Setting CVar [[r.TranslucentSortPolicy:0]]
[2025.04.10-14.54.38:359][  0]LogConfig: Setting CVar [[vr.VRS.HMDFixedFoveationLevel:0]]
[2025.04.10-14.54.38:359][  0]LogConfig: Setting CVar [[r.CustomDepth:1]]
[2025.04.10-14.54.38:359][  0]LogConfig: Setting CVar [[r.CustomDepthTemporalAAJitter:1]]
[2025.04.10-14.54.38:360][  0]LogConfig: Setting CVar [[r.PostProcessing.PropagateAlpha:0]]
[2025.04.10-14.54.38:360][  0]LogConfig: Setting CVar [[r.DefaultFeature.Bloom:1]]
[2025.04.10-14.54.38:360][  0]LogConfig: Setting CVar [[r.DefaultFeature.AmbientOcclusion:1]]
[2025.04.10-14.54.38:360][  0]LogConfig: Setting CVar [[r.DefaultFeature.AmbientOcclusionStaticFraction:1]]
[2025.04.10-14.54.38:360][  0]LogConfig: Setting CVar [[r.DefaultFeature.AutoExposure:0]]
[2025.04.10-14.54.38:360][  0]LogConfig: Setting CVar [[r.DefaultFeature.AutoExposure.Method:0]]
[2025.04.10-14.54.38:360][  0]LogConfig: Setting CVar [[r.DefaultFeature.AutoExposure.Bias:1.000000]]
[2025.04.10-14.54.38:360][  0]LogConfig: Setting CVar [[r.DefaultFeature.AutoExposure.ExtendDefaultLuminanceRange:0]]
[2025.04.10-14.54.38:360][  0]LogConfig: Setting CVar [[r.UsePreExposure:1]]
[2025.04.10-14.54.38:360][  0]LogConfig: Setting CVar [[r.EyeAdaptation.EditorOnly:0]]
[2025.04.10-14.54.38:360][  0]LogConfig: Setting CVar [[r.DefaultFeature.MotionBlur:0]]
[2025.04.10-14.54.38:360][  0]LogConfig: Setting CVar [[r.DefaultFeature.LensFlare:0]]
[2025.04.10-14.54.38:360][  0]LogConfig: Setting CVar [[r.TemporalAA.Upsampling:0]]
[2025.04.10-14.54.38:360][  0]LogConfig: Setting CVar [[r.SSGI.Enable:0]]
[2025.04.10-14.54.38:360][  0]LogConfig: Setting CVar [[r.DefaultFeature.AntiAliasing:0]]
[2025.04.10-14.54.38:360][  0]LogConfig: Setting CVar [[r.DefaultFeature.LightUnits:1]]
[2025.04.10-14.54.38:360][  0]LogConfig: Setting CVar [[r.DefaultBackBufferPixelFormat:4]]
[2025.04.10-14.54.38:360][  0]LogConfig: Setting CVar [[r.Shadow.UnbuiltPreviewInGame:1]]
[2025.04.10-14.54.38:360][  0]LogConfig: Setting CVar [[r.StencilForLODDither:0]]
[2025.04.10-14.54.38:360][  0]LogConfig: Setting CVar [[r.EarlyZPass:3]]
[2025.04.10-14.54.38:360][  0]LogConfig: Setting CVar [[r.EarlyZPassOnlyMaterialMasking:0]]
[2025.04.10-14.54.38:360][  0]LogConfig: Setting CVar [[r.DBuffer:1]]
[2025.04.10-14.54.38:360][  0]LogConfig: Setting CVar [[r.ClearSceneMethod:1]]
[2025.04.10-14.54.38:360][  0]LogConfig: Setting CVar [[r.BasePassOutputsVelocity:0]]
[2025.04.10-14.54.38:360][  0]LogConfig: Setting CVar [[r.VertexDeformationOutputsVelocity:0]]
[2025.04.10-14.54.38:360][  0]LogConfig: Setting CVar [[r.SelectiveBasePassOutputs:0]]
[2025.04.10-14.54.38:360][  0]LogConfig: Setting CVar [[fx.GPUSimulationTextureSizeX:1024]]
[2025.04.10-14.54.38:360][  0]LogConfig: Setting CVar [[fx.GPUSimulationTextureSizeY:1024]]
[2025.04.10-14.54.38:360][  0]LogConfig: Setting CVar [[r.AllowGlobalClipPlane:0]]
[2025.04.10-14.54.38:360][  0]LogConfig: Setting CVar [[r.GBufferFormat:1]]
[2025.04.10-14.54.38:360][  0]LogConfig: Setting CVar [[r.MorphTarget.Mode:1]]
[2025.04.10-14.54.38:360][  0]LogConfig: Setting CVar [[vr.InstancedStereo:0]]
[2025.04.10-14.54.38:360][  0]LogConfig: Setting CVar [[r.MobileHDR:1]]
[2025.04.10-14.54.38:360][  0]LogConfig: Setting CVar [[vr.MobileMultiView:0]]
[2025.04.10-14.54.38:360][  0]LogConfig: Setting CVar [[r.Mobile.UseHWsRGBEncoding:0]]
[2025.04.10-14.54.38:360][  0]LogConfig: Setting CVar [[vr.RoundRobinOcclusion:0]]
[2025.04.10-14.54.38:360][  0]LogConfig: Setting CVar [[vr.ODSCapture:0]]
[2025.04.10-14.54.38:360][  0]LogConfig: Setting CVar [[r.MeshStreaming:0]]
[2025.04.10-14.54.38:360][  0]LogConfig: Setting CVar [[r.WireframeCullThreshold:5.000000]]
[2025.04.10-14.54.38:360][  0]LogConfig: Setting CVar [[r.RayTracing:0]]
[2025.04.10-14.54.38:360][  0]LogConfig: Setting CVar [[r.RayTracing.UseTextureLod:0]]
[2025.04.10-14.54.38:360][  0]LogConfig: Setting CVar [[r.SupportStationarySkylight:1]]
[2025.04.10-14.54.38:360][  0]LogConfig: Setting CVar [[r.SupportLowQualityLightmaps:1]]
[2025.04.10-14.54.38:360][  0]LogConfig: Setting CVar [[r.SupportPointLightWholeSceneShadows:1]]
[2025.04.10-14.54.38:360][  0]LogConfig: Setting CVar [[r.SupportAtmosphericFog:1]]
[2025.04.10-14.54.38:360][  0]LogConfig: Setting CVar [[r.SupportSkyAtmosphere:1]]
[2025.04.10-14.54.38:360][  0]LogConfig: Setting CVar [[r.SupportSkyAtmosphereAffectsHeightFog:0]]
[2025.04.10-14.54.38:360][  0]LogConfig: Setting CVar [[r.SkinCache.CompileShaders:0]]
[2025.04.10-14.54.38:360][  0]LogConfig: Setting CVar [[r.SkinCache.DefaultBehavior:1]]
[2025.04.10-14.54.38:360][  0]LogConfig: Setting CVar [[r.SkinCache.SceneMemoryLimitInMB:128.000000]]
[2025.04.10-14.54.38:360][  0]LogConfig: Setting CVar [[r.Mobile.EnableStaticAndCSMShadowReceivers:1]]
[2025.04.10-14.54.38:360][  0]LogConfig: Setting CVar [[r.Mobile.EnableMovableLightCSMShaderCulling:1]]
[2025.04.10-14.54.38:360][  0]LogConfig: Setting CVar [[r.Mobile.AllowDistanceFieldShadows:1]]
[2025.04.10-14.54.38:360][  0]LogConfig: Setting CVar [[r.Mobile.AllowMovableDirectionalLights:1]]
[2025.04.10-14.54.38:360][  0]LogConfig: Setting CVar [[r.MobileNumDynamicPointLights:4]]
[2025.04.10-14.54.38:360][  0]LogConfig: Setting CVar [[r.MobileDynamicPointLightsUseStaticBranch:1]]
[2025.04.10-14.54.38:360][  0]LogConfig: Setting CVar [[r.Mobile.EnableMovableSpotlights:0]]
[2025.04.10-14.54.38:360][  0]LogConfig: Setting CVar [[r.Mobile.EnableMovableSpotlightsShadow:0]]
[2025.04.10-14.54.38:360][  0]LogConfig: Setting CVar [[r.GPUSkin.Support16BitBoneIndex:0]]
[2025.04.10-14.54.38:360][  0]LogConfig: Setting CVar [[r.GPUSkin.Limit2BoneInfluences:0]]
[2025.04.10-14.54.38:360][  0]LogConfig: Setting CVar [[r.SupportDepthOnlyIndexBuffers:1]]
[2025.04.10-14.54.38:360][  0]LogConfig: Setting CVar [[r.SupportReversedIndexBuffers:1]]
[2025.04.10-14.54.38:360][  0]LogConfig: Setting CVar [[r.LightPropagationVolume:0]]
[2025.04.10-14.54.38:360][  0]LogConfig: Setting CVar [[r.Mobile.AmbientOcclusion:0]]
[2025.04.10-14.54.38:360][  0]LogConfig: Setting CVar [[r.GPUSkin.UnlimitedBoneInfluences:0]]
[2025.04.10-14.54.38:360][  0]LogConfig: Setting CVar [[r.GPUSkin.UnlimitedBoneInfluencesThreshold:8]]
[2025.04.10-14.54.38:360][  0]LogConfig: Setting CVar [[r.Mobile.PlanarReflectionMode:0]]
[2025.04.10-14.54.38:360][  0]LogConfig: Setting CVar [[r.Mobile.SupportsGen4TAA:0]]
[2025.04.10-14.54.38:360][  0]LogConfig: Applying CVar settings from Section [/Script/Engine.RendererOverrideSettings] File [C:/Unreal Projects/Top-Down-Puzzle/TopDownPuzzle/Saved/Config/Windows/Engine.ini]
[2025.04.10-14.54.38:360][  0]LogConfig: Applying CVar settings from Section [/Script/Engine.StreamingSettings] File [C:/Unreal Projects/Top-Down-Puzzle/TopDownPuzzle/Saved/Config/Windows/Engine.ini]
[2025.04.10-14.54.38:360][  0]LogConfig: Setting CVar [[s.MinBulkDataSizeForAsyncLoading:131072]]
[2025.04.10-14.54.38:360][  0]LogConfig: Setting CVar [[s.AsyncLoadingThreadEnabled:0]]
[2025.04.10-14.54.38:360][  0]LogConfig: Setting CVar [[s.EventDrivenLoaderEnabled:1]]
[2025.04.10-14.54.38:360][  0]LogConfig: Setting CVar [[s.WarnIfTimeLimitExceeded:0]]
[2025.04.10-14.54.38:360][  0]LogConfig: Setting CVar [[s.TimeLimitExceededMultiplier:1.5]]
[2025.04.10-14.54.38:360][  0]LogConfig: Setting CVar [[s.TimeLimitExceededMinTime:0.005]]
[2025.04.10-14.54.38:360][  0]LogConfig: Setting CVar [[s.UseBackgroundLevelStreaming:1]]
[2025.04.10-14.54.38:360][  0]LogConfig: Setting CVar [[s.PriorityAsyncLoadingExtraTime:15.0]]
[2025.04.10-14.54.38:360][  0]LogConfig: Setting CVar [[s.LevelStreamingActorsUpdateTimeLimit:5.0]]
[2025.04.10-14.54.38:360][  0]LogConfig: Setting CVar [[s.PriorityLevelStreamingActorsUpdateExtraTime:5.0]]
[2025.04.10-14.54.38:360][  0]LogConfig: Setting CVar [[s.LevelStreamingComponentsRegistrationGranularity:10]]
[2025.04.10-14.54.38:360][  0]LogConfig: Setting CVar [[s.UnregisterComponentsTimeLimit:1.0]]
[2025.04.10-14.54.38:360][  0]LogConfig: Setting CVar [[s.LevelStreamingComponentsUnregistrationGranularity:5]]
[2025.04.10-14.54.38:360][  0]LogConfig: Setting CVar [[s.FlushStreamingOnExit:1]]
[2025.04.10-14.54.38:360][  0]LogConfig: Applying CVar settings from Section [/Script/Engine.GarbageCollectionSettings] File [C:/Unreal Projects/Top-Down-Puzzle/TopDownPuzzle/Saved/Config/Windows/Engine.ini]
[2025.04.10-14.54.38:360][  0]LogConfig: Setting CVar [[gc.MaxObjectsNotConsideredByGC:1]]
[2025.04.10-14.54.38:361][  0]LogConfig: Setting CVar [[gc.SizeOfPermanentObjectPool:0]]
[2025.04.10-14.54.38:361][  0]LogConfig: Setting CVar [[gc.FlushStreamingOnGC:0]]
[2025.04.10-14.54.38:361][  0]LogConfig: Setting CVar [[gc.NumRetriesBeforeForcingGC:10]]
[2025.04.10-14.54.38:361][  0]LogConfig: Setting CVar [[gc.AllowParallelGC:1]]
[2025.04.10-14.54.38:361][  0]LogConfig: Setting CVar [[gc.TimeBetweenPurgingPendingKillObjects:61.1]]
[2025.04.10-14.54.38:361][  0]LogConfig: Setting CVar [[gc.MaxObjectsInEditor:25165824]]
[2025.04.10-14.54.38:361][  0]LogConfig: Setting CVar [[gc.IncrementalBeginDestroyEnabled:1]]
[2025.04.10-14.54.38:361][  0]LogConfig: Setting CVar [[gc.CreateGCClusters:1]]
[2025.04.10-14.54.38:361][  0]LogConfig: Setting CVar [[gc.MinGCClusterSize:5]]
[2025.04.10-14.54.38:361][  0]LogConfig: Setting CVar [[gc.ActorClusteringEnabled:0]]
[2025.04.10-14.54.38:361][  0]LogConfig: Setting CVar [[gc.BlueprintClusteringEnabled:0]]
[2025.04.10-14.54.38:361][  0]LogConfig: Setting CVar [[gc.UseDisregardForGCOnDedicatedServers:0]]
[2025.04.10-14.54.38:361][  0]LogConfig: Setting CVar [[gc.MultithreadedDestructionEnabled:1]]
[2025.04.10-14.54.38:361][  0]LogConfig: Applying CVar settings from Section [/Script/Engine.NetworkSettings] File [C:/Unreal Projects/Top-Down-Puzzle/TopDownPuzzle/Saved/Config/Windows/Engine.ini]
[2025.04.10-14.54.38:361][  0]LogConfig: Applying CVar settings from Section [/Script/UnrealEd.CookerSettings] File [C:/Unreal Projects/Top-Down-Puzzle/TopDownPuzzle/Saved/Config/Windows/Engine.ini]
[2025.04.10-14.54.38:371][  0]LogConfig: Applying CVar settings from Section [ViewDistanceQuality@3] File [C:/Unreal Projects/Top-Down-Puzzle/TopDownPuzzle/Saved/Config/Windows/Scalability.ini]
[2025.04.10-14.54.38:371][  0]LogConfig: Setting CVar [[r.SkeletalMeshLODBias:0]]
[2025.04.10-14.54.38:371][  0]LogConfig: Setting CVar [[r.ViewDistanceScale:1.0]]
[2025.04.10-14.54.38:371][  0]LogConfig: Applying CVar settings from Section [AntiAliasingQuality@3] File [C:/Unreal Projects/Top-Down-Puzzle/TopDownPuzzle/Saved/Config/Windows/Scalability.ini]
[2025.04.10-14.54.38:371][  0]LogConfig: Setting CVar [[r.PostProcessAAQuality:4]]
[2025.04.10-14.54.38:371][  0]LogConfig: Applying CVar settings from Section [ShadowQuality@3] File [C:/Unreal Projects/Top-Down-Puzzle/TopDownPuzzle/Saved/Config/Windows/Scalability.ini]
[2025.04.10-14.54.38:371][  0]LogConfig: Setting CVar [[r.LightFunctionQuality:1]]
[2025.04.10-14.54.38:371][  0]LogConfig: Setting CVar [[r.ShadowQuality:5]]
[2025.04.10-14.54.38:371][  0]LogConfig: Setting CVar [[r.Shadow.CSM.MaxCascades:10]]
[2025.04.10-14.54.38:371][  0]LogConfig: Setting CVar [[r.Shadow.MaxResolution:2048]]
[2025.04.10-14.54.38:371][  0]LogConfig: Setting CVar [[r.Shadow.MaxCSMResolution:2048]]
[2025.04.10-14.54.38:371][  0]LogConfig: Setting CVar [[r.Shadow.RadiusThreshold:0.01]]
[2025.04.10-14.54.38:371][  0]LogConfig: Setting CVar [[r.Shadow.DistanceScale:1.0]]
[2025.04.10-14.54.38:371][  0]LogConfig: Setting CVar [[r.Shadow.CSM.TransitionScale:1.0]]
[2025.04.10-14.54.38:371][  0]LogConfig: Setting CVar [[r.Shadow.PreShadowResolutionFactor:1.0]]
[2025.04.10-14.54.38:371][  0]LogConfig: Setting CVar [[r.DistanceFieldShadowing:1]]
[2025.04.10-14.54.38:371][  0]LogConfig: Setting CVar [[r.DistanceFieldAO:1]]
[2025.04.10-14.54.38:371][  0]LogConfig: Setting CVar [[r.AOQuality:2]]
[2025.04.10-14.54.38:371][  0]LogConfig: Setting CVar [[r.VolumetricFog:1]]
[2025.04.10-14.54.38:371][  0]LogConfig: Setting CVar [[r.VolumetricFog.GridPixelSize:8]]
[2025.04.10-14.54.38:371][  0]LogConfig: Setting CVar [[r.VolumetricFog.GridSizeZ:128]]
[2025.04.10-14.54.38:371][  0]LogConfig: Setting CVar [[r.VolumetricFog.HistoryMissSupersampleCount:4]]
[2025.04.10-14.54.38:371][  0]LogConfig: Setting CVar [[r.LightMaxDrawDistanceScale:1]]
[2025.04.10-14.54.38:372][  0]LogConfig: Setting CVar [[r.CapsuleShadows:1]]
[2025.04.10-14.54.38:372][  0]LogConfig: Applying CVar settings from Section [PostProcessQuality@3] File [C:/Unreal Projects/Top-Down-Puzzle/TopDownPuzzle/Saved/Config/Windows/Scalability.ini]
[2025.04.10-14.54.38:372][  0]LogConfig: Setting CVar [[r.MotionBlurQuality:4]]
[2025.04.10-14.54.38:372][  0]LogConfig: Setting CVar [[r.AmbientOcclusionMipLevelFactor:0.4]]
[2025.04.10-14.54.38:372][  0]LogConfig: Setting CVar [[r.AmbientOcclusionMaxQuality:100]]
[2025.04.10-14.54.38:372][  0]LogConfig: Setting CVar [[r.AmbientOcclusionLevels:-1]]
[2025.04.10-14.54.38:372][  0]LogConfig: Setting CVar [[r.AmbientOcclusionRadiusScale:1.0]]
[2025.04.10-14.54.38:372][  0]LogConfig: Setting CVar [[r.DepthOfFieldQuality:2]]
[2025.04.10-14.54.38:372][  0]LogConfig: Setting CVar [[r.RenderTargetPoolMin:400]]
[2025.04.10-14.54.38:372][  0]LogConfig: Setting CVar [[r.LensFlareQuality:2]]
[2025.04.10-14.54.38:372][  0]LogConfig: Setting CVar [[r.SceneColorFringeQuality:1]]
[2025.04.10-14.54.38:372][  0]LogConfig: Setting CVar [[r.EyeAdaptationQuality:2]]
[2025.04.10-14.54.38:372][  0]LogConfig: Setting CVar [[r.BloomQuality:5]]
[2025.04.10-14.54.38:372][  0]LogConfig: Setting CVar [[r.FastBlurThreshold:100]]
[2025.04.10-14.54.38:372][  0]LogConfig: Setting CVar [[r.Upscale.Quality:3]]
[2025.04.10-14.54.38:372][  0]LogConfig: Setting CVar [[r.Tonemapper.GrainQuantization:1]]
[2025.04.10-14.54.38:372][  0]LogConfig: Setting CVar [[r.LightShaftQuality:1]]
[2025.04.10-14.54.38:372][  0]LogConfig: Setting CVar [[r.Filter.SizeScale:1]]
[2025.04.10-14.54.38:372][  0]LogConfig: Setting CVar [[r.Tonemapper.Quality:5]]
[2025.04.10-14.54.38:372][  0]LogConfig: Setting CVar [[r.DOF.Gather.AccumulatorQuality:1        ; higher gathering accumulator quality]]
[2025.04.10-14.54.38:372][  0]LogConfig: Setting CVar [[r.DOF.Gather.PostfilterMethod:1          ; Median3x3 postfilering method]]
[2025.04.10-14.54.38:372][  0]LogConfig: Setting CVar [[r.DOF.Gather.EnableBokehSettings:0       ; no bokeh simulation when gathering]]
[2025.04.10-14.54.38:372][  0]LogConfig: Setting CVar [[r.DOF.Gather.RingCount:4                 ; medium number of samples when gathering]]
[2025.04.10-14.54.38:372][  0]LogConfig: Setting CVar [[r.DOF.Scatter.ForegroundCompositing:1    ; additive foreground scattering]]
[2025.04.10-14.54.38:372][  0]LogConfig: Setting CVar [[r.DOF.Scatter.BackgroundCompositing:2    ; additive background scattering]]
[2025.04.10-14.54.38:372][  0]LogConfig: Setting CVar [[r.DOF.Scatter.EnableBokehSettings:1      ; bokeh simulation when scattering]]
[2025.04.10-14.54.38:372][  0]LogConfig: Setting CVar [[r.DOF.Scatter.MaxSpriteRatio:0.1         ; only a maximum of 10% of scattered bokeh]]
[2025.04.10-14.54.38:372][  0]LogConfig: Setting CVar [[r.DOF.Recombine.Quality:1                ; cheap slight out of focus]]
[2025.04.10-14.54.38:372][  0]LogConfig: Setting CVar [[r.DOF.Recombine.EnableBokehSettings:0    ; no bokeh simulation on slight out of focus]]
[2025.04.10-14.54.38:372][  0]LogConfig: Setting CVar [[r.DOF.TemporalAAQuality:1                ; more stable temporal accumulation]]
[2025.04.10-14.54.38:372][  0]LogConfig: Setting CVar [[r.DOF.Kernel.MaxForegroundRadius:0.025]]
[2025.04.10-14.54.38:372][  0]LogConfig: Setting CVar [[r.DOF.Kernel.MaxBackgroundRadius:0.025]]
[2025.04.10-14.54.38:372][  0]LogConfig: Applying CVar settings from Section [TextureQuality@3] File [C:/Unreal Projects/Top-Down-Puzzle/TopDownPuzzle/Saved/Config/Windows/Scalability.ini]
[2025.04.10-14.54.38:372][  0]LogConfig: Setting CVar [[r.Streaming.MipBias:0]]
[2025.04.10-14.54.38:372][  0]LogConfig: Setting CVar [[r.Streaming.AmortizeCPUToGPUCopy:0]]
[2025.04.10-14.54.38:372][  0]LogConfig: Setting CVar [[r.Streaming.MaxNumTexturesToStreamPerFrame:0]]
[2025.04.10-14.54.38:372][  0]LogConfig: Setting CVar [[r.Streaming.Boost:1]]
[2025.04.10-14.54.38:372][  0]LogConfig: Setting CVar [[r.MaxAnisotropy:8]]
[2025.04.10-14.54.38:372][  0]LogConfig: Setting CVar [[r.VT.MaxAnisotropy:8]]
[2025.04.10-14.54.38:372][  0]LogConfig: Setting CVar [[r.Streaming.LimitPoolSizeToVRAM:0]]
[2025.04.10-14.54.38:372][  0]LogConfig: Setting CVar [[r.Streaming.PoolSize:1000]]
[2025.04.10-14.54.38:372][  0]LogConfig: Setting CVar [[r.Streaming.MaxEffectiveScreenSize:0]]
[2025.04.10-14.54.38:372][  0]LogConfig: Applying CVar settings from Section [EffectsQuality@3] File [C:/Unreal Projects/Top-Down-Puzzle/TopDownPuzzle/Saved/Config/Windows/Scalability.ini]
[2025.04.10-14.54.38:372][  0]LogConfig: Setting CVar [[r.TranslucencyLightingVolumeDim:64]]
[2025.04.10-14.54.38:372][  0]LogConfig: Setting CVar [[r.RefractionQuality:2]]
[2025.04.10-14.54.38:372][  0]LogConfig: Setting CVar [[r.SSR.Quality:3]]
[2025.04.10-14.54.38:372][  0]LogConfig: Setting CVar [[r.SSR.HalfResSceneColor:0]]
[2025.04.10-14.54.38:372][  0]LogConfig: Setting CVar [[r.SceneColorFormat:4]]
[2025.04.10-14.54.38:372][  0]LogConfig: Setting CVar [[r.DetailMode:2]]
[2025.04.10-14.54.38:372][  0]LogConfig: Setting CVar [[r.TranslucencyVolumeBlur:1]]
[2025.04.10-14.54.38:372][  0]LogConfig: Setting CVar [[r.MaterialQualityLevel:1 ; High quality]]
[2025.04.10-14.54.38:372][  0]LogConfig: Setting CVar [[r.AnisotropicMaterials:1]]
[2025.04.10-14.54.38:372][  0]LogConfig: Setting CVar [[r.SSS.Scale:1]]
[2025.04.10-14.54.38:372][  0]LogConfig: Setting CVar [[r.SSS.SampleSet:2]]
[2025.04.10-14.54.38:372][  0]LogConfig: Setting CVar [[r.SSS.Quality:1]]
[2025.04.10-14.54.38:372][  0]LogConfig: Setting CVar [[r.SSS.HalfRes:0]]
[2025.04.10-14.54.38:372][  0]LogConfig: Setting CVar [[r.SSGI.Quality:3]]
[2025.04.10-14.54.38:372][  0]LogConfig: Setting CVar [[r.EmitterSpawnRateScale:1.0]]
[2025.04.10-14.54.38:372][  0]LogConfig: Setting CVar [[r.ParticleLightQuality:2]]
[2025.04.10-14.54.38:372][  0]LogConfig: Setting CVar [[r.SkyAtmosphere.AerialPerspectiveLUT.FastApplyOnOpaque:1 ; Always have FastSkyLUT 1 in this case to avoid wrong sky]]
[2025.04.10-14.54.38:372][  0]LogConfig: Setting CVar [[r.SkyAtmosphere.AerialPerspectiveLUT.SampleCountMaxPerSlice:4]]
[2025.04.10-14.54.38:372][  0]LogConfig: Setting CVar [[r.SkyAtmosphere.AerialPerspectiveLUT.DepthResolution:16.0]]
[2025.04.10-14.54.38:372][  0]LogConfig: Setting CVar [[r.SkyAtmosphere.FastSkyLUT:1]]
[2025.04.10-14.54.38:372][  0]LogConfig: Setting CVar [[r.SkyAtmosphere.FastSkyLUT.SampleCountMin:4.0]]
[2025.04.10-14.54.38:372][  0]LogConfig: Setting CVar [[r.SkyAtmosphere.FastSkyLUT.SampleCountMax:128.0]]
[2025.04.10-14.54.38:372][  0]LogConfig: Setting CVar [[r.SkyAtmosphere.SampleCountMin:4.0]]
[2025.04.10-14.54.38:372][  0]LogConfig: Setting CVar [[r.SkyAtmosphere.SampleCountMax:128.0]]
[2025.04.10-14.54.38:372][  0]LogConfig: Setting CVar [[r.SkyAtmosphere.TransmittanceLUT.UseSmallFormat:0]]
[2025.04.10-14.54.38:372][  0]LogConfig: Setting CVar [[r.SkyAtmosphere.TransmittanceLUT.SampleCount:10.0]]
[2025.04.10-14.54.38:372][  0]LogConfig: Setting CVar [[r.SkyAtmosphere.MultiScatteringLUT.SampleCount:15.0]]
[2025.04.10-14.54.38:372][  0]LogConfig: Setting CVar [[r.SkyLight.RealTimeReflectionCapture:1]]
[2025.04.10-14.54.38:372][  0]LogConfig: Applying CVar settings from Section [FoliageQuality@3] File [C:/Unreal Projects/Top-Down-Puzzle/TopDownPuzzle/Saved/Config/Windows/Scalability.ini]
[2025.04.10-14.54.38:372][  0]LogConfig: Setting CVar [[foliage.DensityScale:1.0]]
[2025.04.10-14.54.38:372][  0]LogConfig: Setting CVar [[grass.DensityScale:1.0]]
[2025.04.10-14.54.38:372][  0]LogConfig: Applying CVar settings from Section [ShadingQuality@3] File [C:/Unreal Projects/Top-Down-Puzzle/TopDownPuzzle/Saved/Config/Windows/Scalability.ini]
[2025.04.10-14.54.38:372][  0]LogConfig: Setting CVar [[r.HairStrands.SkyLighting.IntegrationType:2]]
[2025.04.10-14.54.38:372][  0]LogConfig: Setting CVar [[r.HairStrands.SkyAO.SampleCount:4]]
[2025.04.10-14.54.38:372][  0]LogConfig: Setting CVar [[r.HairStrands.Visibility.MSAA.SamplePerPixel:4]]
[2025.04.10-14.54.38:372][  0]LogInit: Selected Device Profile: [Windows]
[2025.04.10-14.54.38:372][  0]LogInit: Applying CVar settings loaded from the selected device profile: [Windows]
[2025.04.10-14.54.38:372][  0]LogHAL: Display: Platform has ~ 16 GB [17013329920 / 17179869184 / 16], which maps to Larger [LargestMinGB=32, LargerMinGB=12, DefaultMinGB=8, SmallerMinGB=6, SmallestMinGB=0)
[2025.04.10-14.54.38:373][  0]LogInit: Going up to parent DeviceProfile []
[2025.04.10-14.54.38:373][  0]LogConfig: Applying CVar settings from Section [ViewDistanceQuality@3] File [C:/Unreal Projects/Top-Down-Puzzle/TopDownPuzzle/Saved/Config/Windows/Scalability.ini]
[2025.04.10-14.54.38:373][  0]LogConfig: Setting CVar [[r.SkeletalMeshLODBias:0]]
[2025.04.10-14.54.38:373][  0]LogConfig: Setting CVar [[r.ViewDistanceScale:1.0]]
[2025.04.10-14.54.38:373][  0]LogConfig: Applying CVar settings from Section [AntiAliasingQuality@3] File [C:/Unreal Projects/Top-Down-Puzzle/TopDownPuzzle/Saved/Config/Windows/Scalability.ini]
[2025.04.10-14.54.38:373][  0]LogConfig: Setting CVar [[r.PostProcessAAQuality:4]]
[2025.04.10-14.54.38:373][  0]LogConfig: Applying CVar settings from Section [ShadowQuality@3] File [C:/Unreal Projects/Top-Down-Puzzle/TopDownPuzzle/Saved/Config/Windows/Scalability.ini]
[2025.04.10-14.54.38:373][  0]LogConfig: Setting CVar [[r.LightFunctionQuality:1]]
[2025.04.10-14.54.38:373][  0]LogConfig: Setting CVar [[r.ShadowQuality:5]]
[2025.04.10-14.54.38:373][  0]LogConfig: Setting CVar [[r.Shadow.CSM.MaxCascades:10]]
[2025.04.10-14.54.38:373][  0]LogConfig: Setting CVar [[r.Shadow.MaxResolution:2048]]
[2025.04.10-14.54.38:373][  0]LogConfig: Setting CVar [[r.Shadow.MaxCSMResolution:2048]]
[2025.04.10-14.54.38:373][  0]LogConfig: Setting CVar [[r.Shadow.RadiusThreshold:0.01]]
[2025.04.10-14.54.38:373][  0]LogConfig: Setting CVar [[r.Shadow.DistanceScale:1.0]]
[2025.04.10-14.54.38:373][  0]LogConfig: Setting CVar [[r.Shadow.CSM.TransitionScale:1.0]]
[2025.04.10-14.54.38:373][  0]LogConfig: Setting CVar [[r.Shadow.PreShadowResolutionFactor:1.0]]
[2025.04.10-14.54.38:373][  0]LogConfig: Setting CVar [[r.DistanceFieldShadowing:1]]
[2025.04.10-14.54.38:373][  0]LogConfig: Setting CVar [[r.DistanceFieldAO:1]]
[2025.04.10-14.54.38:373][  0]LogConfig: Setting CVar [[r.AOQuality:2]]
[2025.04.10-14.54.38:373][  0]LogConfig: Setting CVar [[r.VolumetricFog:1]]
[2025.04.10-14.54.38:373][  0]LogConfig: Setting CVar [[r.VolumetricFog.GridPixelSize:8]]
[2025.04.10-14.54.38:373][  0]LogConfig: Setting CVar [[r.VolumetricFog.GridSizeZ:128]]
[2025.04.10-14.54.38:373][  0]LogConfig: Setting CVar [[r.VolumetricFog.HistoryMissSupersampleCount:4]]
[2025.04.10-14.54.38:373][  0]LogConfig: Setting CVar [[r.LightMaxDrawDistanceScale:1]]
[2025.04.10-14.54.38:373][  0]LogConfig: Setting CVar [[r.CapsuleShadows:1]]
[2025.04.10-14.54.38:373][  0]LogConfig: Applying CVar settings from Section [PostProcessQuality@3] File [C:/Unreal Projects/Top-Down-Puzzle/TopDownPuzzle/Saved/Config/Windows/Scalability.ini]
[2025.04.10-14.54.38:373][  0]LogConfig: Setting CVar [[r.MotionBlurQuality:4]]
[2025.04.10-14.54.38:373][  0]LogConfig: Setting CVar [[r.AmbientOcclusionMipLevelFactor:0.4]]
[2025.04.10-14.54.38:373][  0]LogConfig: Setting CVar [[r.AmbientOcclusionMaxQuality:100]]
[2025.04.10-14.54.38:373][  0]LogConfig: Setting CVar [[r.AmbientOcclusionLevels:-1]]
[2025.04.10-14.54.38:373][  0]LogConfig: Setting CVar [[r.AmbientOcclusionRadiusScale:1.0]]
[2025.04.10-14.54.38:373][  0]LogConfig: Setting CVar [[r.DepthOfFieldQuality:2]]
[2025.04.10-14.54.38:373][  0]LogConfig: Setting CVar [[r.RenderTargetPoolMin:400]]
[2025.04.10-14.54.38:373][  0]LogConfig: Setting CVar [[r.LensFlareQuality:2]]
[2025.04.10-14.54.38:373][  0]LogConfig: Setting CVar [[r.SceneColorFringeQuality:1]]
[2025.04.10-14.54.38:373][  0]LogConfig: Setting CVar [[r.EyeAdaptationQuality:2]]
[2025.04.10-14.54.38:373][  0]LogConfig: Setting CVar [[r.BloomQuality:5]]
[2025.04.10-14.54.38:373][  0]LogConfig: Setting CVar [[r.FastBlurThreshold:100]]
[2025.04.10-14.54.38:373][  0]LogConfig: Setting CVar [[r.Upscale.Quality:3]]
[2025.04.10-14.54.38:373][  0]LogConfig: Setting CVar [[r.Tonemapper.GrainQuantization:1]]
[2025.04.10-14.54.38:373][  0]LogConfig: Setting CVar [[r.LightShaftQuality:1]]
[2025.04.10-14.54.38:373][  0]LogConfig: Setting CVar [[r.Filter.SizeScale:1]]
[2025.04.10-14.54.38:373][  0]LogConfig: Setting CVar [[r.Tonemapper.Quality:5]]
[2025.04.10-14.54.38:373][  0]LogConfig: Setting CVar [[r.DOF.Gather.AccumulatorQuality:1        ; higher gathering accumulator quality]]
[2025.04.10-14.54.38:373][  0]LogConfig: Setting CVar [[r.DOF.Gather.PostfilterMethod:1          ; Median3x3 postfilering method]]
[2025.04.10-14.54.38:373][  0]LogConfig: Setting CVar [[r.DOF.Gather.EnableBokehSettings:0       ; no bokeh simulation when gathering]]
[2025.04.10-14.54.38:373][  0]LogConfig: Setting CVar [[r.DOF.Gather.RingCount:4                 ; medium number of samples when gathering]]
[2025.04.10-14.54.38:373][  0]LogConfig: Setting CVar [[r.DOF.Scatter.ForegroundCompositing:1    ; additive foreground scattering]]
[2025.04.10-14.54.38:373][  0]LogConfig: Setting CVar [[r.DOF.Scatter.BackgroundCompositing:2    ; additive background scattering]]
[2025.04.10-14.54.38:373][  0]LogConfig: Setting CVar [[r.DOF.Scatter.EnableBokehSettings:1      ; bokeh simulation when scattering]]
[2025.04.10-14.54.38:373][  0]LogConfig: Setting CVar [[r.DOF.Scatter.MaxSpriteRatio:0.1         ; only a maximum of 10% of scattered bokeh]]
[2025.04.10-14.54.38:373][  0]LogConfig: Setting CVar [[r.DOF.Recombine.Quality:1                ; cheap slight out of focus]]
[2025.04.10-14.54.38:373][  0]LogConfig: Setting CVar [[r.DOF.Recombine.EnableBokehSettings:0    ; no bokeh simulation on slight out of focus]]
[2025.04.10-14.54.38:373][  0]LogConfig: Setting CVar [[r.DOF.TemporalAAQuality:1                ; more stable temporal accumulation]]
[2025.04.10-14.54.38:373][  0]LogConfig: Setting CVar [[r.DOF.Kernel.MaxForegroundRadius:0.025]]
[2025.04.10-14.54.38:373][  0]LogConfig: Setting CVar [[r.DOF.Kernel.MaxBackgroundRadius:0.025]]
[2025.04.10-14.54.38:373][  0]LogConfig: Applying CVar settings from Section [TextureQuality@3] File [C:/Unreal Projects/Top-Down-Puzzle/TopDownPuzzle/Saved/Config/Windows/Scalability.ini]
[2025.04.10-14.54.38:373][  0]LogConfig: Setting CVar [[r.Streaming.MipBias:0]]
[2025.04.10-14.54.38:373][  0]LogConfig: Setting CVar [[r.Streaming.AmortizeCPUToGPUCopy:0]]
[2025.04.10-14.54.38:373][  0]LogConfig: Setting CVar [[r.Streaming.MaxNumTexturesToStreamPerFrame:0]]
[2025.04.10-14.54.38:373][  0]LogConfig: Setting CVar [[r.Streaming.Boost:1]]
[2025.04.10-14.54.38:373][  0]LogConfig: Setting CVar [[r.MaxAnisotropy:8]]
[2025.04.10-14.54.38:373][  0]LogConfig: Setting CVar [[r.VT.MaxAnisotropy:8]]
[2025.04.10-14.54.38:373][  0]LogConfig: Setting CVar [[r.Streaming.LimitPoolSizeToVRAM:0]]
[2025.04.10-14.54.38:373][  0]LogConfig: Setting CVar [[r.Streaming.PoolSize:1000]]
[2025.04.10-14.54.38:373][  0]LogConfig: Setting CVar [[r.Streaming.MaxEffectiveScreenSize:0]]
[2025.04.10-14.54.38:373][  0]LogConfig: Applying CVar settings from Section [EffectsQuality@3] File [C:/Unreal Projects/Top-Down-Puzzle/TopDownPuzzle/Saved/Config/Windows/Scalability.ini]
[2025.04.10-14.54.38:373][  0]LogConfig: Setting CVar [[r.TranslucencyLightingVolumeDim:64]]
[2025.04.10-14.54.38:373][  0]LogConfig: Setting CVar [[r.RefractionQuality:2]]
[2025.04.10-14.54.38:373][  0]LogConfig: Setting CVar [[r.SSR.Quality:3]]
[2025.04.10-14.54.38:373][  0]LogConfig: Setting CVar [[r.SSR.HalfResSceneColor:0]]
[2025.04.10-14.54.38:373][  0]LogConfig: Setting CVar [[r.SceneColorFormat:4]]
[2025.04.10-14.54.38:373][  0]LogConfig: Setting CVar [[r.DetailMode:2]]
[2025.04.10-14.54.38:373][  0]LogConfig: Setting CVar [[r.TranslucencyVolumeBlur:1]]
[2025.04.10-14.54.38:373][  0]LogConfig: Setting CVar [[r.MaterialQualityLevel:1 ; High quality]]
[2025.04.10-14.54.38:373][  0]LogConfig: Setting CVar [[r.AnisotropicMaterials:1]]
[2025.04.10-14.54.38:373][  0]LogConfig: Setting CVar [[r.SSS.Scale:1]]
[2025.04.10-14.54.38:373][  0]LogConfig: Setting CVar [[r.SSS.SampleSet:2]]
[2025.04.10-14.54.38:373][  0]LogConfig: Setting CVar [[r.SSS.Quality:1]]
[2025.04.10-14.54.38:373][  0]LogConfig: Setting CVar [[r.SSS.HalfRes:0]]
[2025.04.10-14.54.38:373][  0]LogConfig: Setting CVar [[r.SSGI.Quality:3]]
[2025.04.10-14.54.38:373][  0]LogConfig: Setting CVar [[r.EmitterSpawnRateScale:1.0]]
[2025.04.10-14.54.38:373][  0]LogConfig: Setting CVar [[r.ParticleLightQuality:2]]
[2025.04.10-14.54.38:373][  0]LogConfig: Setting CVar [[r.SkyAtmosphere.AerialPerspectiveLUT.FastApplyOnOpaque:1 ; Always have FastSkyLUT 1 in this case to avoid wrong sky]]
[2025.04.10-14.54.38:373][  0]LogConfig: Setting CVar [[r.SkyAtmosphere.AerialPerspectiveLUT.SampleCountMaxPerSlice:4]]
[2025.04.10-14.54.38:373][  0]LogConfig: Setting CVar [[r.SkyAtmosphere.AerialPerspectiveLUT.DepthResolution:16.0]]
[2025.04.10-14.54.38:373][  0]LogConfig: Setting CVar [[r.SkyAtmosphere.FastSkyLUT:1]]
[2025.04.10-14.54.38:373][  0]LogConfig: Setting CVar [[r.SkyAtmosphere.FastSkyLUT.SampleCountMin:4.0]]
[2025.04.10-14.54.38:373][  0]LogConfig: Setting CVar [[r.SkyAtmosphere.FastSkyLUT.SampleCountMax:128.0]]
[2025.04.10-14.54.38:373][  0]LogConfig: Setting CVar [[r.SkyAtmosphere.SampleCountMin:4.0]]
[2025.04.10-14.54.38:373][  0]LogConfig: Setting CVar [[r.SkyAtmosphere.SampleCountMax:128.0]]
[2025.04.10-14.54.38:373][  0]LogConfig: Setting CVar [[r.SkyAtmosphere.TransmittanceLUT.UseSmallFormat:0]]
[2025.04.10-14.54.38:374][  0]LogConfig: Setting CVar [[r.SkyAtmosphere.TransmittanceLUT.SampleCount:10.0]]
[2025.04.10-14.54.38:374][  0]LogConfig: Setting CVar [[r.SkyAtmosphere.MultiScatteringLUT.SampleCount:15.0]]
[2025.04.10-14.54.38:374][  0]LogConfig: Setting CVar [[r.SkyLight.RealTimeReflectionCapture:1]]
[2025.04.10-14.54.38:374][  0]LogConfig: Applying CVar settings from Section [FoliageQuality@3] File [C:/Unreal Projects/Top-Down-Puzzle/TopDownPuzzle/Saved/Config/Windows/Scalability.ini]
[2025.04.10-14.54.38:374][  0]LogConfig: Setting CVar [[foliage.DensityScale:1.0]]
[2025.04.10-14.54.38:374][  0]LogConfig: Setting CVar [[grass.DensityScale:1.0]]
[2025.04.10-14.54.38:374][  0]LogConfig: Applying CVar settings from Section [ShadingQuality@3] File [C:/Unreal Projects/Top-Down-Puzzle/TopDownPuzzle/Saved/Config/Windows/Scalability.ini]
[2025.04.10-14.54.38:374][  0]LogConfig: Setting CVar [[r.HairStrands.SkyLighting.IntegrationType:2]]
[2025.04.10-14.54.38:374][  0]LogConfig: Setting CVar [[r.HairStrands.SkyAO.SampleCount:4]]
[2025.04.10-14.54.38:374][  0]LogConfig: Setting CVar [[r.HairStrands.Visibility.MSAA.SamplePerPixel:4]]
[2025.04.10-14.54.38:374][  0]LogConfig: Applying CVar settings from Section [Startup] File [../../../Engine/Config/ConsoleVariables.ini]
[2025.04.10-14.54.38:374][  0]LogConfig: Setting CVar [[net.UseAdaptiveNetUpdateFrequency:0]]
[2025.04.10-14.54.38:374][  0]LogConfig: Setting CVar [[p.chaos.AllowCreatePhysxBodies:1]]
[2025.04.10-14.54.38:374][  0]LogConfig: Setting CVar [[fx.SkipVectorVMBackendOptimizations:1]]
[2025.04.10-14.54.38:374][  0]LogConfig: Applying CVar settings from Section [ConsoleVariables] File [C:/Unreal Projects/Top-Down-Puzzle/TopDownPuzzle/Saved/Config/Windows/Engine.ini]
[2025.04.10-14.54.38:374][  0]LogConfig: Applying CVar settings from Section [ConsoleVariables] File [C:/Unreal Projects/Top-Down-Puzzle/TopDownPuzzle/Saved/Config/Windows/Editor.ini]
[2025.04.10-14.54.38:374][  0]LogInit: Computer: LAPTOP-EJ2DB2HV
[2025.04.10-14.54.38:374][  0]LogInit: User: patel
[2025.04.10-14.54.38:374][  0]LogInit: CPU Page size=4096, Cores=4
[2025.04.10-14.54.38:374][  0]LogInit: High frequency timer resolution =10.000000 MHz
[2025.04.10-14.54.38:374][  0]LogMemory: Memory total: Physical=15.8GB (16GB approx)
[2025.04.10-14.54.38:374][  0]LogMemory: Platform Memory Stats for Windows
[2025.04.10-14.54.38:374][  0]LogMemory: Process Physical Memory: 143.71 MB used, 143.71 MB peak
[2025.04.10-14.54.38:374][  0]LogMemory: Process Virtual Memory: 112.36 MB used, 112.36 MB peak
[2025.04.10-14.54.38:374][  0]LogMemory: Physical Memory: 9884.38 MB used,  6340.80 MB free, 16225.18 MB total
[2025.04.10-14.54.38:374][  0]LogMemory: Virtual Memory: 134199568.00 MB used,  18157.21 MB free, 134217728.00 MB total
[2025.04.10-14.54.38:381][  0]LogWindows: WindowsPlatformFeatures enabled
[2025.04.10-14.54.38:435][  0]LogInit: Physics initialised using underlying interface: PhysX
[2025.04.10-14.54.38:436][  0]LogInit: Using OS detected language (en-US).
[2025.04.10-14.54.38:436][  0]LogInit: Using OS detected locale (en-IN).
[2025.04.10-14.54.38:441][  0]LogTextLocalizationManager: No specific localization for 'en-US' exists, so the 'en' localization will be used.
[2025.04.10-14.54.38:665][  0]LogInit: Setting process to per monitor DPI aware
[2025.04.10-14.54.38:685][  0]LogWindowsTextInputMethodSystem: Display: IME system deactivated.
[2025.04.10-14.54.38:706][  0]LogSlate: New Slate User Created.  User Index 0, Is Virtual User: 0
[2025.04.10-14.54.38:706][  0]LogSlate: Slate User Registered.  User Index 0, Is Virtual User: 0
[2025.04.10-14.54.38:907][  0]LogD3D11RHI: Loaded GFSDK_Aftermath_Lib.x64.dll
[2025.04.10-14.54.38:987][  0]LogHMD: Failed to initialize OpenVR with code 110
[2025.04.10-14.54.38:987][  0]LogD3D11RHI: D3D11 min allowed feature level: 11_0
[2025.04.10-14.54.38:987][  0]LogD3D11RHI: D3D11 max allowed feature level: 11_0
[2025.04.10-14.54.38:987][  0]LogD3D11RHI: D3D11 adapters:
[2025.04.10-14.54.39:143][  0]LogD3D11RHI:    0. 'NVIDIA GeForce GTX 1650' (Feature Level 11_0)
[2025.04.10-14.54.39:143][  0]LogD3D11RHI:       3935/0/8112 MB DedicatedVideo/DedicatedSystem/SharedSystem, Outputs:1, VendorId:0x10de
[2025.04.10-14.54.39:205][  0]LogD3D11RHI:    1. 'Intel(R) UHD Graphics 630' (Feature Level 11_0)
[2025.04.10-14.54.39:205][  0]LogD3D11RHI:       128/0/8112 MB DedicatedVideo/DedicatedSystem/SharedSystem, Outputs:0, VendorId:0x8086
[2025.04.10-14.54.39:208][  0]LogD3D11RHI:    2. 'Microsoft Basic Render Driver' (Feature Level 11_0)
[2025.04.10-14.54.39:208][  0]LogD3D11RHI:       0/0/8112 MB DedicatedVideo/DedicatedSystem/SharedSystem, Outputs:0, VendorId:0x1414
[2025.04.10-14.54.39:208][  0]LogD3D11RHI: Chosen D3D11 Adapter:
[2025.04.10-14.54.39:208][  0]LogD3D11RHI:     Description : NVIDIA GeForce GTX 1650
[2025.04.10-14.54.39:208][  0]LogD3D11RHI:     VendorId    : 10de
[2025.04.10-14.54.39:208][  0]LogD3D11RHI:     DeviceId    : 1f91
[2025.04.10-14.54.39:208][  0]LogD3D11RHI:     SubSysId    : 85fc103c
[2025.04.10-14.54.39:208][  0]LogD3D11RHI:     Revision    : 00a1
[2025.04.10-14.54.39:208][  0]LogD3D11RHI:     DedicatedVideoMemory : 4126146560 bytes
[2025.04.10-14.54.39:208][  0]LogD3D11RHI:     DedicatedSystemMemory : 0 bytes
[2025.04.10-14.54.39:208][  0]LogD3D11RHI:     SharedSystemMemory : 8506664960 bytes
[2025.04.10-14.54.39:208][  0]LogD3D11RHI:     AdapterLuid : 0 80733
[2025.04.10-14.54.39:215][  0]LogD3D11RHI: Creating new Direct3DDevice
[2025.04.10-14.54.39:215][  0]LogD3D11RHI:     GPU DeviceId: 0x1f91 (for the marketing name, search the web for "GPU Device Id")
[2025.04.10-14.54.39:215][  0]LogWindows: EnumDisplayDevices:
[2025.04.10-14.54.39:215][  0]LogWindows:    0. 'Intel(R) UHD Graphics 630' (P:1 D:1)
[2025.04.10-14.54.39:215][  0]LogWindows:    1. 'Intel(R) UHD Graphics 630' (P:0 D:0)
[2025.04.10-14.54.39:216][  0]LogWindows:    2. 'Intel(R) UHD Graphics 630' (P:0 D:0)
[2025.04.10-14.54.39:216][  0]LogWindows:    3. 'NVIDIA GeForce GTX 1650' (P:0 D:0)
[2025.04.10-14.54.39:216][  0]LogWindows:    4. 'NVIDIA GeForce GTX 1650' (P:0 D:0)
[2025.04.10-14.54.39:216][  0]LogWindows:    5. 'NVIDIA GeForce GTX 1650' (P:0 D:0)
[2025.04.10-14.54.39:217][  0]LogWindows:    6. 'NVIDIA GeForce GTX 1650' (P:0 D:0)
[2025.04.10-14.54.39:217][  0]LogWindows: DebugString: PrimaryIsNotTheChoosenAdapter PrimaryIsNotTheChoosenAdapter PrimaryIsNotTheChoosenAdapter FoundDriverCount:4 
[2025.04.10-14.54.39:217][  0]LogD3D11RHI:     Adapter Name: NVIDIA GeForce GTX 1650
[2025.04.10-14.54.39:217][  0]LogD3D11RHI:   Driver Version: 561.19 (internal:32.0.15.6119, unified:561.19)
[2025.04.10-14.54.39:217][  0]LogD3D11RHI:      Driver Date: 11-11-2024
[2025.04.10-14.54.39:217][  0]LogRHI: Texture pool is 2754 MB (70% of 3935 MB)
[2025.04.10-14.54.39:217][  0]LogD3D11RHI: Creating D3DDevice using adapter:
[2025.04.10-14.54.39:217][  0]LogD3D11RHI:     Description : NVIDIA GeForce GTX 1650
[2025.04.10-14.54.39:217][  0]LogD3D11RHI:     VendorId    : 10de
[2025.04.10-14.54.39:217][  0]LogD3D11RHI:     DeviceId    : 1f91
[2025.04.10-14.54.39:217][  0]LogD3D11RHI:     SubSysId    : 85fc103c
[2025.04.10-14.54.39:217][  0]LogD3D11RHI:     Revision    : 00a1
[2025.04.10-14.54.39:217][  0]LogD3D11RHI:     DedicatedVideoMemory : 4126146560 bytes
[2025.04.10-14.54.39:217][  0]LogD3D11RHI:     DedicatedSystemMemory : 0 bytes
[2025.04.10-14.54.39:217][  0]LogD3D11RHI:     SharedSystemMemory : 8506664960 bytes
[2025.04.10-14.54.39:217][  0]LogD3D11RHI:     AdapterLuid : 0 80733
[2025.04.10-14.54.39:305][  0]LogD3D11RHI: RHI has support for 64 bit atomics
[2025.04.10-14.54.39:305][  0]LogD3D11RHI: Async texture creation enabled
[2025.04.10-14.54.39:305][  0]LogD3D11RHI: Array index from any shader is supported
[2025.04.10-14.54.39:336][  0]LogD3D11RHI: GPU Timing Frequency: 1000.000000 (Debug: 2 2)
[2025.04.10-14.54.39:403][  0]LogRHI: GeForceNow SDK initialized: 1
[2025.04.10-14.54.39:753][  0]LogTargetPlatformManager: Display: Loaded TargetPlatform 'AllDesktop'
[2025.04.10-14.54.39:777][  0]LogTargetPlatformManager: Display: Loaded TargetPlatform 'Android'
[2025.04.10-14.54.39:777][  0]LogTargetPlatformManager: Display: Loaded TargetPlatform 'Android_ASTC'
[2025.04.10-14.54.39:777][  0]LogTargetPlatformManager: Display: Loaded TargetPlatform 'Android_DXT'
[2025.04.10-14.54.39:777][  0]LogTargetPlatformManager: Display: Loaded TargetPlatform 'Android_ETC2'
[2025.04.10-14.54.39:777][  0]LogTargetPlatformManager: Display: Loaded TargetPlatform 'AndroidClient'
[2025.04.10-14.54.39:777][  0]LogTargetPlatformManager: Display: Loaded TargetPlatform 'Android_ASTCClient'
[2025.04.10-14.54.39:777][  0]LogTargetPlatformManager: Display: Loaded TargetPlatform 'Android_DXTClient'
[2025.04.10-14.54.39:777][  0]LogTargetPlatformManager: Display: Loaded TargetPlatform 'Android_ETC2Client'
[2025.04.10-14.54.39:777][  0]LogTargetPlatformManager: Display: Loaded TargetPlatform 'Android_Multi'
[2025.04.10-14.54.39:777][  0]LogTargetPlatformManager: Display: Loaded TargetPlatform 'Android_MultiClient'
[2025.04.10-14.54.39:799][  0]LogTargetPlatformManager: Display: Loaded TargetPlatform 'IOSClient'
[2025.04.10-14.54.39:799][  0]LogTargetPlatformManager: Display: Loaded TargetPlatform 'IOS'
[2025.04.10-14.54.39:810][  0]LogTargetPlatformManager: Display: Loaded TargetPlatform 'Linux'
[2025.04.10-14.54.39:816][  0]LogTargetPlatformManager: Display: Loaded TargetPlatform 'LinuxNoEditor'
[2025.04.10-14.54.39:822][  0]LogTargetPlatformManager: Display: Loaded TargetPlatform 'LinuxClient'
[2025.04.10-14.54.39:827][  0]LogTargetPlatformManager: Display: Loaded TargetPlatform 'LinuxServer'
[2025.04.10-14.54.39:838][  0]LogTargetPlatformManager: Display: Loaded TargetPlatform 'LinuxAArch64NoEditor'
[2025.04.10-14.54.39:844][  0]LogTargetPlatformManager: Display: Loaded TargetPlatform 'LinuxAArch64Client'
[2025.04.10-14.54.39:850][  0]LogTargetPlatformManager: Display: Loaded TargetPlatform 'LinuxAArch64Server'
[2025.04.10-14.54.39:877][  0]LogTargetPlatformManager: Display: Loaded TargetPlatform 'Lumin'
[2025.04.10-14.54.39:877][  0]LogTargetPlatformManager: Display: Loaded TargetPlatform 'LuminClient'
[2025.04.10-14.54.39:887][  0]LogTargetPlatformManager: Display: Loaded TargetPlatform 'MacNoEditor'
[2025.04.10-14.54.39:893][  0]LogTargetPlatformManager: Display: Loaded TargetPlatform 'Mac'
[2025.04.10-14.54.39:898][  0]LogTargetPlatformManager: Display: Loaded TargetPlatform 'MacClient'
[2025.04.10-14.54.39:904][  0]LogTargetPlatformManager: Display: Loaded TargetPlatform 'MacServer'
[2025.04.10-14.54.39:915][  0]LogTargetPlatformManager: Display: Loaded TargetPlatform 'TVOSClient'
[2025.04.10-14.54.39:915][  0]LogTargetPlatformManager: Display: Loaded TargetPlatform 'TVOS'
[2025.04.10-14.54.39:926][  0]LogTargetPlatformManager: Display: Loaded TargetPlatform 'WindowsNoEditor'
[2025.04.10-14.54.39:932][  0]LogTargetPlatformManager: Display: Loaded TargetPlatform 'Windows'
[2025.04.10-14.54.39:937][  0]LogTargetPlatformManager: Display: Loaded TargetPlatform 'WindowsClient'
[2025.04.10-14.54.39:943][  0]LogTargetPlatformManager: Display: Loaded TargetPlatform 'WindowsServer'
[2025.04.10-14.54.39:943][  0]LogTargetPlatformManager: Display: Building Assets For Windows
[2025.04.10-14.54.39:954][  0]LogAudioDebug: Display: Lib vorbis DLL was dynamically loaded.
[2025.04.10-14.54.40:005][  0]LogTextureFormatOodle: Display: Oodle Texture 2.9.0 init RDO Off
[2025.04.10-14.54.40:049][  0]LogRendererCore: Ray tracing is disabled. Reason: r.RayTracing=0.
[2025.04.10-14.54.40:049][  0]LogShaderCompilers: Guid format shader working directory is -18 characters bigger than the processId version (../../../../../../Unreal Projects/Top-Down-Puzzle/TopDownPuzzle/Intermediate/Shaders/WorkingDirectory/23460/).
[2025.04.10-14.54.40:049][  0]LogShaderCompilers: Cleaned the shader compiler working directory 'C:/Users/patel/AppData/Local/Temp/UnrealShaderWorkingDir/D12E4EF940EB8C0BBE76FEBDED9B5D98/'.
[2025.04.10-14.54.40:050][  0]LogXGEController: Cannot use XGE Controller as Incredibuild is not installed on this machine.
[2025.04.10-14.54.40:050][  0]LogShaderCompilers: Cannot use XGE Shader Compiler as Incredibuild is not installed on this machine.
[2025.04.10-14.54.40:050][  0]LogShaderCompilers: Display: Using Local Shader Compiler.
[2025.04.10-14.54.40:820][  0]LogDerivedDataCache: Display: Max Cache Size: 512 MB
[2025.04.10-14.54.40:875][  0]LogDerivedDataCache: Loaded boot cache 0.06s 94MB C:/Users/patel/AppData/Local/UnrealEngine/4.27/DerivedDataCache/Boot.ddc.
[2025.04.10-14.54.40:875][  0]LogDerivedDataCache: Display: Loaded Boot cache: C:/Users/patel/AppData/Local/UnrealEngine/4.27/DerivedDataCache/Boot.ddc
[2025.04.10-14.54.40:875][  0]LogDerivedDataCache: FDerivedDataBackendGraph:  Pak pak cache file ../../../../../../Unreal Projects/Top-Down-Puzzle/TopDownPuzzle/DerivedDataCache/DDC.ddp not found, will not use a pak cache.
[2025.04.10-14.54.40:875][  0]LogDerivedDataCache: Unable to find inner node Pak for hierarchical cache Hierarchy.
[2025.04.10-14.54.40:875][  0]LogDerivedDataCache: FDerivedDataBackendGraph:  CompressedPak pak cache file ../../../../../../Unreal Projects/Top-Down-Puzzle/TopDownPuzzle/DerivedDataCache/Compressed.ddp not found, will not use a pak cache.
[2025.04.10-14.54.40:875][  0]LogDerivedDataCache: Unable to find inner node CompressedPak for hierarchical cache Hierarchy.
[2025.04.10-14.54.40:893][  0]LogDerivedDataCache: Display: Pak cache opened for reading ../../../Engine/DerivedDataCache/Compressed.ddp.
[2025.04.10-14.54.40:893][  0]LogDerivedDataCache: FDerivedDataBackendGraph:  EnterprisePak pak cache file ../../../Enterprise/DerivedDataCache/Compressed.ddp not found, will not use a pak cache.
[2025.04.10-14.54.40:893][  0]LogDerivedDataCache: Unable to find inner node EnterprisePak for hierarchical cache Hierarchy.
[2025.04.10-14.54.40:905][  0]LogDerivedDataCache: Speed tests for C:/Users/patel/AppData/Local/UnrealEngine/Common/DerivedDataCache took 0.01 seconds
[2025.04.10-14.54.40:906][  0]LogDerivedDataCache: Display: Performance to C:/Users/patel/AppData/Local/UnrealEngine/Common/DerivedDataCache: Latency=0.06ms. RandomReadSpeed=686.93MBs, RandomWriteSpeed=88.53MBs. Assigned SpeedClass 'Local'
[2025.04.10-14.54.40:906][  0]LogDerivedDataCache: Using Local data cache path C:/Users/patel/AppData/Local/UnrealEngine/Common/DerivedDataCache: Writable
[2025.04.10-14.54.40:906][  0]LogDerivedDataCache: Shared data cache path not found in *engine.ini, will not use an Shared cache.
[2025.04.10-14.54.40:906][  0]LogDerivedDataCache: Unable to find inner node Shared for hierarchical cache Hierarchy.
[2025.04.10-14.54.40:957][  0]LogSlate: Using FreeType 2.10.0
[2025.04.10-14.54.40:957][  0]LogSlate: SlateFontServices - WITH_FREETYPE: 1, WITH_HARFBUZZ: 1
[2025.04.10-14.54.40:982][  0]LogAssetRegistry: FAssetRegistry took 0.0029 seconds to start up
[2025.04.10-14.54.41:224][  0]LogInit: Selected Device Profile: [Windows]
[2025.04.10-14.54.41:224][  0]LogInit: Active device profile: [0000021AF0C78700][0000021AF0529B00 49] Windows
[2025.04.10-14.54.41:224][  0]LogInit: Profiles: [0000021AF0C78700][0000021AF0529B00 49] Windows, [0000021AF0C33700][0000021AF1934100 49] WindowsNoEditor, [0000021AF0C7B300][0000021AF1938280 49] WindowsServer, [0000021AF0C30F00][0000021AF193C400 49] WindowsClient, [0000021AF0C7B500][0000021AF0486580 49] IOS, [0000021AF0C1FF00][0000021AF048A700 49] iPadAir, [0000021AF0C33B00][0000021AF048E880 49] iPadAir2, [0000021AF0BD4500][0000021AF0496B40 49] IPadPro, [0000021AF0BD4600][0000021AF0492B80 49] iPadAir3, [0000021AF0C1C100][0000021AF052CCC0 49] iPadAir4, [0000021AF0BD6C00][0000021AF049AE00 49] iPadMini2, [0000021AF0C1E500][0000021AE6A98F40 49] iPadMini3, [0000021AF0BD7400][0000021AE6AA10C0 49] iPadMini4, [0000021AF0C1CF00][0000021AE6AA5240 49] iPadMini5, [0000021AF0BD3E00][0000021AE6AAD500 49] iPhone6, [0000021AF0BD3F00][0000021AE6AA9540 49] iPodTouch6, [0000021AF0C7B900][0000021AE6AB5800 49] iPhone7, [0000021AF0C7A100][0000021AE6AB1840 49] iPodTouch7, [0000021AF0BD0400][0000021AE6AB99C0 49] iPhone5S, [0000021AF0BD7D00][0000021AE6ABDB40 49] iPhone6Plus, [0000021AF0C7B400][0000021AE6AC0140 49] iPhone6S, [0000021AF0BD6000][0000021AE6AC42C0 49] iPhone6SPlus, [0000021AF0C78900][0000021AE6AC8440 49] iPhone7Plus, [0000021AF0BD4E00][0000021AE6ACC5C0 49] iPhoneSE, [0000021AF0C78200][0000021AE6AD0740 49] iPhone8, [0000021AF0BD6400][0000021AE6AD48C0 49] iPhone8Plus, [0000021AF0C79E00][0000021AE6AD8A40 49] iPhoneX, [0000021AF0BD7E00][0000021AE6ADCBC0 49] iPhoneXS, [0000021AF0C79600][0000021AE6AE0D40 49] iPhoneXSMax, [0000021AF0BD6500][0000021AE6A9CE80 49] iPhoneXR, [0000021AF0C7AA00][0000021AE6AE4FC0 49] iPhone11, [0000021AF0BD7A00][0000021AE6AE9100 49] iPhone11Pro, [0000021AF0C78F00][0000021AE6AF1280 49] iPhone11ProMax, [0000021AF0BD6300][0000021AE6AF5400 49] iPhoneSE2, [0000021AF0C7A700][0000021AE6AF9580 49] iPhone12Mini, [0000021AF0BD4700][0000021AE6AFD700 49] iPhone12, [0000021AF0C7B100][0000021AE6B01880 49] iPhone12Pro, [0000021AF0BD7500][0000021AE6B05A00 49] iPhone12ProMax, [0000021AF0C78800][0000021AE6B09B80 49] iPadPro105, [0000021AF0BD5C00][0000021AE6B0C180 49] iPadPro129, [0000021AF0C78300][0000021AE6B10300 49] iPadPro97, [0000021AF0BD5D00][0000021AE6B14480 49] iPadPro2_129, [0000021AF0C78C00][0000021AE6B18600 49] iPad5, [0000021AF0BD7000][0000021AE6B1C780 49] iPad6, [0000021AF0C7AC00][0000021AE6B20900 49] iPad7, [0000021AF0BD6E00][0000021AE6B24A80 49] iPad8, [0000021AF0C79800][0000021AE6B28C00 49] iPadPro11, [0000021AF0BD5B00][0000021AE6B2CD80 49] iPadPro2_11, [0000021AF0C79500][0000021AE6698F00 49] iPadPro3_129, [0000021AF0BD6700][0000021AE6AED040 49] iPadPro4_129, [0000021AF0C78100][0000021AE669D180 49] AppleTV, [0000021AF0BD6B00][0000021AE66A12C0 49] AppleTV4K, [0000021AF0C79B00][0000021AE66A9440 49] TVOS, [0000021AF0BD4900][0000021AE66AD5C0 49] Mac, [0000021AF0C79700][0000021AE66B1740 49] MacClient, [0000021AF0BD6F00][0000021AE66B58C0 49] MacNoEditor, [0000021AF0C78D00][0000021AE66B9A40 49] MacServer, [0000021AF0BD4300][0000021AE66BDBC0 49] Linux, [0000021AF0C7AE00][0000021AE66C01C0 49] LinuxAArch64, [0000021AF0BD5500][0000021AE66C4340 49] LinuxNoEditor, [0000021AF0C7A400][0000021AE66C84C0 49] LinuxAArch64NoEditor, [0000021AF0BD4200][0000021AE66CC640 49] LinuxClient, [0000021AF0C7AD00][0000021AE66D07C0 49] LinuxAArch64Client, [0000021AF0BD4C00][0000021AE66D4940 49] LinuxServer, [0000021AF0C78400][0000021AE66D8AC0 49] LinuxAArch64Server, [0000021AF0BD5000][0000021AE66DCC40 49] Android, [0000021AF0C1F900][0000021AE66E0DC0 49] Android_Low, [0000021AF0BD1B00][0000021AE66E4F40 49] Android_Mid, [0000021AF0C1F000][0000021AE66E90C0 49] Android_High, [0000021AF0BD2300][0000021AE66A5200 49] Android_Default, [0000021AF0C1E000][0000021AE66ED340 49] Android_Adreno4xx, [0000021AF0BD0100][0000021AE66F1480 49] Android_Adreno5xx_Low, [0000021AF0C1CB00][0000021AE66F55C0 49] Android_Adreno5xx, [0000021AF0BD1800][0000021AE66FD740 49] Android_Adreno6xx, [0000021AF0C1D100][0000021AE67018C0 49] Android_Adreno6xx_Vulkan, [0000021AF0BD0800][0000021AE6705A40 49] Android_Mali_T6xx, [0000021AF0C1F600][0000021AE6709BC0 49] Android_Mali_T7xx, [0000021AF0BD0D00][0000021AE670C1C0 49] Android_Mali_T8xx, [0000021AF0C1FC00][0000021AE6710340 49] Android_Mali_G71, [0000021AF0BD1500][0000021AE67144C0 49] Android_Mali_G72, [0000021AF0C1FE00][0000021AE6718640 49] Android_Mali_G72_Vulkan, [0000021AF0BD3D00][0000021AE671C7C0 49] Android_Mali_G76, [0000021AF0C1FA00][0000021AE6720940 49] Android_Mali_G76_Vulkan, [0000021AF0BD3600][0000021AE6724AC0 49] Android_Mali_G77, [0000021AF0C1E200][0000021AE6728C40 49] Android_Mali_G77_Vulkan, [0000021AF0BD1200][0000021AE672CDC0 49] Android_Mali_G78, [0000021AF0C1CA00][0000021AE6730F40 49] Android_Mali_G78_Vulkan, [0000021AF0BD3000][0000021AF19510C0 49] Android_Mali_G710, [0000021AF0C1D400][0000021AF1955240 49] Android_Mali_G710_Vulkan, [0000021AF0BD0700][0000021AE66F9380 49] Android_Vulkan_SM5, [0000021AF0C1D800][0000021AF19594C0 49] Android_PowerVR_G6xxx, [0000021AF0BD0E00][0000021AF195D600 49] Android_PowerVR_GT7xxx, [0000021AF0C1C200][0000021AF1961740 49] Android_PowerVR_GE8xxx, [0000021AF0BD0600][0000021AF19698C0 49] Android_PowerVR_GM9xxx, [0000021AF0C1E600][0000021AF196DA40 49] Android_PowerVR_GM9xxx_Vulkan, [0000021AF0BD4F00][0000021AF1971BC0 49] Android_TegraK1, [0000021AF0C1EA00][0000021AF19741C0 49] Android_Unknown_Vulkan, [0000021AF0BD4D00][0000021AF1978340 49] Lumin, [0000021AF0C1D200][0000021AF197C4C0 49] Lumin_Desktop, [0000021AF0BD4B00][0000021AF1980640 49] HoloLens, 
[2025.04.10-14.54.41:387][  0]LogMeshReduction: Using QuadricMeshReduction for automatic static mesh reduction
[2025.04.10-14.54.41:387][  0]LogMeshReduction: Using SimplygonMeshReduction for automatic skeletal mesh reduction
[2025.04.10-14.54.41:387][  0]LogMeshReduction: Using ProxyLODMeshReduction for automatic mesh merging
[2025.04.10-14.54.41:387][  0]LogMeshReduction: No distributed automatic mesh merging module available
[2025.04.10-14.54.41:387][  0]LogMeshMerging: No distributed automatic mesh merging module available
[2025.04.10-14.54.41:404][  0]LogNetVersion: TopDownPuzzle 1.0.0, NetCL: 17155196, EngineNetVer: 17, GameNetVer: 0 (Checksum: 565499533)
[2025.04.10-14.54.41:813][  0]LogTexture: Default maximum texture size for cubemaps generated from long-lat sources has been changed from 512 to unlimited. In order to preserve old behaiour for '/Engine/MapTemplates/Sky/DaylightAmbientCubemap.DaylightAmbientCubemap', its maximum texture size has been explicitly set to 512.
[2025.04.10-14.54.41:874][  0]LogHMD: PokeAHoleMaterial loaded successfully
[2025.04.10-14.54.41:879][  0]LogUObjectArray: 17178 objects as part of root set at end of initial load.
[2025.04.10-14.54.41:879][  0]LogUObjectAllocator: 4302048 out of 0 bytes used by permanent object pool.
[2025.04.10-14.54.41:879][  0]LogUObjectArray: CloseDisregardForGC: 0/0 objects in disregard for GC pool
[2025.04.10-14.54.42:221][  0]LogNiagaraDebuggerClient: Niagara Debugger Client Initialized | Session: 922C7B1045769604C93E8391D3BC91E4 | Instance: 992EB03E4C01D41D983C13BD58D5A668 (LAPTOP-EJ2DB2HV-23460).
[2025.04.10-14.54.42:370][  0]LogPython: Using Python 3.7.7
[2025.04.10-14.54.42:953][  0]LogTcpMessaging: Initializing TcpMessaging bridge
[2025.04.10-14.54.42:959][  0]LogUdpMessaging: Initializing bridge on interface 0.0.0.0:0 to multicast group 230.0.0.1:6666.
[2025.04.10-14.54.44:280][  0]LogWindows: Error: === Critical error: ===
[2025.04.10-14.54.44:280][  0]LogWindows: Error: 
[2025.04.10-14.54.44:280][  0]LogWindows: Error: Fatal error!
[2025.04.10-14.54.44:280][  0]LogWindows: Error: 
[2025.04.10-14.54.44:280][  0]LogWindows: Error: Unhandled Exception: EXCEPTION_ACCESS_VIOLATION reading address 0x00000000000000b8
[2025.04.10-14.54.44:280][  0]LogWindows: Error: 
[2025.04.10-14.54.44:280][  0]LogWindows: Error: [Callstack] 0x00007ffe5694d9e4 UE4Editor-Engine.dll!UnknownFunction []
[2025.04.10-14.54.44:280][  0]LogWindows: Error: [Callstack] 0x00007ffe37bd4f9e UE4Editor-TopDownPuzzle-9630.dll!ATopDownPuzzleCharacter::ATopDownPuzzleCharacter() [C:\Unreal Projects\Top-Down-Puzzle\TopDownPuzzle\Source\TopDownPuzzle\TopDownPuzzleCharacter.cpp:68]
[2025.04.10-14.54.44:280][  0]LogWindows: Error: [Callstack] 0x00007ffe9fac61d3 UE4Editor-CoreUObject.dll!UnknownFunction []
[2025.04.10-14.54.44:280][  0]LogWindows: Error: [Callstack] 0x00007ffe9fde8faf UE4Editor-CoreUObject.dll!UnknownFunction []
[2025.04.10-14.54.44:280][  0]LogWindows: Error: [Callstack] 0x00007ffe9fdc5411 UE4Editor-CoreUObject.dll!UnknownFunction []
[2025.04.10-14.54.44:280][  0]LogWindows: Error: [Callstack] 0x00007ffe9fc8ddc5 UE4Editor-CoreUObject.dll!UnknownFunction []
[2025.04.10-14.54.44:280][  0]LogWindows: Error: [Callstack] 0x00007ffe72e21bea UE4Editor-Core.dll!UnknownFunction []
[2025.04.10-14.54.44:280][  0]LogWindows: Error: [Callstack] 0x00007ffe72e415a3 UE4Editor-Core.dll!UnknownFunction []
[2025.04.10-14.54.44:280][  0]LogWindows: Error: [Callstack] 0x00007ffeac6a6433 UE4Editor-Projects.dll!UnknownFunction []
[2025.04.10-14.54.44:280][  0]LogWindows: Error: [Callstack] 0x00007ffeac6a674f UE4Editor-Projects.dll!UnknownFunction []
[2025.04.10-14.54.44:280][  0]LogWindows: Error: [Callstack] 0x00007ff770b65642 UE4Editor.exe!UnknownFunction []
[2025.04.10-14.54.44:280][  0]LogWindows: Error: [Callstack] 0x00007ff770b69000 UE4Editor.exe!UnknownFunction []
[2025.04.10-14.54.44:280][  0]LogWindows: Error: [Callstack] 0x00007ff770b60d2c UE4Editor.exe!UnknownFunction []
[2025.04.10-14.54.44:280][  0]LogWindows: Error: [Callstack] 0x00007ff770b610ba UE4Editor.exe!UnknownFunction []
[2025.04.10-14.54.44:280][  0]LogWindows: Error: [Callstack] 0x00007ff770b640dd UE4Editor.exe!UnknownFunction []
[2025.04.10-14.54.44:280][  0]LogWindows: Error: [Callstack] 0x00007ff770b75984 UE4Editor.exe!UnknownFunction []
[2025.04.10-14.54.44:280][  0]LogWindows: Error: [Callstack] 0x00007ff770b7853a UE4Editor.exe!UnknownFunction []
[2025.04.10-14.54.44:280][  0]LogWindows: Error: [Callstack] 0x00007ffef5dc259d KERNEL32.DLL!UnknownFunction []
[2025.04.10-14.54.44:280][  0]LogWindows: Error: [Callstack] 0x00007ffef6c2af38 ntdll.dll!UnknownFunction []
[2025.04.10-14.54.44:280][  0]LogWindows: Error: 
[2025.04.10-14.54.44:291][  0]LogExit: Executing StaticShutdownAfterError
[2025.04.10-14.54.44:292][  0]LogWindows: FPlatformMisc::RequestExit(1)
[2025.04.10-14.54.44:292][  0]LogWindows: FPlatformMisc::RequestExitWithStatus(1, 3)
[2025.04.10-14.54.44:292][  0]LogCore: Engine exit requested (reason: Win RequestExit)
[2025.04.10-14.54.44:301][  0]Log file closed, 04/10/25 10:54:44
