Log file open, 04/04/25 23:24:12
LogInit: Display: Loading text-based GConfig....
LogPluginManager: Mounting plugin MeshPainting
LogPluginManager: Mounting plugin XGEController
LogPluginManager: Mounting plugin Paper2D
LogPluginManager: Mounting plugin LiveLink
LogPluginManager: Mounting plugin LightPropagationVolume
LogPluginManager: Mounting plugin AISupport
LogPluginManager: Mounting plugin EnvironmentQueryEditor
LogPluginManager: Mounting plugin AnimationSharing
LogPluginManager: Mounting plugin GameplayCameras
LogPluginManager: Mounting plugin CLionSourceCodeAccess
LogPluginManager: Mounting plugin GitSourceControl
LogPluginManager: Mounting plugin CodeLiteSourceCodeAccess
LogPluginManager: Mounting plugin KDevelopSourceCodeAccess
LogPluginManager: Mounting plugin CameraShakePreviewer
LogPluginManager: Mounting plugin PerforceSourceControl
LogPluginManager: Mounting plugin PlasticSourceControl
LogPluginManager: Mounting plugin PluginUtils
LogPluginManager: Mounting plugin PropertyAccessNode
LogPluginManager: Mounting plugin PixWinPlugin
LogPluginManager: Mounting plugin RiderSourceCodeAccess
LogPluginManager: Mounting plugin SubversionSourceControl
LogPluginManager: Mounting plugin TextureFormatOodle
LogPluginManager: Mounting plugin VisualStudioCodeSourceCodeAccess
LogPluginManager: Mounting plugin VisualStudioSourceCodeAccess
LogPluginManager: Mounting plugin XCodeSourceCodeAccess
LogPluginManager: Mounting plugin UObjectPlugin
LogPluginManager: Mounting plugin DatasmithContent
LogPluginManager: Mounting plugin VariantManagerContent
LogPluginManager: Mounting plugin AlembicImporter
LogPluginManager: Mounting plugin AutomationUtils
LogPluginManager: Mounting plugin BackChannel
LogPluginManager: Mounting plugin ChaosCloth
LogPluginManager: Mounting plugin ChaosClothEditor
LogPluginManager: Mounting plugin ChaosEditor
LogPluginManager: Mounting plugin ChaosNiagara
LogPluginManager: Mounting plugin ChaosSolverPlugin
LogPluginManager: Mounting plugin CharacterAI
LogPluginManager: Mounting plugin GeometryCache
LogPluginManager: Mounting plugin GeometryCollectionPlugin
LogPluginManager: Mounting plugin GeometryProcessing
LogPluginManager: Mounting plugin OpenImageDenoise
LogPluginManager: Mounting plugin PlatformCrypto
LogPluginManager: Mounting plugin MotoSynth
LogPluginManager: Mounting plugin ProxyLODPlugin
LogPluginManager: Mounting plugin PythonScriptPlugin
LogPluginManager: Mounting plugin SkeletalReduction
LogPluginManager: Mounting plugin Niagara
LogPluginManager: Mounting plugin AndroidMedia
LogPluginManager: Mounting plugin AvfMedia
LogPluginManager: Mounting plugin ImgMedia
LogPluginManager: Mounting plugin MediaCompositing
LogPluginManager: Mounting plugin MediaPlayerEditor
LogPluginManager: Mounting plugin PlanarCut
LogPluginManager: Mounting plugin WmfMedia
LogPluginManager: Mounting plugin WebMMedia
LogPluginManager: Mounting plugin LuminPlatformFeatures
LogPluginManager: Mounting plugin TcpMessaging
LogPluginManager: Mounting plugin MagicLeapLightEstimation
LogPluginManager: Mounting plugin MagicLeapMedia
LogPluginManager: Mounting plugin UdpMessaging
LogPluginManager: Mounting plugin MagicLeapPassableWorld
LogPluginManager: Mounting plugin MLSDK
LogPluginManager: Mounting plugin OnlineSubsystem
LogPluginManager: Mounting plugin OnlineSubsystemNull
LogPluginManager: Mounting plugin OnlineSubsystemUtils
LogPluginManager: Mounting plugin LauncherChunkInstaller
LogPluginManager: Mounting plugin ActorLayerUtilities
LogPluginManager: Mounting plugin AndroidDeviceProfileSelector
LogPluginManager: Mounting plugin AndroidPermission
LogPluginManager: Mounting plugin AndroidMoviePlayer
LogPluginManager: Mounting plugin AppleImageUtils
LogPluginManager: Mounting plugin AppleMoviePlayer
LogPluginManager: Mounting plugin ArchVisCharacter
LogPluginManager: Mounting plugin AudioCapture
LogPluginManager: Mounting plugin AssetTags
LogPluginManager: Mounting plugin AudioSynesthesia
LogPluginManager: Mounting plugin CableComponent
LogPluginManager: Mounting plugin CustomMeshComponent
LogPluginManager: Mounting plugin ChunkDownloader
LogPluginManager: Mounting plugin MagicLeap
LogPluginManager: Mounting plugin EditableMesh
LogPluginManager: Mounting plugin ExampleDeviceProfileSelector
LogPluginManager: Mounting plugin GoogleCloudMessaging
LogPluginManager: Mounting plugin GooglePAD
LogPluginManager: Mounting plugin LinuxDeviceProfileSelector
LogPluginManager: Mounting plugin IOSDeviceProfileSelector
LogPluginManager: Mounting plugin LocationServicesBPLibrary
LogPluginManager: Mounting plugin MobilePatchingUtils
LogPluginManager: Mounting plugin OpenXR
LogPluginManager: Mounting plugin OodleData
LogPluginManager: Mounting plugin OpenXREyeTracker
LogPluginManager: Mounting plugin OodleNetwork
LogPluginManager: Mounting plugin AssetManagerEditor
LogPluginManager: Mounting plugin CurveEditorTools
LogPluginManager: Mounting plugin DataValidation
LogPluginManager: Mounting plugin FacialAnimation
LogPluginManager: Mounting plugin GameplayTagsEditor
LogPluginManager: Mounting plugin GeometryMode
LogPluginManager: Mounting plugin MacGraphicsSwitching
LogPluginManager: Mounting plugin MaterialAnalyzer
LogPluginManager: Mounting plugin MobileLauncherProfileWizard
LogPluginManager: Mounting plugin PluginBrowser
LogPluginManager: Mounting plugin SpeedTreeImporter
LogPluginManager: Mounting plugin NullSourceCodeAccess
LogPluginManager: Mounting plugin OpenXRHandTracking
LogPluginManager: Mounting plugin PostSplashScreen
LogPluginManager: Mounting plugin ProceduralMeshComponent
LogPluginManager: Mounting plugin PhysXVehicles
LogPluginManager: Mounting plugin PropertyAccessEditor
LogPluginManager: Mounting plugin RuntimePhysXCooking
LogPluginManager: Mounting plugin SoundFields
LogPluginManager: Mounting plugin SignificanceManager
LogPluginManager: Mounting plugin Synthesis
LogPluginManager: Mounting plugin WebMMoviePlayer
LogPluginManager: Mounting plugin WindowsMoviePlayer
LogPluginManager: Mounting plugin ScreenshotTools
LogPluginManager: Mounting plugin CryptoKeys
LogPluginManager: Mounting plugin Takes
LogPluginManager: Mounting plugin ActorSequence
LogPluginManager: Mounting plugin LevelSequenceEditor
LogPluginManager: Mounting plugin MatineeToLevelSequence
LogPluginManager: Mounting plugin TemplateSequence
LogPluginManager: Mounting plugin OnlineSubsystemGooglePlay
LogPluginManager: Mounting plugin OnlineSubsystemIOS
LogPluginManager: Mounting plugin OculusVR
LogPluginManager: Mounting plugin ContentBrowserAssetDataSource
LogPluginManager: Mounting plugin ContentBrowserClassDataSource
LogPluginManager: Mounting plugin ContentBrowserFileDataSource
LogPluginManager: Mounting plugin SteamVR
PixWinPlugin: PIX capture plugin failed to initialize! Check that the process is launched from PIX.
LogInit: Using libcurl 7.55.1-DEV
LogInit:  - built for x86_64-pc-win32
LogInit:  - supports SSL with OpenSSL/1.1.1
LogInit:  - supports HTTP deflate (compression) using libz 1.2.8
LogInit:  - other features:
LogInit:      CURL_VERSION_SSL
LogInit:      CURL_VERSION_LIBZ
LogInit:      CURL_VERSION_IPV6
LogInit:      CURL_VERSION_ASYNCHDNS
LogInit:      CURL_VERSION_LARGEFILE
LogInit:      CURL_VERSION_IDN
LogInit:  CurlRequestOptions (configurable via config and command line):
LogInit:  - bVerifyPeer = true  - Libcurl will verify peer certificate
LogInit:  - bUseHttpProxy = false  - Libcurl will NOT use HTTP proxy
LogInit:  - bDontReuseConnections = false  - Libcurl will reuse connections
LogInit:  - MaxHostConnections = 16  - Libcurl will limit the number of connections to a host
LogInit:  - LocalHostAddr = Default
LogInit:  - BufferSize = 65536
LogOnline: OSS: Creating online subsystem instance for: NULL
LogInit: WinSock: version 1.1 (2.2), MaxSocks=32767, MaxUdp=65467
LogOnline: OSS: TryLoadSubsystemAndSetDefault: Loaded subsystem for module [NULL]
LogInit: Build: ++UE4+Release-4.27-CL-18319896
LogInit: Engine Version: 4.27.2-18319896+++UE4+Release-4.27
LogInit: Compatible Engine Version: 4.27.0-17155196+++UE4+Release-4.27
LogInit: Net CL: 17155196
LogInit: OS: Windows 10 (Release 2009) (), CPU: Intel(R) Core(TM) i5-9300H CPU @ 2.40GHz, GPU: Intel(R) UHD Graphics 630
LogInit: Compiled (64-bit): Nov 30 2021 07:12:08
LogInit: Compiled with Visual C++: 19.24.28315.00
LogInit: Build Configuration: Development
LogInit: Branch Name: ++UE4+Release-4.27
LogInit: Command Line:  "C:\Unreal Projects\Top-Down-Puzzle\TopDownPuzzle\TopDownPuzzle.uproject" -RUN=VSTestAdapter -listtests=C:\Users\patel\AppData\Local\Temp\tmp7738.tmp -filters= -stdout -multiprocess -silent -unattended -AllowStdOutLogVerbosity -NoShaderCompile -NoExit
LogInit: Base Directory: C:/Program Files/UE/UE_4.27/Engine/Binaries/Win64/
LogInit: Allocator: TBB
LogInit: Installed Engine Build: 1
LogDevObjectVersion: Number of dev versions registered: 29
LogDevObjectVersion:   Dev-Blueprints (B0D832E4-1F89-4F0D-ACCF-7EB736FD4AA2): 10
LogDevObjectVersion:   Dev-Build (E1C64328-A22C-4D53-A36C-8E866417BD8C): 0
LogDevObjectVersion:   Dev-Core (375EC13C-06E4-48FB-B500-84F0262A717E): 4
LogDevObjectVersion:   Dev-Editor (E4B068ED-F494-42E9-A231-DA0B2E46BB41): 40
LogDevObjectVersion:   Dev-Framework (CFFC743F-43B0-4480-9391-14DF171D2073): 37
LogDevObjectVersion:   Dev-Mobile (B02B49B5-BB20-44E9-A304-32B752E40360): 3
LogDevObjectVersion:   Dev-Networking (A4E4105C-59A1-49B5-A7C5-40C4547EDFEE): 0
LogDevObjectVersion:   Dev-Online (39C831C9-5AE6-47DC-9A44-9C173E1C8E7C): 0
LogDevObjectVersion:   Dev-Physics (78F01B33-EBEA-4F98-B9B4-84EACCB95AA2): 14
LogDevObjectVersion:   Dev-Platform (6631380F-2D4D-43E0-8009-CF276956A95A): 0
LogDevObjectVersion:   Dev-Rendering (12F88B9F-8875-4AFC-A67C-D90C383ABD29): 45
LogDevObjectVersion:   Dev-Sequencer (7B5AE74C-D270-4C10-A958-57980B212A5A): 13
LogDevObjectVersion:   Dev-VR (D7296918-1DD6-4BDD-9DE2-64A83CC13884): 3
LogDevObjectVersion:   Dev-LoadTimes (C2A15278-BFE7-4AFE-6C17-90FF531DF755): 1
LogDevObjectVersion:   Private-Geometry (6EACA3D4-40EC-4CC1-B786-8BED09428FC5): 3
LogDevObjectVersion:   Dev-AnimPhys (29E575DD-E0A3-4627-9D10-D276232CDCEA): 17
LogDevObjectVersion:   Dev-Anim (AF43A65D-7FD3-4947-9873-3E8ED9C1BB05): 15
LogDevObjectVersion:   Dev-ReflectionCapture (6B266CEC-1EC7-4B8F-A30B-E4D90942FC07): 1
LogDevObjectVersion:   Dev-Automation (0DF73D61-A23F-47EA-B727-89E90C41499A): 1
LogDevObjectVersion:   FortniteMain (601D1886-AC64-4F84-AA16-D3DE0DEAC7D6): 47
LogDevObjectVersion:   FortniteRelease (E7086368-6B23-4C58-8439-1B7016265E91): 1
LogDevObjectVersion:   Dev-Enterprise (9DFFBCD6-494F-0158-E221-12823C92A888): 10
LogDevObjectVersion:   Dev-Niagara (F2AED0AC-9AFE-416F-8664-AA7FFA26D6FC): 1
LogDevObjectVersion:   Dev-Destruction (174F1F0B-B4C6-45A5-B13F-2EE8D0FB917D): 10
LogDevObjectVersion:   Dev-Physics-Ext (35F94A83-E258-406C-A318-09F59610247C): 41
LogDevObjectVersion:   Dev-PhysicsMaterial-Chaos (B68FC16E-8B1B-42E2-B453-215C058844FE): 1
LogDevObjectVersion:   Dev-CineCamera (B2E18506-4273-CFC2-A54E-F4BB758BBA07): 1
LogDevObjectVersion:   Dev-VirtualProduction (64F58936-FD1B-42BA-BA96-7289D5D0FA4E): 1
LogDevObjectVersion:   Dev-MediaFramework (6F0ED827-A609-4895-9C91-998D90180EA4): 2
LogInit: Presizing for max 25165824 objects, including 0 objects not considered by GC, pre-allocating 0 bytes for permanent pool.
LogConfig: Applying CVar settings from Section [/Script/Engine.StreamingSettings] File [C:/Unreal Projects/Top-Down-Puzzle/TopDownPuzzle/Saved/Config/Windows/Engine.ini]
LogConfig: Setting CVar [[s.MinBulkDataSizeForAsyncLoading:131072]]
LogConfig: Setting CVar [[s.AsyncLoadingThreadEnabled:0]]
LogConfig: Setting CVar [[s.EventDrivenLoaderEnabled:1]]
LogConfig: Setting CVar [[s.WarnIfTimeLimitExceeded:0]]
LogConfig: Setting CVar [[s.TimeLimitExceededMultiplier:1.5]]
LogConfig: Setting CVar [[s.TimeLimitExceededMinTime:0.005]]
LogConfig: Setting CVar [[s.UseBackgroundLevelStreaming:1]]
LogConfig: Setting CVar [[s.PriorityAsyncLoadingExtraTime:15.0]]
LogConfig: Setting CVar [[s.LevelStreamingActorsUpdateTimeLimit:5.0]]
LogConfig: Setting CVar [[s.PriorityLevelStreamingActorsUpdateExtraTime:5.0]]
LogConfig: Setting CVar [[s.LevelStreamingComponentsRegistrationGranularity:10]]
LogConfig: Setting CVar [[s.UnregisterComponentsTimeLimit:1.0]]
LogConfig: Setting CVar [[s.LevelStreamingComponentsUnregistrationGranularity:5]]
LogConfig: Setting CVar [[s.FlushStreamingOnExit:1]]
LogInit: Object subsystem initialized
LogConfig: Setting CVar [[con.DebugEarlyDefault:1]]
LogConfig: Setting CVar [[r.setres:1280x720]]
[2025.04.05-03.24.14:100][  0]LogConfig: Setting CVar [[con.DebugEarlyDefault:1]]
[2025.04.05-03.24.14:101][  0]LogConfig: Setting CVar [[r.setres:1280x720]]
[2025.04.05-03.24.14:102][  0]LogConfig: Applying CVar settings from Section [/Script/Engine.RendererSettings] File [C:/Unreal Projects/Top-Down-Puzzle/TopDownPuzzle/Saved/Config/Windows/Engine.ini]
[2025.04.05-03.24.14:103][  0]LogConfig: Setting CVar [[r.GPUCrashDebugging:0]]
[2025.04.05-03.24.14:103][  0]LogConfig: Setting CVar [[r.Mobile.DisableVertexFog:1]]
[2025.04.05-03.24.14:103][  0]LogConfig: Setting CVar [[r.Shadow.CSM.MaxMobileCascades:2]]
[2025.04.05-03.24.14:103][  0]LogConfig: Setting CVar [[r.MobileMSAA:1]]
[2025.04.05-03.24.14:103][  0]LogConfig: Setting CVar [[r.Mobile.AllowDitheredLODTransition:0]]
[2025.04.05-03.24.14:104][  0]LogConfig: Setting CVar [[r.Mobile.AllowSoftwareOcclusion:0]]
[2025.04.05-03.24.14:104][  0]LogConfig: Setting CVar [[r.Mobile.VirtualTextures:0]]
[2025.04.05-03.24.14:104][  0]LogConfig: Setting CVar [[r.DiscardUnusedQuality:0]]
[2025.04.05-03.24.14:105][  0]LogConfig: Setting CVar [[r.AllowOcclusionQueries:1]]
[2025.04.05-03.24.14:105][  0]LogConfig: Setting CVar [[r.MinScreenRadiusForLights:0.030000]]
[2025.04.05-03.24.14:105][  0]LogConfig: Setting CVar [[r.MinScreenRadiusForDepthPrepass:0.030000]]
[2025.04.05-03.24.14:106][  0]LogConfig: Setting CVar [[r.MinScreenRadiusForCSMDepth:0.010000]]
[2025.04.05-03.24.14:106][  0]LogConfig: Setting CVar [[r.PrecomputedVisibilityWarning:0]]
[2025.04.05-03.24.14:106][  0]LogConfig: Setting CVar [[r.TextureStreaming:1]]
[2025.04.05-03.24.14:107][  0]LogConfig: Setting CVar [[Compat.UseDXT5NormalMaps:0]]
[2025.04.05-03.24.14:107][  0]LogConfig: Setting CVar [[r.VirtualTextures:0]]
[2025.04.05-03.24.14:107][  0]LogConfig: Setting CVar [[r.VT.EnableAutoImport:1]]
[2025.04.05-03.24.14:108][  0]LogConfig: Setting CVar [[r.VirtualTexturedLightmaps:0]]
[2025.04.05-03.24.14:108][  0]LogConfig: Setting CVar [[r.VT.TileSize:128]]
[2025.04.05-03.24.14:109][  0]LogConfig: Setting CVar [[r.VT.TileBorderSize:4]]
[2025.04.05-03.24.14:109][  0]LogConfig: Setting CVar [[r.vt.FeedbackFactor:16]]
[2025.04.05-03.24.14:109][  0]LogConfig: Setting CVar [[r.VT.EnableCompressZlib:1]]
[2025.04.05-03.24.14:110][  0]LogConfig: Setting CVar [[r.VT.EnableCompressCrunch:0]]
[2025.04.05-03.24.14:110][  0]LogConfig: Setting CVar [[r.ClearCoatNormal:0]]
[2025.04.05-03.24.14:111][  0]LogConfig: Setting CVar [[r.ReflectionCaptureResolution:128]]
[2025.04.05-03.24.14:111][  0]LogConfig: Setting CVar [[r.Mobile.ReflectionCaptureCompression:0]]
[2025.04.05-03.24.14:111][  0]LogConfig: Setting CVar [[r.ReflectionEnvironmentLightmapMixBasedOnRoughness:1]]
[2025.04.05-03.24.14:111][  0]LogConfig: Setting CVar [[r.ForwardShading:0]]
[2025.04.05-03.24.14:112][  0]LogConfig: Setting CVar [[r.VertexFoggingForOpaque:1]]
[2025.04.05-03.24.14:113][  0]LogConfig: Setting CVar [[r.AllowStaticLighting:1]]
[2025.04.05-03.24.14:113][  0]LogConfig: Setting CVar [[r.NormalMapsForStaticLighting:0]]
[2025.04.05-03.24.14:113][  0]LogConfig: Setting CVar [[r.GenerateMeshDistanceFields:0]]
[2025.04.05-03.24.14:114][  0]LogConfig: Setting CVar [[r.DistanceFieldBuild.EightBit:0]]
[2025.04.05-03.24.14:115][  0]LogConfig: Setting CVar [[r.GenerateLandscapeGIData:0]]
[2025.04.05-03.24.14:116][  0]LogConfig: Setting CVar [[r.DistanceFieldBuild.Compress:0]]
[2025.04.05-03.24.14:116][  0]LogConfig: Setting CVar [[r.TessellationAdaptivePixelsPerTriangle:48.000000]]
[2025.04.05-03.24.14:117][  0]LogConfig: Setting CVar [[r.SeparateTranslucency:1]]
[2025.04.05-03.24.14:118][  0]LogConfig: Setting CVar [[r.TranslucentSortPolicy:0]]
[2025.04.05-03.24.14:118][  0]LogConfig: Setting CVar [[vr.VRS.HMDFixedFoveationLevel:0]]
[2025.04.05-03.24.14:119][  0]LogConfig: Setting CVar [[r.CustomDepth:1]]
[2025.04.05-03.24.14:119][  0]LogConfig: Setting CVar [[r.CustomDepthTemporalAAJitter:1]]
[2025.04.05-03.24.14:119][  0]LogConfig: Setting CVar [[r.PostProcessing.PropagateAlpha:0]]
[2025.04.05-03.24.14:120][  0]LogConfig: Setting CVar [[r.DefaultFeature.Bloom:1]]
[2025.04.05-03.24.14:120][  0]LogConfig: Setting CVar [[r.DefaultFeature.AmbientOcclusion:1]]
[2025.04.05-03.24.14:121][  0]LogConfig: Setting CVar [[r.DefaultFeature.AmbientOcclusionStaticFraction:1]]
[2025.04.05-03.24.14:121][  0]LogConfig: Setting CVar [[r.DefaultFeature.AutoExposure:0]]
[2025.04.05-03.24.14:121][  0]LogConfig: Setting CVar [[r.DefaultFeature.AutoExposure.Method:0]]
[2025.04.05-03.24.14:122][  0]LogConfig: Setting CVar [[r.DefaultFeature.AutoExposure.Bias:1.000000]]
[2025.04.05-03.24.14:122][  0]LogConfig: Setting CVar [[r.DefaultFeature.AutoExposure.ExtendDefaultLuminanceRange:0]]
[2025.04.05-03.24.14:122][  0]LogConfig: Setting CVar [[r.UsePreExposure:1]]
[2025.04.05-03.24.14:123][  0]LogConfig: Setting CVar [[r.EyeAdaptation.EditorOnly:0]]
[2025.04.05-03.24.14:123][  0]LogConfig: Setting CVar [[r.DefaultFeature.MotionBlur:0]]
[2025.04.05-03.24.14:123][  0]LogConfig: Setting CVar [[r.DefaultFeature.LensFlare:0]]
[2025.04.05-03.24.14:123][  0]LogConfig: Setting CVar [[r.TemporalAA.Upsampling:0]]
[2025.04.05-03.24.14:123][  0]LogConfig: Setting CVar [[r.SSGI.Enable:0]]
[2025.04.05-03.24.14:124][  0]LogConfig: Setting CVar [[r.DefaultFeature.AntiAliasing:0]]
[2025.04.05-03.24.14:124][  0]LogConfig: Setting CVar [[r.DefaultFeature.LightUnits:1]]
[2025.04.05-03.24.14:125][  0]LogConfig: Setting CVar [[r.DefaultBackBufferPixelFormat:4]]
[2025.04.05-03.24.14:126][  0]LogConfig: Setting CVar [[r.Shadow.UnbuiltPreviewInGame:1]]
[2025.04.05-03.24.14:126][  0]LogConfig: Setting CVar [[r.StencilForLODDither:0]]
[2025.04.05-03.24.14:126][  0]LogConfig: Setting CVar [[r.EarlyZPass:3]]
[2025.04.05-03.24.14:128][  0]LogConfig: Setting CVar [[r.EarlyZPassOnlyMaterialMasking:0]]
[2025.04.05-03.24.14:128][  0]LogConfig: Setting CVar [[r.DBuffer:1]]
[2025.04.05-03.24.14:128][  0]LogConfig: Setting CVar [[r.ClearSceneMethod:1]]
[2025.04.05-03.24.14:129][  0]LogConfig: Setting CVar [[r.BasePassOutputsVelocity:0]]
[2025.04.05-03.24.14:129][  0]LogConfig: Setting CVar [[r.VertexDeformationOutputsVelocity:0]]
[2025.04.05-03.24.14:129][  0]LogConfig: Setting CVar [[r.SelectiveBasePassOutputs:0]]
[2025.04.05-03.24.14:130][  0]LogConfig: Setting CVar [[fx.GPUSimulationTextureSizeX:1024]]
[2025.04.05-03.24.14:130][  0]LogConfig: Setting CVar [[fx.GPUSimulationTextureSizeY:1024]]
[2025.04.05-03.24.14:131][  0]LogConfig: Setting CVar [[r.AllowGlobalClipPlane:0]]
[2025.04.05-03.24.14:131][  0]LogConfig: Setting CVar [[r.GBufferFormat:1]]
[2025.04.05-03.24.14:131][  0]LogConfig: Setting CVar [[r.MorphTarget.Mode:1]]
[2025.04.05-03.24.14:132][  0]LogConfig: Setting CVar [[vr.InstancedStereo:0]]
[2025.04.05-03.24.14:132][  0]LogConfig: Setting CVar [[r.MobileHDR:1]]
[2025.04.05-03.24.14:132][  0]LogConfig: Setting CVar [[vr.MobileMultiView:0]]
[2025.04.05-03.24.14:133][  0]LogConfig: Setting CVar [[r.Mobile.UseHWsRGBEncoding:0]]
[2025.04.05-03.24.14:134][  0]LogConfig: Setting CVar [[vr.RoundRobinOcclusion:0]]
[2025.04.05-03.24.14:135][  0]LogConfig: Setting CVar [[vr.ODSCapture:0]]
[2025.04.05-03.24.14:135][  0]LogConfig: Setting CVar [[r.MeshStreaming:0]]
[2025.04.05-03.24.14:135][  0]LogConfig: Setting CVar [[r.WireframeCullThreshold:5.000000]]
[2025.04.05-03.24.14:136][  0]LogConfig: Setting CVar [[r.RayTracing:0]]
[2025.04.05-03.24.14:136][  0]LogConfig: Setting CVar [[r.RayTracing.UseTextureLod:0]]
[2025.04.05-03.24.14:136][  0]LogConfig: Setting CVar [[r.SupportStationarySkylight:1]]
[2025.04.05-03.24.14:137][  0]LogConfig: Setting CVar [[r.SupportLowQualityLightmaps:1]]
[2025.04.05-03.24.14:137][  0]LogConfig: Setting CVar [[r.SupportPointLightWholeSceneShadows:1]]
[2025.04.05-03.24.14:137][  0]LogConfig: Setting CVar [[r.SupportAtmosphericFog:1]]
[2025.04.05-03.24.14:137][  0]LogConfig: Setting CVar [[r.SupportSkyAtmosphere:1]]
[2025.04.05-03.24.14:138][  0]LogConfig: Setting CVar [[r.SupportSkyAtmosphereAffectsHeightFog:0]]
[2025.04.05-03.24.14:138][  0]LogConfig: Setting CVar [[r.SkinCache.CompileShaders:0]]
[2025.04.05-03.24.14:138][  0]LogConfig: Setting CVar [[r.SkinCache.DefaultBehavior:1]]
[2025.04.05-03.24.14:139][  0]LogConfig: Setting CVar [[r.SkinCache.SceneMemoryLimitInMB:128.000000]]
[2025.04.05-03.24.14:139][  0]LogConfig: Setting CVar [[r.Mobile.EnableStaticAndCSMShadowReceivers:1]]
[2025.04.05-03.24.14:139][  0]LogConfig: Setting CVar [[r.Mobile.EnableMovableLightCSMShaderCulling:1]]
[2025.04.05-03.24.14:140][  0]LogConfig: Setting CVar [[r.Mobile.AllowDistanceFieldShadows:1]]
[2025.04.05-03.24.14:140][  0]LogConfig: Setting CVar [[r.Mobile.AllowMovableDirectionalLights:1]]
[2025.04.05-03.24.14:140][  0]LogConfig: Setting CVar [[r.MobileNumDynamicPointLights:4]]
[2025.04.05-03.24.14:141][  0]LogConfig: Setting CVar [[r.MobileDynamicPointLightsUseStaticBranch:1]]
[2025.04.05-03.24.14:141][  0]LogConfig: Setting CVar [[r.Mobile.EnableMovableSpotlights:0]]
[2025.04.05-03.24.14:142][  0]LogConfig: Setting CVar [[r.Mobile.EnableMovableSpotlightsShadow:0]]
[2025.04.05-03.24.14:142][  0]LogConfig: Setting CVar [[r.GPUSkin.Support16BitBoneIndex:0]]
[2025.04.05-03.24.14:142][  0]LogConfig: Setting CVar [[r.GPUSkin.Limit2BoneInfluences:0]]
[2025.04.05-03.24.14:143][  0]LogConfig: Setting CVar [[r.SupportDepthOnlyIndexBuffers:1]]
[2025.04.05-03.24.14:143][  0]LogConfig: Setting CVar [[r.SupportReversedIndexBuffers:1]]
[2025.04.05-03.24.14:143][  0]LogConfig: Setting CVar [[r.LightPropagationVolume:0]]
[2025.04.05-03.24.14:143][  0]LogConfig: Setting CVar [[r.Mobile.AmbientOcclusion:0]]
[2025.04.05-03.24.14:144][  0]LogConfig: Setting CVar [[r.GPUSkin.UnlimitedBoneInfluences:0]]
[2025.04.05-03.24.14:144][  0]LogConfig: Setting CVar [[r.GPUSkin.UnlimitedBoneInfluencesThreshold:8]]
[2025.04.05-03.24.14:144][  0]LogConfig: Setting CVar [[r.Mobile.PlanarReflectionMode:0]]
[2025.04.05-03.24.14:145][  0]LogConfig: Setting CVar [[r.Mobile.SupportsGen4TAA:0]]
[2025.04.05-03.24.14:145][  0]LogConfig: Applying CVar settings from Section [/Script/Engine.RendererOverrideSettings] File [C:/Unreal Projects/Top-Down-Puzzle/TopDownPuzzle/Saved/Config/Windows/Engine.ini]
[2025.04.05-03.24.14:146][  0]LogConfig: Applying CVar settings from Section [/Script/Engine.StreamingSettings] File [C:/Unreal Projects/Top-Down-Puzzle/TopDownPuzzle/Saved/Config/Windows/Engine.ini]
[2025.04.05-03.24.14:146][  0]LogConfig: Setting CVar [[s.MinBulkDataSizeForAsyncLoading:131072]]
[2025.04.05-03.24.14:146][  0]LogConfig: Setting CVar [[s.AsyncLoadingThreadEnabled:0]]
[2025.04.05-03.24.14:147][  0]LogConfig: Setting CVar [[s.EventDrivenLoaderEnabled:1]]
[2025.04.05-03.24.14:147][  0]LogConfig: Setting CVar [[s.WarnIfTimeLimitExceeded:0]]
[2025.04.05-03.24.14:148][  0]LogConfig: Setting CVar [[s.TimeLimitExceededMultiplier:1.5]]
[2025.04.05-03.24.14:148][  0]LogConfig: Setting CVar [[s.TimeLimitExceededMinTime:0.005]]
[2025.04.05-03.24.14:149][  0]LogConfig: Setting CVar [[s.UseBackgroundLevelStreaming:1]]
[2025.04.05-03.24.14:149][  0]LogConfig: Setting CVar [[s.PriorityAsyncLoadingExtraTime:15.0]]
[2025.04.05-03.24.14:150][  0]LogConfig: Setting CVar [[s.LevelStreamingActorsUpdateTimeLimit:5.0]]
[2025.04.05-03.24.14:150][  0]LogConfig: Setting CVar [[s.PriorityLevelStreamingActorsUpdateExtraTime:5.0]]
[2025.04.05-03.24.14:150][  0]LogConfig: Setting CVar [[s.LevelStreamingComponentsRegistrationGranularity:10]]
[2025.04.05-03.24.14:151][  0]LogConfig: Setting CVar [[s.UnregisterComponentsTimeLimit:1.0]]
[2025.04.05-03.24.14:151][  0]LogConfig: Setting CVar [[s.LevelStreamingComponentsUnregistrationGranularity:5]]
[2025.04.05-03.24.14:151][  0]LogConfig: Setting CVar [[s.FlushStreamingOnExit:1]]
[2025.04.05-03.24.14:152][  0]LogConfig: Applying CVar settings from Section [/Script/Engine.GarbageCollectionSettings] File [C:/Unreal Projects/Top-Down-Puzzle/TopDownPuzzle/Saved/Config/Windows/Engine.ini]
[2025.04.05-03.24.14:152][  0]LogConfig: Setting CVar [[gc.MaxObjectsNotConsideredByGC:1]]
[2025.04.05-03.24.14:152][  0]LogConfig: Setting CVar [[gc.SizeOfPermanentObjectPool:0]]
[2025.04.05-03.24.14:153][  0]LogConfig: Setting CVar [[gc.FlushStreamingOnGC:0]]
[2025.04.05-03.24.14:153][  0]LogConfig: Setting CVar [[gc.NumRetriesBeforeForcingGC:10]]
[2025.04.05-03.24.14:153][  0]LogConfig: Setting CVar [[gc.AllowParallelGC:1]]
[2025.04.05-03.24.14:154][  0]LogConfig: Setting CVar [[gc.TimeBetweenPurgingPendingKillObjects:61.1]]
[2025.04.05-03.24.14:154][  0]LogConfig: Setting CVar [[gc.MaxObjectsInEditor:25165824]]
[2025.04.05-03.24.14:154][  0]LogConfig: Setting CVar [[gc.IncrementalBeginDestroyEnabled:1]]
[2025.04.05-03.24.14:155][  0]LogConfig: Setting CVar [[gc.CreateGCClusters:1]]
[2025.04.05-03.24.14:155][  0]LogConfig: Setting CVar [[gc.MinGCClusterSize:5]]
[2025.04.05-03.24.14:155][  0]LogConfig: Setting CVar [[gc.ActorClusteringEnabled:0]]
[2025.04.05-03.24.14:156][  0]LogConfig: Setting CVar [[gc.BlueprintClusteringEnabled:0]]
[2025.04.05-03.24.14:156][  0]LogConfig: Setting CVar [[gc.UseDisregardForGCOnDedicatedServers:0]]
[2025.04.05-03.24.14:156][  0]LogConfig: Setting CVar [[gc.MultithreadedDestructionEnabled:1]]
[2025.04.05-03.24.14:158][  0]LogConfig: Applying CVar settings from Section [/Script/Engine.NetworkSettings] File [C:/Unreal Projects/Top-Down-Puzzle/TopDownPuzzle/Saved/Config/Windows/Engine.ini]
[2025.04.05-03.24.14:158][  0]LogConfig: Applying CVar settings from Section [/Script/UnrealEd.CookerSettings] File [C:/Unreal Projects/Top-Down-Puzzle/TopDownPuzzle/Saved/Config/Windows/Engine.ini]
[2025.04.05-03.24.14:160][  0]LogConfig: Applying CVar settings from Section [ViewDistanceQuality@3] File [C:/Unreal Projects/Top-Down-Puzzle/TopDownPuzzle/Saved/Config/Windows/Scalability.ini]
[2025.04.05-03.24.14:160][  0]LogConfig: Setting CVar [[r.SkeletalMeshLODBias:0]]
[2025.04.05-03.24.14:161][  0]LogConfig: Setting CVar [[r.ViewDistanceScale:1.0]]
[2025.04.05-03.24.14:161][  0]LogConfig: Applying CVar settings from Section [AntiAliasingQuality@3] File [C:/Unreal Projects/Top-Down-Puzzle/TopDownPuzzle/Saved/Config/Windows/Scalability.ini]
[2025.04.05-03.24.14:161][  0]LogConfig: Setting CVar [[r.PostProcessAAQuality:4]]
[2025.04.05-03.24.14:162][  0]LogConfig: Applying CVar settings from Section [ShadowQuality@3] File [C:/Unreal Projects/Top-Down-Puzzle/TopDownPuzzle/Saved/Config/Windows/Scalability.ini]
[2025.04.05-03.24.14:162][  0]LogConfig: Setting CVar [[r.LightFunctionQuality:1]]
[2025.04.05-03.24.14:162][  0]LogConfig: Setting CVar [[r.ShadowQuality:5]]
[2025.04.05-03.24.14:162][  0]LogConfig: Setting CVar [[r.Shadow.CSM.MaxCascades:10]]
[2025.04.05-03.24.14:162][  0]LogConfig: Setting CVar [[r.Shadow.MaxResolution:2048]]
[2025.04.05-03.24.14:162][  0]LogConfig: Setting CVar [[r.Shadow.MaxCSMResolution:2048]]
[2025.04.05-03.24.14:164][  0]LogConfig: Setting CVar [[r.Shadow.RadiusThreshold:0.01]]
[2025.04.05-03.24.14:164][  0]LogConfig: Setting CVar [[r.Shadow.DistanceScale:1.0]]
[2025.04.05-03.24.14:166][  0]LogConfig: Setting CVar [[r.Shadow.CSM.TransitionScale:1.0]]
[2025.04.05-03.24.14:166][  0]LogConfig: Setting CVar [[r.Shadow.PreShadowResolutionFactor:1.0]]
[2025.04.05-03.24.14:166][  0]LogConfig: Setting CVar [[r.DistanceFieldShadowing:1]]
[2025.04.05-03.24.14:167][  0]LogConfig: Setting CVar [[r.DistanceFieldAO:1]]
[2025.04.05-03.24.14:167][  0]LogConfig: Setting CVar [[r.AOQuality:2]]
[2025.04.05-03.24.14:168][  0]LogConfig: Setting CVar [[r.VolumetricFog:1]]
[2025.04.05-03.24.14:168][  0]LogConfig: Setting CVar [[r.VolumetricFog.GridPixelSize:8]]
[2025.04.05-03.24.14:168][  0]LogConfig: Setting CVar [[r.VolumetricFog.GridSizeZ:128]]
[2025.04.05-03.24.14:169][  0]LogConfig: Setting CVar [[r.VolumetricFog.HistoryMissSupersampleCount:4]]
[2025.04.05-03.24.14:169][  0]LogConfig: Setting CVar [[r.LightMaxDrawDistanceScale:1]]
[2025.04.05-03.24.14:169][  0]LogConfig: Setting CVar [[r.CapsuleShadows:1]]
[2025.04.05-03.24.14:170][  0]LogConfig: Applying CVar settings from Section [PostProcessQuality@3] File [C:/Unreal Projects/Top-Down-Puzzle/TopDownPuzzle/Saved/Config/Windows/Scalability.ini]
[2025.04.05-03.24.14:170][  0]LogConfig: Setting CVar [[r.MotionBlurQuality:4]]
[2025.04.05-03.24.14:171][  0]LogConfig: Setting CVar [[r.AmbientOcclusionMipLevelFactor:0.4]]
[2025.04.05-03.24.14:173][  0]LogConfig: Setting CVar [[r.AmbientOcclusionMaxQuality:100]]
[2025.04.05-03.24.14:175][  0]LogConfig: Setting CVar [[r.AmbientOcclusionLevels:-1]]
[2025.04.05-03.24.14:176][  0]LogConfig: Setting CVar [[r.AmbientOcclusionRadiusScale:1.0]]
[2025.04.05-03.24.14:176][  0]LogConfig: Setting CVar [[r.DepthOfFieldQuality:2]]
[2025.04.05-03.24.14:177][  0]LogConfig: Setting CVar [[r.RenderTargetPoolMin:400]]
[2025.04.05-03.24.14:178][  0]LogConfig: Setting CVar [[r.LensFlareQuality:2]]
[2025.04.05-03.24.14:178][  0]LogConfig: Setting CVar [[r.SceneColorFringeQuality:1]]
[2025.04.05-03.24.14:179][  0]LogConfig: Setting CVar [[r.EyeAdaptationQuality:2]]
[2025.04.05-03.24.14:179][  0]LogConfig: Setting CVar [[r.BloomQuality:5]]
[2025.04.05-03.24.14:180][  0]LogConfig: Setting CVar [[r.FastBlurThreshold:100]]
[2025.04.05-03.24.14:180][  0]LogConfig: Setting CVar [[r.Upscale.Quality:3]]
[2025.04.05-03.24.14:181][  0]LogConfig: Setting CVar [[r.Tonemapper.GrainQuantization:1]]
[2025.04.05-03.24.14:181][  0]LogConfig: Setting CVar [[r.LightShaftQuality:1]]
[2025.04.05-03.24.14:181][  0]LogConfig: Setting CVar [[r.Filter.SizeScale:1]]
[2025.04.05-03.24.14:181][  0]LogConfig: Setting CVar [[r.Tonemapper.Quality:5]]
[2025.04.05-03.24.14:182][  0]LogConfig: Setting CVar [[r.DOF.Gather.AccumulatorQuality:1        ; higher gathering accumulator quality]]
[2025.04.05-03.24.14:182][  0]LogConfig: Setting CVar [[r.DOF.Gather.PostfilterMethod:1          ; Median3x3 postfilering method]]
[2025.04.05-03.24.14:183][  0]LogConfig: Setting CVar [[r.DOF.Gather.EnableBokehSettings:0       ; no bokeh simulation when gathering]]
[2025.04.05-03.24.14:183][  0]LogConfig: Setting CVar [[r.DOF.Gather.RingCount:4                 ; medium number of samples when gathering]]
[2025.04.05-03.24.14:184][  0]LogConfig: Setting CVar [[r.DOF.Scatter.ForegroundCompositing:1    ; additive foreground scattering]]
[2025.04.05-03.24.14:184][  0]LogConfig: Setting CVar [[r.DOF.Scatter.BackgroundCompositing:2    ; additive background scattering]]
[2025.04.05-03.24.14:184][  0]LogConfig: Setting CVar [[r.DOF.Scatter.EnableBokehSettings:1      ; bokeh simulation when scattering]]
[2025.04.05-03.24.14:186][  0]LogConfig: Setting CVar [[r.DOF.Scatter.MaxSpriteRatio:0.1         ; only a maximum of 10% of scattered bokeh]]
[2025.04.05-03.24.14:186][  0]LogConfig: Setting CVar [[r.DOF.Recombine.Quality:1                ; cheap slight out of focus]]
[2025.04.05-03.24.14:186][  0]LogConfig: Setting CVar [[r.DOF.Recombine.EnableBokehSettings:0    ; no bokeh simulation on slight out of focus]]
[2025.04.05-03.24.14:187][  0]LogConfig: Setting CVar [[r.DOF.TemporalAAQuality:1                ; more stable temporal accumulation]]
[2025.04.05-03.24.14:187][  0]LogConfig: Setting CVar [[r.DOF.Kernel.MaxForegroundRadius:0.025]]
[2025.04.05-03.24.14:188][  0]LogConfig: Setting CVar [[r.DOF.Kernel.MaxBackgroundRadius:0.025]]
[2025.04.05-03.24.14:189][  0]LogConfig: Applying CVar settings from Section [TextureQuality@3] File [C:/Unreal Projects/Top-Down-Puzzle/TopDownPuzzle/Saved/Config/Windows/Scalability.ini]
[2025.04.05-03.24.14:189][  0]LogConfig: Setting CVar [[r.Streaming.MipBias:0]]
[2025.04.05-03.24.14:189][  0]LogConfig: Setting CVar [[r.Streaming.AmortizeCPUToGPUCopy:0]]
[2025.04.05-03.24.14:191][  0]LogConfig: Setting CVar [[r.Streaming.MaxNumTexturesToStreamPerFrame:0]]
[2025.04.05-03.24.14:191][  0]LogConfig: Setting CVar [[r.Streaming.Boost:1]]
[2025.04.05-03.24.14:191][  0]LogConfig: Setting CVar [[r.MaxAnisotropy:8]]
[2025.04.05-03.24.14:192][  0]LogConfig: Setting CVar [[r.VT.MaxAnisotropy:8]]
[2025.04.05-03.24.14:192][  0]LogConfig: Setting CVar [[r.Streaming.LimitPoolSizeToVRAM:0]]
[2025.04.05-03.24.14:192][  0]LogConfig: Setting CVar [[r.Streaming.PoolSize:1000]]
[2025.04.05-03.24.14:193][  0]LogConfig: Setting CVar [[r.Streaming.MaxEffectiveScreenSize:0]]
[2025.04.05-03.24.14:193][  0]LogConfig: Applying CVar settings from Section [EffectsQuality@3] File [C:/Unreal Projects/Top-Down-Puzzle/TopDownPuzzle/Saved/Config/Windows/Scalability.ini]
[2025.04.05-03.24.14:193][  0]LogConfig: Setting CVar [[r.TranslucencyLightingVolumeDim:64]]
[2025.04.05-03.24.14:193][  0]LogConfig: Setting CVar [[r.RefractionQuality:2]]
[2025.04.05-03.24.14:194][  0]LogConfig: Setting CVar [[r.SSR.Quality:3]]
[2025.04.05-03.24.14:194][  0]LogConfig: Setting CVar [[r.SSR.HalfResSceneColor:0]]
[2025.04.05-03.24.14:194][  0]LogConfig: Setting CVar [[r.SceneColorFormat:4]]
[2025.04.05-03.24.14:195][  0]LogConfig: Setting CVar [[r.DetailMode:2]]
[2025.04.05-03.24.14:195][  0]LogConfig: Setting CVar [[r.TranslucencyVolumeBlur:1]]
[2025.04.05-03.24.14:196][  0]LogConfig: Setting CVar [[r.MaterialQualityLevel:1 ; High quality]]
[2025.04.05-03.24.14:196][  0]LogConfig: Setting CVar [[r.AnisotropicMaterials:1]]
[2025.04.05-03.24.14:196][  0]LogConfig: Setting CVar [[r.SSS.Scale:1]]
[2025.04.05-03.24.14:197][  0]LogConfig: Setting CVar [[r.SSS.SampleSet:2]]
[2025.04.05-03.24.14:197][  0]LogConfig: Setting CVar [[r.SSS.Quality:1]]
[2025.04.05-03.24.14:197][  0]LogConfig: Setting CVar [[r.SSS.HalfRes:0]]
[2025.04.05-03.24.14:198][  0]LogConfig: Setting CVar [[r.SSGI.Quality:3]]
[2025.04.05-03.24.14:198][  0]LogConfig: Setting CVar [[r.EmitterSpawnRateScale:1.0]]
[2025.04.05-03.24.14:198][  0]LogConfig: Setting CVar [[r.ParticleLightQuality:2]]
[2025.04.05-03.24.14:199][  0]LogConfig: Setting CVar [[r.SkyAtmosphere.AerialPerspectiveLUT.FastApplyOnOpaque:1 ; Always have FastSkyLUT 1 in this case to avoid wrong sky]]
[2025.04.05-03.24.14:199][  0]LogConfig: Setting CVar [[r.SkyAtmosphere.AerialPerspectiveLUT.SampleCountMaxPerSlice:4]]
[2025.04.05-03.24.14:200][  0]LogConfig: Setting CVar [[r.SkyAtmosphere.AerialPerspectiveLUT.DepthResolution:16.0]]
[2025.04.05-03.24.14:200][  0]LogConfig: Setting CVar [[r.SkyAtmosphere.FastSkyLUT:1]]
[2025.04.05-03.24.14:200][  0]LogConfig: Setting CVar [[r.SkyAtmosphere.FastSkyLUT.SampleCountMin:4.0]]
[2025.04.05-03.24.14:201][  0]LogConfig: Setting CVar [[r.SkyAtmosphere.FastSkyLUT.SampleCountMax:128.0]]
[2025.04.05-03.24.14:201][  0]LogConfig: Setting CVar [[r.SkyAtmosphere.SampleCountMin:4.0]]
[2025.04.05-03.24.14:201][  0]LogConfig: Setting CVar [[r.SkyAtmosphere.SampleCountMax:128.0]]
[2025.04.05-03.24.14:202][  0]LogConfig: Setting CVar [[r.SkyAtmosphere.TransmittanceLUT.UseSmallFormat:0]]
[2025.04.05-03.24.14:202][  0]LogConfig: Setting CVar [[r.SkyAtmosphere.TransmittanceLUT.SampleCount:10.0]]
[2025.04.05-03.24.14:202][  0]LogConfig: Setting CVar [[r.SkyAtmosphere.MultiScatteringLUT.SampleCount:15.0]]
[2025.04.05-03.24.14:203][  0]LogConfig: Setting CVar [[r.SkyLight.RealTimeReflectionCapture:1]]
[2025.04.05-03.24.14:203][  0]LogConfig: Applying CVar settings from Section [FoliageQuality@3] File [C:/Unreal Projects/Top-Down-Puzzle/TopDownPuzzle/Saved/Config/Windows/Scalability.ini]
[2025.04.05-03.24.14:203][  0]LogConfig: Setting CVar [[foliage.DensityScale:1.0]]
[2025.04.05-03.24.14:204][  0]LogConfig: Setting CVar [[grass.DensityScale:1.0]]
[2025.04.05-03.24.14:204][  0]LogConfig: Applying CVar settings from Section [ShadingQuality@3] File [C:/Unreal Projects/Top-Down-Puzzle/TopDownPuzzle/Saved/Config/Windows/Scalability.ini]
[2025.04.05-03.24.14:204][  0]LogConfig: Setting CVar [[r.HairStrands.SkyLighting.IntegrationType:2]]
[2025.04.05-03.24.14:205][  0]LogConfig: Setting CVar [[r.HairStrands.SkyAO.SampleCount:4]]
[2025.04.05-03.24.14:205][  0]LogConfig: Setting CVar [[r.HairStrands.Visibility.MSAA.SamplePerPixel:4]]
[2025.04.05-03.24.14:210][  0]LogInit: Selected Device Profile: [Windows]
[2025.04.05-03.24.14:210][  0]LogInit: Applying CVar settings loaded from the selected device profile: [Windows]
[2025.04.05-03.24.14:211][  0]LogHAL: Display: Platform has ~ 16 GB [17013329920 / 17179869184 / 16], which maps to Larger [LargestMinGB=32, LargerMinGB=12, DefaultMinGB=8, SmallerMinGB=6, SmallestMinGB=0)
[2025.04.05-03.24.14:211][  0]LogInit: Going up to parent DeviceProfile []
[2025.04.05-03.24.14:211][  0]LogConfig: Applying CVar settings from Section [ViewDistanceQuality@3] File [C:/Unreal Projects/Top-Down-Puzzle/TopDownPuzzle/Saved/Config/Windows/Scalability.ini]
[2025.04.05-03.24.14:211][  0]LogConfig: Setting CVar [[r.SkeletalMeshLODBias:0]]
[2025.04.05-03.24.14:212][  0]LogConfig: Setting CVar [[r.ViewDistanceScale:1.0]]
[2025.04.05-03.24.14:212][  0]LogConfig: Applying CVar settings from Section [AntiAliasingQuality@3] File [C:/Unreal Projects/Top-Down-Puzzle/TopDownPuzzle/Saved/Config/Windows/Scalability.ini]
[2025.04.05-03.24.14:212][  0]LogConfig: Setting CVar [[r.PostProcessAAQuality:4]]
[2025.04.05-03.24.14:213][  0]LogConfig: Applying CVar settings from Section [ShadowQuality@3] File [C:/Unreal Projects/Top-Down-Puzzle/TopDownPuzzle/Saved/Config/Windows/Scalability.ini]
[2025.04.05-03.24.14:213][  0]LogConfig: Setting CVar [[r.LightFunctionQuality:1]]
[2025.04.05-03.24.14:213][  0]LogConfig: Setting CVar [[r.ShadowQuality:5]]
[2025.04.05-03.24.14:214][  0]LogConfig: Setting CVar [[r.Shadow.CSM.MaxCascades:10]]
[2025.04.05-03.24.14:214][  0]LogConfig: Setting CVar [[r.Shadow.MaxResolution:2048]]
[2025.04.05-03.24.14:214][  0]LogConfig: Setting CVar [[r.Shadow.MaxCSMResolution:2048]]
[2025.04.05-03.24.14:215][  0]LogConfig: Setting CVar [[r.Shadow.RadiusThreshold:0.01]]
[2025.04.05-03.24.14:215][  0]LogConfig: Setting CVar [[r.Shadow.DistanceScale:1.0]]
[2025.04.05-03.24.14:215][  0]LogConfig: Setting CVar [[r.Shadow.CSM.TransitionScale:1.0]]
[2025.04.05-03.24.14:216][  0]LogConfig: Setting CVar [[r.Shadow.PreShadowResolutionFactor:1.0]]
[2025.04.05-03.24.14:216][  0]LogConfig: Setting CVar [[r.DistanceFieldShadowing:1]]
[2025.04.05-03.24.14:216][  0]LogConfig: Setting CVar [[r.DistanceFieldAO:1]]
[2025.04.05-03.24.14:217][  0]LogConfig: Setting CVar [[r.AOQuality:2]]
[2025.04.05-03.24.14:217][  0]LogConfig: Setting CVar [[r.VolumetricFog:1]]
[2025.04.05-03.24.14:217][  0]LogConfig: Setting CVar [[r.VolumetricFog.GridPixelSize:8]]
[2025.04.05-03.24.14:218][  0]LogConfig: Setting CVar [[r.VolumetricFog.GridSizeZ:128]]
[2025.04.05-03.24.14:218][  0]LogConfig: Setting CVar [[r.VolumetricFog.HistoryMissSupersampleCount:4]]
[2025.04.05-03.24.14:218][  0]LogConfig: Setting CVar [[r.LightMaxDrawDistanceScale:1]]
[2025.04.05-03.24.14:219][  0]LogConfig: Setting CVar [[r.CapsuleShadows:1]]
[2025.04.05-03.24.14:219][  0]LogConfig: Applying CVar settings from Section [PostProcessQuality@3] File [C:/Unreal Projects/Top-Down-Puzzle/TopDownPuzzle/Saved/Config/Windows/Scalability.ini]
[2025.04.05-03.24.14:219][  0]LogConfig: Setting CVar [[r.MotionBlurQuality:4]]
[2025.04.05-03.24.14:220][  0]LogConfig: Setting CVar [[r.AmbientOcclusionMipLevelFactor:0.4]]
[2025.04.05-03.24.14:220][  0]LogConfig: Setting CVar [[r.AmbientOcclusionMaxQuality:100]]
[2025.04.05-03.24.14:220][  0]LogConfig: Setting CVar [[r.AmbientOcclusionLevels:-1]]
[2025.04.05-03.24.14:221][  0]LogConfig: Setting CVar [[r.AmbientOcclusionRadiusScale:1.0]]
[2025.04.05-03.24.14:221][  0]LogConfig: Setting CVar [[r.DepthOfFieldQuality:2]]
[2025.04.05-03.24.14:222][  0]LogConfig: Setting CVar [[r.RenderTargetPoolMin:400]]
[2025.04.05-03.24.14:222][  0]LogConfig: Setting CVar [[r.LensFlareQuality:2]]
[2025.04.05-03.24.14:223][  0]LogConfig: Setting CVar [[r.SceneColorFringeQuality:1]]
[2025.04.05-03.24.14:223][  0]LogConfig: Setting CVar [[r.EyeAdaptationQuality:2]]
[2025.04.05-03.24.14:223][  0]LogConfig: Setting CVar [[r.BloomQuality:5]]
[2025.04.05-03.24.14:223][  0]LogConfig: Setting CVar [[r.FastBlurThreshold:100]]
[2025.04.05-03.24.14:224][  0]LogConfig: Setting CVar [[r.Upscale.Quality:3]]
[2025.04.05-03.24.14:225][  0]LogConfig: Setting CVar [[r.Tonemapper.GrainQuantization:1]]
[2025.04.05-03.24.14:225][  0]LogConfig: Setting CVar [[r.LightShaftQuality:1]]
[2025.04.05-03.24.14:225][  0]LogConfig: Setting CVar [[r.Filter.SizeScale:1]]
[2025.04.05-03.24.14:226][  0]LogConfig: Setting CVar [[r.Tonemapper.Quality:5]]
[2025.04.05-03.24.14:226][  0]LogConfig: Setting CVar [[r.DOF.Gather.AccumulatorQuality:1        ; higher gathering accumulator quality]]
[2025.04.05-03.24.14:226][  0]LogConfig: Setting CVar [[r.DOF.Gather.PostfilterMethod:1          ; Median3x3 postfilering method]]
[2025.04.05-03.24.14:227][  0]LogConfig: Setting CVar [[r.DOF.Gather.EnableBokehSettings:0       ; no bokeh simulation when gathering]]
[2025.04.05-03.24.14:227][  0]LogConfig: Setting CVar [[r.DOF.Gather.RingCount:4                 ; medium number of samples when gathering]]
[2025.04.05-03.24.14:228][  0]LogConfig: Setting CVar [[r.DOF.Scatter.ForegroundCompositing:1    ; additive foreground scattering]]
[2025.04.05-03.24.14:228][  0]LogConfig: Setting CVar [[r.DOF.Scatter.BackgroundCompositing:2    ; additive background scattering]]
[2025.04.05-03.24.14:228][  0]LogConfig: Setting CVar [[r.DOF.Scatter.EnableBokehSettings:1      ; bokeh simulation when scattering]]
[2025.04.05-03.24.14:229][  0]LogConfig: Setting CVar [[r.DOF.Scatter.MaxSpriteRatio:0.1         ; only a maximum of 10% of scattered bokeh]]
[2025.04.05-03.24.14:229][  0]LogConfig: Setting CVar [[r.DOF.Recombine.Quality:1                ; cheap slight out of focus]]
[2025.04.05-03.24.14:230][  0]LogConfig: Setting CVar [[r.DOF.Recombine.EnableBokehSettings:0    ; no bokeh simulation on slight out of focus]]
[2025.04.05-03.24.14:230][  0]LogConfig: Setting CVar [[r.DOF.TemporalAAQuality:1                ; more stable temporal accumulation]]
[2025.04.05-03.24.14:230][  0]LogConfig: Setting CVar [[r.DOF.Kernel.MaxForegroundRadius:0.025]]
[2025.04.05-03.24.14:231][  0]LogConfig: Setting CVar [[r.DOF.Kernel.MaxBackgroundRadius:0.025]]
[2025.04.05-03.24.14:231][  0]LogConfig: Applying CVar settings from Section [TextureQuality@3] File [C:/Unreal Projects/Top-Down-Puzzle/TopDownPuzzle/Saved/Config/Windows/Scalability.ini]
[2025.04.05-03.24.14:231][  0]LogConfig: Setting CVar [[r.Streaming.MipBias:0]]
[2025.04.05-03.24.14:232][  0]LogConfig: Setting CVar [[r.Streaming.AmortizeCPUToGPUCopy:0]]
[2025.04.05-03.24.14:232][  0]LogConfig: Setting CVar [[r.Streaming.MaxNumTexturesToStreamPerFrame:0]]
[2025.04.05-03.24.14:232][  0]LogConfig: Setting CVar [[r.Streaming.Boost:1]]
[2025.04.05-03.24.14:233][  0]LogConfig: Setting CVar [[r.MaxAnisotropy:8]]
[2025.04.05-03.24.14:233][  0]LogConfig: Setting CVar [[r.VT.MaxAnisotropy:8]]
[2025.04.05-03.24.14:233][  0]LogConfig: Setting CVar [[r.Streaming.LimitPoolSizeToVRAM:0]]
[2025.04.05-03.24.14:234][  0]LogConfig: Setting CVar [[r.Streaming.PoolSize:1000]]
[2025.04.05-03.24.14:234][  0]LogConfig: Setting CVar [[r.Streaming.MaxEffectiveScreenSize:0]]
[2025.04.05-03.24.14:234][  0]LogConfig: Applying CVar settings from Section [EffectsQuality@3] File [C:/Unreal Projects/Top-Down-Puzzle/TopDownPuzzle/Saved/Config/Windows/Scalability.ini]
[2025.04.05-03.24.14:234][  0]LogConfig: Setting CVar [[r.TranslucencyLightingVolumeDim:64]]
[2025.04.05-03.24.14:235][  0]LogConfig: Setting CVar [[r.RefractionQuality:2]]
[2025.04.05-03.24.14:235][  0]LogConfig: Setting CVar [[r.SSR.Quality:3]]
[2025.04.05-03.24.14:235][  0]LogConfig: Setting CVar [[r.SSR.HalfResSceneColor:0]]
[2025.04.05-03.24.14:236][  0]LogConfig: Setting CVar [[r.SceneColorFormat:4]]
[2025.04.05-03.24.14:236][  0]LogConfig: Setting CVar [[r.DetailMode:2]]
[2025.04.05-03.24.14:236][  0]LogConfig: Setting CVar [[r.TranslucencyVolumeBlur:1]]
[2025.04.05-03.24.14:237][  0]LogConfig: Setting CVar [[r.MaterialQualityLevel:1 ; High quality]]
[2025.04.05-03.24.14:237][  0]LogConfig: Setting CVar [[r.AnisotropicMaterials:1]]
[2025.04.05-03.24.14:237][  0]LogConfig: Setting CVar [[r.SSS.Scale:1]]
[2025.04.05-03.24.14:238][  0]LogConfig: Setting CVar [[r.SSS.SampleSet:2]]
[2025.04.05-03.24.14:238][  0]LogConfig: Setting CVar [[r.SSS.Quality:1]]
[2025.04.05-03.24.14:238][  0]LogConfig: Setting CVar [[r.SSS.HalfRes:0]]
[2025.04.05-03.24.14:239][  0]LogConfig: Setting CVar [[r.SSGI.Quality:3]]
[2025.04.05-03.24.14:239][  0]LogConfig: Setting CVar [[r.EmitterSpawnRateScale:1.0]]
[2025.04.05-03.24.14:239][  0]LogConfig: Setting CVar [[r.ParticleLightQuality:2]]
[2025.04.05-03.24.14:240][  0]LogConfig: Setting CVar [[r.SkyAtmosphere.AerialPerspectiveLUT.FastApplyOnOpaque:1 ; Always have FastSkyLUT 1 in this case to avoid wrong sky]]
[2025.04.05-03.24.14:240][  0]LogConfig: Setting CVar [[r.SkyAtmosphere.AerialPerspectiveLUT.SampleCountMaxPerSlice:4]]
[2025.04.05-03.24.14:240][  0]LogConfig: Setting CVar [[r.SkyAtmosphere.AerialPerspectiveLUT.DepthResolution:16.0]]
[2025.04.05-03.24.14:241][  0]LogConfig: Setting CVar [[r.SkyAtmosphere.FastSkyLUT:1]]
[2025.04.05-03.24.14:241][  0]LogConfig: Setting CVar [[r.SkyAtmosphere.FastSkyLUT.SampleCountMin:4.0]]
[2025.04.05-03.24.14:241][  0]LogConfig: Setting CVar [[r.SkyAtmosphere.FastSkyLUT.SampleCountMax:128.0]]
[2025.04.05-03.24.14:242][  0]LogConfig: Setting CVar [[r.SkyAtmosphere.SampleCountMin:4.0]]
[2025.04.05-03.24.14:242][  0]LogConfig: Setting CVar [[r.SkyAtmosphere.SampleCountMax:128.0]]
[2025.04.05-03.24.14:242][  0]LogConfig: Setting CVar [[r.SkyAtmosphere.TransmittanceLUT.UseSmallFormat:0]]
[2025.04.05-03.24.14:242][  0]LogConfig: Setting CVar [[r.SkyAtmosphere.TransmittanceLUT.SampleCount:10.0]]
[2025.04.05-03.24.14:244][  0]LogConfig: Setting CVar [[r.SkyAtmosphere.MultiScatteringLUT.SampleCount:15.0]]
[2025.04.05-03.24.14:244][  0]LogConfig: Setting CVar [[r.SkyLight.RealTimeReflectionCapture:1]]
[2025.04.05-03.24.14:244][  0]LogConfig: Applying CVar settings from Section [FoliageQuality@3] File [C:/Unreal Projects/Top-Down-Puzzle/TopDownPuzzle/Saved/Config/Windows/Scalability.ini]
[2025.04.05-03.24.14:245][  0]LogConfig: Setting CVar [[foliage.DensityScale:1.0]]
[2025.04.05-03.24.14:246][  0]LogConfig: Setting CVar [[grass.DensityScale:1.0]]
[2025.04.05-03.24.14:246][  0]LogConfig: Applying CVar settings from Section [ShadingQuality@3] File [C:/Unreal Projects/Top-Down-Puzzle/TopDownPuzzle/Saved/Config/Windows/Scalability.ini]
[2025.04.05-03.24.14:246][  0]LogConfig: Setting CVar [[r.HairStrands.SkyLighting.IntegrationType:2]]
[2025.04.05-03.24.14:247][  0]LogConfig: Setting CVar [[r.HairStrands.SkyAO.SampleCount:4]]
[2025.04.05-03.24.14:250][  0]LogConfig: Setting CVar [[r.HairStrands.Visibility.MSAA.SamplePerPixel:4]]
[2025.04.05-03.24.14:250][  0]LogConfig: Applying CVar settings from Section [Startup] File [../../../Engine/Config/ConsoleVariables.ini]
[2025.04.05-03.24.14:251][  0]LogConfig: Setting CVar [[net.UseAdaptiveNetUpdateFrequency:0]]
[2025.04.05-03.24.14:251][  0]LogConfig: Setting CVar [[p.chaos.AllowCreatePhysxBodies:1]]
[2025.04.05-03.24.14:252][  0]LogConfig: Setting CVar [[fx.SkipVectorVMBackendOptimizations:1]]
[2025.04.05-03.24.14:252][  0]LogConfig: Applying CVar settings from Section [ConsoleVariables] File [C:/Unreal Projects/Top-Down-Puzzle/TopDownPuzzle/Saved/Config/Windows/Engine.ini]
[2025.04.05-03.24.14:252][  0]LogConfig: Applying CVar settings from Section [ConsoleVariables] File [C:/Unreal Projects/Top-Down-Puzzle/TopDownPuzzle/Saved/Config/Windows/Editor.ini]
[2025.04.05-03.24.14:254][  0]LogInit: Computer: LAPTOP-EJ2DB2HV
[2025.04.05-03.24.14:254][  0]LogInit: User: patel
[2025.04.05-03.24.14:254][  0]LogInit: CPU Page size=4096, Cores=4
[2025.04.05-03.24.14:254][  0]LogInit: High frequency timer resolution =10.000000 MHz
[2025.04.05-03.24.14:255][  0]LogMemory: Memory total: Physical=15.8GB (16GB approx)
[2025.04.05-03.24.14:255][  0]LogMemory: Platform Memory Stats for Windows
[2025.04.05-03.24.14:255][  0]LogMemory: Process Physical Memory: 136.71 MB used, 136.71 MB peak
[2025.04.05-03.24.14:256][  0]LogMemory: Process Virtual Memory: 109.57 MB used, 109.57 MB peak
[2025.04.05-03.24.14:256][  0]LogMemory: Physical Memory: 12295.53 MB used,  3929.64 MB free, 16225.18 MB total
[2025.04.05-03.24.14:256][  0]LogMemory: Virtual Memory: 134198720.00 MB used,  19004.77 MB free, 134217728.00 MB total
[2025.04.05-03.24.14:266][  0]LogWindows: WindowsPlatformFeatures enabled
[2025.04.05-03.24.14:353][  0]LogInit: Physics initialised using underlying interface: PhysX
[2025.04.05-03.24.14:354][  0]LogInit: Using OS detected language (en-US).
[2025.04.05-03.24.14:355][  0]LogInit: Using OS detected locale (en-IN).
[2025.04.05-03.24.14:742][  0]LogTextLocalizationManager: No specific localization for 'en-US' exists, so the 'en' localization will be used.
[2025.04.05-03.24.15:735][  0]LogTargetPlatformManager: Display: Loaded TargetPlatform 'AllDesktop'
[2025.04.05-03.24.15:762][  0]LogTargetPlatformManager: Display: Loaded TargetPlatform 'Android'
[2025.04.05-03.24.15:763][  0]LogTargetPlatformManager: Display: Loaded TargetPlatform 'Android_ASTC'
[2025.04.05-03.24.15:763][  0]LogTargetPlatformManager: Display: Loaded TargetPlatform 'Android_DXT'
[2025.04.05-03.24.15:763][  0]LogTargetPlatformManager: Display: Loaded TargetPlatform 'Android_ETC2'
[2025.04.05-03.24.15:763][  0]LogTargetPlatformManager: Display: Loaded TargetPlatform 'AndroidClient'
[2025.04.05-03.24.15:763][  0]LogTargetPlatformManager: Display: Loaded TargetPlatform 'Android_ASTCClient'
[2025.04.05-03.24.15:764][  0]LogTargetPlatformManager: Display: Loaded TargetPlatform 'Android_DXTClient'
[2025.04.05-03.24.15:764][  0]LogTargetPlatformManager: Display: Loaded TargetPlatform 'Android_ETC2Client'
[2025.04.05-03.24.15:764][  0]LogTargetPlatformManager: Display: Loaded TargetPlatform 'Android_Multi'
[2025.04.05-03.24.15:764][  0]LogTargetPlatformManager: Display: Loaded TargetPlatform 'Android_MultiClient'
[2025.04.05-03.24.15:789][  0]LogTargetPlatformManager: Display: Loaded TargetPlatform 'IOSClient'
[2025.04.05-03.24.15:789][  0]LogTargetPlatformManager: Display: Loaded TargetPlatform 'IOS'
[2025.04.05-03.24.15:801][  0]LogTargetPlatformManager: Display: Loaded TargetPlatform 'Linux'
[2025.04.05-03.24.15:807][  0]LogTargetPlatformManager: Display: Loaded TargetPlatform 'LinuxNoEditor'
[2025.04.05-03.24.15:813][  0]LogTargetPlatformManager: Display: Loaded TargetPlatform 'LinuxClient'
[2025.04.05-03.24.15:819][  0]LogTargetPlatformManager: Display: Loaded TargetPlatform 'LinuxServer'
[2025.04.05-03.24.15:831][  0]LogTargetPlatformManager: Display: Loaded TargetPlatform 'LinuxAArch64NoEditor'
[2025.04.05-03.24.15:837][  0]LogTargetPlatformManager: Display: Loaded TargetPlatform 'LinuxAArch64Client'
[2025.04.05-03.24.15:844][  0]LogTargetPlatformManager: Display: Loaded TargetPlatform 'LinuxAArch64Server'
[2025.04.05-03.24.15:877][  0]LogTargetPlatformManager: Display: Loaded TargetPlatform 'Lumin'
[2025.04.05-03.24.15:878][  0]LogTargetPlatformManager: Display: Loaded TargetPlatform 'LuminClient'
[2025.04.05-03.24.15:890][  0]LogTargetPlatformManager: Display: Loaded TargetPlatform 'MacNoEditor'
[2025.04.05-03.24.15:900][  0]LogTargetPlatformManager: Display: Loaded TargetPlatform 'Mac'
[2025.04.05-03.24.15:908][  0]LogTargetPlatformManager: Display: Loaded TargetPlatform 'MacClient'
[2025.04.05-03.24.15:917][  0]LogTargetPlatformManager: Display: Loaded TargetPlatform 'MacServer'
[2025.04.05-03.24.15:939][  0]LogTargetPlatformManager: Display: Loaded TargetPlatform 'TVOSClient'
[2025.04.05-03.24.15:940][  0]LogTargetPlatformManager: Display: Loaded TargetPlatform 'TVOS'
[2025.04.05-03.24.15:962][  0]LogTargetPlatformManager: Display: Loaded TargetPlatform 'WindowsNoEditor'
[2025.04.05-03.24.15:970][  0]LogTargetPlatformManager: Display: Loaded TargetPlatform 'Windows'
[2025.04.05-03.24.15:978][  0]LogTargetPlatformManager: Display: Loaded TargetPlatform 'WindowsClient'
[2025.04.05-03.24.15:984][  0]LogTargetPlatformManager: Display: Loaded TargetPlatform 'WindowsServer'
[2025.04.05-03.24.15:985][  0]LogTargetPlatformManager: Display: Building Assets For Windows
[2025.04.05-03.24.15:998][  0]LogAudioDebug: Display: Lib vorbis DLL was dynamically loaded.
[2025.04.05-03.24.16:057][  0]LogTextureFormatOodle: Display: Oodle Texture 2.9.0 init RDO Off
[2025.04.05-03.24.16:114][  0]LogRendererCore: Ray tracing is disabled. Reason: r.RayTracing=0.
[2025.04.05-03.24.16:116][  0]LogDerivedDataCache: Display: Max Cache Size: 512 MB
[2025.04.05-03.24.16:263][  0]LogDerivedDataCache: Loaded boot cache 0.15s 103MB C:/Users/patel/AppData/Local/UnrealEngine/4.27/DerivedDataCache/Boot.ddc.
[2025.04.05-03.24.16:264][  0]LogDerivedDataCache: Display: Loaded Boot cache: C:/Users/patel/AppData/Local/UnrealEngine/4.27/DerivedDataCache/Boot.ddc
[2025.04.05-03.24.16:265][  0]LogDerivedDataCache: FDerivedDataBackendGraph:  Pak pak cache file ../../../../../../Unreal Projects/Top-Down-Puzzle/TopDownPuzzle/DerivedDataCache/DDC.ddp not found, will not use a pak cache.
[2025.04.05-03.24.16:266][  0]LogDerivedDataCache: Unable to find inner node Pak for hierarchical cache Hierarchy.
[2025.04.05-03.24.16:266][  0]LogDerivedDataCache: FDerivedDataBackendGraph:  CompressedPak pak cache file ../../../../../../Unreal Projects/Top-Down-Puzzle/TopDownPuzzle/DerivedDataCache/Compressed.ddp not found, will not use a pak cache.
[2025.04.05-03.24.16:268][  0]LogDerivedDataCache: Unable to find inner node CompressedPak for hierarchical cache Hierarchy.
[2025.04.05-03.24.16:289][  0]LogDerivedDataCache: Display: Pak cache opened for reading ../../../Engine/DerivedDataCache/Compressed.ddp.
[2025.04.05-03.24.16:290][  0]LogDerivedDataCache: FDerivedDataBackendGraph:  EnterprisePak pak cache file ../../../Enterprise/DerivedDataCache/Compressed.ddp not found, will not use a pak cache.
[2025.04.05-03.24.16:291][  0]LogDerivedDataCache: Unable to find inner node EnterprisePak for hierarchical cache Hierarchy.
[2025.04.05-03.24.16:330][  0]LogDerivedDataCache: Speed tests for C:/Users/patel/AppData/Local/UnrealEngine/Common/DerivedDataCache took 0.03 seconds
[2025.04.05-03.24.16:331][  0]LogDerivedDataCache: Display: Performance to C:/Users/patel/AppData/Local/UnrealEngine/Common/DerivedDataCache: Latency=0.07ms. RandomReadSpeed=528.98MBs, RandomWriteSpeed=30.17MBs. Assigned SpeedClass 'Local'
[2025.04.05-03.24.16:339][  0]LogDerivedDataCache: Using Local data cache path C:/Users/patel/AppData/Local/UnrealEngine/Common/DerivedDataCache: Writable
[2025.04.05-03.24.16:340][  0]LogDerivedDataCache: Shared data cache path not found in *engine.ini, will not use an Shared cache.
[2025.04.05-03.24.16:340][  0]LogDerivedDataCache: Unable to find inner node Shared for hierarchical cache Hierarchy.
[2025.04.05-03.24.16:349][  0]LogAssetRegistry: FAssetRegistry took 0.0029 seconds to start up
[2025.04.05-03.24.16:924][  0]LogInit: Selected Device Profile: [Windows]
[2025.04.05-03.24.16:924][  0]LogInit: Active device profile: [0000015F0B0AA200][0000015F01C1F340 49] Windows
[2025.04.05-03.24.16:927][  0]LogInit: Profiles: [0000015F0B0AA200][0000015F01C1F340 49] Windows, [0000015F0B0B1F00][0000015F01C234C0 49] WindowsNoEditor, [0000015F0B0AA300][0000015F01C27640 49] WindowsServer, [0000015F0B0B2000][0000015F07BCB7C0 49] WindowsClient, [0000015F0B0A9E00][0000015F07BCF940 49] IOS, [0000015F0B0B3F00][0000015F07BD3AC0 49] iPadAir, [0000015F0B0A9A00][0000015F07BD60C0 49] iPadAir2, [0000015F0B055900][0000015F07BE4380 49] IPadPro, [0000015F0B055A00][0000015F07BDA3C0 49] iPadAir3, [0000015F0B0A9800][0000015F07BEE540 49] iPadAir4, [0000015F0B057C00][0000015F07BF26C0 49] iPadMini2, [0000015F0B0A9F00][0000015F07BF6840 49] iPadMini3, [0000015F0B054400][0000015F07BFA9C0 49] iPadMini4, [0000015F0B0A9500][0000015F07BFEB40 49] iPadMini5, [0000015F0B085200][0000015F07C06E00 49] iPhone6, [0000015F0B085300][0000015F07C02E40 49] iPodTouch6, [0000015F0B0B1E00][0000015F01C150C0 49] iPhone7, [0000015F0B0B2200][0000015F07C0B100 49] iPodTouch7, [0000015F0B087600][0000015F07C0F240 49] iPhone5S, [0000015F0B0B2C00][0000015F07C13380 49] iPhone6Plus, [0000015F0B084200][0000015F07C1B500 49] iPhone6S, [0000015F0B0B1300][0000015F07C1F680 49] iPhone6SPlus, [0000015F0B087A00][0000015F07C23800 49] iPhone7Plus, [0000015F0B0B0E00][0000015F07C27980 49] iPhoneSE, [0000015F0B086B00][0000015F07C2BB00 49] iPhone8, [0000015F0B0B3600][0000015F07C2E100 49] iPhone8Plus, [0000015F0B085B00][0000015F07C32280 49] iPhoneX, [0000015F0B0B0400][0000015F07C36400 49] iPhoneXS, [0000015F0B084300][0000015F07C3A580 49] iPhoneXSMax, [0000015F0B0B2800][0000015F07C3E700 49] iPhoneXR, [0000015F0B084A00][0000015F07C42880 49] iPhone11, [0000015F0B0B3A00][0000015F07C46A00 49] iPhone11Pro, [0000015F0B087C00][0000015F07C4AB80 49] iPhone11ProMax, [0000015F0B0B1200][0000015F07C4ED00 49] iPhoneSE2, [0000015F0B087200][0000015F07C52E80 49] iPhone12Mini, [0000015F0B0B1500][0000015F07C57000 49] iPhone12, [0000015F0B084D00][0000015F07C5B180 49] iPhone12Pro, [0000015F0B0B2D00][0000015F07C172C0 49] iPhone12ProMax, [0000015F0B085D00][0000015F07C5F400 49] iPadPro105, [0000015F0B0B3500][0000015F07C63540 49] iPadPro129, [0000015F0B087300][0000015F07C6B6C0 49] iPadPro97, [0000015F0B0B3D00][0000015F07C6F840 49] iPadPro2_129, [0000015F0B084400][0000015F07C739C0 49] iPad5, [0000015F0B0B1600][0000015F07C77B40 49] iPad6, [0000015F0B054B00][0000015F07C7A140 49] iPad7, [0000015F0A149600][0000015F07C7E2C0 49] iPad8, [0000015F0B054200][0000015F07C82440 49] iPadPro11, [0000015F0A149A00][0000015F07C865C0 49] iPadPro2_11, [0000015F0B055400][0000015F07C8A740 49] iPadPro3_129, [0000015F0A148300][0000015F07C8E8C0 49] iPadPro4_129, [0000015F0B0B0A00][0000015F07C92A40 49] AppleTV, [0000015F0B085A00][0000015F07C96BC0 49] AppleTV4K, [0000015F0B057500][0000015F07C9AD40 49] TVOS, [0000015F0B084100][0000015F07C9EEC0 49] Mac, [0000015F0B056700][0000015F07CA3040 49] MacClient, [0000015F0B086E00][0000015F07CA71C0 49] MacNoEditor, [0000015F0B054600][0000015F07CAB340 49] MacServer, [0000015F0B085100][0000015F07C67480 49] Linux, [0000015F0B0B1100][0000015F07CAF5C0 49] LinuxAArch64, [0000015F0B086800][0000015F07CB3700 49] LinuxNoEditor, [0000015F0B0B3E00][0000015F07CB7840 49] LinuxAArch64NoEditor, [0000015F0B086600][0000015F07CBF9C0 49] LinuxClient, [0000015F0B0B2300][0000015F07CC3B40 49] LinuxAArch64Client, [0000015F0B084B00][0000015F07CC6140 49] LinuxServer, [0000015F0B0B0D00][0000015F07CCA2C0 49] LinuxAArch64Server, [0000015F0B085400][0000015F07CCE440 49] Android, [0000015F0B0B0700][0000015F07CD25C0 49] Android_Low, [0000015F0B084900][0000015F07CD6740 49] Android_Mid, [0000015F0B0B0800][0000015F07CDA8C0 49] Android_High, [0000015F0B085C00][0000015F07CDEA40 49] Android_Default, [0000015F0B0B0C00][0000015F07CE2BC0 49] Android_Adreno4xx, [0000015F0B085E00][0000015F07CE6D40 49] Android_Adreno5xx_Low, [0000015F0B0B2A00][0000015F07CEAEC0 49] Android_Adreno5xx, [0000015F0B086900][0000015F0B111040 49] Android_Adreno6xx, [0000015F0B0B0100][0000015F0B1151C0 49] Android_Adreno6xx_Vulkan, [0000015F0B085600][0000015F0B119340 49] Android_Mali_T6xx, [0000015F0B0B3800][0000015F0B11D4C0 49] Android_Mali_T7xx, [0000015F0B085900][0000015F07CBB600 49] Android_Mali_T8xx, [0000015F0B0B1A00][0000015F0B121740 49] Android_Mali_G71, [0000015F0B084700][0000015F0B125880 49] Android_Mali_G72, [0000015F0B0B1400][0000015F0B1299C0 49] Android_Mali_G72_Vulkan, [0000015F0B087400][0000015F0B131B40 49] Android_Mali_G76, [0000015F0B0B3300][0000015F0B134140 49] Android_Mali_G76_Vulkan, [0000015F0B086400][0000015F0B1382C0 49] Android_Mali_G77, [0000015F0B0B3400][0000015F0B13C440 49] Android_Mali_G77_Vulkan, [0000015F0B084500][0000015F0B1405C0 49] Android_Mali_G78, [0000015F0B0B0500][0000015F0B144740 49] Android_Mali_G78_Vulkan, [0000015F0B086100][0000015F0B1488C0 49] Android_Mali_G710, [0000015F0B0B2F00][0000015F0B14CA40 49] Android_Mali_G710_Vulkan, [0000015F0B084800][0000015F0B150BC0 49] Android_Vulkan_SM5, [0000015F0B0B2500][0000015F0B154D40 49] Android_PowerVR_G6xxx, [0000015F0B086500][0000015F0B158EC0 49] Android_PowerVR_GT7xxx, [0000015F0B0B2B00][0000015F0B15D040 49] Android_PowerVR_GE8xxx, [0000015F0B087700][0000015F0B1611C0 49] Android_PowerVR_GM9xxx, [0000015F0B0A9400][0000015F0B165340 49] Android_PowerVR_GM9xxx_Vulkan, [0000015F0B057E00][0000015F0B1694C0 49] Android_TegraK1, [0000015F0B0A9700][0000015F0B16D640 49] Android_Unknown_Vulkan, [0000015F0B057100][0000015F0B1717C0 49] Lumin, [0000015F0B0AAC00][0000015F0B12D900 49] Lumin_Desktop, [0000015F0B056000][0000015F0B175A40 49] HoloLens, 
[2025.04.05-03.24.16:982][  0]LogMeshReduction: Using QuadricMeshReduction for automatic static mesh reduction
[2025.04.05-03.24.16:984][  0]LogMeshReduction: Using SimplygonMeshReduction for automatic skeletal mesh reduction
[2025.04.05-03.24.16:984][  0]LogMeshReduction: Using ProxyLODMeshReduction for automatic mesh merging
[2025.04.05-03.24.16:984][  0]LogMeshReduction: No distributed automatic mesh merging module available
[2025.04.05-03.24.16:985][  0]LogMeshMerging: No distributed automatic mesh merging module available
[2025.04.05-03.24.16:997][  0]LogNetVersion: TopDownPuzzle 1.0.0, NetCL: 17155196, EngineNetVer: 17, GameNetVer: 0 (Checksum: 565499533)
[2025.04.05-03.24.17:273][  0]LogHMD: PokeAHoleMaterial loaded successfully
[2025.04.05-03.24.17:436][  0]LogCollectionManager: Loaded 0 collections in 0.002411 seconds
[2025.04.05-03.24.17:440][  0]LogFileCache: Scanning file cache for directory 'C:/Unreal Projects/Top-Down-Puzzle/TopDownPuzzle/Saved/Collections/' took 0.00s
[2025.04.05-03.24.17:440][  0]LogFileCache: Scanning file cache for directory 'C:/Unreal Projects/Top-Down-Puzzle/TopDownPuzzle/Content/Developers/patel/Collections/' took 0.00s
[2025.04.05-03.24.17:441][  0]LogFileCache: Scanning file cache for directory 'C:/Unreal Projects/Top-Down-Puzzle/TopDownPuzzle/Content/Collections/' took 0.00s
[2025.04.05-03.24.17:441][  0]LogCollectionManager: Fixed up redirectors for 0 collections in 0.000003 seconds (updated 0 objects)
[2025.04.05-03.24.17:567][  0]LogPython: Using Python 3.7.7
[2025.04.05-03.24.18:334][  0]LogNiagaraDebuggerClient: Niagara Debugger Client Initialized | Session: 4976591C46F99823932308A8F8647B67 | Instance: 712EF90C449EE5C2BD935F904E7C19F3 (LAPTOP-EJ2DB2HV-23748).
[2025.04.05-03.24.18:984][  0]SourceControl: Source control is disabled
[2025.04.05-03.24.18:984][  0]SourceControl: Source control is disabled
[2025.04.05-03.24.18:989][  0]SourceControl: Source control is disabled
[2025.04.05-03.24.18:995][  0]SourceControl: Source control is disabled
[2025.04.05-03.24.19:005][  0]SourceControl: Source control is disabled
[2025.04.05-03.24.19:011][  0]LogUProjectInfo: Found projects:
[2025.04.05-03.24.19:222][  0]LogOpenImageDenoise: OIDN starting up
[2025.04.05-03.24.19:282][  0]LogAndroidPermission: UAndroidPermissionCallbackProxy::GetInstance
[2025.04.05-03.24.19:308][  0]LogAudioCaptureCore: Display: No Audio Capture implementations found. Audio input will be silent.
[2025.04.05-03.24.19:308][  0]LogAudioCaptureCore: Display: No Audio Capture implementations found. Audio input will be silent.
[2025.04.05-03.24.19:582][  0]LogOcInput: OculusInput pre-init called
[2025.04.05-03.24.19:646][  0]LogUObjectArray: 24129 objects as part of root set at end of initial load.
[2025.04.05-03.24.19:647][  0]LogUObjectAllocator: 6817520 out of 0 bytes used by permanent object pool.
[2025.04.05-03.24.19:647][  0]LogUObjectArray: CloseDisregardForGC: 0/0 objects in disregard for GC pool
[2025.04.05-03.24.19:648][  0]LogInit: Error: VSTestAdapterCommandlet looked like a commandlet, but we could not find the class.
[2025.04.05-03.24.19:648][  0]LogCore: Engine exit requested (reason: Failed to find commandlet class VSTestAdapterCommandlet)
[2025.04.05-03.24.19:648][  0]LogCore: Engine exit requested (reason: EngineExit() was called; note: exit was already requested)
[2025.04.05-03.24.19:649][  0]LogExit: Preparing to exit.
[2025.04.05-03.24.19:660][  0]LogUObjectHash: Compacting FUObjectHashTables data took   1.26ms
[2025.04.05-03.24.19:721][  0]LogDemo: Cleaned up 0 splitscreen connections with owner deletion
[2025.04.05-03.24.19:757][  0]LogExit: Object subsystem successfully closed.
[2025.04.05-03.24.19:808][  0]LogModuleManager: Shutting down and abandoning module AudioSynesthesiaEditor (596)
[2025.04.05-03.24.19:808][  0]LogModuleManager: Shutting down and abandoning module ContentBrowserFileDataSource (594)
[2025.04.05-03.24.19:809][  0]LogModuleManager: Shutting down and abandoning module ContentBrowserClassDataSource (592)
[2025.04.05-03.24.19:809][  0]LogModuleManager: Shutting down and abandoning module ContentBrowserAssetDataSource (590)
[2025.04.05-03.24.19:809][  0]LogModuleManager: Shutting down and abandoning module ToolMenus (589)
[2025.04.05-03.24.19:809][  0]LogModuleManager: Shutting down and abandoning module OculusEditor (586)
[2025.04.05-03.24.19:810][  0]LogModuleManager: Shutting down and abandoning module OculusInput (584)
[2025.04.05-03.24.19:810][  0]LogModuleManager: Shutting down and abandoning module TemplateSequence (582)
[2025.04.05-03.24.19:810][  0]LogModuleManager: Shutting down and abandoning module TakeSequencer (580)
[2025.04.05-03.24.19:811][  0]LogModuleManager: Shutting down and abandoning module TakeMovieScene (578)
[2025.04.05-03.24.19:811][  0]LogModuleManager: Shutting down and abandoning module CryptoKeysOpenSSL (576)
[2025.04.05-03.24.19:811][  0]LogModuleManager: Shutting down and abandoning module CryptoKeys (574)
[2025.04.05-03.24.19:812][  0]LogModuleManager: Shutting down and abandoning module ScreenshotTools (572)
[2025.04.05-03.24.19:812][  0]LogModuleManager: Shutting down and abandoning module SynthesisEditor (570)
[2025.04.05-03.24.19:812][  0]LogModuleManager: Shutting down and abandoning module Synthesis (568)
[2025.04.05-03.24.19:812][  0]LogModuleManager: Shutting down and abandoning module ProceduralMeshComponentEditor (566)
[2025.04.05-03.24.19:814][  0]LogModuleManager: Shutting down and abandoning module ProceduralMeshComponent (564)
[2025.04.05-03.24.19:814][  0]LogModuleManager: Shutting down and abandoning module SpeedTreeImporter (562)
[2025.04.05-03.24.19:814][  0]LogModuleManager: Shutting down and abandoning module PluginBrowser (560)
[2025.04.05-03.24.19:815][  0]LogModuleManager: Shutting down and abandoning module MobileLauncherProfileWizard (558)
[2025.04.05-03.24.19:816][  0]LogModuleManager: Shutting down and abandoning module MaterialAnalyzer (556)
[2025.04.05-03.24.19:816][  0]LogModuleManager: Shutting down and abandoning module CurveEditorTools (554)
[2025.04.05-03.24.19:816][  0]LogModuleManager: Shutting down and abandoning module OodleNetworkHandlerComponent (552)
[2025.04.05-03.24.19:817][  0]LogModuleManager: Shutting down and abandoning module OpenXREditor (550)
[2025.04.05-03.24.19:817][  0]LogModuleManager: Shutting down and abandoning module MobilePatchingUtils (548)
[2025.04.05-03.24.19:818][  0]LogModuleManager: Shutting down and abandoning module GooglePAD (546)
[2025.04.05-03.24.19:818][  0]LogModuleManager: Shutting down and abandoning module EditableMesh (544)
[2025.04.05-03.24.19:818][  0]LogModuleManager: Shutting down and abandoning module MagicLeapHelperVulkan (542)
[2025.04.05-03.24.19:818][  0]LogModuleManager: Shutting down and abandoning module MagicLeapHelperOpenGL (540)
[2025.04.05-03.24.19:819][  0]LogModuleManager: Shutting down and abandoning module MagicLeapAudio (538)
[2025.04.05-03.24.19:819][  0]LogModuleManager: Shutting down and abandoning module CustomMeshComponent (536)
[2025.04.05-03.24.19:819][  0]LogModuleManager: Shutting down and abandoning module CableComponent (534)
[2025.04.05-03.24.19:820][  0]LogModuleManager: Shutting down and abandoning module AssetTags (532)
[2025.04.05-03.24.19:820][  0]LogModuleManager: Shutting down and abandoning module AudioCapture (530)
[2025.04.05-03.24.19:820][  0]LogModuleManager: Shutting down and abandoning module AudioCaptureRtAudio (529)
[2025.04.05-03.24.19:821][  0]LogModuleManager: Shutting down and abandoning module ArchVisCharacter (526)
[2025.04.05-03.24.19:821][  0]LogModuleManager: Shutting down and abandoning module AppleImageUtilsBlueprintSupport (524)
[2025.04.05-03.24.19:822][  0]LogModuleManager: Shutting down and abandoning module AppleImageUtils (522)
[2025.04.05-03.24.19:822][  0]LogModuleManager: Shutting down and abandoning module AndroidPermission (520)
[2025.04.05-03.24.19:823][  0]LogModuleManager: Shutting down and abandoning module ActorLayerUtilitiesEditor (518)
[2025.04.05-03.24.19:823][  0]LogModuleManager: Shutting down and abandoning module ActorLayerUtilities (516)
[2025.04.05-03.24.19:823][  0]LogModuleManager: Shutting down and abandoning module MagicLeapSharedWorld (514)
[2025.04.05-03.24.19:824][  0]LogModuleManager: Shutting down and abandoning module MagicLeapLightEstimation (512)
[2025.04.05-03.24.19:824][  0]LogModuleManager: Shutting down and abandoning module MediaCompositing (510)
[2025.04.05-03.24.19:824][  0]LogModuleManager: Shutting down and abandoning module NiagaraEditorWidgets (508)
[2025.04.05-03.24.19:824][  0]LogModuleManager: Shutting down and abandoning module MotoSynthEditor (506)
[2025.04.05-03.24.19:825][  0]LogModuleManager: Shutting down and abandoning module MotoSynth (504)
[2025.04.05-03.24.19:825][  0]LogModuleManager: Shutting down and abandoning module OpenImageDenoise (502)
[2025.04.05-03.24.19:826][  0]LogOpenImageDenoise: OIDN shutting down
[2025.04.05-03.24.19:826][  0]LogModuleManager: Shutting down and abandoning module MeshConversion (500)
[2025.04.05-03.24.19:826][  0]LogModuleManager: Shutting down and abandoning module DynamicMesh (498)
[2025.04.05-03.24.19:826][  0]LogModuleManager: Shutting down and abandoning module GeometryAlgorithms (496)
[2025.04.05-03.24.19:827][  0]LogModuleManager: Shutting down and abandoning module GeometricObjects (494)
[2025.04.05-03.24.19:827][  0]LogModuleManager: Shutting down and abandoning module GeometryCollectionTracks (492)
[2025.04.05-03.24.19:827][  0]LogModuleManager: Shutting down and abandoning module GeometryCollectionSequencer (491)
[2025.04.05-03.24.19:828][  0]LogModuleManager: Shutting down and abandoning module GeometryCollectionEditor (488)
[2025.04.05-03.24.19:828][  0]LogModuleManager: Shutting down and abandoning module GeometryCacheTracks (486)
[2025.04.05-03.24.19:828][  0]LogModuleManager: Shutting down and abandoning module GeometryCacheStreamer (484)
[2025.04.05-03.24.19:829][  0]LogModuleManager: Shutting down and abandoning module GeometryCacheSequencer (482)
[2025.04.05-03.24.19:829][  0]LogModuleManager: Shutting down and abandoning module ChaosSolverEditor (480)
[2025.04.05-03.24.19:830][  0]LogModuleManager: Shutting down and abandoning module ChaosNiagara (478)
[2025.04.05-03.24.19:830][  0]LogModuleManager: Shutting down and abandoning module FractureEditor (476)
[2025.04.05-03.24.19:831][  0]LogModuleManager: Shutting down and abandoning module FieldSystemEngine (475)
[2025.04.05-03.24.19:831][  0]LogModuleManager: Shutting down and abandoning module ChaosClothEditor (472)
[2025.04.05-03.24.19:831][  0]LogModuleManager: Shutting down and abandoning module AutomationUtilsEditor (470)
[2025.04.05-03.24.19:832][  0]LogModuleManager: Shutting down and abandoning module AutomationUtils (468)
[2025.04.05-03.24.19:833][  0]LogModuleManager: Shutting down and abandoning module AlembicImporter (466)
[2025.04.05-03.24.19:833][  0]LogModuleManager: Shutting down and abandoning module AlembicLibrary (465)
[2025.04.05-03.24.19:833][  0]LogModuleManager: Shutting down and abandoning module GeometryCache (464)
[2025.04.05-03.24.19:833][  0]LogModuleManager: Shutting down and abandoning module GeometryCacheEd (463)
[2025.04.05-03.24.19:834][  0]LogModuleManager: Shutting down and abandoning module VariantManagerContentEditor (458)
[2025.04.05-03.24.19:834][  0]LogModuleManager: Shutting down and abandoning module DatasmithContentEditor (456)
[2025.04.05-03.24.19:834][  0]LogModuleManager: Shutting down and abandoning module UObjectPlugin (454)
[2025.04.05-03.24.19:835][  0]LogModuleManager: Shutting down and abandoning module VisualStudioSourceCodeAccess (452)
[2025.04.05-03.24.19:835][  0]LogModuleManager: Shutting down and abandoning module VisualStudioCodeSourceCodeAccess (450)
[2025.04.05-03.24.19:835][  0]LogModuleManager: Shutting down and abandoning module SubversionSourceControl (448)
[2025.04.05-03.24.19:836][  0]LogModuleManager: Shutting down and abandoning module PluginUtils (446)
[2025.04.05-03.24.19:836][  0]LogModuleManager: Shutting down and abandoning module PlasticSourceControl (444)
[2025.04.05-03.24.19:836][  0]LogModuleManager: Shutting down and abandoning module PerforceSourceControl (442)
[2025.04.05-03.24.19:837][  0]LogModuleManager: Shutting down and abandoning module GitSourceControl (440)
[2025.04.05-03.24.19:838][  0]LogModuleManager: Shutting down and abandoning module SourceControl (439)
[2025.04.05-03.24.19:838][  0]LogModuleManager: Shutting down and abandoning module CLionSourceCodeAccess (436)
[2025.04.05-03.24.19:838][  0]LogModuleManager: Shutting down and abandoning module AnimationSharingEd (434)
[2025.04.05-03.24.19:838][  0]LogModuleManager: Shutting down and abandoning module LightPropagationVolumeEditor (432)
[2025.04.05-03.24.19:839][  0]LogModuleManager: Shutting down and abandoning module LiveLinkSequencer (430)
[2025.04.05-03.24.19:839][  0]LogModuleManager: Shutting down and abandoning module LiveLinkMovieScene (428)
[2025.04.05-03.24.19:839][  0]LogModuleManager: Shutting down and abandoning module LiveLinkGraphNode (426)
[2025.04.05-03.24.19:839][  0]LogModuleManager: Shutting down and abandoning module LiveLinkEditor (424)
[2025.04.05-03.24.19:840][  0]LogModuleManager: Shutting down and abandoning module LiveLinkComponents (422)
[2025.04.05-03.24.19:840][  0]LogModuleManager: Shutting down and abandoning module LiveLink (420)
[2025.04.05-03.24.19:858][  0]LogModuleManager: Shutting down and abandoning module PaperTiledImporter (418)
[2025.04.05-03.24.19:859][  0]LogModuleManager: Shutting down and abandoning module PaperSpriteSheetImporter (416)
[2025.04.05-03.24.19:859][  0]LogModuleManager: Shutting down and abandoning module Paper2DEditor (414)
[2025.04.05-03.24.19:859][  0]LogModuleManager: Shutting down and abandoning module MeshPaintingToolset (412)
[2025.04.05-03.24.19:860][  0]LogModuleManager: Shutting down and abandoning module MeshPaintEditorMode (410)
[2025.04.05-03.24.19:860][  0]LogModuleManager: Shutting down and abandoning module TopDownPuzzle (408)
[2025.04.05-03.24.19:860][  0]LogModuleManager: Shutting down and abandoning module AnimGraph (407)
[2025.04.05-03.24.19:861][  0]LogModuleManager: Shutting down and abandoning module ActorSequence (404)
[2025.04.05-03.24.19:861][  0]LogModuleManager: Shutting down and abandoning module SignificanceManager (402)
[2025.04.05-03.24.19:861][  0]LogModuleManager: Shutting down and abandoning module SoundFields (400)
[2025.04.05-03.24.19:862][  0]LogModuleManager: Shutting down and abandoning module RuntimePhysXCooking (398)
[2025.04.05-03.24.19:862][  0]LogModuleManager: Shutting down and abandoning module PropertyAccessEditor (396)
[2025.04.05-03.24.19:862][  0]LogModuleManager: Shutting down and abandoning module PhysXVehiclesEditor (394)
[2025.04.05-03.24.19:862][  0]LogModuleManager: Shutting down and abandoning module GameplayTagsEditor (390)
[2025.04.05-03.24.19:862][  0]LogModuleManager: Shutting down and abandoning module FacialAnimationEditor (388)
[2025.04.05-03.24.19:863][  0]LogModuleManager: Shutting down and abandoning module FacialAnimation (386)
[2025.04.05-03.24.19:863][  0]LogModuleManager: Shutting down and abandoning module DataValidation (384)
[2025.04.05-03.24.19:863][  0]LogModuleManager: Shutting down and abandoning module AssetManagerEditor (382)
[2025.04.05-03.24.19:863][  0]LogModuleManager: Shutting down and abandoning module TreeMap (381)
[2025.04.05-03.24.19:864][  0]LogModuleManager: Shutting down and abandoning module LocationServicesBPLibrary (378)
[2025.04.05-03.24.19:864][  0]LogModuleManager: Shutting down and abandoning module MagicLeapHandMeshing (376)
[2025.04.05-03.24.19:864][  0]LogModuleManager: Shutting down and abandoning module MagicLeapSecureStorage (374)
[2025.04.05-03.24.19:865][  0]LogModuleManager: Shutting down and abandoning module MagicLeapPrivileges (372)
[2025.04.05-03.24.19:865][  0]LogModuleManager: Shutting down and abandoning module MagicLeapPlanes (370)
[2025.04.05-03.24.19:865][  0]LogMagicLeapPlanes: Planes tracker already destroyed.
[2025.04.05-03.24.19:865][  0]LogModuleManager: Shutting down and abandoning module MagicLeapImageTracker (368)
[2025.04.05-03.24.19:866][  0]LogModuleManager: Shutting down and abandoning module MagicLeapIdentity (366)
[2025.04.05-03.24.19:866][  0]LogModuleManager: Shutting down and abandoning module MagicLeapHandTracking (364)
[2025.04.05-03.24.19:866][  0]LogModuleManager: Shutting down and abandoning module MagicLeapEyeTracker (362)
[2025.04.05-03.24.19:867][  0]LogModuleManager: Shutting down and abandoning module MagicLeapController (360)
[2025.04.05-03.24.19:867][  0]LogModuleManager: Shutting down and abandoning module MagicLeapARPinImpl (358)
[2025.04.05-03.24.19:867][  0]LogModuleManager: Shutting down and abandoning module MagicLeapAR (356)
[2025.04.05-03.24.19:868][  0]LogModuleManager: Shutting down and abandoning module AudioSynesthesia (354)
[2025.04.05-03.24.19:868][  0]LogModuleManager: Shutting down and abandoning module AudioSynesthesiaCore (352)
[2025.04.05-03.24.19:868][  0]LogModuleManager: Shutting down and abandoning module MagicLeapARPin (350)
[2025.04.05-03.24.19:868][  0]LogModuleManager: Shutting down and abandoning module UdpMessaging (348)
[2025.04.05-03.24.19:869][  0]LogModuleManager: Shutting down and abandoning module TcpMessaging (346)
[2025.04.05-03.24.19:869][  0]LogModuleManager: Shutting down and abandoning module NiagaraAnimNotifies (344)
[2025.04.05-03.24.19:869][  0]LogModuleManager: Shutting down and abandoning module Niagara (342)
[2025.04.05-03.24.19:870][  0]LogModuleManager: Shutting down and abandoning module SignalProcessing (341)
[2025.04.05-03.24.19:870][  0]LogModuleManager: Shutting down and abandoning module NiagaraEditor (339)
[2025.04.05-03.24.19:870][  0]LogModuleManager: Shutting down and abandoning module NiagaraCore (336)
[2025.04.05-03.24.19:871][  0]LogModuleManager: Shutting down and abandoning module PythonScriptPlugin (334)
[2025.04.05-03.24.19:871][  0]LogModuleManager: Shutting down and abandoning module PropertyAccessNode (332)
[2025.04.05-03.24.19:871][  0]LogModuleManager: Shutting down and abandoning module GameplayCameras (330)
[2025.04.05-03.24.19:871][  0]LogModuleManager: Shutting down and abandoning module AnimationSharing (328)
[2025.04.05-03.24.19:872][  0]LogModuleManager: Shutting down and abandoning module EnvironmentQueryEditor (326)
[2025.04.05-03.24.19:872][  0]LogModuleManager: Shutting down and abandoning module LightPropagationVolumeRuntime (324)
[2025.04.05-03.24.19:872][  0]LogModuleManager: Shutting down and abandoning module Paper2D (322)
[2025.04.05-03.24.19:873][  0]LogModuleManager: Shutting down and abandoning module NetworkReplayStreaming (320)
[2025.04.05-03.24.19:873][  0]LogModuleManager: Shutting down and abandoning module PacketHandler (318)
[2025.04.05-03.24.19:873][  0]LogModuleManager: Shutting down and abandoning module ClothingSystemEditor (316)
[2025.04.05-03.24.19:873][  0]LogModuleManager: Shutting down and abandoning module ClothingSystemRuntimeNv (314)
[2025.04.05-03.24.19:874][  0]LogModuleManager: Shutting down and abandoning module MediaAssets (312)
[2025.04.05-03.24.19:874][  0]LogModuleManager: Shutting down and abandoning module Overlay (310)
[2025.04.05-03.24.19:874][  0]LogModuleManager: Shutting down and abandoning module OverlayEditor (309)
[2025.04.05-03.24.19:874][  0]LogModuleManager: Shutting down and abandoning module Blutility (306)
[2025.04.05-03.24.19:875][  0]LogModuleManager: Shutting down and abandoning module LevelEditor (305)
[2025.04.05-03.24.19:876][  0]LogModuleManager: Shutting down and abandoning module PixelInspectorModule (304)
[2025.04.05-03.24.19:876][  0]LogModuleManager: Shutting down and abandoning module CommonMenuExtensions (302)
[2025.04.05-03.24.19:876][  0]LogModuleManager: Shutting down and abandoning module MainFrame (300)
[2025.04.05-03.24.19:877][  0]LogModuleManager: Shutting down and abandoning module HotReload (299)
[2025.04.05-03.24.19:877][  0]LogModuleManager: Shutting down and abandoning module ContentBrowser (295)
[2025.04.05-03.24.19:878][  0]LogModuleManager: Shutting down and abandoning module CollectionManager (294)
[2025.04.05-03.24.19:878][  0]LogModuleManager: Shutting down and abandoning module ContentBrowserData (292)
[2025.04.05-03.24.19:879][  0]LogModuleManager: Shutting down and abandoning module IntroTutorials (288)
[2025.04.05-03.24.19:879][  0]LogModuleManager: Shutting down and abandoning module VREditor (286)
[2025.04.05-03.24.19:879][  0]LogModuleManager: Shutting down and abandoning module StringTableEditor (284)
[2025.04.05-03.24.19:880][  0]LogModuleManager: Shutting down and abandoning module GameplayTasksEditor (282)
[2025.04.05-03.24.19:880][  0]LogModuleManager: Shutting down and abandoning module BehaviorTreeEditor (280)
[2025.04.05-03.24.19:880][  0]LogModuleManager: Shutting down and abandoning module FunctionalTesting (278)
[2025.04.05-03.24.19:881][  0]LogModuleManager: Shutting down and abandoning module CollisionAnalyzer (276)
[2025.04.05-03.24.19:881][  0]LogModuleManager: Shutting down and abandoning module WorkspaceMenuStructure (275)
[2025.04.05-03.24.19:881][  0]LogModuleManager: Shutting down and abandoning module UMG (272)
[2025.04.05-03.24.19:881][  0]LogModuleManager: Shutting down and abandoning module UMGEditor (271)
[2025.04.05-03.24.19:882][  0]LogModuleManager: Shutting down and abandoning module MessageLog (269)
[2025.04.05-03.24.19:882][  0]LogModuleManager: Shutting down and abandoning module SlateReflector (264)
[2025.04.05-03.24.19:882][  0]LogModuleManager: Shutting down and abandoning module Slate (262)
[2025.04.05-03.24.19:883][  0]LogModuleManager: Shutting down and abandoning module SlateCore (260)
[2025.04.05-03.24.19:883][  0]LogModuleManager: Shutting down and abandoning module LandscapeEditorUtilities (258)
[2025.04.05-03.24.19:884][  0]LogModuleManager: Shutting down and abandoning module UnrealEd (256)
[2025.04.05-03.24.19:884][  0]LogModuleManager: Shutting down and abandoning module MRMesh (254)
[2025.04.05-03.24.19:884][  0]LogModuleManager: Shutting down and abandoning module SourceCodeAccess (252)
[2025.04.05-03.24.19:884][  0]LogModuleManager: Shutting down and abandoning module HeadMountedDisplay (250)
[2025.04.05-03.24.19:885][  0]LogModuleManager: Shutting down and abandoning module XAudio2 (248)
[2025.04.05-03.24.19:885][  0]LogModuleManager: Shutting down and abandoning module Networking (246)
[2025.04.05-03.24.19:885][  0]LogModuleManager: Shutting down and abandoning module Core (244)
[2025.04.05-03.24.19:885][  0]LogModuleManager: Shutting down and abandoning module MaterialEditor (242)
[2025.04.05-03.24.19:886][  0]LogModuleManager: Shutting down and abandoning module Settings (241)
[2025.04.05-03.24.19:886][  0]LogModuleManager: Shutting down and abandoning module MovieSceneTools (238)
[2025.04.05-03.24.19:886][  0]LogModuleManager: Shutting down and abandoning module CurveEditor (237)
[2025.04.05-03.24.19:887][  0]LogModuleManager: Shutting down and abandoning module Sequencer (235)
[2025.04.05-03.24.19:887][  0]LogModuleManager: Shutting down and abandoning module EditorStyle (234)
[2025.04.05-03.24.19:888][  0]LogModuleManager: Shutting down and abandoning module KismetCompiler (230)
[2025.04.05-03.24.19:888][  0]LogModuleManager: Shutting down and abandoning module MeshBuilder (228)
[2025.04.05-03.24.19:888][  0]LogModuleManager: Shutting down and abandoning module MeshUtilities (226)
[2025.04.05-03.24.19:888][  0]LogModuleManager: Shutting down and abandoning module MeshMergeUtilities (225)
[2025.04.05-03.24.19:889][  0]LogModuleManager: Shutting down and abandoning module MeshReductionInterface (224)
[2025.04.05-03.24.19:889][  0]LogModuleManager: Shutting down and abandoning module MeshBoneReduction (223)
[2025.04.05-03.24.19:889][  0]LogModuleManager: Shutting down and abandoning module SkeletalMeshReduction (221)
[2025.04.05-03.24.19:890][  0]LogModuleManager: Shutting down and abandoning module ProxyLODMeshReduction (219)
[2025.04.05-03.24.19:890][  0]LogModuleManager: Shutting down and abandoning module QuadricMeshReduction (217)
[2025.04.05-03.24.19:890][  0]LogModuleManager: Shutting down and abandoning module MaterialBaking (213)
[2025.04.05-03.24.19:890][  0]LogModuleManager: Shutting down and abandoning module DirectoryWatcher (209)
[2025.04.05-03.24.19:891][  0]LogModuleManager: Shutting down and abandoning module NullInstallBundleManager (206)
[2025.04.05-03.24.19:891][  0]LogModuleManager: Shutting down and abandoning module DerivedDataCache (204)
[2025.04.05-03.24.19:891][  0]LogModuleManager: Shutting down and abandoning module TargetPlatform (202)
[2025.04.05-03.24.19:891][  0]LogModuleManager: Shutting down and abandoning module VulkanShaderFormat (201)
[2025.04.05-03.24.19:892][  0]LogModuleManager: Shutting down and abandoning module ShaderFormatVectorVM (199)
[2025.04.05-03.24.19:892][  0]LogModuleManager: Shutting down and abandoning module ShaderFormatOpenGL (197)
[2025.04.05-03.24.19:892][  0]LogModuleManager: Shutting down and abandoning module ShaderFormatD3D (195)
[2025.04.05-03.24.19:892][  0]LogModuleManager: Shutting down and abandoning module MetalShaderFormat (193)
[2025.04.05-03.24.19:894][  0]LogModuleManager: Shutting down and abandoning module TextureFormatOodle (191)
[2025.04.05-03.24.19:894][  0]LogModuleManager: Shutting down and abandoning module TextureFormatUncompressed (189)
[2025.04.05-03.24.19:895][  0]LogModuleManager: Shutting down and abandoning module TextureFormatPVR (187)
[2025.04.05-03.24.19:895][  0]LogModuleManager: Shutting down and abandoning module TextureFormatETC2 (185)
[2025.04.05-03.24.19:895][  0]LogModuleManager: Shutting down and abandoning module TextureFormatDXT (183)
[2025.04.05-03.24.19:895][  0]LogModuleManager: Shutting down and abandoning module TextureFormatIntelISPCTexComp (181)
[2025.04.05-03.24.19:896][  0]LogModuleManager: Shutting down and abandoning module TextureFormatASTC (179)
[2025.04.05-03.24.19:896][  0]LogModuleManager: Shutting down and abandoning module ImageWrapper (178)
[2025.04.05-03.24.19:896][  0]LogModuleManager: Shutting down and abandoning module AudioFormatOpus (175)
[2025.04.05-03.24.19:897][  0]LogModuleManager: Shutting down and abandoning module AudioFormatOgg (173)
[2025.04.05-03.24.19:897][  0]LogModuleManager: Shutting down and abandoning module AudioFormatADPCM (171)
[2025.04.05-03.24.19:897][  0]LogModuleManager: Shutting down and abandoning module WindowsServerTargetPlatform (169)
[2025.04.05-03.24.19:897][  0]LogModuleManager: Shutting down and abandoning module WindowsClientTargetPlatform (167)
[2025.04.05-03.24.19:898][  0]LogModuleManager: Shutting down and abandoning module WindowsTargetPlatform (165)
[2025.04.05-03.24.19:898][  0]LogModuleManager: Shutting down and abandoning module WindowsNoEditorTargetPlatform (163)
[2025.04.05-03.24.19:898][  0]LogModuleManager: Shutting down and abandoning module TVOSTargetPlatform (161)
[2025.04.05-03.24.19:899][  0]LogModuleManager: Shutting down and abandoning module MacServerTargetPlatform (159)
[2025.04.05-03.24.19:899][  0]LogModuleManager: Shutting down and abandoning module MacClientTargetPlatform (157)
[2025.04.05-03.24.19:899][  0]LogModuleManager: Shutting down and abandoning module MacTargetPlatform (155)
[2025.04.05-03.24.19:899][  0]LogModuleManager: Shutting down and abandoning module MacNoEditorTargetPlatform (153)
[2025.04.05-03.24.19:900][  0]LogModuleManager: Shutting down and abandoning module LuminTargetPlatform (151)
[2025.04.05-03.24.19:900][  0]LogModuleManager: Shutting down and abandoning module LinuxAArch64ServerTargetPlatform (149)
[2025.04.05-03.24.19:901][  0]LogModuleManager: Shutting down and abandoning module LinuxAArch64ClientTargetPlatform (147)
[2025.04.05-03.24.19:902][  0]LogModuleManager: Shutting down and abandoning module LinuxAArch64NoEditorTargetPlatform (145)
[2025.04.05-03.24.19:902][  0]LogModuleManager: Shutting down and abandoning module LinuxServerTargetPlatform (143)
[2025.04.05-03.24.19:902][  0]LogModuleManager: Shutting down and abandoning module LinuxClientTargetPlatform (141)
[2025.04.05-03.24.19:902][  0]LogModuleManager: Shutting down and abandoning module LinuxNoEditorTargetPlatform (139)
[2025.04.05-03.24.19:903][  0]LogModuleManager: Shutting down and abandoning module LinuxTargetPlatform (137)
[2025.04.05-03.24.19:903][  0]LogModuleManager: Shutting down and abandoning module Messaging (135)
[2025.04.05-03.24.19:903][  0]LogModuleManager: Shutting down and abandoning module IOSTargetPlatform (133)
[2025.04.05-03.24.19:904][  0]LogModuleManager: Shutting down and abandoning module AndroidTargetPlatform (131)
[2025.04.05-03.24.19:906][  0]LogModuleManager: Shutting down and abandoning module AllDesktopTargetPlatform (129)
[2025.04.05-03.24.19:907][  0]LogModuleManager: Shutting down and abandoning module NullDrv (126)
[2025.04.05-03.24.19:907][  0]LogModuleManager: Shutting down and abandoning module PhysXCooking (124)
[2025.04.05-03.24.19:907][  0]LogModuleManager: Shutting down and abandoning module Chaos (122)
[2025.04.05-03.24.19:908][  0]LogModuleManager: Shutting down and abandoning module WindowsPlatformFeatures (120)
[2025.04.05-03.24.19:908][  0]LogModuleManager: Shutting down and abandoning module GameplayMediaEncoder (119)
[2025.04.05-03.24.19:908][  0]LogModuleManager: Shutting down and abandoning module AVEncoder (118)
[2025.04.05-03.24.19:908][  0]LogModuleManager: Shutting down and abandoning module ExampleDeviceProfileSelector (114)
[2025.04.05-03.24.19:909][  0]LogModuleManager: Shutting down and abandoning module SteamVRInputDevice (112)
[2025.04.05-03.24.19:909][  0]LogModuleManager: Shutting down and abandoning module SteamVRInput (110)
[2025.04.05-03.24.19:909][  0]LogModuleManager: Shutting down and abandoning module SteamVR (108)
[2025.04.05-03.24.19:910][  0]LogHMD: Freeing OpenVRDLLHandle.
[2025.04.05-03.24.19:910][  0]LogModuleManager: Shutting down and abandoning module OculusHMD (106)
[2025.04.05-03.24.19:911][  0]LogModuleManager: Shutting down and abandoning module OpenXRHandTracking (104)
[2025.04.05-03.24.19:911][  0]LogModuleManager: Shutting down and abandoning module OpenXREyeTracker (102)
[2025.04.05-03.24.19:911][  0]LogModuleManager: Shutting down and abandoning module OpenXRAR (100)
[2025.04.05-03.24.19:912][  0]LogModuleManager: Shutting down and abandoning module AugmentedReality (99)
[2025.04.05-03.24.19:912][  0]LogModuleManager: Shutting down and abandoning module OpenXRHMD (96)
[2025.04.05-03.24.19:912][  0]LogModuleManager: Shutting down and abandoning module MagicLeap (94)
[2025.04.05-03.24.19:913][  0]LogModuleManager: Shutting down and abandoning module ChunkDownloader (92)
[2025.04.05-03.24.19:913][  0]LogModuleManager: Shutting down and abandoning module LauncherChunkInstaller (90)
[2025.04.05-03.24.19:913][  0]LogModuleManager: Shutting down and abandoning module OnlineBlueprintSupport (88)
[2025.04.05-03.24.19:914][  0]LogModuleManager: Shutting down and abandoning module OnlineSubsystem (84)
[2025.04.05-03.24.19:915][  0]LogModuleManager: Shutting down and abandoning module XMPP (79)
[2025.04.05-03.24.19:915][  0]LogModuleManager: Shutting down and abandoning module WebSockets (78)
[2025.04.05-03.24.19:930][  0]LogModuleManager: Shutting down and abandoning module HTTP (75)
[2025.04.05-03.24.19:930][  0]LogHttp: Display: cleaning up 0 outstanding Http requests.
[2025.04.05-03.24.19:957][  0]LogModuleManager: Shutting down and abandoning module SSL (74)
[2025.04.05-03.24.19:958][  0]LogModuleManager: Shutting down and abandoning module MLSDK (70)
[2025.04.05-03.24.19:959][  0]LogModuleManager: Shutting down and abandoning module WmfMedia (68)
[2025.04.05-03.24.19:960][  0]LogModuleManager: Shutting down and abandoning module Media (67)
[2025.04.05-03.24.19:961][  0]LogModuleManager: Shutting down and abandoning module MediaInfo (66)
[2025.04.05-03.24.19:962][  0]LogModuleManager: Shutting down and abandoning module ExrReaderGpu (62)
[2025.04.05-03.24.19:962][  0]LogModuleManager: Shutting down and abandoning module NiagaraVertexFactories (60)
[2025.04.05-03.24.19:962][  0]LogModuleManager: Shutting down and abandoning module NiagaraShader (58)
[2025.04.05-03.24.19:962][  0]LogModuleManager: Shutting down and abandoning module ChaosCloth (56)
[2025.04.05-03.24.19:962][  0]LogModuleManager: Shutting down and abandoning module VariantManagerContent (54)
[2025.04.05-03.24.19:962][  0]LogModuleManager: Shutting down and abandoning module DatasmithContent (52)
[2025.04.05-03.24.19:964][  0]LogModuleManager: Shutting down and abandoning module PixWinPlugin (50)
[2025.04.05-03.24.19:965][  0]LogModuleManager: Shutting down and abandoning module AISupportModule (48)
[2025.04.05-03.24.19:965][  0]LogModuleManager: Shutting down and abandoning module OodleDataCompressionFormat (46)
[2025.04.05-03.24.19:965][  0]LogModuleManager: Shutting down and abandoning module PythonScriptPluginPreload (44)
[2025.04.05-03.24.19:965][  0]LogModuleManager: Shutting down and abandoning module PlatformCryptoOpenSSL (42)
[2025.04.05-03.24.19:966][  0]LogModuleManager: Shutting down and abandoning module PlatformCryptoTypes (40)
[2025.04.05-03.24.19:966][  0]LogModuleManager: Shutting down and abandoning module PlatformCrypto (38)
[2025.04.05-03.24.19:966][  0]LogModuleManager: Shutting down and abandoning module XGEController (36)
[2025.04.05-03.24.19:967][  0]LogXGEController: Cannot use XGE Controller as Incredibuild is not installed on this machine.
[2025.04.05-03.24.19:967][  0]LogModuleManager: Shutting down and abandoning module AnimationModifiers (34)
[2025.04.05-03.24.19:967][  0]LogModuleManager: Shutting down and abandoning module AudioEditor (32)
[2025.04.05-03.24.19:968][  0]LogModuleManager: Shutting down and abandoning module PropertyEditor (31)
[2025.04.05-03.24.19:968][  0]LogModuleManager: Shutting down and abandoning module TextureCompressor (28)
[2025.04.05-03.24.19:968][  0]LogModuleManager: Shutting down and abandoning module RenderCore (26)
[2025.04.05-03.24.19:968][  0]LogModuleManager: Shutting down and abandoning module Landscape (24)
[2025.04.05-03.24.19:969][  0]LogModuleManager: Shutting down and abandoning module SlateRHIRenderer (22)
[2025.04.05-03.24.19:969][  0]LogModuleManager: Shutting down and abandoning module AnimGraphRuntime (20)
[2025.04.05-03.24.19:969][  0]LogModuleManager: Shutting down and abandoning module Renderer (18)
[2025.04.05-03.24.19:969][  0]LogModuleManager: Shutting down and abandoning module Engine (16)
[2025.04.05-03.24.19:970][  0]LogModuleManager: Shutting down and abandoning module CoreUObject (14)
[2025.04.05-03.24.19:970][  0]LogModuleManager: Shutting down and abandoning module NetworkFile (12)
[2025.04.05-03.24.19:970][  0]LogModuleManager: Shutting down and abandoning module CookedIterativeFile (10)
[2025.04.05-03.24.19:970][  0]LogModuleManager: Shutting down and abandoning module StreamingFile (8)
[2025.04.05-03.24.19:971][  0]LogModuleManager: Shutting down and abandoning module SandboxFile (6)
[2025.04.05-03.24.19:971][  0]LogModuleManager: Shutting down and abandoning module PakFile (4)
[2025.04.05-03.24.19:971][  0]LogModuleManager: Shutting down and abandoning module RSA (3)
[2025.04.05-03.24.20:004][  0]LogContentStreaming: Display: There are 1 unreleased StreamingManagers
[2025.04.05-03.24.20:011][  0]LogExit: Exiting.
[2025.04.05-03.24.20:022][  0]Log file closed, 04/04/25 23:24:20
