Log file open, 04/08/25 12:55:04
LogInit: Display: Loading text-based GConfig....
LogPluginManager: Mounting plugin MeshPainting
LogPluginManager: Mounting plugin XGEController
LogPluginManager: Mounting plugin Paper2D
LogPluginManager: Mounting plugin LiveLink
LogPluginManager: Mounting plugin EnvironmentQueryEditor
LogPluginManager: Mounting plugin AISupport
LogPluginManager: Mounting plugin CameraShakePreviewer
LogPluginManager: Mounting plugin GameplayCameras
LogPluginManager: Mounting plugin OodleData
LogPluginManager: Mounting plugin AssetManagerEditor
LogPluginManager: Mounting plugin CryptoKeys
LogPluginManager: Mounting plugin CurveEditorTools
LogPluginManager: Mounting plugin DataValidation
LogPluginManager: Mounting plugin GameplayTagsEditor
LogPluginManager: Mounting plugin GeometryMode
LogPluginManager: Mounting plugin MacGraphicsSwitching
LogPluginManager: Mounting plugin MaterialAnalyzer
LogPluginManager: Mounting plugin MobileLauncherProfileWizard
LogPluginManager: Mounting plugin PluginBrowser
LogPluginManager: Mounting plugin SpeedTreeImporter
LogPluginManager: Mounting plugin AnimationSharing
LogPluginManager: Mounting plugin CLionSourceCodeAccess
LogPluginManager: Mounting plugin CodeLiteSourceCodeAccess
LogPluginManager: Mounting plugin GitSourceControl
LogPluginManager: Mounting plugin KDevelopSourceCodeAccess
LogPluginManager: Mounting plugin NullSourceCodeAccess
LogPluginManager: Mounting plugin PerforceSourceControl
LogPluginManager: Mounting plugin PlasticSourceControl
LogPluginManager: Mounting plugin PixWinPlugin
LogPluginManager: Mounting plugin PluginUtils
LogPluginManager: Mounting plugin PropertyAccessNode
LogPluginManager: Mounting plugin RiderSourceCodeAccess
LogPluginManager: Mounting plugin SubversionSourceControl
LogPluginManager: Mounting plugin UObjectPlugin
LogPluginManager: Mounting plugin VisualStudioCodeSourceCodeAccess
LogPluginManager: Mounting plugin VisualStudioSourceCodeAccess
LogPluginManager: Mounting plugin XCodeSourceCodeAccess
LogPluginManager: Mounting plugin LightPropagationVolume
LogPluginManager: Mounting plugin FacialAnimation
LogPluginManager: Mounting plugin DatasmithContent
LogPluginManager: Mounting plugin TextureFormatOodle
LogPluginManager: Mounting plugin VariantManagerContent
LogPluginManager: Mounting plugin Niagara
LogPluginManager: Mounting plugin AlembicImporter
LogPluginManager: Mounting plugin AutomationUtils
LogPluginManager: Mounting plugin BackChannel
LogPluginManager: Mounting plugin ChaosCloth
LogPluginManager: Mounting plugin ChaosClothEditor
LogPluginManager: Mounting plugin ChaosEditor
LogPluginManager: Mounting plugin ChaosNiagara
LogPluginManager: Mounting plugin ChaosSolverPlugin
LogPluginManager: Mounting plugin CharacterAI
LogPluginManager: Mounting plugin AndroidMedia
LogPluginManager: Mounting plugin AvfMedia
LogPluginManager: Mounting plugin OodleNetwork
LogPluginManager: Mounting plugin ImgMedia
LogPluginManager: Mounting plugin MediaCompositing
LogPluginManager: Mounting plugin MediaPlayerEditor
LogPluginManager: Mounting plugin WmfMedia
LogPluginManager: Mounting plugin LuminPlatformFeatures
LogPluginManager: Mounting plugin MagicLeap
LogPluginManager: Mounting plugin WebMMedia
LogPluginManager: Mounting plugin MagicLeapLightEstimation
LogPluginManager: Mounting plugin MagicLeapMedia
LogPluginManager: Mounting plugin MagicLeapPassableWorld
LogPluginManager: Mounting plugin MLSDK
LogPluginManager: Mounting plugin GeometryCache
LogPluginManager: Mounting plugin GeometryCollectionPlugin
LogPluginManager: Mounting plugin GeometryProcessing
LogPluginManager: Mounting plugin MotoSynth
LogPluginManager: Mounting plugin PlatformCrypto
LogPluginManager: Mounting plugin ProxyLODPlugin
LogPluginManager: Mounting plugin PythonScriptPlugin
LogPluginManager: Mounting plugin OpenImageDenoise
LogPluginManager: Mounting plugin SkeletalReduction
LogPluginManager: Mounting plugin PlanarCut
LogPluginManager: Mounting plugin TcpMessaging
LogPluginManager: Mounting plugin ActorSequence
LogPluginManager: Mounting plugin UdpMessaging
LogPluginManager: Mounting plugin LevelSequenceEditor
LogPluginManager: Mounting plugin MatineeToLevelSequence
LogPluginManager: Mounting plugin TemplateSequence
LogPluginManager: Mounting plugin OnlineSubsystem
LogPluginManager: Mounting plugin OnlineSubsystemNull
LogPluginManager: Mounting plugin OnlineSubsystemUtils
LogPluginManager: Mounting plugin ActorLayerUtilities
LogPluginManager: Mounting plugin LauncherChunkInstaller
LogPluginManager: Mounting plugin AndroidMoviePlayer
LogPluginManager: Mounting plugin AndroidDeviceProfileSelector
LogPluginManager: Mounting plugin AppleImageUtils
LogPluginManager: Mounting plugin AppleMoviePlayer
LogPluginManager: Mounting plugin ArchVisCharacter
LogPluginManager: Mounting plugin AssetTags
LogPluginManager: Mounting plugin AudioCapture
LogPluginManager: Mounting plugin AudioSynesthesia
LogPluginManager: Mounting plugin CableComponent
LogPluginManager: Mounting plugin ChunkDownloader
LogPluginManager: Mounting plugin CustomMeshComponent
LogPluginManager: Mounting plugin EditableMesh
LogPluginManager: Mounting plugin ExampleDeviceProfileSelector
LogPluginManager: Mounting plugin AndroidPermission
LogPluginManager: Mounting plugin GoogleCloudMessaging
LogPluginManager: Mounting plugin GooglePAD
LogPluginManager: Mounting plugin IOSDeviceProfileSelector
LogPluginManager: Mounting plugin LinuxDeviceProfileSelector
LogPluginManager: Mounting plugin LocationServicesBPLibrary
LogPluginManager: Mounting plugin MobilePatchingUtils
LogPluginManager: Mounting plugin OpenXR
LogPluginManager: Mounting plugin OpenXREyeTracker
LogPluginManager: Mounting plugin ScreenshotTools
LogPluginManager: Mounting plugin OpenXRHandTracking
LogPluginManager: Mounting plugin PhysXVehicles
LogPluginManager: Mounting plugin PropertyAccessEditor
LogPluginManager: Mounting plugin ProceduralMeshComponent
LogPluginManager: Mounting plugin RuntimePhysXCooking
LogPluginManager: Mounting plugin SignificanceManager
LogPluginManager: Mounting plugin SoundFields
LogPluginManager: Mounting plugin PostSplashScreen
LogPluginManager: Mounting plugin Synthesis
LogPluginManager: Mounting plugin WebMMoviePlayer
LogPluginManager: Mounting plugin WindowsMoviePlayer
LogPluginManager: Mounting plugin Takes
LogPluginManager: Mounting plugin ContentBrowserAssetDataSource
LogPluginManager: Mounting plugin ContentBrowserClassDataSource
LogPluginManager: Mounting plugin ContentBrowserFileDataSource
LogPluginManager: Mounting plugin OnlineSubsystemGooglePlay
LogPluginManager: Mounting plugin OnlineSubsystemIOS
LogPluginManager: Mounting plugin OculusVR
LogPluginManager: Mounting plugin SteamVR
PixWinPlugin: PIX capture plugin failed to initialize! Check that the process is launched from PIX.
LogInit: Using libcurl 7.55.1-DEV
LogInit:  - built for x86_64-pc-win32
LogInit:  - supports SSL with OpenSSL/1.1.1
LogInit:  - supports HTTP deflate (compression) using libz 1.2.8
LogInit:  - other features:
LogInit:      CURL_VERSION_SSL
LogInit:      CURL_VERSION_LIBZ
LogInit:      CURL_VERSION_IPV6
LogInit:      CURL_VERSION_ASYNCHDNS
LogInit:      CURL_VERSION_LARGEFILE
LogInit:      CURL_VERSION_IDN
LogInit:  CurlRequestOptions (configurable via config and command line):
LogInit:  - bVerifyPeer = true  - Libcurl will verify peer certificate
LogInit:  - bUseHttpProxy = false  - Libcurl will NOT use HTTP proxy
LogInit:  - bDontReuseConnections = false  - Libcurl will reuse connections
LogInit:  - MaxHostConnections = 16  - Libcurl will limit the number of connections to a host
LogInit:  - LocalHostAddr = Default
LogInit:  - BufferSize = 65536
LogOnline: OSS: Creating online subsystem instance for: NULL
LogInit: WinSock: version 1.1 (2.2), MaxSocks=32767, MaxUdp=65467
LogOnline: OSS: TryLoadSubsystemAndSetDefault: Loaded subsystem for module [NULL]
LogInit: Build: ++UE4+Release-4.27-CL-18319896
LogInit: Engine Version: 4.27.2-18319896+++UE4+Release-4.27
LogInit: Compatible Engine Version: 4.27.0-17155196+++UE4+Release-4.27
LogInit: Net CL: 17155196
LogInit: OS: Windows 10 (Release 2009) (), CPU: Intel(R) Core(TM) i5-9300H CPU @ 2.40GHz, GPU: Intel(R) UHD Graphics 630
LogInit: Compiled (64-bit): Nov 30 2021 07:12:08
LogInit: Compiled with Visual C++: 19.24.28315.00
LogInit: Build Configuration: Development
LogInit: Branch Name: ++UE4+Release-4.27
LogInit: Command Line:  "C:\Unreal Projects\Top-Down-Puzzle\TopDownPuzzle\TopDownPuzzle.uproject" -RUN=VSTestAdapter -listtests=C:\Users\patel\AppData\Local\Temp\tmp474F.tmp -filters= -stdout -multiprocess -silent -unattended -AllowStdOutLogVerbosity -NoShaderCompile -NoExit
LogInit: Base Directory: C:/Program Files/UE/UE_4.27/Engine/Binaries/Win64/
LogInit: Allocator: TBB
LogInit: Installed Engine Build: 1
LogDevObjectVersion: Number of dev versions registered: 29
LogDevObjectVersion:   Dev-Blueprints (B0D832E4-1F89-4F0D-ACCF-7EB736FD4AA2): 10
LogDevObjectVersion:   Dev-Build (E1C64328-A22C-4D53-A36C-8E866417BD8C): 0
LogDevObjectVersion:   Dev-Core (375EC13C-06E4-48FB-B500-84F0262A717E): 4
LogDevObjectVersion:   Dev-Editor (E4B068ED-F494-42E9-A231-DA0B2E46BB41): 40
LogDevObjectVersion:   Dev-Framework (CFFC743F-43B0-4480-9391-14DF171D2073): 37
LogDevObjectVersion:   Dev-Mobile (B02B49B5-BB20-44E9-A304-32B752E40360): 3
LogDevObjectVersion:   Dev-Networking (A4E4105C-59A1-49B5-A7C5-40C4547EDFEE): 0
LogDevObjectVersion:   Dev-Online (39C831C9-5AE6-47DC-9A44-9C173E1C8E7C): 0
LogDevObjectVersion:   Dev-Physics (78F01B33-EBEA-4F98-B9B4-84EACCB95AA2): 14
LogDevObjectVersion:   Dev-Platform (6631380F-2D4D-43E0-8009-CF276956A95A): 0
LogDevObjectVersion:   Dev-Rendering (12F88B9F-8875-4AFC-A67C-D90C383ABD29): 45
LogDevObjectVersion:   Dev-Sequencer (7B5AE74C-D270-4C10-A958-57980B212A5A): 13
LogDevObjectVersion:   Dev-VR (D7296918-1DD6-4BDD-9DE2-64A83CC13884): 3
LogDevObjectVersion:   Dev-LoadTimes (C2A15278-BFE7-4AFE-6C17-90FF531DF755): 1
LogDevObjectVersion:   Private-Geometry (6EACA3D4-40EC-4CC1-B786-8BED09428FC5): 3
LogDevObjectVersion:   Dev-AnimPhys (29E575DD-E0A3-4627-9D10-D276232CDCEA): 17
LogDevObjectVersion:   Dev-Anim (AF43A65D-7FD3-4947-9873-3E8ED9C1BB05): 15
LogDevObjectVersion:   Dev-ReflectionCapture (6B266CEC-1EC7-4B8F-A30B-E4D90942FC07): 1
LogDevObjectVersion:   Dev-Automation (0DF73D61-A23F-47EA-B727-89E90C41499A): 1
LogDevObjectVersion:   FortniteMain (601D1886-AC64-4F84-AA16-D3DE0DEAC7D6): 47
LogDevObjectVersion:   FortniteRelease (E7086368-6B23-4C58-8439-1B7016265E91): 1
LogDevObjectVersion:   Dev-Enterprise (9DFFBCD6-494F-0158-E221-12823C92A888): 10
LogDevObjectVersion:   Dev-Niagara (F2AED0AC-9AFE-416F-8664-AA7FFA26D6FC): 1
LogDevObjectVersion:   Dev-Destruction (174F1F0B-B4C6-45A5-B13F-2EE8D0FB917D): 10
LogDevObjectVersion:   Dev-Physics-Ext (35F94A83-E258-406C-A318-09F59610247C): 41
LogDevObjectVersion:   Dev-PhysicsMaterial-Chaos (B68FC16E-8B1B-42E2-B453-215C058844FE): 1
LogDevObjectVersion:   Dev-CineCamera (B2E18506-4273-CFC2-A54E-F4BB758BBA07): 1
LogDevObjectVersion:   Dev-VirtualProduction (64F58936-FD1B-42BA-BA96-7289D5D0FA4E): 1
LogDevObjectVersion:   Dev-MediaFramework (6F0ED827-A609-4895-9C91-998D90180EA4): 2
LogInit: Presizing for max 25165824 objects, including 0 objects not considered by GC, pre-allocating 0 bytes for permanent pool.
LogConfig: Applying CVar settings from Section [/Script/Engine.StreamingSettings] File [C:/Unreal Projects/Top-Down-Puzzle/TopDownPuzzle/Saved/Config/Windows/Engine.ini]
LogConfig: Setting CVar [[s.MinBulkDataSizeForAsyncLoading:131072]]
LogConfig: Setting CVar [[s.AsyncLoadingThreadEnabled:0]]
LogConfig: Setting CVar [[s.EventDrivenLoaderEnabled:1]]
LogConfig: Setting CVar [[s.WarnIfTimeLimitExceeded:0]]
LogConfig: Setting CVar [[s.TimeLimitExceededMultiplier:1.5]]
LogConfig: Setting CVar [[s.TimeLimitExceededMinTime:0.005]]
LogConfig: Setting CVar [[s.UseBackgroundLevelStreaming:1]]
LogConfig: Setting CVar [[s.PriorityAsyncLoadingExtraTime:15.0]]
LogConfig: Setting CVar [[s.LevelStreamingActorsUpdateTimeLimit:5.0]]
LogConfig: Setting CVar [[s.PriorityLevelStreamingActorsUpdateExtraTime:5.0]]
LogConfig: Setting CVar [[s.LevelStreamingComponentsRegistrationGranularity:10]]
LogConfig: Setting CVar [[s.UnregisterComponentsTimeLimit:1.0]]
LogConfig: Setting CVar [[s.LevelStreamingComponentsUnregistrationGranularity:5]]
LogConfig: Setting CVar [[s.FlushStreamingOnExit:1]]
LogInit: Object subsystem initialized
LogConfig: Setting CVar [[con.DebugEarlyDefault:1]]
LogConfig: Setting CVar [[r.setres:1280x720]]
[2025.04.08-16.55.05:279][  0]LogConfig: Setting CVar [[con.DebugEarlyDefault:1]]
[2025.04.08-16.55.05:279][  0]LogConfig: Setting CVar [[r.setres:1280x720]]
[2025.04.08-16.55.05:280][  0]LogConfig: Applying CVar settings from Section [/Script/Engine.RendererSettings] File [C:/Unreal Projects/Top-Down-Puzzle/TopDownPuzzle/Saved/Config/Windows/Engine.ini]
[2025.04.08-16.55.05:280][  0]LogConfig: Setting CVar [[r.GPUCrashDebugging:0]]
[2025.04.08-16.55.05:280][  0]LogConfig: Setting CVar [[r.Mobile.DisableVertexFog:1]]
[2025.04.08-16.55.05:281][  0]LogConfig: Setting CVar [[r.Shadow.CSM.MaxMobileCascades:2]]
[2025.04.08-16.55.05:281][  0]LogConfig: Setting CVar [[r.MobileMSAA:1]]
[2025.04.08-16.55.05:281][  0]LogConfig: Setting CVar [[r.Mobile.AllowDitheredLODTransition:0]]
[2025.04.08-16.55.05:282][  0]LogConfig: Setting CVar [[r.Mobile.AllowSoftwareOcclusion:0]]
[2025.04.08-16.55.05:282][  0]LogConfig: Setting CVar [[r.Mobile.VirtualTextures:0]]
[2025.04.08-16.55.05:282][  0]LogConfig: Setting CVar [[r.DiscardUnusedQuality:0]]
[2025.04.08-16.55.05:283][  0]LogConfig: Setting CVar [[r.AllowOcclusionQueries:1]]
[2025.04.08-16.55.05:284][  0]LogConfig: Setting CVar [[r.MinScreenRadiusForLights:0.030000]]
[2025.04.08-16.55.05:284][  0]LogConfig: Setting CVar [[r.MinScreenRadiusForDepthPrepass:0.030000]]
[2025.04.08-16.55.05:284][  0]LogConfig: Setting CVar [[r.MinScreenRadiusForCSMDepth:0.010000]]
[2025.04.08-16.55.05:284][  0]LogConfig: Setting CVar [[r.PrecomputedVisibilityWarning:0]]
[2025.04.08-16.55.05:285][  0]LogConfig: Setting CVar [[r.TextureStreaming:1]]
[2025.04.08-16.55.05:285][  0]LogConfig: Setting CVar [[Compat.UseDXT5NormalMaps:0]]
[2025.04.08-16.55.05:285][  0]LogConfig: Setting CVar [[r.VirtualTextures:0]]
[2025.04.08-16.55.05:286][  0]LogConfig: Setting CVar [[r.VT.EnableAutoImport:1]]
[2025.04.08-16.55.05:286][  0]LogConfig: Setting CVar [[r.VirtualTexturedLightmaps:0]]
[2025.04.08-16.55.05:286][  0]LogConfig: Setting CVar [[r.VT.TileSize:128]]
[2025.04.08-16.55.05:286][  0]LogConfig: Setting CVar [[r.VT.TileBorderSize:4]]
[2025.04.08-16.55.05:287][  0]LogConfig: Setting CVar [[r.vt.FeedbackFactor:16]]
[2025.04.08-16.55.05:287][  0]LogConfig: Setting CVar [[r.VT.EnableCompressZlib:1]]
[2025.04.08-16.55.05:287][  0]LogConfig: Setting CVar [[r.VT.EnableCompressCrunch:0]]
[2025.04.08-16.55.05:288][  0]LogConfig: Setting CVar [[r.ClearCoatNormal:0]]
[2025.04.08-16.55.05:288][  0]LogConfig: Setting CVar [[r.ReflectionCaptureResolution:128]]
[2025.04.08-16.55.05:288][  0]LogConfig: Setting CVar [[r.Mobile.ReflectionCaptureCompression:0]]
[2025.04.08-16.55.05:289][  0]LogConfig: Setting CVar [[r.ReflectionEnvironmentLightmapMixBasedOnRoughness:1]]
[2025.04.08-16.55.05:289][  0]LogConfig: Setting CVar [[r.ForwardShading:0]]
[2025.04.08-16.55.05:289][  0]LogConfig: Setting CVar [[r.VertexFoggingForOpaque:1]]
[2025.04.08-16.55.05:290][  0]LogConfig: Setting CVar [[r.AllowStaticLighting:1]]
[2025.04.08-16.55.05:290][  0]LogConfig: Setting CVar [[r.NormalMapsForStaticLighting:0]]
[2025.04.08-16.55.05:290][  0]LogConfig: Setting CVar [[r.GenerateMeshDistanceFields:0]]
[2025.04.08-16.55.05:290][  0]LogConfig: Setting CVar [[r.DistanceFieldBuild.EightBit:0]]
[2025.04.08-16.55.05:291][  0]LogConfig: Setting CVar [[r.GenerateLandscapeGIData:0]]
[2025.04.08-16.55.05:291][  0]LogConfig: Setting CVar [[r.DistanceFieldBuild.Compress:0]]
[2025.04.08-16.55.05:291][  0]LogConfig: Setting CVar [[r.TessellationAdaptivePixelsPerTriangle:48.000000]]
[2025.04.08-16.55.05:291][  0]LogConfig: Setting CVar [[r.SeparateTranslucency:1]]
[2025.04.08-16.55.05:292][  0]LogConfig: Setting CVar [[r.TranslucentSortPolicy:0]]
[2025.04.08-16.55.05:292][  0]LogConfig: Setting CVar [[vr.VRS.HMDFixedFoveationLevel:0]]
[2025.04.08-16.55.05:292][  0]LogConfig: Setting CVar [[r.CustomDepth:1]]
[2025.04.08-16.55.05:292][  0]LogConfig: Setting CVar [[r.CustomDepthTemporalAAJitter:1]]
[2025.04.08-16.55.05:293][  0]LogConfig: Setting CVar [[r.PostProcessing.PropagateAlpha:0]]
[2025.04.08-16.55.05:293][  0]LogConfig: Setting CVar [[r.DefaultFeature.Bloom:1]]
[2025.04.08-16.55.05:293][  0]LogConfig: Setting CVar [[r.DefaultFeature.AmbientOcclusion:1]]
[2025.04.08-16.55.05:294][  0]LogConfig: Setting CVar [[r.DefaultFeature.AmbientOcclusionStaticFraction:1]]
[2025.04.08-16.55.05:294][  0]LogConfig: Setting CVar [[r.DefaultFeature.AutoExposure:0]]
[2025.04.08-16.55.05:294][  0]LogConfig: Setting CVar [[r.DefaultFeature.AutoExposure.Method:0]]
[2025.04.08-16.55.05:294][  0]LogConfig: Setting CVar [[r.DefaultFeature.AutoExposure.Bias:1.000000]]
[2025.04.08-16.55.05:295][  0]LogConfig: Setting CVar [[r.DefaultFeature.AutoExposure.ExtendDefaultLuminanceRange:0]]
[2025.04.08-16.55.05:295][  0]LogConfig: Setting CVar [[r.UsePreExposure:1]]
[2025.04.08-16.55.05:295][  0]LogConfig: Setting CVar [[r.EyeAdaptation.EditorOnly:0]]
[2025.04.08-16.55.05:296][  0]LogConfig: Setting CVar [[r.DefaultFeature.MotionBlur:0]]
[2025.04.08-16.55.05:296][  0]LogConfig: Setting CVar [[r.DefaultFeature.LensFlare:0]]
[2025.04.08-16.55.05:296][  0]LogConfig: Setting CVar [[r.TemporalAA.Upsampling:0]]
[2025.04.08-16.55.05:297][  0]LogConfig: Setting CVar [[r.SSGI.Enable:0]]
[2025.04.08-16.55.05:297][  0]LogConfig: Setting CVar [[r.DefaultFeature.AntiAliasing:0]]
[2025.04.08-16.55.05:297][  0]LogConfig: Setting CVar [[r.DefaultFeature.LightUnits:1]]
[2025.04.08-16.55.05:298][  0]LogConfig: Setting CVar [[r.DefaultBackBufferPixelFormat:4]]
[2025.04.08-16.55.05:298][  0]LogConfig: Setting CVar [[r.Shadow.UnbuiltPreviewInGame:1]]
[2025.04.08-16.55.05:298][  0]LogConfig: Setting CVar [[r.StencilForLODDither:0]]
[2025.04.08-16.55.05:299][  0]LogConfig: Setting CVar [[r.EarlyZPass:3]]
[2025.04.08-16.55.05:299][  0]LogConfig: Setting CVar [[r.EarlyZPassOnlyMaterialMasking:0]]
[2025.04.08-16.55.05:299][  0]LogConfig: Setting CVar [[r.DBuffer:1]]
[2025.04.08-16.55.05:300][  0]LogConfig: Setting CVar [[r.ClearSceneMethod:1]]
[2025.04.08-16.55.05:300][  0]LogConfig: Setting CVar [[r.BasePassOutputsVelocity:0]]
[2025.04.08-16.55.05:300][  0]LogConfig: Setting CVar [[r.VertexDeformationOutputsVelocity:0]]
[2025.04.08-16.55.05:300][  0]LogConfig: Setting CVar [[r.SelectiveBasePassOutputs:0]]
[2025.04.08-16.55.05:301][  0]LogConfig: Setting CVar [[fx.GPUSimulationTextureSizeX:1024]]
[2025.04.08-16.55.05:301][  0]LogConfig: Setting CVar [[fx.GPUSimulationTextureSizeY:1024]]
[2025.04.08-16.55.05:301][  0]LogConfig: Setting CVar [[r.AllowGlobalClipPlane:0]]
[2025.04.08-16.55.05:302][  0]LogConfig: Setting CVar [[r.GBufferFormat:1]]
[2025.04.08-16.55.05:302][  0]LogConfig: Setting CVar [[r.MorphTarget.Mode:1]]
[2025.04.08-16.55.05:302][  0]LogConfig: Setting CVar [[vr.InstancedStereo:0]]
[2025.04.08-16.55.05:303][  0]LogConfig: Setting CVar [[r.MobileHDR:1]]
[2025.04.08-16.55.05:303][  0]LogConfig: Setting CVar [[vr.MobileMultiView:0]]
[2025.04.08-16.55.05:304][  0]LogConfig: Setting CVar [[r.Mobile.UseHWsRGBEncoding:0]]
[2025.04.08-16.55.05:304][  0]LogConfig: Setting CVar [[vr.RoundRobinOcclusion:0]]
[2025.04.08-16.55.05:304][  0]LogConfig: Setting CVar [[vr.ODSCapture:0]]
[2025.04.08-16.55.05:305][  0]LogConfig: Setting CVar [[r.MeshStreaming:0]]
[2025.04.08-16.55.05:305][  0]LogConfig: Setting CVar [[r.WireframeCullThreshold:5.000000]]
[2025.04.08-16.55.05:305][  0]LogConfig: Setting CVar [[r.RayTracing:0]]
[2025.04.08-16.55.05:305][  0]LogConfig: Setting CVar [[r.RayTracing.UseTextureLod:0]]
[2025.04.08-16.55.05:306][  0]LogConfig: Setting CVar [[r.SupportStationarySkylight:1]]
[2025.04.08-16.55.05:306][  0]LogConfig: Setting CVar [[r.SupportLowQualityLightmaps:1]]
[2025.04.08-16.55.05:306][  0]LogConfig: Setting CVar [[r.SupportPointLightWholeSceneShadows:1]]
[2025.04.08-16.55.05:307][  0]LogConfig: Setting CVar [[r.SupportAtmosphericFog:1]]
[2025.04.08-16.55.05:307][  0]LogConfig: Setting CVar [[r.SupportSkyAtmosphere:1]]
[2025.04.08-16.55.05:307][  0]LogConfig: Setting CVar [[r.SupportSkyAtmosphereAffectsHeightFog:0]]
[2025.04.08-16.55.05:308][  0]LogConfig: Setting CVar [[r.SkinCache.CompileShaders:0]]
[2025.04.08-16.55.05:308][  0]LogConfig: Setting CVar [[r.SkinCache.DefaultBehavior:1]]
[2025.04.08-16.55.05:309][  0]LogConfig: Setting CVar [[r.SkinCache.SceneMemoryLimitInMB:128.000000]]
[2025.04.08-16.55.05:309][  0]LogConfig: Setting CVar [[r.Mobile.EnableStaticAndCSMShadowReceivers:1]]
[2025.04.08-16.55.05:309][  0]LogConfig: Setting CVar [[r.Mobile.EnableMovableLightCSMShaderCulling:1]]
[2025.04.08-16.55.05:310][  0]LogConfig: Setting CVar [[r.Mobile.AllowDistanceFieldShadows:1]]
[2025.04.08-16.55.05:310][  0]LogConfig: Setting CVar [[r.Mobile.AllowMovableDirectionalLights:1]]
[2025.04.08-16.55.05:310][  0]LogConfig: Setting CVar [[r.MobileNumDynamicPointLights:4]]
[2025.04.08-16.55.05:310][  0]LogConfig: Setting CVar [[r.MobileDynamicPointLightsUseStaticBranch:1]]
[2025.04.08-16.55.05:311][  0]LogConfig: Setting CVar [[r.Mobile.EnableMovableSpotlights:0]]
[2025.04.08-16.55.05:311][  0]LogConfig: Setting CVar [[r.Mobile.EnableMovableSpotlightsShadow:0]]
[2025.04.08-16.55.05:311][  0]LogConfig: Setting CVar [[r.GPUSkin.Support16BitBoneIndex:0]]
[2025.04.08-16.55.05:312][  0]LogConfig: Setting CVar [[r.GPUSkin.Limit2BoneInfluences:0]]
[2025.04.08-16.55.05:312][  0]LogConfig: Setting CVar [[r.SupportDepthOnlyIndexBuffers:1]]
[2025.04.08-16.55.05:312][  0]LogConfig: Setting CVar [[r.SupportReversedIndexBuffers:1]]
[2025.04.08-16.55.05:313][  0]LogConfig: Setting CVar [[r.LightPropagationVolume:0]]
[2025.04.08-16.55.05:313][  0]LogConfig: Setting CVar [[r.Mobile.AmbientOcclusion:0]]
[2025.04.08-16.55.05:314][  0]LogConfig: Setting CVar [[r.GPUSkin.UnlimitedBoneInfluences:0]]
[2025.04.08-16.55.05:314][  0]LogConfig: Setting CVar [[r.GPUSkin.UnlimitedBoneInfluencesThreshold:8]]
[2025.04.08-16.55.05:314][  0]LogConfig: Setting CVar [[r.Mobile.PlanarReflectionMode:0]]
[2025.04.08-16.55.05:314][  0]LogConfig: Setting CVar [[r.Mobile.SupportsGen4TAA:0]]
[2025.04.08-16.55.05:315][  0]LogConfig: Applying CVar settings from Section [/Script/Engine.RendererOverrideSettings] File [C:/Unreal Projects/Top-Down-Puzzle/TopDownPuzzle/Saved/Config/Windows/Engine.ini]
[2025.04.08-16.55.05:315][  0]LogConfig: Applying CVar settings from Section [/Script/Engine.StreamingSettings] File [C:/Unreal Projects/Top-Down-Puzzle/TopDownPuzzle/Saved/Config/Windows/Engine.ini]
[2025.04.08-16.55.05:315][  0]LogConfig: Setting CVar [[s.MinBulkDataSizeForAsyncLoading:131072]]
[2025.04.08-16.55.05:316][  0]LogConfig: Setting CVar [[s.AsyncLoadingThreadEnabled:0]]
[2025.04.08-16.55.05:316][  0]LogConfig: Setting CVar [[s.EventDrivenLoaderEnabled:1]]
[2025.04.08-16.55.05:316][  0]LogConfig: Setting CVar [[s.WarnIfTimeLimitExceeded:0]]
[2025.04.08-16.55.05:316][  0]LogConfig: Setting CVar [[s.TimeLimitExceededMultiplier:1.5]]
[2025.04.08-16.55.05:317][  0]LogConfig: Setting CVar [[s.TimeLimitExceededMinTime:0.005]]
[2025.04.08-16.55.05:317][  0]LogConfig: Setting CVar [[s.UseBackgroundLevelStreaming:1]]
[2025.04.08-16.55.05:317][  0]LogConfig: Setting CVar [[s.PriorityAsyncLoadingExtraTime:15.0]]
[2025.04.08-16.55.05:318][  0]LogConfig: Setting CVar [[s.LevelStreamingActorsUpdateTimeLimit:5.0]]
[2025.04.08-16.55.05:318][  0]LogConfig: Setting CVar [[s.PriorityLevelStreamingActorsUpdateExtraTime:5.0]]
[2025.04.08-16.55.05:318][  0]LogConfig: Setting CVar [[s.LevelStreamingComponentsRegistrationGranularity:10]]
[2025.04.08-16.55.05:319][  0]LogConfig: Setting CVar [[s.UnregisterComponentsTimeLimit:1.0]]
[2025.04.08-16.55.05:319][  0]LogConfig: Setting CVar [[s.LevelStreamingComponentsUnregistrationGranularity:5]]
[2025.04.08-16.55.05:319][  0]LogConfig: Setting CVar [[s.FlushStreamingOnExit:1]]
[2025.04.08-16.55.05:320][  0]LogConfig: Applying CVar settings from Section [/Script/Engine.GarbageCollectionSettings] File [C:/Unreal Projects/Top-Down-Puzzle/TopDownPuzzle/Saved/Config/Windows/Engine.ini]
[2025.04.08-16.55.05:320][  0]LogConfig: Setting CVar [[gc.MaxObjectsNotConsideredByGC:1]]
[2025.04.08-16.55.05:320][  0]LogConfig: Setting CVar [[gc.SizeOfPermanentObjectPool:0]]
[2025.04.08-16.55.05:321][  0]LogConfig: Setting CVar [[gc.FlushStreamingOnGC:0]]
[2025.04.08-16.55.05:321][  0]LogConfig: Setting CVar [[gc.NumRetriesBeforeForcingGC:10]]
[2025.04.08-16.55.05:321][  0]LogConfig: Setting CVar [[gc.AllowParallelGC:1]]
[2025.04.08-16.55.05:322][  0]LogConfig: Setting CVar [[gc.TimeBetweenPurgingPendingKillObjects:61.1]]
[2025.04.08-16.55.05:322][  0]LogConfig: Setting CVar [[gc.MaxObjectsInEditor:25165824]]
[2025.04.08-16.55.05:322][  0]LogConfig: Setting CVar [[gc.IncrementalBeginDestroyEnabled:1]]
[2025.04.08-16.55.05:322][  0]LogConfig: Setting CVar [[gc.CreateGCClusters:1]]
[2025.04.08-16.55.05:323][  0]LogConfig: Setting CVar [[gc.MinGCClusterSize:5]]
[2025.04.08-16.55.05:323][  0]LogConfig: Setting CVar [[gc.ActorClusteringEnabled:0]]
[2025.04.08-16.55.05:324][  0]LogConfig: Setting CVar [[gc.BlueprintClusteringEnabled:0]]
[2025.04.08-16.55.05:324][  0]LogConfig: Setting CVar [[gc.UseDisregardForGCOnDedicatedServers:0]]
[2025.04.08-16.55.05:324][  0]LogConfig: Setting CVar [[gc.MultithreadedDestructionEnabled:1]]
[2025.04.08-16.55.05:325][  0]LogConfig: Applying CVar settings from Section [/Script/Engine.NetworkSettings] File [C:/Unreal Projects/Top-Down-Puzzle/TopDownPuzzle/Saved/Config/Windows/Engine.ini]
[2025.04.08-16.55.05:325][  0]LogConfig: Applying CVar settings from Section [/Script/UnrealEd.CookerSettings] File [C:/Unreal Projects/Top-Down-Puzzle/TopDownPuzzle/Saved/Config/Windows/Engine.ini]
[2025.04.08-16.55.05:326][  0]LogConfig: Applying CVar settings from Section [ViewDistanceQuality@3] File [C:/Unreal Projects/Top-Down-Puzzle/TopDownPuzzle/Saved/Config/Windows/Scalability.ini]
[2025.04.08-16.55.05:326][  0]LogConfig: Setting CVar [[r.SkeletalMeshLODBias:0]]
[2025.04.08-16.55.05:326][  0]LogConfig: Setting CVar [[r.ViewDistanceScale:1.0]]
[2025.04.08-16.55.05:327][  0]LogConfig: Applying CVar settings from Section [AntiAliasingQuality@3] File [C:/Unreal Projects/Top-Down-Puzzle/TopDownPuzzle/Saved/Config/Windows/Scalability.ini]
[2025.04.08-16.55.05:327][  0]LogConfig: Setting CVar [[r.PostProcessAAQuality:4]]
[2025.04.08-16.55.05:328][  0]LogConfig: Applying CVar settings from Section [ShadowQuality@3] File [C:/Unreal Projects/Top-Down-Puzzle/TopDownPuzzle/Saved/Config/Windows/Scalability.ini]
[2025.04.08-16.55.05:328][  0]LogConfig: Setting CVar [[r.LightFunctionQuality:1]]
[2025.04.08-16.55.05:328][  0]LogConfig: Setting CVar [[r.ShadowQuality:5]]
[2025.04.08-16.55.05:329][  0]LogConfig: Setting CVar [[r.Shadow.CSM.MaxCascades:10]]
[2025.04.08-16.55.05:329][  0]LogConfig: Setting CVar [[r.Shadow.MaxResolution:2048]]
[2025.04.08-16.55.05:329][  0]LogConfig: Setting CVar [[r.Shadow.MaxCSMResolution:2048]]
[2025.04.08-16.55.05:329][  0]LogConfig: Setting CVar [[r.Shadow.RadiusThreshold:0.01]]
[2025.04.08-16.55.05:330][  0]LogConfig: Setting CVar [[r.Shadow.DistanceScale:1.0]]
[2025.04.08-16.55.05:330][  0]LogConfig: Setting CVar [[r.Shadow.CSM.TransitionScale:1.0]]
[2025.04.08-16.55.05:330][  0]LogConfig: Setting CVar [[r.Shadow.PreShadowResolutionFactor:1.0]]
[2025.04.08-16.55.05:331][  0]LogConfig: Setting CVar [[r.DistanceFieldShadowing:1]]
[2025.04.08-16.55.05:331][  0]LogConfig: Setting CVar [[r.DistanceFieldAO:1]]
[2025.04.08-16.55.05:331][  0]LogConfig: Setting CVar [[r.AOQuality:2]]
[2025.04.08-16.55.05:331][  0]LogConfig: Setting CVar [[r.VolumetricFog:1]]
[2025.04.08-16.55.05:332][  0]LogConfig: Setting CVar [[r.VolumetricFog.GridPixelSize:8]]
[2025.04.08-16.55.05:332][  0]LogConfig: Setting CVar [[r.VolumetricFog.GridSizeZ:128]]
[2025.04.08-16.55.05:332][  0]LogConfig: Setting CVar [[r.VolumetricFog.HistoryMissSupersampleCount:4]]
[2025.04.08-16.55.05:333][  0]LogConfig: Setting CVar [[r.LightMaxDrawDistanceScale:1]]
[2025.04.08-16.55.05:333][  0]LogConfig: Setting CVar [[r.CapsuleShadows:1]]
[2025.04.08-16.55.05:333][  0]LogConfig: Applying CVar settings from Section [PostProcessQuality@3] File [C:/Unreal Projects/Top-Down-Puzzle/TopDownPuzzle/Saved/Config/Windows/Scalability.ini]
[2025.04.08-16.55.05:333][  0]LogConfig: Setting CVar [[r.MotionBlurQuality:4]]
[2025.04.08-16.55.05:334][  0]LogConfig: Setting CVar [[r.AmbientOcclusionMipLevelFactor:0.4]]
[2025.04.08-16.55.05:334][  0]LogConfig: Setting CVar [[r.AmbientOcclusionMaxQuality:100]]
[2025.04.08-16.55.05:334][  0]LogConfig: Setting CVar [[r.AmbientOcclusionLevels:-1]]
[2025.04.08-16.55.05:335][  0]LogConfig: Setting CVar [[r.AmbientOcclusionRadiusScale:1.0]]
[2025.04.08-16.55.05:335][  0]LogConfig: Setting CVar [[r.DepthOfFieldQuality:2]]
[2025.04.08-16.55.05:335][  0]LogConfig: Setting CVar [[r.RenderTargetPoolMin:400]]
[2025.04.08-16.55.05:336][  0]LogConfig: Setting CVar [[r.LensFlareQuality:2]]
[2025.04.08-16.55.05:336][  0]LogConfig: Setting CVar [[r.SceneColorFringeQuality:1]]
[2025.04.08-16.55.05:336][  0]LogConfig: Setting CVar [[r.EyeAdaptationQuality:2]]
[2025.04.08-16.55.05:336][  0]LogConfig: Setting CVar [[r.BloomQuality:5]]
[2025.04.08-16.55.05:337][  0]LogConfig: Setting CVar [[r.FastBlurThreshold:100]]
[2025.04.08-16.55.05:337][  0]LogConfig: Setting CVar [[r.Upscale.Quality:3]]
[2025.04.08-16.55.05:337][  0]LogConfig: Setting CVar [[r.Tonemapper.GrainQuantization:1]]
[2025.04.08-16.55.05:338][  0]LogConfig: Setting CVar [[r.LightShaftQuality:1]]
[2025.04.08-16.55.05:338][  0]LogConfig: Setting CVar [[r.Filter.SizeScale:1]]
[2025.04.08-16.55.05:338][  0]LogConfig: Setting CVar [[r.Tonemapper.Quality:5]]
[2025.04.08-16.55.05:338][  0]LogConfig: Setting CVar [[r.DOF.Gather.AccumulatorQuality:1        ; higher gathering accumulator quality]]
[2025.04.08-16.55.05:339][  0]LogConfig: Setting CVar [[r.DOF.Gather.PostfilterMethod:1          ; Median3x3 postfilering method]]
[2025.04.08-16.55.05:340][  0]LogConfig: Setting CVar [[r.DOF.Gather.EnableBokehSettings:0       ; no bokeh simulation when gathering]]
[2025.04.08-16.55.05:340][  0]LogConfig: Setting CVar [[r.DOF.Gather.RingCount:4                 ; medium number of samples when gathering]]
[2025.04.08-16.55.05:341][  0]LogConfig: Setting CVar [[r.DOF.Scatter.ForegroundCompositing:1    ; additive foreground scattering]]
[2025.04.08-16.55.05:341][  0]LogConfig: Setting CVar [[r.DOF.Scatter.BackgroundCompositing:2    ; additive background scattering]]
[2025.04.08-16.55.05:342][  0]LogConfig: Setting CVar [[r.DOF.Scatter.EnableBokehSettings:1      ; bokeh simulation when scattering]]
[2025.04.08-16.55.05:342][  0]LogConfig: Setting CVar [[r.DOF.Scatter.MaxSpriteRatio:0.1         ; only a maximum of 10% of scattered bokeh]]
[2025.04.08-16.55.05:343][  0]LogConfig: Setting CVar [[r.DOF.Recombine.Quality:1                ; cheap slight out of focus]]
[2025.04.08-16.55.05:343][  0]LogConfig: Setting CVar [[r.DOF.Recombine.EnableBokehSettings:0    ; no bokeh simulation on slight out of focus]]
[2025.04.08-16.55.05:343][  0]LogConfig: Setting CVar [[r.DOF.TemporalAAQuality:1                ; more stable temporal accumulation]]
[2025.04.08-16.55.05:343][  0]LogConfig: Setting CVar [[r.DOF.Kernel.MaxForegroundRadius:0.025]]
[2025.04.08-16.55.05:345][  0]LogConfig: Setting CVar [[r.DOF.Kernel.MaxBackgroundRadius:0.025]]
[2025.04.08-16.55.05:345][  0]LogConfig: Applying CVar settings from Section [TextureQuality@3] File [C:/Unreal Projects/Top-Down-Puzzle/TopDownPuzzle/Saved/Config/Windows/Scalability.ini]
[2025.04.08-16.55.05:345][  0]LogConfig: Setting CVar [[r.Streaming.MipBias:0]]
[2025.04.08-16.55.05:346][  0]LogConfig: Setting CVar [[r.Streaming.AmortizeCPUToGPUCopy:0]]
[2025.04.08-16.55.05:346][  0]LogConfig: Setting CVar [[r.Streaming.MaxNumTexturesToStreamPerFrame:0]]
[2025.04.08-16.55.05:346][  0]LogConfig: Setting CVar [[r.Streaming.Boost:1]]
[2025.04.08-16.55.05:346][  0]LogConfig: Setting CVar [[r.MaxAnisotropy:8]]
[2025.04.08-16.55.05:347][  0]LogConfig: Setting CVar [[r.VT.MaxAnisotropy:8]]
[2025.04.08-16.55.05:347][  0]LogConfig: Setting CVar [[r.Streaming.LimitPoolSizeToVRAM:0]]
[2025.04.08-16.55.05:347][  0]LogConfig: Setting CVar [[r.Streaming.PoolSize:1000]]
[2025.04.08-16.55.05:348][  0]LogConfig: Setting CVar [[r.Streaming.MaxEffectiveScreenSize:0]]
[2025.04.08-16.55.05:348][  0]LogConfig: Applying CVar settings from Section [EffectsQuality@3] File [C:/Unreal Projects/Top-Down-Puzzle/TopDownPuzzle/Saved/Config/Windows/Scalability.ini]
[2025.04.08-16.55.05:348][  0]LogConfig: Setting CVar [[r.TranslucencyLightingVolumeDim:64]]
[2025.04.08-16.55.05:349][  0]LogConfig: Setting CVar [[r.RefractionQuality:2]]
[2025.04.08-16.55.05:349][  0]LogConfig: Setting CVar [[r.SSR.Quality:3]]
[2025.04.08-16.55.05:349][  0]LogConfig: Setting CVar [[r.SSR.HalfResSceneColor:0]]
[2025.04.08-16.55.05:350][  0]LogConfig: Setting CVar [[r.SceneColorFormat:4]]
[2025.04.08-16.55.05:350][  0]LogConfig: Setting CVar [[r.DetailMode:2]]
[2025.04.08-16.55.05:350][  0]LogConfig: Setting CVar [[r.TranslucencyVolumeBlur:1]]
[2025.04.08-16.55.05:350][  0]LogConfig: Setting CVar [[r.MaterialQualityLevel:1 ; High quality]]
[2025.04.08-16.55.05:351][  0]LogConfig: Setting CVar [[r.AnisotropicMaterials:1]]
[2025.04.08-16.55.05:351][  0]LogConfig: Setting CVar [[r.SSS.Scale:1]]
[2025.04.08-16.55.05:351][  0]LogConfig: Setting CVar [[r.SSS.SampleSet:2]]
[2025.04.08-16.55.05:351][  0]LogConfig: Setting CVar [[r.SSS.Quality:1]]
[2025.04.08-16.55.05:352][  0]LogConfig: Setting CVar [[r.SSS.HalfRes:0]]
[2025.04.08-16.55.05:352][  0]LogConfig: Setting CVar [[r.SSGI.Quality:3]]
[2025.04.08-16.55.05:352][  0]LogConfig: Setting CVar [[r.EmitterSpawnRateScale:1.0]]
[2025.04.08-16.55.05:352][  0]LogConfig: Setting CVar [[r.ParticleLightQuality:2]]
[2025.04.08-16.55.05:352][  0]LogConfig: Setting CVar [[r.SkyAtmosphere.AerialPerspectiveLUT.FastApplyOnOpaque:1 ; Always have FastSkyLUT 1 in this case to avoid wrong sky]]
[2025.04.08-16.55.05:353][  0]LogConfig: Setting CVar [[r.SkyAtmosphere.AerialPerspectiveLUT.SampleCountMaxPerSlice:4]]
[2025.04.08-16.55.05:353][  0]LogConfig: Setting CVar [[r.SkyAtmosphere.AerialPerspectiveLUT.DepthResolution:16.0]]
[2025.04.08-16.55.05:353][  0]LogConfig: Setting CVar [[r.SkyAtmosphere.FastSkyLUT:1]]
[2025.04.08-16.55.05:353][  0]LogConfig: Setting CVar [[r.SkyAtmosphere.FastSkyLUT.SampleCountMin:4.0]]
[2025.04.08-16.55.05:354][  0]LogConfig: Setting CVar [[r.SkyAtmosphere.FastSkyLUT.SampleCountMax:128.0]]
[2025.04.08-16.55.05:354][  0]LogConfig: Setting CVar [[r.SkyAtmosphere.SampleCountMin:4.0]]
[2025.04.08-16.55.05:354][  0]LogConfig: Setting CVar [[r.SkyAtmosphere.SampleCountMax:128.0]]
[2025.04.08-16.55.05:355][  0]LogConfig: Setting CVar [[r.SkyAtmosphere.TransmittanceLUT.UseSmallFormat:0]]
[2025.04.08-16.55.05:355][  0]LogConfig: Setting CVar [[r.SkyAtmosphere.TransmittanceLUT.SampleCount:10.0]]
[2025.04.08-16.55.05:356][  0]LogConfig: Setting CVar [[r.SkyAtmosphere.MultiScatteringLUT.SampleCount:15.0]]
[2025.04.08-16.55.05:356][  0]LogConfig: Setting CVar [[r.SkyLight.RealTimeReflectionCapture:1]]
[2025.04.08-16.55.05:356][  0]LogConfig: Applying CVar settings from Section [FoliageQuality@3] File [C:/Unreal Projects/Top-Down-Puzzle/TopDownPuzzle/Saved/Config/Windows/Scalability.ini]
[2025.04.08-16.55.05:356][  0]LogConfig: Setting CVar [[foliage.DensityScale:1.0]]
[2025.04.08-16.55.05:357][  0]LogConfig: Setting CVar [[grass.DensityScale:1.0]]
[2025.04.08-16.55.05:357][  0]LogConfig: Applying CVar settings from Section [ShadingQuality@3] File [C:/Unreal Projects/Top-Down-Puzzle/TopDownPuzzle/Saved/Config/Windows/Scalability.ini]
[2025.04.08-16.55.05:357][  0]LogConfig: Setting CVar [[r.HairStrands.SkyLighting.IntegrationType:2]]
[2025.04.08-16.55.05:357][  0]LogConfig: Setting CVar [[r.HairStrands.SkyAO.SampleCount:4]]
[2025.04.08-16.55.05:358][  0]LogConfig: Setting CVar [[r.HairStrands.Visibility.MSAA.SamplePerPixel:4]]
[2025.04.08-16.55.05:362][  0]LogInit: Selected Device Profile: [Windows]
[2025.04.08-16.55.05:363][  0]LogInit: Applying CVar settings loaded from the selected device profile: [Windows]
[2025.04.08-16.55.05:364][  0]LogHAL: Display: Platform has ~ 16 GB [17013329920 / 17179869184 / 16], which maps to Larger [LargestMinGB=32, LargerMinGB=12, DefaultMinGB=8, SmallerMinGB=6, SmallestMinGB=0)
[2025.04.08-16.55.05:364][  0]LogInit: Going up to parent DeviceProfile []
[2025.04.08-16.55.05:364][  0]LogConfig: Applying CVar settings from Section [ViewDistanceQuality@3] File [C:/Unreal Projects/Top-Down-Puzzle/TopDownPuzzle/Saved/Config/Windows/Scalability.ini]
[2025.04.08-16.55.05:365][  0]LogConfig: Setting CVar [[r.SkeletalMeshLODBias:0]]
[2025.04.08-16.55.05:365][  0]LogConfig: Setting CVar [[r.ViewDistanceScale:1.0]]
[2025.04.08-16.55.05:365][  0]LogConfig: Applying CVar settings from Section [AntiAliasingQuality@3] File [C:/Unreal Projects/Top-Down-Puzzle/TopDownPuzzle/Saved/Config/Windows/Scalability.ini]
[2025.04.08-16.55.05:365][  0]LogConfig: Setting CVar [[r.PostProcessAAQuality:4]]
[2025.04.08-16.55.05:366][  0]LogConfig: Applying CVar settings from Section [ShadowQuality@3] File [C:/Unreal Projects/Top-Down-Puzzle/TopDownPuzzle/Saved/Config/Windows/Scalability.ini]
[2025.04.08-16.55.05:366][  0]LogConfig: Setting CVar [[r.LightFunctionQuality:1]]
[2025.04.08-16.55.05:366][  0]LogConfig: Setting CVar [[r.ShadowQuality:5]]
[2025.04.08-16.55.05:367][  0]LogConfig: Setting CVar [[r.Shadow.CSM.MaxCascades:10]]
[2025.04.08-16.55.05:367][  0]LogConfig: Setting CVar [[r.Shadow.MaxResolution:2048]]
[2025.04.08-16.55.05:367][  0]LogConfig: Setting CVar [[r.Shadow.MaxCSMResolution:2048]]
[2025.04.08-16.55.05:368][  0]LogConfig: Setting CVar [[r.Shadow.RadiusThreshold:0.01]]
[2025.04.08-16.55.05:368][  0]LogConfig: Setting CVar [[r.Shadow.DistanceScale:1.0]]
[2025.04.08-16.55.05:368][  0]LogConfig: Setting CVar [[r.Shadow.CSM.TransitionScale:1.0]]
[2025.04.08-16.55.05:368][  0]LogConfig: Setting CVar [[r.Shadow.PreShadowResolutionFactor:1.0]]
[2025.04.08-16.55.05:369][  0]LogConfig: Setting CVar [[r.DistanceFieldShadowing:1]]
[2025.04.08-16.55.05:369][  0]LogConfig: Setting CVar [[r.DistanceFieldAO:1]]
[2025.04.08-16.55.05:369][  0]LogConfig: Setting CVar [[r.AOQuality:2]]
[2025.04.08-16.55.05:370][  0]LogConfig: Setting CVar [[r.VolumetricFog:1]]
[2025.04.08-16.55.05:370][  0]LogConfig: Setting CVar [[r.VolumetricFog.GridPixelSize:8]]
[2025.04.08-16.55.05:370][  0]LogConfig: Setting CVar [[r.VolumetricFog.GridSizeZ:128]]
[2025.04.08-16.55.05:370][  0]LogConfig: Setting CVar [[r.VolumetricFog.HistoryMissSupersampleCount:4]]
[2025.04.08-16.55.05:371][  0]LogConfig: Setting CVar [[r.LightMaxDrawDistanceScale:1]]
[2025.04.08-16.55.05:371][  0]LogConfig: Setting CVar [[r.CapsuleShadows:1]]
[2025.04.08-16.55.05:372][  0]LogConfig: Applying CVar settings from Section [PostProcessQuality@3] File [C:/Unreal Projects/Top-Down-Puzzle/TopDownPuzzle/Saved/Config/Windows/Scalability.ini]
[2025.04.08-16.55.05:372][  0]LogConfig: Setting CVar [[r.MotionBlurQuality:4]]
[2025.04.08-16.55.05:372][  0]LogConfig: Setting CVar [[r.AmbientOcclusionMipLevelFactor:0.4]]
[2025.04.08-16.55.05:372][  0]LogConfig: Setting CVar [[r.AmbientOcclusionMaxQuality:100]]
[2025.04.08-16.55.05:372][  0]LogConfig: Setting CVar [[r.AmbientOcclusionLevels:-1]]
[2025.04.08-16.55.05:372][  0]LogConfig: Setting CVar [[r.AmbientOcclusionRadiusScale:1.0]]
[2025.04.08-16.55.05:373][  0]LogConfig: Setting CVar [[r.DepthOfFieldQuality:2]]
[2025.04.08-16.55.05:373][  0]LogConfig: Setting CVar [[r.RenderTargetPoolMin:400]]
[2025.04.08-16.55.05:373][  0]LogConfig: Setting CVar [[r.LensFlareQuality:2]]
[2025.04.08-16.55.05:373][  0]LogConfig: Setting CVar [[r.SceneColorFringeQuality:1]]
[2025.04.08-16.55.05:374][  0]LogConfig: Setting CVar [[r.EyeAdaptationQuality:2]]
[2025.04.08-16.55.05:374][  0]LogConfig: Setting CVar [[r.BloomQuality:5]]
[2025.04.08-16.55.05:375][  0]LogConfig: Setting CVar [[r.FastBlurThreshold:100]]
[2025.04.08-16.55.05:375][  0]LogConfig: Setting CVar [[r.Upscale.Quality:3]]
[2025.04.08-16.55.05:375][  0]LogConfig: Setting CVar [[r.Tonemapper.GrainQuantization:1]]
[2025.04.08-16.55.05:376][  0]LogConfig: Setting CVar [[r.LightShaftQuality:1]]
[2025.04.08-16.55.05:376][  0]LogConfig: Setting CVar [[r.Filter.SizeScale:1]]
[2025.04.08-16.55.05:376][  0]LogConfig: Setting CVar [[r.Tonemapper.Quality:5]]
[2025.04.08-16.55.05:377][  0]LogConfig: Setting CVar [[r.DOF.Gather.AccumulatorQuality:1        ; higher gathering accumulator quality]]
[2025.04.08-16.55.05:377][  0]LogConfig: Setting CVar [[r.DOF.Gather.PostfilterMethod:1          ; Median3x3 postfilering method]]
[2025.04.08-16.55.05:378][  0]LogConfig: Setting CVar [[r.DOF.Gather.EnableBokehSettings:0       ; no bokeh simulation when gathering]]
[2025.04.08-16.55.05:378][  0]LogConfig: Setting CVar [[r.DOF.Gather.RingCount:4                 ; medium number of samples when gathering]]
[2025.04.08-16.55.05:378][  0]LogConfig: Setting CVar [[r.DOF.Scatter.ForegroundCompositing:1    ; additive foreground scattering]]
[2025.04.08-16.55.05:379][  0]LogConfig: Setting CVar [[r.DOF.Scatter.BackgroundCompositing:2    ; additive background scattering]]
[2025.04.08-16.55.05:379][  0]LogConfig: Setting CVar [[r.DOF.Scatter.EnableBokehSettings:1      ; bokeh simulation when scattering]]
[2025.04.08-16.55.05:380][  0]LogConfig: Setting CVar [[r.DOF.Scatter.MaxSpriteRatio:0.1         ; only a maximum of 10% of scattered bokeh]]
[2025.04.08-16.55.05:380][  0]LogConfig: Setting CVar [[r.DOF.Recombine.Quality:1                ; cheap slight out of focus]]
[2025.04.08-16.55.05:381][  0]LogConfig: Setting CVar [[r.DOF.Recombine.EnableBokehSettings:0    ; no bokeh simulation on slight out of focus]]
[2025.04.08-16.55.05:381][  0]LogConfig: Setting CVar [[r.DOF.TemporalAAQuality:1                ; more stable temporal accumulation]]
[2025.04.08-16.55.05:381][  0]LogConfig: Setting CVar [[r.DOF.Kernel.MaxForegroundRadius:0.025]]
[2025.04.08-16.55.05:382][  0]LogConfig: Setting CVar [[r.DOF.Kernel.MaxBackgroundRadius:0.025]]
[2025.04.08-16.55.05:382][  0]LogConfig: Applying CVar settings from Section [TextureQuality@3] File [C:/Unreal Projects/Top-Down-Puzzle/TopDownPuzzle/Saved/Config/Windows/Scalability.ini]
[2025.04.08-16.55.05:383][  0]LogConfig: Setting CVar [[r.Streaming.MipBias:0]]
[2025.04.08-16.55.05:383][  0]LogConfig: Setting CVar [[r.Streaming.AmortizeCPUToGPUCopy:0]]
[2025.04.08-16.55.05:383][  0]LogConfig: Setting CVar [[r.Streaming.MaxNumTexturesToStreamPerFrame:0]]
[2025.04.08-16.55.05:383][  0]LogConfig: Setting CVar [[r.Streaming.Boost:1]]
[2025.04.08-16.55.05:385][  0]LogConfig: Setting CVar [[r.MaxAnisotropy:8]]
[2025.04.08-16.55.05:385][  0]LogConfig: Setting CVar [[r.VT.MaxAnisotropy:8]]
[2025.04.08-16.55.05:385][  0]LogConfig: Setting CVar [[r.Streaming.LimitPoolSizeToVRAM:0]]
[2025.04.08-16.55.05:385][  0]LogConfig: Setting CVar [[r.Streaming.PoolSize:1000]]
[2025.04.08-16.55.05:386][  0]LogConfig: Setting CVar [[r.Streaming.MaxEffectiveScreenSize:0]]
[2025.04.08-16.55.05:386][  0]LogConfig: Applying CVar settings from Section [EffectsQuality@3] File [C:/Unreal Projects/Top-Down-Puzzle/TopDownPuzzle/Saved/Config/Windows/Scalability.ini]
[2025.04.08-16.55.05:387][  0]LogConfig: Setting CVar [[r.TranslucencyLightingVolumeDim:64]]
[2025.04.08-16.55.05:387][  0]LogConfig: Setting CVar [[r.RefractionQuality:2]]
[2025.04.08-16.55.05:388][  0]LogConfig: Setting CVar [[r.SSR.Quality:3]]
[2025.04.08-16.55.05:388][  0]LogConfig: Setting CVar [[r.SSR.HalfResSceneColor:0]]
[2025.04.08-16.55.05:389][  0]LogConfig: Setting CVar [[r.SceneColorFormat:4]]
[2025.04.08-16.55.05:389][  0]LogConfig: Setting CVar [[r.DetailMode:2]]
[2025.04.08-16.55.05:389][  0]LogConfig: Setting CVar [[r.TranslucencyVolumeBlur:1]]
[2025.04.08-16.55.05:389][  0]LogConfig: Setting CVar [[r.MaterialQualityLevel:1 ; High quality]]
[2025.04.08-16.55.05:390][  0]LogConfig: Setting CVar [[r.AnisotropicMaterials:1]]
[2025.04.08-16.55.05:390][  0]LogConfig: Setting CVar [[r.SSS.Scale:1]]
[2025.04.08-16.55.05:390][  0]LogConfig: Setting CVar [[r.SSS.SampleSet:2]]
[2025.04.08-16.55.05:391][  0]LogConfig: Setting CVar [[r.SSS.Quality:1]]
[2025.04.08-16.55.05:391][  0]LogConfig: Setting CVar [[r.SSS.HalfRes:0]]
[2025.04.08-16.55.05:391][  0]LogConfig: Setting CVar [[r.SSGI.Quality:3]]
[2025.04.08-16.55.05:392][  0]LogConfig: Setting CVar [[r.EmitterSpawnRateScale:1.0]]
[2025.04.08-16.55.05:392][  0]LogConfig: Setting CVar [[r.ParticleLightQuality:2]]
[2025.04.08-16.55.05:392][  0]LogConfig: Setting CVar [[r.SkyAtmosphere.AerialPerspectiveLUT.FastApplyOnOpaque:1 ; Always have FastSkyLUT 1 in this case to avoid wrong sky]]
[2025.04.08-16.55.05:393][  0]LogConfig: Setting CVar [[r.SkyAtmosphere.AerialPerspectiveLUT.SampleCountMaxPerSlice:4]]
[2025.04.08-16.55.05:393][  0]LogConfig: Setting CVar [[r.SkyAtmosphere.AerialPerspectiveLUT.DepthResolution:16.0]]
[2025.04.08-16.55.05:394][  0]LogConfig: Setting CVar [[r.SkyAtmosphere.FastSkyLUT:1]]
[2025.04.08-16.55.05:394][  0]LogConfig: Setting CVar [[r.SkyAtmosphere.FastSkyLUT.SampleCountMin:4.0]]
[2025.04.08-16.55.05:395][  0]LogConfig: Setting CVar [[r.SkyAtmosphere.FastSkyLUT.SampleCountMax:128.0]]
[2025.04.08-16.55.05:395][  0]LogConfig: Setting CVar [[r.SkyAtmosphere.SampleCountMin:4.0]]
[2025.04.08-16.55.05:395][  0]LogConfig: Setting CVar [[r.SkyAtmosphere.SampleCountMax:128.0]]
[2025.04.08-16.55.05:396][  0]LogConfig: Setting CVar [[r.SkyAtmosphere.TransmittanceLUT.UseSmallFormat:0]]
[2025.04.08-16.55.05:396][  0]LogConfig: Setting CVar [[r.SkyAtmosphere.TransmittanceLUT.SampleCount:10.0]]
[2025.04.08-16.55.05:396][  0]LogConfig: Setting CVar [[r.SkyAtmosphere.MultiScatteringLUT.SampleCount:15.0]]
[2025.04.08-16.55.05:397][  0]LogConfig: Setting CVar [[r.SkyLight.RealTimeReflectionCapture:1]]
[2025.04.08-16.55.05:397][  0]LogConfig: Applying CVar settings from Section [FoliageQuality@3] File [C:/Unreal Projects/Top-Down-Puzzle/TopDownPuzzle/Saved/Config/Windows/Scalability.ini]
[2025.04.08-16.55.05:398][  0]LogConfig: Setting CVar [[foliage.DensityScale:1.0]]
[2025.04.08-16.55.05:398][  0]LogConfig: Setting CVar [[grass.DensityScale:1.0]]
[2025.04.08-16.55.05:398][  0]LogConfig: Applying CVar settings from Section [ShadingQuality@3] File [C:/Unreal Projects/Top-Down-Puzzle/TopDownPuzzle/Saved/Config/Windows/Scalability.ini]
[2025.04.08-16.55.05:399][  0]LogConfig: Setting CVar [[r.HairStrands.SkyLighting.IntegrationType:2]]
[2025.04.08-16.55.05:399][  0]LogConfig: Setting CVar [[r.HairStrands.SkyAO.SampleCount:4]]
[2025.04.08-16.55.05:399][  0]LogConfig: Setting CVar [[r.HairStrands.Visibility.MSAA.SamplePerPixel:4]]
[2025.04.08-16.55.05:400][  0]LogConfig: Applying CVar settings from Section [Startup] File [../../../Engine/Config/ConsoleVariables.ini]
[2025.04.08-16.55.05:400][  0]LogConfig: Setting CVar [[net.UseAdaptiveNetUpdateFrequency:0]]
[2025.04.08-16.55.05:401][  0]LogConfig: Setting CVar [[p.chaos.AllowCreatePhysxBodies:1]]
[2025.04.08-16.55.05:401][  0]LogConfig: Setting CVar [[fx.SkipVectorVMBackendOptimizations:1]]
[2025.04.08-16.55.05:401][  0]LogConfig: Applying CVar settings from Section [ConsoleVariables] File [C:/Unreal Projects/Top-Down-Puzzle/TopDownPuzzle/Saved/Config/Windows/Engine.ini]
[2025.04.08-16.55.05:402][  0]LogConfig: Applying CVar settings from Section [ConsoleVariables] File [C:/Unreal Projects/Top-Down-Puzzle/TopDownPuzzle/Saved/Config/Windows/Editor.ini]
[2025.04.08-16.55.05:403][  0]LogInit: Computer: LAPTOP-EJ2DB2HV
[2025.04.08-16.55.05:404][  0]LogInit: User: patel
[2025.04.08-16.55.05:405][  0]LogInit: CPU Page size=4096, Cores=4
[2025.04.08-16.55.05:406][  0]LogInit: High frequency timer resolution =10.000000 MHz
[2025.04.08-16.55.05:407][  0]LogMemory: Memory total: Physical=15.8GB (16GB approx)
[2025.04.08-16.55.05:407][  0]LogMemory: Platform Memory Stats for Windows
[2025.04.08-16.55.05:407][  0]LogMemory: Process Physical Memory: 136.51 MB used, 136.51 MB peak
[2025.04.08-16.55.05:408][  0]LogMemory: Process Virtual Memory: 109.82 MB used, 109.82 MB peak
[2025.04.08-16.55.05:408][  0]LogMemory: Physical Memory: 10632.23 MB used,  5592.95 MB free, 16225.18 MB total
[2025.04.08-16.55.05:408][  0]LogMemory: Virtual Memory: 134204872.00 MB used,  12852.00 MB free, 134217728.00 MB total
[2025.04.08-16.55.05:418][  0]LogWindows: WindowsPlatformFeatures enabled
[2025.04.08-16.55.05:913][  0]LogInit: Physics initialised using underlying interface: PhysX
[2025.04.08-16.55.05:914][  0]LogInit: Using OS detected language (en-US).
[2025.04.08-16.55.05:914][  0]LogInit: Using OS detected locale (en-IN).
[2025.04.08-16.55.05:935][  0]LogTextLocalizationManager: No specific localization for 'en-US' exists, so the 'en' localization will be used.
[2025.04.08-16.55.15:152][  0]LogTargetPlatformManager: Display: Loaded TargetPlatform 'AllDesktop'
[2025.04.08-16.55.15:181][  0]LogTargetPlatformManager: Display: Loaded TargetPlatform 'Android'
[2025.04.08-16.55.15:181][  0]LogTargetPlatformManager: Display: Loaded TargetPlatform 'Android_ASTC'
[2025.04.08-16.55.15:182][  0]LogTargetPlatformManager: Display: Loaded TargetPlatform 'Android_DXT'
[2025.04.08-16.55.15:182][  0]LogTargetPlatformManager: Display: Loaded TargetPlatform 'Android_ETC2'
[2025.04.08-16.55.15:182][  0]LogTargetPlatformManager: Display: Loaded TargetPlatform 'AndroidClient'
[2025.04.08-16.55.15:183][  0]LogTargetPlatformManager: Display: Loaded TargetPlatform 'Android_ASTCClient'
[2025.04.08-16.55.15:183][  0]LogTargetPlatformManager: Display: Loaded TargetPlatform 'Android_DXTClient'
[2025.04.08-16.55.15:183][  0]LogTargetPlatformManager: Display: Loaded TargetPlatform 'Android_ETC2Client'
[2025.04.08-16.55.15:183][  0]LogTargetPlatformManager: Display: Loaded TargetPlatform 'Android_Multi'
[2025.04.08-16.55.15:184][  0]LogTargetPlatformManager: Display: Loaded TargetPlatform 'Android_MultiClient'
[2025.04.08-16.55.15:211][  0]LogTargetPlatformManager: Display: Loaded TargetPlatform 'IOSClient'
[2025.04.08-16.55.15:212][  0]LogTargetPlatformManager: Display: Loaded TargetPlatform 'IOS'
[2025.04.08-16.55.15:241][  0]LogTargetPlatformManager: Display: Loaded TargetPlatform 'Linux'
[2025.04.08-16.55.15:250][  0]LogTargetPlatformManager: Display: Loaded TargetPlatform 'LinuxNoEditor'
[2025.04.08-16.55.15:258][  0]LogTargetPlatformManager: Display: Loaded TargetPlatform 'LinuxClient'
[2025.04.08-16.55.15:266][  0]LogTargetPlatformManager: Display: Loaded TargetPlatform 'LinuxServer'
[2025.04.08-16.55.15:288][  0]LogTargetPlatformManager: Display: Loaded TargetPlatform 'LinuxAArch64NoEditor'
[2025.04.08-16.55.15:295][  0]LogTargetPlatformManager: Display: Loaded TargetPlatform 'LinuxAArch64Client'
[2025.04.08-16.55.15:301][  0]LogTargetPlatformManager: Display: Loaded TargetPlatform 'LinuxAArch64Server'
[2025.04.08-16.55.15:343][  0]LogTargetPlatformManager: Display: Loaded TargetPlatform 'Lumin'
[2025.04.08-16.55.15:343][  0]LogTargetPlatformManager: Display: Loaded TargetPlatform 'LuminClient'
[2025.04.08-16.55.15:369][  0]LogTargetPlatformManager: Display: Loaded TargetPlatform 'MacNoEditor'
[2025.04.08-16.55.15:376][  0]LogTargetPlatformManager: Display: Loaded TargetPlatform 'Mac'
[2025.04.08-16.55.15:383][  0]LogTargetPlatformManager: Display: Loaded TargetPlatform 'MacClient'
[2025.04.08-16.55.15:390][  0]LogTargetPlatformManager: Display: Loaded TargetPlatform 'MacServer'
[2025.04.08-16.55.15:405][  0]LogTargetPlatformManager: Display: Loaded TargetPlatform 'TVOSClient'
[2025.04.08-16.55.15:405][  0]LogTargetPlatformManager: Display: Loaded TargetPlatform 'TVOS'
[2025.04.08-16.55.15:417][  0]LogTargetPlatformManager: Display: Loaded TargetPlatform 'WindowsNoEditor'
[2025.04.08-16.55.15:425][  0]LogTargetPlatformManager: Display: Loaded TargetPlatform 'Windows'
[2025.04.08-16.55.15:432][  0]LogTargetPlatformManager: Display: Loaded TargetPlatform 'WindowsClient'
[2025.04.08-16.55.15:439][  0]LogTargetPlatformManager: Display: Loaded TargetPlatform 'WindowsServer'
[2025.04.08-16.55.15:439][  0]LogTargetPlatformManager: Display: Building Assets For Windows
[2025.04.08-16.55.15:552][  0]LogAudioDebug: Display: Lib vorbis DLL was dynamically loaded.
[2025.04.08-16.55.15:755][  0]LogTextureFormatOodle: Display: Oodle Texture 2.9.0 init RDO Off
[2025.04.08-16.55.16:024][  0]LogRendererCore: Ray tracing is disabled. Reason: r.RayTracing=0.
[2025.04.08-16.55.16:028][  0]LogDerivedDataCache: Display: Max Cache Size: 512 MB
[2025.04.08-16.55.16:148][  0]LogDerivedDataCache: Loaded boot cache 0.12s 103MB C:/Users/patel/AppData/Local/UnrealEngine/4.27/DerivedDataCache/Boot.ddc.
[2025.04.08-16.55.16:149][  0]LogDerivedDataCache: Display: Loaded Boot cache: C:/Users/patel/AppData/Local/UnrealEngine/4.27/DerivedDataCache/Boot.ddc
[2025.04.08-16.55.16:149][  0]LogDerivedDataCache: FDerivedDataBackendGraph:  Pak pak cache file ../../../../../../Unreal Projects/Top-Down-Puzzle/TopDownPuzzle/DerivedDataCache/DDC.ddp not found, will not use a pak cache.
[2025.04.08-16.55.16:150][  0]LogDerivedDataCache: Unable to find inner node Pak for hierarchical cache Hierarchy.
[2025.04.08-16.55.16:150][  0]LogDerivedDataCache: FDerivedDataBackendGraph:  CompressedPak pak cache file ../../../../../../Unreal Projects/Top-Down-Puzzle/TopDownPuzzle/DerivedDataCache/Compressed.ddp not found, will not use a pak cache.
[2025.04.08-16.55.16:150][  0]LogDerivedDataCache: Unable to find inner node CompressedPak for hierarchical cache Hierarchy.
[2025.04.08-16.55.16:208][  0]LogDerivedDataCache: Display: Pak cache opened for reading ../../../Engine/DerivedDataCache/Compressed.ddp.
[2025.04.08-16.55.16:209][  0]LogDerivedDataCache: FDerivedDataBackendGraph:  EnterprisePak pak cache file ../../../Enterprise/DerivedDataCache/Compressed.ddp not found, will not use a pak cache.
[2025.04.08-16.55.16:209][  0]LogDerivedDataCache: Unable to find inner node EnterprisePak for hierarchical cache Hierarchy.
[2025.04.08-16.55.16:309][  0]LogDerivedDataCache: Speed tests for C:/Users/patel/AppData/Local/UnrealEngine/Common/DerivedDataCache took 0.10 seconds
[2025.04.08-16.55.16:310][  0]LogDerivedDataCache: Display: Performance to C:/Users/patel/AppData/Local/UnrealEngine/Common/DerivedDataCache: Latency=0.27ms. RandomReadSpeed=13.59MBs, RandomWriteSpeed=33.06MBs. Assigned SpeedClass 'Local'
[2025.04.08-16.55.16:316][  0]LogDerivedDataCache: Using Local data cache path C:/Users/patel/AppData/Local/UnrealEngine/Common/DerivedDataCache: Writable
[2025.04.08-16.55.16:317][  0]LogDerivedDataCache: Shared data cache path not found in *engine.ini, will not use an Shared cache.
[2025.04.08-16.55.16:317][  0]LogDerivedDataCache: Unable to find inner node Shared for hierarchical cache Hierarchy.
[2025.04.08-16.55.16:327][  0]LogAssetRegistry: FAssetRegistry took 0.0017 seconds to start up
[2025.04.08-16.55.16:690][  0]LogInit: Selected Device Profile: [Windows]
[2025.04.08-16.55.16:690][  0]LogInit: Active device profile: [0000025DE85DBE00][0000025DE018D740 49] Windows
[2025.04.08-16.55.16:692][  0]LogInit: Profiles: [0000025DE85DBE00][0000025DE018D740 49] Windows, [0000025DE8598300][0000025DE2F558C0 49] WindowsNoEditor, [0000025DE85D8300][0000025DE2F59A40 49] WindowsServer, [0000025DE8599600][0000025DE2F5DBC0 49] WindowsClient, [0000025DE85D9500][0000025DE2F601C0 49] IOS, [0000025DE859A400][0000025DE2F64340 49] iPadAir, [0000025DE85DA300][0000025DE2F684C0 49] iPadAir2, [0000025DE9537D00][0000025DE6030780 49] IPadPro, [0000025DE9537E00][0000025DE2F6C7C0 49] iPadAir3, [0000025DE85DB900][0000025DE603A940 49] iPadAir4, [0000025DE9534800][0000025DE603EAC0 49] iPadMini2, [0000025DE85D8600][0000025DE6042C40 49] iPadMini3, [0000025DE9536D00][0000025DE6046DC0 49] iPadMini4, [0000025DE85D9100][0000025DE604AF40 49] iPadMini5, [0000025DE8593600][0000025DE604F180 49] iPhone6, [0000025DE8593700][0000025DE01911C0 49] iPodTouch6, [0000025DE9536000][0000025DE6057400 49] iPhone7, [0000025DE9536100][0000025DE6053440 49] iPodTouch7, [0000025DE8590700][0000025DE605F5C0 49] iPhone5S, [0000025DE9534D00][0000025DE6063740 49] iPhone6Plus, [0000025DE8591100][0000025DE60678C0 49] iPhone6S, [0000025DE9535A00][0000025DE606BA40 49] iPhone6SPlus, [0000025DE8593400][0000025DE606FBC0 49] iPhone7Plus, [0000025DE9536B00][0000025DE60721C0 49] iPhoneSE, [0000025DE8590D00][0000025DE6076340 49] iPhone8, [0000025DE9537F00][0000025DE607A4C0 49] iPhone8Plus, [0000025DE8592700][0000025DE607E640 49] iPhoneX, [0000025DE9536900][0000025DE60827C0 49] iPhoneXS, [0000025DE8590300][0000025DE6086940 49] iPhoneXSMax, [0000025DE9535700][0000025DE608AAC0 49] iPhoneXR, [0000025DE8591200][0000025DE608EC40 49] iPhone11, [0000025DE9537A00][0000025DE6092DC0 49] iPhone11Pro, [0000025DE8590600][0000025DE6096F40 49] iPhone11ProMax, [0000025DE9535B00][0000025DE609B0C0 49] iPhoneSE2, [0000025DE8593800][0000025DE605B200 49] iPhone12Mini, [0000025DE9536A00][0000025DE609F340 49] iPhone12, [0000025DE8590400][0000025DE60A3480 49] iPhone12Pro, [0000025DE9536400][0000025DE60A75C0 49] iPhone12ProMax, [0000025DE8590800][0000025DE60AF740 49] iPadPro105, [0000025DE9536500][0000025DE60B38C0 49] iPadPro129, [0000025DE8593300][0000025DE60B7A40 49] iPadPro97, [0000025DE9535D00][0000025DE60BBBC0 49] iPadPro2_129, [0000025DE8590B00][0000025DE60BE1C0 49] iPad5, [0000025DE9537000][0000025DE60C2340 49] iPad6, [0000025DE8591C00][0000025DE60C64C0 49] iPad7, [0000025DE9534900][0000025DE60CA640 49] iPad8, [0000025DE8590900][0000025DE60CE7C0 49] iPadPro11, [0000025DE9537B00][0000025DE60D2940 49] iPadPro2_11, [0000025DE8591500][0000025DE60D6AC0 49] iPadPro3_129, [0000025DE9536700][0000025DE60DAC40 49] iPadPro4_129, [0000025DE8593C00][0000025DE60DEDC0 49] AppleTV, [0000025DE9536C00][0000025DE60E2F40 49] AppleTV4K, [0000025DE8591F00][0000025DE60E70C0 49] TVOS, [0000025DE9534300][0000025DE60EB240 49] Mac, [0000025DE8592F00][0000025DE60EF3C0 49] MacClient, [0000025DE9535500][0000025DE60AB500 49] MacNoEditor, [0000025DE8593900][0000025DE60F3640 49] MacServer, [0000025DE9535300][0000025DE60F7780 49] Linux, [0000025DE8592300][0000025DE60FF900 49] LinuxAArch64, [0000025DE9534F00][0000025DE6103A80 49] LinuxNoEditor, [0000025DE8590200][0000025DE6107C00 49] LinuxAArch64NoEditor, [0000025DE9534700][0000025DE610A200 49] LinuxClient, [0000025DE8591E00][0000025DE610E380 49] LinuxAArch64Client, [0000025DE8598900][0000025DE6112500 49] LinuxServer, [0000025DE8609600][0000025DE6116680 49] LinuxAArch64Server, [0000025DE8599500][0000025DE611A800 49] Android, [0000025DE8608800][0000025DE611E980 49] Android_Low, [0000025DE8599800][0000025DE6122B00 49] Android_Mid, [0000025DE860AD00][0000025DE6126C80 49] Android_High, [0000025DE859BD00][0000025DE612AE00 49] Android_Default, [0000025DE860B300][0000025DE612EF80 49] Android_Adreno4xx, [0000025DE859AF00][0000025DE6133100 49] Android_Adreno5xx_Low, [0000025DE8609500][0000025DE6137280 49] Android_Adreno5xx, [0000025DE859AB00][0000025DE613B400 49] Android_Adreno6xx, [0000025DE8609200][0000025DE613F580 49] Android_Adreno6xx_Vulkan, [0000025DE8598700][0000025DE60FB6C0 49] Android_Mali_T6xx, [0000025DE8608400][0000025DE6143800 49] Android_Mali_T7xx, [0000025DE8599C00][0000025DE6147940 49] Android_Mali_T8xx, [0000025DE860AE00][0000025DE9571AC0 49] Android_Mali_G71, [0000025DE8598A00][0000025DE95740C0 49] Android_Mali_G72, [0000025DE8609100][0000025DE9578240 49] Android_Mali_G72_Vulkan, [0000025DE8598200][0000025DE957C3C0 49] Android_Mali_G76, [0000025DE8608B00][0000025DE9580540 49] Android_Mali_G76_Vulkan, [0000025DE8599900][0000025DE95846C0 49] Android_Mali_G77, [0000025DE860A800][0000025DE9588840 49] Android_Mali_G77_Vulkan, [0000025DE8592200][0000025DE958C9C0 49] Android_Mali_G78, [0000025DE8609B00][0000025DE9590B40 49] Android_Mali_G78_Vulkan, [0000025DE8592500][0000025DE9594CC0 49] Android_Mali_G710, [0000025DE8608300][0000025DE9598E40 49] Android_Mali_G710_Vulkan, [0000025DE8592600][0000025DE959CFC0 49] Android_Vulkan_SM5, [0000025DE860AF00][0000025DE95A1140 49] Android_PowerVR_G6xxx, [0000025DE8592100][0000025DE95A52C0 49] Android_PowerVR_GT7xxx, [0000025DE860A400][0000025DE95A9440 49] Android_PowerVR_GE8xxx, [0000025DE8592900][0000025DE95AD5C0 49] Android_PowerVR_GM9xxx, [0000025DE860B900][0000025DE95B1740 49] Android_PowerVR_GM9xxx_Vulkan, [0000025DE8593A00][0000025DE614B880 49] Android_TegraK1, [0000025DE8608A00][0000025DE95B59C0 49] Android_Unknown_Vulkan, [0000025DE8593E00][0000025DE95B9B00 49] Lumin, [0000025DE860A300][0000025DE95BC0C0 49] Lumin_Desktop, [0000025DE8591D00][0000025DE95C4240 49] HoloLens, 
[2025.04.08-16.55.16:790][  0]LogMeshReduction: Using QuadricMeshReduction for automatic static mesh reduction
[2025.04.08-16.55.16:791][  0]LogMeshReduction: Using SimplygonMeshReduction for automatic skeletal mesh reduction
[2025.04.08-16.55.16:791][  0]LogMeshReduction: Using ProxyLODMeshReduction for automatic mesh merging
[2025.04.08-16.55.16:791][  0]LogMeshReduction: No distributed automatic mesh merging module available
[2025.04.08-16.55.16:792][  0]LogMeshMerging: No distributed automatic mesh merging module available
[2025.04.08-16.55.16:803][  0]LogNetVersion: TopDownPuzzle 1.0.0, NetCL: 17155196, EngineNetVer: 17, GameNetVer: 0 (Checksum: 565499533)
[2025.04.08-16.55.17:681][  0]LogHMD: PokeAHoleMaterial loaded successfully
[2025.04.08-16.55.17:981][  0]LogCollectionManager: Loaded 0 collections in 0.001591 seconds
[2025.04.08-16.55.17:985][  0]LogFileCache: Scanning file cache for directory 'C:/Unreal Projects/Top-Down-Puzzle/TopDownPuzzle/Saved/Collections/' took 0.00s
[2025.04.08-16.55.17:985][  0]LogFileCache: Scanning file cache for directory 'C:/Unreal Projects/Top-Down-Puzzle/TopDownPuzzle/Content/Developers/patel/Collections/' took 0.00s
[2025.04.08-16.55.17:985][  0]LogFileCache: Scanning file cache for directory 'C:/Unreal Projects/Top-Down-Puzzle/TopDownPuzzle/Content/Collections/' took 0.00s
[2025.04.08-16.55.17:986][  0]LogCollectionManager: Fixed up redirectors for 0 collections in 0.000002 seconds (updated 0 objects)
[2025.04.08-16.55.18:322][  0]LogNiagaraDebuggerClient: Niagara Debugger Client Initialized | Session: D529D67C435FE5CF776A908A9D5FAE7F | Instance: A10014014D1B7F509594CA93EDB40E97 (LAPTOP-EJ2DB2HV-14984).
[2025.04.08-16.55.18:588][  0]LogPython: Using Python 3.7.7
[2025.04.08-16.55.21:097][  0]SourceControl: Source control is disabled
[2025.04.08-16.55.21:098][  0]SourceControl: Source control is disabled
[2025.04.08-16.55.21:110][  0]SourceControl: Source control is disabled
[2025.04.08-16.55.21:116][  0]SourceControl: Source control is disabled
[2025.04.08-16.55.21:125][  0]SourceControl: Source control is disabled
[2025.04.08-16.55.21:138][  0]LogUProjectInfo: Found projects:
[2025.04.08-16.55.21:638][  0]LogOpenImageDenoise: OIDN starting up
[2025.04.08-16.55.21:700][  0]LogAudioCaptureCore: Display: No Audio Capture implementations found. Audio input will be silent.
[2025.04.08-16.55.21:701][  0]LogAudioCaptureCore: Display: No Audio Capture implementations found. Audio input will be silent.
[2025.04.08-16.55.21:752][  0]LogAndroidPermission: UAndroidPermissionCallbackProxy::GetInstance
[2025.04.08-16.55.22:324][  0]LogOcInput: OculusInput pre-init called
[2025.04.08-16.55.22:480][  0]LogUObjectArray: 24151 objects as part of root set at end of initial load.
[2025.04.08-16.55.22:480][  0]LogUObjectAllocator: 6839984 out of 0 bytes used by permanent object pool.
[2025.04.08-16.55.22:480][  0]LogUObjectArray: CloseDisregardForGC: 0/0 objects in disregard for GC pool
[2025.04.08-16.55.22:481][  0]LogInit: Error: VSTestAdapterCommandlet looked like a commandlet, but we could not find the class.
[2025.04.08-16.55.22:481][  0]LogCore: Engine exit requested (reason: Failed to find commandlet class VSTestAdapterCommandlet)
[2025.04.08-16.55.22:482][  0]LogCore: Engine exit requested (reason: EngineExit() was called; note: exit was already requested)
[2025.04.08-16.55.22:482][  0]LogExit: Preparing to exit.
[2025.04.08-16.55.22:490][  0]LogUObjectHash: Compacting FUObjectHashTables data took   0.75ms
[2025.04.08-16.55.22:538][  0]LogDemo: Cleaned up 0 splitscreen connections with owner deletion
[2025.04.08-16.55.22:582][  0]LogExit: Object subsystem successfully closed.
[2025.04.08-16.55.22:652][  0]LogModuleManager: Shutting down and abandoning module AudioSynesthesiaEditor (596)
[2025.04.08-16.55.22:653][  0]LogModuleManager: Shutting down and abandoning module OculusEditor (594)
[2025.04.08-16.55.22:653][  0]LogModuleManager: Shutting down and abandoning module OculusInput (592)
[2025.04.08-16.55.22:653][  0]LogModuleManager: Shutting down and abandoning module ContentBrowserFileDataSource (590)
[2025.04.08-16.55.22:654][  0]LogModuleManager: Shutting down and abandoning module ContentBrowserClassDataSource (588)
[2025.04.08-16.55.22:654][  0]LogModuleManager: Shutting down and abandoning module ContentBrowserAssetDataSource (586)
[2025.04.08-16.55.22:654][  0]LogModuleManager: Shutting down and abandoning module ToolMenus (585)
[2025.04.08-16.55.22:655][  0]LogModuleManager: Shutting down and abandoning module TakeSequencer (582)
[2025.04.08-16.55.22:655][  0]LogModuleManager: Shutting down and abandoning module TakeMovieScene (580)
[2025.04.08-16.55.22:655][  0]LogModuleManager: Shutting down and abandoning module SynthesisEditor (578)
[2025.04.08-16.55.22:656][  0]LogModuleManager: Shutting down and abandoning module Synthesis (576)
[2025.04.08-16.55.22:656][  0]LogModuleManager: Shutting down and abandoning module ProceduralMeshComponentEditor (574)
[2025.04.08-16.55.22:656][  0]LogModuleManager: Shutting down and abandoning module ProceduralMeshComponent (572)
[2025.04.08-16.55.22:657][  0]LogModuleManager: Shutting down and abandoning module ScreenshotTools (570)
[2025.04.08-16.55.22:657][  0]LogModuleManager: Shutting down and abandoning module OpenXREditor (568)
[2025.04.08-16.55.22:657][  0]LogModuleManager: Shutting down and abandoning module MobilePatchingUtils (566)
[2025.04.08-16.55.22:657][  0]LogModuleManager: Shutting down and abandoning module GooglePAD (564)
[2025.04.08-16.55.22:658][  0]LogModuleManager: Shutting down and abandoning module AndroidPermission (562)
[2025.04.08-16.55.22:658][  0]LogModuleManager: Shutting down and abandoning module EditableMesh (560)
[2025.04.08-16.55.22:658][  0]LogModuleManager: Shutting down and abandoning module CustomMeshComponent (558)
[2025.04.08-16.55.22:659][  0]LogModuleManager: Shutting down and abandoning module CableComponent (556)
[2025.04.08-16.55.22:659][  0]LogModuleManager: Shutting down and abandoning module AudioCapture (554)
[2025.04.08-16.55.22:660][  0]LogModuleManager: Shutting down and abandoning module AudioCaptureRtAudio (553)
[2025.04.08-16.55.22:660][  0]LogModuleManager: Shutting down and abandoning module AssetTags (550)
[2025.04.08-16.55.22:660][  0]LogModuleManager: Shutting down and abandoning module ArchVisCharacter (548)
[2025.04.08-16.55.22:661][  0]LogModuleManager: Shutting down and abandoning module AppleImageUtilsBlueprintSupport (546)
[2025.04.08-16.55.22:661][  0]LogModuleManager: Shutting down and abandoning module AppleImageUtils (544)
[2025.04.08-16.55.22:661][  0]LogModuleManager: Shutting down and abandoning module ActorLayerUtilitiesEditor (542)
[2025.04.08-16.55.22:662][  0]LogModuleManager: Shutting down and abandoning module ActorLayerUtilities (540)
[2025.04.08-16.55.22:662][  0]LogModuleManager: Shutting down and abandoning module TemplateSequence (538)
[2025.04.08-16.55.22:662][  0]LogModuleManager: Shutting down and abandoning module OpenImageDenoise (536)
[2025.04.08-16.55.22:663][  0]LogOpenImageDenoise: OIDN shutting down
[2025.04.08-16.55.22:663][  0]LogModuleManager: Shutting down and abandoning module MotoSynthEditor (534)
[2025.04.08-16.55.22:664][  0]LogModuleManager: Shutting down and abandoning module MotoSynth (532)
[2025.04.08-16.55.22:664][  0]LogModuleManager: Shutting down and abandoning module MeshConversion (530)
[2025.04.08-16.55.22:664][  0]LogModuleManager: Shutting down and abandoning module DynamicMesh (528)
[2025.04.08-16.55.22:665][  0]LogModuleManager: Shutting down and abandoning module GeometryAlgorithms (526)
[2025.04.08-16.55.22:665][  0]LogModuleManager: Shutting down and abandoning module GeometricObjects (524)
[2025.04.08-16.55.22:665][  0]LogModuleManager: Shutting down and abandoning module GeometryCollectionTracks (522)
[2025.04.08-16.55.22:666][  0]LogModuleManager: Shutting down and abandoning module GeometryCollectionSequencer (521)
[2025.04.08-16.55.22:666][  0]LogModuleManager: Shutting down and abandoning module GeometryCollectionEditor (518)
[2025.04.08-16.55.22:666][  0]LogModuleManager: Shutting down and abandoning module GeometryCacheTracks (516)
[2025.04.08-16.55.22:667][  0]LogModuleManager: Shutting down and abandoning module GeometryCacheStreamer (514)
[2025.04.08-16.55.22:667][  0]LogModuleManager: Shutting down and abandoning module GeometryCacheSequencer (512)
[2025.04.08-16.55.22:667][  0]LogModuleManager: Shutting down and abandoning module MagicLeapSharedWorld (510)
[2025.04.08-16.55.22:667][  0]LogModuleManager: Shutting down and abandoning module MagicLeapLightEstimation (508)
[2025.04.08-16.55.22:668][  0]LogModuleManager: Shutting down and abandoning module MagicLeapHelperVulkan (506)
[2025.04.08-16.55.22:669][  0]LogModuleManager: Shutting down and abandoning module MagicLeapHelperOpenGL (504)
[2025.04.08-16.55.22:669][  0]LogModuleManager: Shutting down and abandoning module MagicLeapAudio (502)
[2025.04.08-16.55.22:669][  0]LogModuleManager: Shutting down and abandoning module MediaCompositing (500)
[2025.04.08-16.55.22:669][  0]LogModuleManager: Shutting down and abandoning module OodleNetworkHandlerComponent (498)
[2025.04.08-16.55.22:670][  0]LogModuleManager: Shutting down and abandoning module ChaosSolverEditor (496)
[2025.04.08-16.55.22:670][  0]LogModuleManager: Shutting down and abandoning module ChaosNiagara (494)
[2025.04.08-16.55.22:670][  0]LogModuleManager: Shutting down and abandoning module FractureEditor (492)
[2025.04.08-16.55.22:671][  0]LogModuleManager: Shutting down and abandoning module FieldSystemEngine (491)
[2025.04.08-16.55.22:671][  0]LogModuleManager: Shutting down and abandoning module ChaosClothEditor (488)
[2025.04.08-16.55.22:671][  0]LogModuleManager: Shutting down and abandoning module AutomationUtilsEditor (486)
[2025.04.08-16.55.22:672][  0]LogModuleManager: Shutting down and abandoning module AutomationUtils (484)
[2025.04.08-16.55.22:672][  0]LogModuleManager: Shutting down and abandoning module AlembicImporter (482)
[2025.04.08-16.55.22:672][  0]LogModuleManager: Shutting down and abandoning module AlembicLibrary (481)
[2025.04.08-16.55.22:672][  0]LogModuleManager: Shutting down and abandoning module GeometryCache (480)
[2025.04.08-16.55.22:672][  0]LogModuleManager: Shutting down and abandoning module GeometryCacheEd (479)
[2025.04.08-16.55.22:673][  0]LogModuleManager: Shutting down and abandoning module NiagaraEditorWidgets (474)
[2025.04.08-16.55.22:673][  0]LogModuleManager: Shutting down and abandoning module VariantManagerContentEditor (472)
[2025.04.08-16.55.22:673][  0]LogModuleManager: Shutting down and abandoning module DatasmithContentEditor (470)
[2025.04.08-16.55.22:674][  0]LogModuleManager: Shutting down and abandoning module LightPropagationVolumeEditor (468)
[2025.04.08-16.55.22:674][  0]LogModuleManager: Shutting down and abandoning module VisualStudioSourceCodeAccess (466)
[2025.04.08-16.55.22:674][  0]LogModuleManager: Shutting down and abandoning module VisualStudioCodeSourceCodeAccess (464)
[2025.04.08-16.55.22:675][  0]LogModuleManager: Shutting down and abandoning module UObjectPlugin (462)
[2025.04.08-16.55.22:675][  0]LogModuleManager: Shutting down and abandoning module SubversionSourceControl (460)
[2025.04.08-16.55.22:675][  0]LogModuleManager: Shutting down and abandoning module PluginUtils (458)
[2025.04.08-16.55.22:676][  0]LogModuleManager: Shutting down and abandoning module PlasticSourceControl (456)
[2025.04.08-16.55.22:676][  0]LogModuleManager: Shutting down and abandoning module PerforceSourceControl (454)
[2025.04.08-16.55.22:676][  0]LogModuleManager: Shutting down and abandoning module GitSourceControl (452)
[2025.04.08-16.55.22:677][  0]LogModuleManager: Shutting down and abandoning module SourceControl (451)
[2025.04.08-16.55.22:677][  0]LogModuleManager: Shutting down and abandoning module CLionSourceCodeAccess (448)
[2025.04.08-16.55.22:677][  0]LogModuleManager: Shutting down and abandoning module AnimationSharingEd (446)
[2025.04.08-16.55.22:678][  0]LogModuleManager: Shutting down and abandoning module SpeedTreeImporter (444)
[2025.04.08-16.55.22:678][  0]LogModuleManager: Shutting down and abandoning module PluginBrowser (442)
[2025.04.08-16.55.22:678][  0]LogModuleManager: Shutting down and abandoning module MobileLauncherProfileWizard (440)
[2025.04.08-16.55.22:679][  0]LogModuleManager: Shutting down and abandoning module MaterialAnalyzer (438)
[2025.04.08-16.55.22:679][  0]LogModuleManager: Shutting down and abandoning module CurveEditorTools (436)
[2025.04.08-16.55.22:679][  0]LogModuleManager: Shutting down and abandoning module CryptoKeysOpenSSL (434)
[2025.04.08-16.55.22:680][  0]LogModuleManager: Shutting down and abandoning module CryptoKeys (432)
[2025.04.08-16.55.22:680][  0]LogModuleManager: Shutting down and abandoning module LiveLinkSequencer (430)
[2025.04.08-16.55.22:680][  0]LogModuleManager: Shutting down and abandoning module LiveLinkMovieScene (428)
[2025.04.08-16.55.22:680][  0]LogModuleManager: Shutting down and abandoning module LiveLinkGraphNode (426)
[2025.04.08-16.55.22:681][  0]LogModuleManager: Shutting down and abandoning module LiveLinkEditor (424)
[2025.04.08-16.55.22:681][  0]LogModuleManager: Shutting down and abandoning module LiveLinkComponents (422)
[2025.04.08-16.55.22:681][  0]LogModuleManager: Shutting down and abandoning module LiveLink (420)
[2025.04.08-16.55.23:650][  0]LogModuleManager: Shutting down and abandoning module PaperTiledImporter (418)
[2025.04.08-16.55.23:650][  0]LogModuleManager: Shutting down and abandoning module PaperSpriteSheetImporter (416)
[2025.04.08-16.55.23:650][  0]LogModuleManager: Shutting down and abandoning module Paper2DEditor (414)
[2025.04.08-16.55.23:651][  0]LogModuleManager: Shutting down and abandoning module MeshPaintingToolset (412)
[2025.04.08-16.55.23:651][  0]LogModuleManager: Shutting down and abandoning module MeshPaintEditorMode (410)
[2025.04.08-16.55.23:651][  0]LogModuleManager: Shutting down and abandoning module TopDownPuzzle (408)
[2025.04.08-16.55.23:652][  0]LogModuleManager: Shutting down and abandoning module AnimGraph (407)
[2025.04.08-16.55.23:652][  0]LogModuleManager: Shutting down and abandoning module SoundFields (404)
[2025.04.08-16.55.23:652][  0]LogModuleManager: Shutting down and abandoning module SignificanceManager (402)
[2025.04.08-16.55.23:653][  0]LogModuleManager: Shutting down and abandoning module RuntimePhysXCooking (400)
[2025.04.08-16.55.23:653][  0]LogModuleManager: Shutting down and abandoning module PropertyAccessEditor (398)
[2025.04.08-16.55.23:653][  0]LogModuleManager: Shutting down and abandoning module PhysXVehiclesEditor (396)
[2025.04.08-16.55.23:654][  0]LogModuleManager: Shutting down and abandoning module LocationServicesBPLibrary (392)
[2025.04.08-16.55.23:654][  0]LogModuleManager: Shutting down and abandoning module AudioSynesthesia (390)
[2025.04.08-16.55.23:654][  0]LogModuleManager: Shutting down and abandoning module AudioSynesthesiaCore (388)
[2025.04.08-16.55.23:655][  0]LogModuleManager: Shutting down and abandoning module UdpMessaging (386)
[2025.04.08-16.55.23:655][  0]LogModuleManager: Shutting down and abandoning module ActorSequence (384)
[2025.04.08-16.55.23:656][  0]LogModuleManager: Shutting down and abandoning module TcpMessaging (382)
[2025.04.08-16.55.23:656][  0]LogModuleManager: Shutting down and abandoning module PythonScriptPlugin (380)
[2025.04.08-16.55.23:657][  0]LogModuleManager: Shutting down and abandoning module MagicLeapARPin (378)
[2025.04.08-16.55.23:658][  0]LogModuleManager: Shutting down and abandoning module MagicLeapHandMeshing (376)
[2025.04.08-16.55.23:658][  0]LogModuleManager: Shutting down and abandoning module MagicLeapSecureStorage (374)
[2025.04.08-16.55.23:658][  0]LogModuleManager: Shutting down and abandoning module MagicLeapPrivileges (372)
[2025.04.08-16.55.23:659][  0]LogModuleManager: Shutting down and abandoning module MagicLeapPlanes (370)
[2025.04.08-16.55.23:659][  0]LogMagicLeapPlanes: Planes tracker already destroyed.
[2025.04.08-16.55.23:659][  0]LogModuleManager: Shutting down and abandoning module MagicLeapImageTracker (368)
[2025.04.08-16.55.23:660][  0]LogModuleManager: Shutting down and abandoning module MagicLeapIdentity (366)
[2025.04.08-16.55.23:660][  0]LogModuleManager: Shutting down and abandoning module MagicLeapHandTracking (364)
[2025.04.08-16.55.23:660][  0]LogModuleManager: Shutting down and abandoning module MagicLeapEyeTracker (362)
[2025.04.08-16.55.23:661][  0]LogModuleManager: Shutting down and abandoning module MagicLeapController (360)
[2025.04.08-16.55.23:661][  0]LogModuleManager: Shutting down and abandoning module MagicLeapARPinImpl (358)
[2025.04.08-16.55.23:661][  0]LogModuleManager: Shutting down and abandoning module MagicLeapAR (356)
[2025.04.08-16.55.23:662][  0]LogModuleManager: Shutting down and abandoning module NiagaraAnimNotifies (354)
[2025.04.08-16.55.23:662][  0]LogModuleManager: Shutting down and abandoning module Niagara (352)
[2025.04.08-16.55.23:662][  0]LogModuleManager: Shutting down and abandoning module SignalProcessing (351)
[2025.04.08-16.55.23:663][  0]LogModuleManager: Shutting down and abandoning module NiagaraEditor (349)
[2025.04.08-16.55.23:663][  0]LogModuleManager: Shutting down and abandoning module NiagaraCore (346)
[2025.04.08-16.55.23:663][  0]LogModuleManager: Shutting down and abandoning module FacialAnimationEditor (344)
[2025.04.08-16.55.23:664][  0]LogModuleManager: Shutting down and abandoning module FacialAnimation (342)
[2025.04.08-16.55.23:664][  0]LogModuleManager: Shutting down and abandoning module LightPropagationVolumeRuntime (340)
[2025.04.08-16.55.23:664][  0]LogModuleManager: Shutting down and abandoning module PropertyAccessNode (338)
[2025.04.08-16.55.23:665][  0]LogModuleManager: Shutting down and abandoning module AnimationSharing (336)
[2025.04.08-16.55.23:665][  0]LogModuleManager: Shutting down and abandoning module GameplayTagsEditor (334)
[2025.04.08-16.55.23:665][  0]LogModuleManager: Shutting down and abandoning module DataValidation (332)
[2025.04.08-16.55.23:666][  0]LogModuleManager: Shutting down and abandoning module AssetManagerEditor (330)
[2025.04.08-16.55.23:666][  0]LogModuleManager: Shutting down and abandoning module TreeMap (329)
[2025.04.08-16.55.23:666][  0]LogModuleManager: Shutting down and abandoning module GameplayCameras (326)
[2025.04.08-16.55.23:667][  0]LogModuleManager: Shutting down and abandoning module EnvironmentQueryEditor (324)
[2025.04.08-16.55.23:667][  0]LogModuleManager: Shutting down and abandoning module Paper2D (322)
[2025.04.08-16.55.23:667][  0]LogModuleManager: Shutting down and abandoning module NetworkReplayStreaming (320)
[2025.04.08-16.55.23:668][  0]LogModuleManager: Shutting down and abandoning module PacketHandler (318)
[2025.04.08-16.55.23:668][  0]LogModuleManager: Shutting down and abandoning module ClothingSystemEditor (316)
[2025.04.08-16.55.23:668][  0]LogModuleManager: Shutting down and abandoning module ClothingSystemRuntimeNv (314)
[2025.04.08-16.55.23:669][  0]LogModuleManager: Shutting down and abandoning module MediaAssets (312)
[2025.04.08-16.55.23:669][  0]LogModuleManager: Shutting down and abandoning module Overlay (310)
[2025.04.08-16.55.23:669][  0]LogModuleManager: Shutting down and abandoning module OverlayEditor (309)
[2025.04.08-16.55.23:669][  0]LogModuleManager: Shutting down and abandoning module Blutility (306)
[2025.04.08-16.55.23:670][  0]LogModuleManager: Shutting down and abandoning module LevelEditor (305)
[2025.04.08-16.55.23:671][  0]LogModuleManager: Shutting down and abandoning module PixelInspectorModule (304)
[2025.04.08-16.55.23:672][  0]LogModuleManager: Shutting down and abandoning module CommonMenuExtensions (302)
[2025.04.08-16.55.23:672][  0]LogModuleManager: Shutting down and abandoning module MainFrame (300)
[2025.04.08-16.55.23:672][  0]LogModuleManager: Shutting down and abandoning module HotReload (299)
[2025.04.08-16.55.23:673][  0]LogModuleManager: Shutting down and abandoning module ContentBrowser (295)
[2025.04.08-16.55.23:673][  0]LogModuleManager: Shutting down and abandoning module CollectionManager (294)
[2025.04.08-16.55.23:674][  0]LogModuleManager: Shutting down and abandoning module ContentBrowserData (292)
[2025.04.08-16.55.23:674][  0]LogModuleManager: Shutting down and abandoning module IntroTutorials (288)
[2025.04.08-16.55.23:675][  0]LogModuleManager: Shutting down and abandoning module VREditor (286)
[2025.04.08-16.55.23:675][  0]LogModuleManager: Shutting down and abandoning module StringTableEditor (284)
[2025.04.08-16.55.23:675][  0]LogModuleManager: Shutting down and abandoning module GameplayTasksEditor (282)
[2025.04.08-16.55.23:676][  0]LogModuleManager: Shutting down and abandoning module BehaviorTreeEditor (280)
[2025.04.08-16.55.23:676][  0]LogModuleManager: Shutting down and abandoning module FunctionalTesting (278)
[2025.04.08-16.55.23:676][  0]LogModuleManager: Shutting down and abandoning module CollisionAnalyzer (276)
[2025.04.08-16.55.23:677][  0]LogModuleManager: Shutting down and abandoning module WorkspaceMenuStructure (275)
[2025.04.08-16.55.23:677][  0]LogModuleManager: Shutting down and abandoning module UMG (272)
[2025.04.08-16.55.23:677][  0]LogModuleManager: Shutting down and abandoning module UMGEditor (271)
[2025.04.08-16.55.23:678][  0]LogModuleManager: Shutting down and abandoning module MessageLog (269)
[2025.04.08-16.55.23:678][  0]LogModuleManager: Shutting down and abandoning module SlateReflector (264)
[2025.04.08-16.55.23:679][  0]LogModuleManager: Shutting down and abandoning module Slate (262)
[2025.04.08-16.55.23:679][  0]LogModuleManager: Shutting down and abandoning module SlateCore (260)
[2025.04.08-16.55.23:680][  0]LogModuleManager: Shutting down and abandoning module LandscapeEditorUtilities (258)
[2025.04.08-16.55.23:681][  0]LogModuleManager: Shutting down and abandoning module UnrealEd (256)
[2025.04.08-16.55.23:681][  0]LogModuleManager: Shutting down and abandoning module MRMesh (254)
[2025.04.08-16.55.23:681][  0]LogModuleManager: Shutting down and abandoning module SourceCodeAccess (252)
[2025.04.08-16.55.23:681][  0]LogModuleManager: Shutting down and abandoning module HeadMountedDisplay (250)
[2025.04.08-16.55.23:683][  0]LogModuleManager: Shutting down and abandoning module XAudio2 (248)
[2025.04.08-16.55.23:683][  0]LogModuleManager: Shutting down and abandoning module Networking (246)
[2025.04.08-16.55.23:683][  0]LogModuleManager: Shutting down and abandoning module Core (244)
[2025.04.08-16.55.23:684][  0]LogModuleManager: Shutting down and abandoning module MaterialEditor (242)
[2025.04.08-16.55.23:684][  0]LogModuleManager: Shutting down and abandoning module Settings (241)
[2025.04.08-16.55.23:684][  0]LogModuleManager: Shutting down and abandoning module MovieSceneTools (238)
[2025.04.08-16.55.23:685][  0]LogModuleManager: Shutting down and abandoning module CurveEditor (237)
[2025.04.08-16.55.23:685][  0]LogModuleManager: Shutting down and abandoning module Sequencer (235)
[2025.04.08-16.55.23:685][  0]LogModuleManager: Shutting down and abandoning module EditorStyle (234)
[2025.04.08-16.55.23:687][  0]LogModuleManager: Shutting down and abandoning module KismetCompiler (230)
[2025.04.08-16.55.23:687][  0]LogModuleManager: Shutting down and abandoning module MeshBuilder (228)
[2025.04.08-16.55.23:688][  0]LogModuleManager: Shutting down and abandoning module MeshUtilities (226)
[2025.04.08-16.55.23:688][  0]LogModuleManager: Shutting down and abandoning module MeshMergeUtilities (225)
[2025.04.08-16.55.23:688][  0]LogModuleManager: Shutting down and abandoning module MeshReductionInterface (224)
[2025.04.08-16.55.23:688][  0]LogModuleManager: Shutting down and abandoning module MeshBoneReduction (223)
[2025.04.08-16.55.23:689][  0]LogModuleManager: Shutting down and abandoning module SkeletalMeshReduction (221)
[2025.04.08-16.55.23:689][  0]LogModuleManager: Shutting down and abandoning module ProxyLODMeshReduction (219)
[2025.04.08-16.55.23:689][  0]LogModuleManager: Shutting down and abandoning module QuadricMeshReduction (217)
[2025.04.08-16.55.23:690][  0]LogModuleManager: Shutting down and abandoning module MaterialBaking (213)
[2025.04.08-16.55.23:690][  0]LogModuleManager: Shutting down and abandoning module DirectoryWatcher (209)
[2025.04.08-16.55.23:691][  0]LogModuleManager: Shutting down and abandoning module NullInstallBundleManager (206)
[2025.04.08-16.55.23:691][  0]LogModuleManager: Shutting down and abandoning module DerivedDataCache (204)
[2025.04.08-16.55.23:691][  0]LogModuleManager: Shutting down and abandoning module TargetPlatform (202)
[2025.04.08-16.55.23:692][  0]LogModuleManager: Shutting down and abandoning module VulkanShaderFormat (201)
[2025.04.08-16.55.23:692][  0]LogModuleManager: Shutting down and abandoning module ShaderFormatVectorVM (199)
[2025.04.08-16.55.23:692][  0]LogModuleManager: Shutting down and abandoning module ShaderFormatOpenGL (197)
[2025.04.08-16.55.23:693][  0]LogModuleManager: Shutting down and abandoning module ShaderFormatD3D (195)
[2025.04.08-16.55.23:693][  0]LogModuleManager: Shutting down and abandoning module MetalShaderFormat (193)
[2025.04.08-16.55.23:693][  0]LogModuleManager: Shutting down and abandoning module TextureFormatOodle (191)
[2025.04.08-16.55.23:693][  0]LogModuleManager: Shutting down and abandoning module TextureFormatUncompressed (189)
[2025.04.08-16.55.23:694][  0]LogModuleManager: Shutting down and abandoning module TextureFormatPVR (187)
[2025.04.08-16.55.23:694][  0]LogModuleManager: Shutting down and abandoning module TextureFormatETC2 (185)
[2025.04.08-16.55.23:694][  0]LogModuleManager: Shutting down and abandoning module TextureFormatDXT (183)
[2025.04.08-16.55.23:695][  0]LogModuleManager: Shutting down and abandoning module TextureFormatIntelISPCTexComp (181)
[2025.04.08-16.55.23:695][  0]LogModuleManager: Shutting down and abandoning module TextureFormatASTC (179)
[2025.04.08-16.55.23:695][  0]LogModuleManager: Shutting down and abandoning module ImageWrapper (178)
[2025.04.08-16.55.23:696][  0]LogModuleManager: Shutting down and abandoning module AudioFormatOpus (175)
[2025.04.08-16.55.23:696][  0]LogModuleManager: Shutting down and abandoning module AudioFormatOgg (173)
[2025.04.08-16.55.23:696][  0]LogModuleManager: Shutting down and abandoning module AudioFormatADPCM (171)
[2025.04.08-16.55.23:697][  0]LogModuleManager: Shutting down and abandoning module WindowsServerTargetPlatform (169)
[2025.04.08-16.55.23:697][  0]LogModuleManager: Shutting down and abandoning module WindowsClientTargetPlatform (167)
[2025.04.08-16.55.23:697][  0]LogModuleManager: Shutting down and abandoning module WindowsTargetPlatform (165)
[2025.04.08-16.55.23:698][  0]LogModuleManager: Shutting down and abandoning module WindowsNoEditorTargetPlatform (163)
[2025.04.08-16.55.23:698][  0]LogModuleManager: Shutting down and abandoning module TVOSTargetPlatform (161)
[2025.04.08-16.55.23:699][  0]LogModuleManager: Shutting down and abandoning module MacServerTargetPlatform (159)
[2025.04.08-16.55.23:699][  0]LogModuleManager: Shutting down and abandoning module MacClientTargetPlatform (157)
[2025.04.08-16.55.23:699][  0]LogModuleManager: Shutting down and abandoning module MacTargetPlatform (155)
[2025.04.08-16.55.23:700][  0]LogModuleManager: Shutting down and abandoning module MacNoEditorTargetPlatform (153)
[2025.04.08-16.55.23:700][  0]LogModuleManager: Shutting down and abandoning module LuminTargetPlatform (151)
[2025.04.08-16.55.23:701][  0]LogModuleManager: Shutting down and abandoning module LinuxAArch64ServerTargetPlatform (149)
[2025.04.08-16.55.23:701][  0]LogModuleManager: Shutting down and abandoning module LinuxAArch64ClientTargetPlatform (147)
[2025.04.08-16.55.23:702][  0]LogModuleManager: Shutting down and abandoning module LinuxAArch64NoEditorTargetPlatform (145)
[2025.04.08-16.55.23:702][  0]LogModuleManager: Shutting down and abandoning module LinuxServerTargetPlatform (143)
[2025.04.08-16.55.23:702][  0]LogModuleManager: Shutting down and abandoning module LinuxClientTargetPlatform (141)
[2025.04.08-16.55.23:704][  0]LogModuleManager: Shutting down and abandoning module LinuxNoEditorTargetPlatform (139)
[2025.04.08-16.55.23:706][  0]LogModuleManager: Shutting down and abandoning module LinuxTargetPlatform (137)
[2025.04.08-16.55.23:706][  0]LogModuleManager: Shutting down and abandoning module Messaging (135)
[2025.04.08-16.55.23:706][  0]LogModuleManager: Shutting down and abandoning module IOSTargetPlatform (133)
[2025.04.08-16.55.23:706][  0]LogModuleManager: Shutting down and abandoning module AndroidTargetPlatform (131)
[2025.04.08-16.55.23:710][  0]LogModuleManager: Shutting down and abandoning module AllDesktopTargetPlatform (129)
[2025.04.08-16.55.23:711][  0]LogModuleManager: Shutting down and abandoning module NullDrv (126)
[2025.04.08-16.55.23:711][  0]LogModuleManager: Shutting down and abandoning module PhysXCooking (124)
[2025.04.08-16.55.23:711][  0]LogModuleManager: Shutting down and abandoning module Chaos (122)
[2025.04.08-16.55.23:711][  0]LogModuleManager: Shutting down and abandoning module WindowsPlatformFeatures (120)
[2025.04.08-16.55.23:711][  0]LogModuleManager: Shutting down and abandoning module GameplayMediaEncoder (119)
[2025.04.08-16.55.23:711][  0]LogModuleManager: Shutting down and abandoning module AVEncoder (118)
[2025.04.08-16.55.23:713][  0]LogModuleManager: Shutting down and abandoning module ExampleDeviceProfileSelector (114)
[2025.04.08-16.55.23:713][  0]LogModuleManager: Shutting down and abandoning module SteamVRInputDevice (112)
[2025.04.08-16.55.23:713][  0]LogModuleManager: Shutting down and abandoning module SteamVRInput (110)
[2025.04.08-16.55.23:714][  0]LogModuleManager: Shutting down and abandoning module SteamVR (108)
[2025.04.08-16.55.23:714][  0]LogHMD: Freeing OpenVRDLLHandle.
[2025.04.08-16.55.23:714][  0]LogModuleManager: Shutting down and abandoning module OculusHMD (106)
[2025.04.08-16.55.23:715][  0]LogModuleManager: Shutting down and abandoning module OpenXRHandTracking (104)
[2025.04.08-16.55.23:715][  0]LogModuleManager: Shutting down and abandoning module OpenXREyeTracker (102)
[2025.04.08-16.55.23:715][  0]LogModuleManager: Shutting down and abandoning module OpenXRAR (100)
[2025.04.08-16.55.23:716][  0]LogModuleManager: Shutting down and abandoning module AugmentedReality (99)
[2025.04.08-16.55.23:716][  0]LogModuleManager: Shutting down and abandoning module OpenXRHMD (96)
[2025.04.08-16.55.23:716][  0]LogModuleManager: Shutting down and abandoning module ChunkDownloader (94)
[2025.04.08-16.55.23:717][  0]LogModuleManager: Shutting down and abandoning module LauncherChunkInstaller (92)
[2025.04.08-16.55.23:717][  0]LogModuleManager: Shutting down and abandoning module OnlineBlueprintSupport (90)
[2025.04.08-16.55.23:717][  0]LogModuleManager: Shutting down and abandoning module OnlineSubsystem (86)
[2025.04.08-16.55.23:718][  0]LogModuleManager: Shutting down and abandoning module XMPP (81)
[2025.04.08-16.55.23:719][  0]LogModuleManager: Shutting down and abandoning module WebSockets (80)
[2025.04.08-16.55.23:740][  0]LogModuleManager: Shutting down and abandoning module HTTP (77)
[2025.04.08-16.55.23:741][  0]LogHttp: Display: cleaning up 0 outstanding Http requests.
[2025.04.08-16.55.23:752][  0]LogModuleManager: Shutting down and abandoning module SSL (76)
[2025.04.08-16.55.23:753][  0]LogModuleManager: Shutting down and abandoning module MLSDK (72)
[2025.04.08-16.55.23:753][  0]LogModuleManager: Shutting down and abandoning module MagicLeap (70)
[2025.04.08-16.55.23:754][  0]LogModuleManager: Shutting down and abandoning module WmfMedia (68)
[2025.04.08-16.55.23:755][  0]LogModuleManager: Shutting down and abandoning module Media (67)
[2025.04.08-16.55.23:756][  0]LogModuleManager: Shutting down and abandoning module MediaInfo (66)
[2025.04.08-16.55.23:756][  0]LogModuleManager: Shutting down and abandoning module ExrReaderGpu (62)
[2025.04.08-16.55.23:757][  0]LogModuleManager: Shutting down and abandoning module ChaosCloth (60)
[2025.04.08-16.55.23:757][  0]LogModuleManager: Shutting down and abandoning module NiagaraVertexFactories (58)
[2025.04.08-16.55.23:757][  0]LogModuleManager: Shutting down and abandoning module NiagaraShader (56)
[2025.04.08-16.55.23:758][  0]LogModuleManager: Shutting down and abandoning module VariantManagerContent (54)
[2025.04.08-16.55.23:758][  0]LogModuleManager: Shutting down and abandoning module DatasmithContent (52)
[2025.04.08-16.55.23:759][  0]LogModuleManager: Shutting down and abandoning module PixWinPlugin (50)
[2025.04.08-16.55.23:759][  0]LogModuleManager: Shutting down and abandoning module AISupportModule (48)
[2025.04.08-16.55.23:759][  0]LogModuleManager: Shutting down and abandoning module PythonScriptPluginPreload (46)
[2025.04.08-16.55.23:760][  0]LogModuleManager: Shutting down and abandoning module PlatformCryptoOpenSSL (44)
[2025.04.08-16.55.23:760][  0]LogModuleManager: Shutting down and abandoning module PlatformCryptoTypes (42)
[2025.04.08-16.55.23:760][  0]LogModuleManager: Shutting down and abandoning module PlatformCrypto (40)
[2025.04.08-16.55.23:761][  0]LogModuleManager: Shutting down and abandoning module OodleDataCompressionFormat (38)
[2025.04.08-16.55.23:761][  0]LogModuleManager: Shutting down and abandoning module XGEController (36)
[2025.04.08-16.55.23:761][  0]LogXGEController: Cannot use XGE Controller as Incredibuild is not installed on this machine.
[2025.04.08-16.55.23:762][  0]LogModuleManager: Shutting down and abandoning module AnimationModifiers (34)
[2025.04.08-16.55.23:762][  0]LogModuleManager: Shutting down and abandoning module AudioEditor (32)
[2025.04.08-16.55.23:762][  0]LogModuleManager: Shutting down and abandoning module PropertyEditor (31)
[2025.04.08-16.55.23:763][  0]LogModuleManager: Shutting down and abandoning module TextureCompressor (28)
[2025.04.08-16.55.23:763][  0]LogModuleManager: Shutting down and abandoning module RenderCore (26)
[2025.04.08-16.55.23:764][  0]LogModuleManager: Shutting down and abandoning module Landscape (24)
[2025.04.08-16.55.23:764][  0]LogModuleManager: Shutting down and abandoning module SlateRHIRenderer (22)
[2025.04.08-16.55.23:764][  0]LogModuleManager: Shutting down and abandoning module AnimGraphRuntime (20)
[2025.04.08-16.55.23:765][  0]LogModuleManager: Shutting down and abandoning module Renderer (18)
[2025.04.08-16.55.23:765][  0]LogModuleManager: Shutting down and abandoning module Engine (16)
[2025.04.08-16.55.23:765][  0]LogModuleManager: Shutting down and abandoning module CoreUObject (14)
[2025.04.08-16.55.23:765][  0]LogModuleManager: Shutting down and abandoning module NetworkFile (12)
[2025.04.08-16.55.23:766][  0]LogModuleManager: Shutting down and abandoning module CookedIterativeFile (10)
[2025.04.08-16.55.23:766][  0]LogModuleManager: Shutting down and abandoning module StreamingFile (8)
[2025.04.08-16.55.23:767][  0]LogModuleManager: Shutting down and abandoning module SandboxFile (6)
[2025.04.08-16.55.23:767][  0]LogModuleManager: Shutting down and abandoning module PakFile (4)
[2025.04.08-16.55.23:768][  0]LogModuleManager: Shutting down and abandoning module RSA (3)
[2025.04.08-16.55.23:811][  0]LogContentStreaming: Display: There are 1 unreleased StreamingManagers
[2025.04.08-16.55.23:827][  0]LogExit: Exiting.
[2025.04.08-16.55.23:836][  0]Log file closed, 04/08/25 12:55:23
