Log file open, 04/08/25 18:04:21
LogInit: Display: Loading text-based GConfig....
LogPluginManager: Mounting plugin MeshPainting
LogPluginManager: Mounting plugin XGEController
LogPluginManager: Mounting plugin Paper2D
LogPluginManager: Mounting plugin AISupport
LogPluginManager: Mounting plugin EnvironmentQueryEditor
LogPluginManager: Mounting plugin LightPropagationVolume
LogPluginManager: Mounting plugin LiveLink
LogPluginManager: Mounting plugin OodleNetwork
LogPluginManager: Mounting plugin AnimationSharing
LogPluginManager: Mounting plugin OodleData
LogPluginManager: Mounting plugin CLionSourceCodeAccess
LogPluginManager: Mounting plugin CodeLiteSourceCodeAccess
LogPluginManager: Mounting plugin GitSourceControl
LogPluginManager: Mounting plugin KDevelopSourceCodeAccess
LogPluginManager: Mounting plugin NullSourceCodeAccess
LogPluginManager: Mounting plugin PerforceSourceControl
LogPluginManager: Mounting plugin PixWinPlugin
LogPluginManager: Mounting plugin PlasticSourceControl
LogPluginManager: Mounting plugin PropertyAccessNode
LogPluginManager: Mounting plugin RiderSourceCodeAccess
LogPluginManager: Mounting plugin CameraShakePreviewer
LogPluginManager: Mounting plugin SubversionSourceControl
LogPluginManager: Mounting plugin TextureFormatOodle
LogPluginManager: Mounting plugin VisualStudioSourceCodeAccess
LogPluginManager: Mounting plugin UObjectPlugin
LogPluginManager: Mounting plugin AssetManagerEditor
LogPluginManager: Mounting plugin PluginUtils
LogPluginManager: Mounting plugin CurveEditorTools
LogPluginManager: Mounting plugin GameplayCameras
LogPluginManager: Mounting plugin DataValidation
LogPluginManager: Mounting plugin GameplayTagsEditor
LogPluginManager: Mounting plugin FacialAnimation
LogPluginManager: Mounting plugin XCodeSourceCodeAccess
LogPluginManager: Mounting plugin MacGraphicsSwitching
LogPluginManager: Mounting plugin VisualStudioCodeSourceCodeAccess
LogPluginManager: Mounting plugin MaterialAnalyzer
LogPluginManager: Mounting plugin MobileLauncherProfileWizard
LogPluginManager: Mounting plugin PluginBrowser
LogPluginManager: Mounting plugin SpeedTreeImporter
LogPluginManager: Mounting plugin GeometryMode
LogPluginManager: Mounting plugin DatasmithContent
LogPluginManager: Mounting plugin AlembicImporter
LogPluginManager: Mounting plugin VariantManagerContent
LogPluginManager: Mounting plugin AutomationUtils
LogPluginManager: Mounting plugin BackChannel
LogPluginManager: Mounting plugin ChaosClothEditor
LogPluginManager: Mounting plugin ChaosEditor
LogPluginManager: Mounting plugin ChaosNiagara
LogPluginManager: Mounting plugin ChaosSolverPlugin
LogPluginManager: Mounting plugin CharacterAI
LogPluginManager: Mounting plugin ChaosCloth
LogPluginManager: Mounting plugin CryptoKeys
LogPluginManager: Mounting plugin Niagara
LogPluginManager: Mounting plugin GeometryCache
LogPluginManager: Mounting plugin GeometryCollectionPlugin
LogPluginManager: Mounting plugin GeometryProcessing
LogPluginManager: Mounting plugin MotoSynth
LogPluginManager: Mounting plugin OpenImageDenoise
LogPluginManager: Mounting plugin PlanarCut
LogPluginManager: Mounting plugin PlatformCrypto
LogPluginManager: Mounting plugin ProxyLODPlugin
LogPluginManager: Mounting plugin PythonScriptPlugin
LogPluginManager: Mounting plugin SkeletalReduction
LogPluginManager: Mounting plugin LuminPlatformFeatures
LogPluginManager: Mounting plugin MagicLeap
LogPluginManager: Mounting plugin MagicLeapLightEstimation
LogPluginManager: Mounting plugin MagicLeapMedia
LogPluginManager: Mounting plugin MagicLeapPassableWorld
LogPluginManager: Mounting plugin MLSDK
LogPluginManager: Mounting plugin AndroidMedia
LogPluginManager: Mounting plugin AvfMedia
LogPluginManager: Mounting plugin ImgMedia
LogPluginManager: Mounting plugin MediaCompositing
LogPluginManager: Mounting plugin MediaPlayerEditor
LogPluginManager: Mounting plugin WebMMedia
LogPluginManager: Mounting plugin WmfMedia
LogPluginManager: Mounting plugin TcpMessaging
LogPluginManager: Mounting plugin UdpMessaging
LogPluginManager: Mounting plugin ActorSequence
LogPluginManager: Mounting plugin LevelSequenceEditor
LogPluginManager: Mounting plugin MatineeToLevelSequence
LogPluginManager: Mounting plugin TemplateSequence
LogPluginManager: Mounting plugin OnlineSubsystem
LogPluginManager: Mounting plugin OnlineSubsystemNull
LogPluginManager: Mounting plugin OnlineSubsystemUtils
LogPluginManager: Mounting plugin LauncherChunkInstaller
LogPluginManager: Mounting plugin ActorLayerUtilities
LogPluginManager: Mounting plugin AndroidDeviceProfileSelector
LogPluginManager: Mounting plugin AndroidPermission
LogPluginManager: Mounting plugin AndroidMoviePlayer
LogPluginManager: Mounting plugin AppleMoviePlayer
LogPluginManager: Mounting plugin ArchVisCharacter
LogPluginManager: Mounting plugin AssetTags
LogPluginManager: Mounting plugin AudioCapture
LogPluginManager: Mounting plugin AudioSynesthesia
LogPluginManager: Mounting plugin CableComponent
LogPluginManager: Mounting plugin CustomMeshComponent
LogPluginManager: Mounting plugin EditableMesh
LogPluginManager: Mounting plugin ExampleDeviceProfileSelector
LogPluginManager: Mounting plugin ChunkDownloader
LogPluginManager: Mounting plugin GoogleCloudMessaging
LogPluginManager: Mounting plugin GooglePAD
LogPluginManager: Mounting plugin IOSDeviceProfileSelector
LogPluginManager: Mounting plugin LinuxDeviceProfileSelector
LogPluginManager: Mounting plugin LocationServicesBPLibrary
LogPluginManager: Mounting plugin MobilePatchingUtils
LogPluginManager: Mounting plugin OpenXR
LogPluginManager: Mounting plugin OpenXREyeTracker
LogPluginManager: Mounting plugin ScreenshotTools
LogPluginManager: Mounting plugin Takes
LogPluginManager: Mounting plugin OpenXRHandTracking
LogPluginManager: Mounting plugin PostSplashScreen
LogPluginManager: Mounting plugin PhysXVehicles
LogPluginManager: Mounting plugin ProceduralMeshComponent
LogPluginManager: Mounting plugin RuntimePhysXCooking
LogPluginManager: Mounting plugin SignificanceManager
LogPluginManager: Mounting plugin SoundFields
LogPluginManager: Mounting plugin Synthesis
LogPluginManager: Mounting plugin WebMMoviePlayer
LogPluginManager: Mounting plugin WindowsMoviePlayer
LogPluginManager: Mounting plugin PropertyAccessEditor
LogPluginManager: Mounting plugin AppleImageUtils
LogPluginManager: Mounting plugin ContentBrowserAssetDataSource
LogPluginManager: Mounting plugin ContentBrowserClassDataSource
LogPluginManager: Mounting plugin ContentBrowserFileDataSource
LogPluginManager: Mounting plugin OnlineSubsystemGooglePlay
LogPluginManager: Mounting plugin OnlineSubsystemIOS
LogPluginManager: Mounting plugin OculusVR
LogPluginManager: Mounting plugin SteamVR
PixWinPlugin: PIX capture plugin failed to initialize! Check that the process is launched from PIX.
LogInit: Using libcurl 7.55.1-DEV
LogInit:  - built for x86_64-pc-win32
LogInit:  - supports SSL with OpenSSL/1.1.1
LogInit:  - supports HTTP deflate (compression) using libz 1.2.8
LogInit:  - other features:
LogInit:      CURL_VERSION_SSL
LogInit:      CURL_VERSION_LIBZ
LogInit:      CURL_VERSION_IPV6
LogInit:      CURL_VERSION_ASYNCHDNS
LogInit:      CURL_VERSION_LARGEFILE
LogInit:      CURL_VERSION_IDN
LogInit:  CurlRequestOptions (configurable via config and command line):
LogInit:  - bVerifyPeer = true  - Libcurl will verify peer certificate
LogInit:  - bUseHttpProxy = false  - Libcurl will NOT use HTTP proxy
LogInit:  - bDontReuseConnections = false  - Libcurl will reuse connections
LogInit:  - MaxHostConnections = 16  - Libcurl will limit the number of connections to a host
LogInit:  - LocalHostAddr = Default
LogInit:  - BufferSize = 65536
LogOnline: OSS: Creating online subsystem instance for: NULL
LogInit: WinSock: version 1.1 (2.2), MaxSocks=32767, MaxUdp=65467
LogOnline: OSS: TryLoadSubsystemAndSetDefault: Loaded subsystem for module [NULL]
LogInit: Build: ++UE4+Release-4.27-CL-18319896
LogInit: Engine Version: 4.27.2-18319896+++UE4+Release-4.27
LogInit: Compatible Engine Version: 4.27.0-17155196+++UE4+Release-4.27
LogInit: Net CL: 17155196
LogInit: OS: Windows 10 (Release 2009) (), CPU: Intel(R) Core(TM) i5-9300H CPU @ 2.40GHz, GPU: Intel(R) UHD Graphics 630
LogInit: Compiled (64-bit): Nov 30 2021 07:12:08
LogInit: Compiled with Visual C++: 19.24.28315.00
LogInit: Build Configuration: Development
LogInit: Branch Name: ++UE4+Release-4.27
LogInit: Command Line:  "C:\Unreal Projects\Top-Down-Puzzle\TopDownPuzzle\TopDownPuzzle.uproject" -RUN=VSTestAdapter -listtests=C:\Users\patel\AppData\Local\Temp\tmp16E3.tmp -filters= -stdout -multiprocess -silent -unattended -AllowStdOutLogVerbosity -NoShaderCompile -NoExit
LogInit: Base Directory: C:/Program Files/UE/UE_4.27/Engine/Binaries/Win64/
LogInit: Allocator: TBB
LogInit: Installed Engine Build: 1
LogDevObjectVersion: Number of dev versions registered: 29
LogDevObjectVersion:   Dev-Blueprints (B0D832E4-1F89-4F0D-ACCF-7EB736FD4AA2): 10
LogDevObjectVersion:   Dev-Build (E1C64328-A22C-4D53-A36C-8E866417BD8C): 0
LogDevObjectVersion:   Dev-Core (375EC13C-06E4-48FB-B500-84F0262A717E): 4
LogDevObjectVersion:   Dev-Editor (E4B068ED-F494-42E9-A231-DA0B2E46BB41): 40
LogDevObjectVersion:   Dev-Framework (CFFC743F-43B0-4480-9391-14DF171D2073): 37
LogDevObjectVersion:   Dev-Mobile (B02B49B5-BB20-44E9-A304-32B752E40360): 3
LogDevObjectVersion:   Dev-Networking (A4E4105C-59A1-49B5-A7C5-40C4547EDFEE): 0
LogDevObjectVersion:   Dev-Online (39C831C9-5AE6-47DC-9A44-9C173E1C8E7C): 0
LogDevObjectVersion:   Dev-Physics (78F01B33-EBEA-4F98-B9B4-84EACCB95AA2): 14
LogDevObjectVersion:   Dev-Platform (6631380F-2D4D-43E0-8009-CF276956A95A): 0
LogDevObjectVersion:   Dev-Rendering (12F88B9F-8875-4AFC-A67C-D90C383ABD29): 45
LogDevObjectVersion:   Dev-Sequencer (7B5AE74C-D270-4C10-A958-57980B212A5A): 13
LogDevObjectVersion:   Dev-VR (D7296918-1DD6-4BDD-9DE2-64A83CC13884): 3
LogDevObjectVersion:   Dev-LoadTimes (C2A15278-BFE7-4AFE-6C17-90FF531DF755): 1
LogDevObjectVersion:   Private-Geometry (6EACA3D4-40EC-4CC1-B786-8BED09428FC5): 3
LogDevObjectVersion:   Dev-AnimPhys (29E575DD-E0A3-4627-9D10-D276232CDCEA): 17
LogDevObjectVersion:   Dev-Anim (AF43A65D-7FD3-4947-9873-3E8ED9C1BB05): 15
LogDevObjectVersion:   Dev-ReflectionCapture (6B266CEC-1EC7-4B8F-A30B-E4D90942FC07): 1
LogDevObjectVersion:   Dev-Automation (0DF73D61-A23F-47EA-B727-89E90C41499A): 1
LogDevObjectVersion:   FortniteMain (601D1886-AC64-4F84-AA16-D3DE0DEAC7D6): 47
LogDevObjectVersion:   FortniteRelease (E7086368-6B23-4C58-8439-1B7016265E91): 1
LogDevObjectVersion:   Dev-Enterprise (9DFFBCD6-494F-0158-E221-12823C92A888): 10
LogDevObjectVersion:   Dev-Niagara (F2AED0AC-9AFE-416F-8664-AA7FFA26D6FC): 1
LogDevObjectVersion:   Dev-Destruction (174F1F0B-B4C6-45A5-B13F-2EE8D0FB917D): 10
LogDevObjectVersion:   Dev-Physics-Ext (35F94A83-E258-406C-A318-09F59610247C): 41
LogDevObjectVersion:   Dev-PhysicsMaterial-Chaos (B68FC16E-8B1B-42E2-B453-215C058844FE): 1
LogDevObjectVersion:   Dev-CineCamera (B2E18506-4273-CFC2-A54E-F4BB758BBA07): 1
LogDevObjectVersion:   Dev-VirtualProduction (64F58936-FD1B-42BA-BA96-7289D5D0FA4E): 1
LogDevObjectVersion:   Dev-MediaFramework (6F0ED827-A609-4895-9C91-998D90180EA4): 2
LogInit: Presizing for max 25165824 objects, including 0 objects not considered by GC, pre-allocating 0 bytes for permanent pool.
LogConfig: Applying CVar settings from Section [/Script/Engine.StreamingSettings] File [C:/Unreal Projects/Top-Down-Puzzle/TopDownPuzzle/Saved/Config/Windows/Engine.ini]
LogConfig: Setting CVar [[s.MinBulkDataSizeForAsyncLoading:131072]]
LogConfig: Setting CVar [[s.AsyncLoadingThreadEnabled:0]]
LogConfig: Setting CVar [[s.EventDrivenLoaderEnabled:1]]
LogConfig: Setting CVar [[s.WarnIfTimeLimitExceeded:0]]
LogConfig: Setting CVar [[s.TimeLimitExceededMultiplier:1.5]]
LogConfig: Setting CVar [[s.TimeLimitExceededMinTime:0.005]]
LogConfig: Setting CVar [[s.UseBackgroundLevelStreaming:1]]
LogConfig: Setting CVar [[s.PriorityAsyncLoadingExtraTime:15.0]]
LogConfig: Setting CVar [[s.LevelStreamingActorsUpdateTimeLimit:5.0]]
LogConfig: Setting CVar [[s.PriorityLevelStreamingActorsUpdateExtraTime:5.0]]
LogConfig: Setting CVar [[s.LevelStreamingComponentsRegistrationGranularity:10]]
LogConfig: Setting CVar [[s.UnregisterComponentsTimeLimit:1.0]]
LogConfig: Setting CVar [[s.LevelStreamingComponentsUnregistrationGranularity:5]]
LogConfig: Setting CVar [[s.FlushStreamingOnExit:1]]
LogInit: Object subsystem initialized
LogConfig: Setting CVar [[con.DebugEarlyDefault:1]]
LogConfig: Setting CVar [[r.setres:1280x720]]
[2025.04.08-22.04.23:504][  0]LogConfig: Setting CVar [[con.DebugEarlyDefault:1]]
[2025.04.08-22.04.23:504][  0]LogConfig: Setting CVar [[r.setres:1280x720]]
[2025.04.08-22.04.23:505][  0]LogConfig: Applying CVar settings from Section [/Script/Engine.RendererSettings] File [C:/Unreal Projects/Top-Down-Puzzle/TopDownPuzzle/Saved/Config/Windows/Engine.ini]
[2025.04.08-22.04.23:505][  0]LogConfig: Setting CVar [[r.GPUCrashDebugging:0]]
[2025.04.08-22.04.23:505][  0]LogConfig: Setting CVar [[r.Mobile.DisableVertexFog:1]]
[2025.04.08-22.04.23:505][  0]LogConfig: Setting CVar [[r.Shadow.CSM.MaxMobileCascades:2]]
[2025.04.08-22.04.23:506][  0]LogConfig: Setting CVar [[r.MobileMSAA:1]]
[2025.04.08-22.04.23:506][  0]LogConfig: Setting CVar [[r.Mobile.AllowDitheredLODTransition:0]]
[2025.04.08-22.04.23:506][  0]LogConfig: Setting CVar [[r.Mobile.AllowSoftwareOcclusion:0]]
[2025.04.08-22.04.23:507][  0]LogConfig: Setting CVar [[r.Mobile.VirtualTextures:0]]
[2025.04.08-22.04.23:507][  0]LogConfig: Setting CVar [[r.DiscardUnusedQuality:0]]
[2025.04.08-22.04.23:507][  0]LogConfig: Setting CVar [[r.AllowOcclusionQueries:1]]
[2025.04.08-22.04.23:507][  0]LogConfig: Setting CVar [[r.MinScreenRadiusForLights:0.030000]]
[2025.04.08-22.04.23:508][  0]LogConfig: Setting CVar [[r.MinScreenRadiusForDepthPrepass:0.030000]]
[2025.04.08-22.04.23:508][  0]LogConfig: Setting CVar [[r.MinScreenRadiusForCSMDepth:0.010000]]
[2025.04.08-22.04.23:508][  0]LogConfig: Setting CVar [[r.PrecomputedVisibilityWarning:0]]
[2025.04.08-22.04.23:509][  0]LogConfig: Setting CVar [[r.TextureStreaming:1]]
[2025.04.08-22.04.23:509][  0]LogConfig: Setting CVar [[Compat.UseDXT5NormalMaps:0]]
[2025.04.08-22.04.23:509][  0]LogConfig: Setting CVar [[r.VirtualTextures:0]]
[2025.04.08-22.04.23:510][  0]LogConfig: Setting CVar [[r.VT.EnableAutoImport:1]]
[2025.04.08-22.04.23:510][  0]LogConfig: Setting CVar [[r.VirtualTexturedLightmaps:0]]
[2025.04.08-22.04.23:510][  0]LogConfig: Setting CVar [[r.VT.TileSize:128]]
[2025.04.08-22.04.23:511][  0]LogConfig: Setting CVar [[r.VT.TileBorderSize:4]]
[2025.04.08-22.04.23:511][  0]LogConfig: Setting CVar [[r.vt.FeedbackFactor:16]]
[2025.04.08-22.04.23:511][  0]LogConfig: Setting CVar [[r.VT.EnableCompressZlib:1]]
[2025.04.08-22.04.23:512][  0]LogConfig: Setting CVar [[r.VT.EnableCompressCrunch:0]]
[2025.04.08-22.04.23:512][  0]LogConfig: Setting CVar [[r.ClearCoatNormal:0]]
[2025.04.08-22.04.23:512][  0]LogConfig: Setting CVar [[r.ReflectionCaptureResolution:128]]
[2025.04.08-22.04.23:512][  0]LogConfig: Setting CVar [[r.Mobile.ReflectionCaptureCompression:0]]
[2025.04.08-22.04.23:513][  0]LogConfig: Setting CVar [[r.ReflectionEnvironmentLightmapMixBasedOnRoughness:1]]
[2025.04.08-22.04.23:513][  0]LogConfig: Setting CVar [[r.ForwardShading:0]]
[2025.04.08-22.04.23:514][  0]LogConfig: Setting CVar [[r.VertexFoggingForOpaque:1]]
[2025.04.08-22.04.23:514][  0]LogConfig: Setting CVar [[r.AllowStaticLighting:1]]
[2025.04.08-22.04.23:514][  0]LogConfig: Setting CVar [[r.NormalMapsForStaticLighting:0]]
[2025.04.08-22.04.23:515][  0]LogConfig: Setting CVar [[r.GenerateMeshDistanceFields:0]]
[2025.04.08-22.04.23:515][  0]LogConfig: Setting CVar [[r.DistanceFieldBuild.EightBit:0]]
[2025.04.08-22.04.23:515][  0]LogConfig: Setting CVar [[r.GenerateLandscapeGIData:0]]
[2025.04.08-22.04.23:515][  0]LogConfig: Setting CVar [[r.DistanceFieldBuild.Compress:0]]
[2025.04.08-22.04.23:516][  0]LogConfig: Setting CVar [[r.TessellationAdaptivePixelsPerTriangle:48.000000]]
[2025.04.08-22.04.23:516][  0]LogConfig: Setting CVar [[r.SeparateTranslucency:1]]
[2025.04.08-22.04.23:516][  0]LogConfig: Setting CVar [[r.TranslucentSortPolicy:0]]
[2025.04.08-22.04.23:517][  0]LogConfig: Setting CVar [[vr.VRS.HMDFixedFoveationLevel:0]]
[2025.04.08-22.04.23:517][  0]LogConfig: Setting CVar [[r.CustomDepth:1]]
[2025.04.08-22.04.23:518][  0]LogConfig: Setting CVar [[r.CustomDepthTemporalAAJitter:1]]
[2025.04.08-22.04.23:518][  0]LogConfig: Setting CVar [[r.PostProcessing.PropagateAlpha:0]]
[2025.04.08-22.04.23:518][  0]LogConfig: Setting CVar [[r.DefaultFeature.Bloom:1]]
[2025.04.08-22.04.23:519][  0]LogConfig: Setting CVar [[r.DefaultFeature.AmbientOcclusion:1]]
[2025.04.08-22.04.23:519][  0]LogConfig: Setting CVar [[r.DefaultFeature.AmbientOcclusionStaticFraction:1]]
[2025.04.08-22.04.23:519][  0]LogConfig: Setting CVar [[r.DefaultFeature.AutoExposure:0]]
[2025.04.08-22.04.23:519][  0]LogConfig: Setting CVar [[r.DefaultFeature.AutoExposure.Method:0]]
[2025.04.08-22.04.23:520][  0]LogConfig: Setting CVar [[r.DefaultFeature.AutoExposure.Bias:1.000000]]
[2025.04.08-22.04.23:520][  0]LogConfig: Setting CVar [[r.DefaultFeature.AutoExposure.ExtendDefaultLuminanceRange:0]]
[2025.04.08-22.04.23:520][  0]LogConfig: Setting CVar [[r.UsePreExposure:1]]
[2025.04.08-22.04.23:521][  0]LogConfig: Setting CVar [[r.EyeAdaptation.EditorOnly:0]]
[2025.04.08-22.04.23:521][  0]LogConfig: Setting CVar [[r.DefaultFeature.MotionBlur:0]]
[2025.04.08-22.04.23:521][  0]LogConfig: Setting CVar [[r.DefaultFeature.LensFlare:0]]
[2025.04.08-22.04.23:521][  0]LogConfig: Setting CVar [[r.TemporalAA.Upsampling:0]]
[2025.04.08-22.04.23:523][  0]LogConfig: Setting CVar [[r.SSGI.Enable:0]]
[2025.04.08-22.04.23:523][  0]LogConfig: Setting CVar [[r.DefaultFeature.AntiAliasing:0]]
[2025.04.08-22.04.23:523][  0]LogConfig: Setting CVar [[r.DefaultFeature.LightUnits:1]]
[2025.04.08-22.04.23:523][  0]LogConfig: Setting CVar [[r.DefaultBackBufferPixelFormat:4]]
[2025.04.08-22.04.23:524][  0]LogConfig: Setting CVar [[r.Shadow.UnbuiltPreviewInGame:1]]
[2025.04.08-22.04.23:524][  0]LogConfig: Setting CVar [[r.StencilForLODDither:0]]
[2025.04.08-22.04.23:524][  0]LogConfig: Setting CVar [[r.EarlyZPass:3]]
[2025.04.08-22.04.23:525][  0]LogConfig: Setting CVar [[r.EarlyZPassOnlyMaterialMasking:0]]
[2025.04.08-22.04.23:525][  0]LogConfig: Setting CVar [[r.DBuffer:1]]
[2025.04.08-22.04.23:525][  0]LogConfig: Setting CVar [[r.ClearSceneMethod:1]]
[2025.04.08-22.04.23:526][  0]LogConfig: Setting CVar [[r.BasePassOutputsVelocity:0]]
[2025.04.08-22.04.23:526][  0]LogConfig: Setting CVar [[r.VertexDeformationOutputsVelocity:0]]
[2025.04.08-22.04.23:527][  0]LogConfig: Setting CVar [[r.SelectiveBasePassOutputs:0]]
[2025.04.08-22.04.23:527][  0]LogConfig: Setting CVar [[fx.GPUSimulationTextureSizeX:1024]]
[2025.04.08-22.04.23:527][  0]LogConfig: Setting CVar [[fx.GPUSimulationTextureSizeY:1024]]
[2025.04.08-22.04.23:528][  0]LogConfig: Setting CVar [[r.AllowGlobalClipPlane:0]]
[2025.04.08-22.04.23:528][  0]LogConfig: Setting CVar [[r.GBufferFormat:1]]
[2025.04.08-22.04.23:530][  0]LogConfig: Setting CVar [[r.MorphTarget.Mode:1]]
[2025.04.08-22.04.23:530][  0]LogConfig: Setting CVar [[vr.InstancedStereo:0]]
[2025.04.08-22.04.23:530][  0]LogConfig: Setting CVar [[r.MobileHDR:1]]
[2025.04.08-22.04.23:531][  0]LogConfig: Setting CVar [[vr.MobileMultiView:0]]
[2025.04.08-22.04.23:531][  0]LogConfig: Setting CVar [[r.Mobile.UseHWsRGBEncoding:0]]
[2025.04.08-22.04.23:531][  0]LogConfig: Setting CVar [[vr.RoundRobinOcclusion:0]]
[2025.04.08-22.04.23:531][  0]LogConfig: Setting CVar [[vr.ODSCapture:0]]
[2025.04.08-22.04.23:532][  0]LogConfig: Setting CVar [[r.MeshStreaming:0]]
[2025.04.08-22.04.23:532][  0]LogConfig: Setting CVar [[r.WireframeCullThreshold:5.000000]]
[2025.04.08-22.04.23:532][  0]LogConfig: Setting CVar [[r.RayTracing:0]]
[2025.04.08-22.04.23:533][  0]LogConfig: Setting CVar [[r.RayTracing.UseTextureLod:0]]
[2025.04.08-22.04.23:533][  0]LogConfig: Setting CVar [[r.SupportStationarySkylight:1]]
[2025.04.08-22.04.23:533][  0]LogConfig: Setting CVar [[r.SupportLowQualityLightmaps:1]]
[2025.04.08-22.04.23:533][  0]LogConfig: Setting CVar [[r.SupportPointLightWholeSceneShadows:1]]
[2025.04.08-22.04.23:534][  0]LogConfig: Setting CVar [[r.SupportAtmosphericFog:1]]
[2025.04.08-22.04.23:534][  0]LogConfig: Setting CVar [[r.SupportSkyAtmosphere:1]]
[2025.04.08-22.04.23:535][  0]LogConfig: Setting CVar [[r.SupportSkyAtmosphereAffectsHeightFog:0]]
[2025.04.08-22.04.23:535][  0]LogConfig: Setting CVar [[r.SkinCache.CompileShaders:0]]
[2025.04.08-22.04.23:535][  0]LogConfig: Setting CVar [[r.SkinCache.DefaultBehavior:1]]
[2025.04.08-22.04.23:536][  0]LogConfig: Setting CVar [[r.SkinCache.SceneMemoryLimitInMB:128.000000]]
[2025.04.08-22.04.23:536][  0]LogConfig: Setting CVar [[r.Mobile.EnableStaticAndCSMShadowReceivers:1]]
[2025.04.08-22.04.23:536][  0]LogConfig: Setting CVar [[r.Mobile.EnableMovableLightCSMShaderCulling:1]]
[2025.04.08-22.04.23:537][  0]LogConfig: Setting CVar [[r.Mobile.AllowDistanceFieldShadows:1]]
[2025.04.08-22.04.23:537][  0]LogConfig: Setting CVar [[r.Mobile.AllowMovableDirectionalLights:1]]
[2025.04.08-22.04.23:537][  0]LogConfig: Setting CVar [[r.MobileNumDynamicPointLights:4]]
[2025.04.08-22.04.23:538][  0]LogConfig: Setting CVar [[r.MobileDynamicPointLightsUseStaticBranch:1]]
[2025.04.08-22.04.23:538][  0]LogConfig: Setting CVar [[r.Mobile.EnableMovableSpotlights:0]]
[2025.04.08-22.04.23:538][  0]LogConfig: Setting CVar [[r.Mobile.EnableMovableSpotlightsShadow:0]]
[2025.04.08-22.04.23:538][  0]LogConfig: Setting CVar [[r.GPUSkin.Support16BitBoneIndex:0]]
[2025.04.08-22.04.23:539][  0]LogConfig: Setting CVar [[r.GPUSkin.Limit2BoneInfluences:0]]
[2025.04.08-22.04.23:539][  0]LogConfig: Setting CVar [[r.SupportDepthOnlyIndexBuffers:1]]
[2025.04.08-22.04.23:539][  0]LogConfig: Setting CVar [[r.SupportReversedIndexBuffers:1]]
[2025.04.08-22.04.23:539][  0]LogConfig: Setting CVar [[r.LightPropagationVolume:0]]
[2025.04.08-22.04.23:540][  0]LogConfig: Setting CVar [[r.Mobile.AmbientOcclusion:0]]
[2025.04.08-22.04.23:540][  0]LogConfig: Setting CVar [[r.GPUSkin.UnlimitedBoneInfluences:0]]
[2025.04.08-22.04.23:540][  0]LogConfig: Setting CVar [[r.GPUSkin.UnlimitedBoneInfluencesThreshold:8]]
[2025.04.08-22.04.23:541][  0]LogConfig: Setting CVar [[r.Mobile.PlanarReflectionMode:0]]
[2025.04.08-22.04.23:541][  0]LogConfig: Setting CVar [[r.Mobile.SupportsGen4TAA:0]]
[2025.04.08-22.04.23:541][  0]LogConfig: Applying CVar settings from Section [/Script/Engine.RendererOverrideSettings] File [C:/Unreal Projects/Top-Down-Puzzle/TopDownPuzzle/Saved/Config/Windows/Engine.ini]
[2025.04.08-22.04.23:542][  0]LogConfig: Applying CVar settings from Section [/Script/Engine.StreamingSettings] File [C:/Unreal Projects/Top-Down-Puzzle/TopDownPuzzle/Saved/Config/Windows/Engine.ini]
[2025.04.08-22.04.23:543][  0]LogConfig: Setting CVar [[s.MinBulkDataSizeForAsyncLoading:131072]]
[2025.04.08-22.04.23:543][  0]LogConfig: Setting CVar [[s.AsyncLoadingThreadEnabled:0]]
[2025.04.08-22.04.23:543][  0]LogConfig: Setting CVar [[s.EventDrivenLoaderEnabled:1]]
[2025.04.08-22.04.23:544][  0]LogConfig: Setting CVar [[s.WarnIfTimeLimitExceeded:0]]
[2025.04.08-22.04.23:544][  0]LogConfig: Setting CVar [[s.TimeLimitExceededMultiplier:1.5]]
[2025.04.08-22.04.23:544][  0]LogConfig: Setting CVar [[s.TimeLimitExceededMinTime:0.005]]
[2025.04.08-22.04.23:545][  0]LogConfig: Setting CVar [[s.UseBackgroundLevelStreaming:1]]
[2025.04.08-22.04.23:545][  0]LogConfig: Setting CVar [[s.PriorityAsyncLoadingExtraTime:15.0]]
[2025.04.08-22.04.23:545][  0]LogConfig: Setting CVar [[s.LevelStreamingActorsUpdateTimeLimit:5.0]]
[2025.04.08-22.04.23:546][  0]LogConfig: Setting CVar [[s.PriorityLevelStreamingActorsUpdateExtraTime:5.0]]
[2025.04.08-22.04.23:546][  0]LogConfig: Setting CVar [[s.LevelStreamingComponentsRegistrationGranularity:10]]
[2025.04.08-22.04.23:546][  0]LogConfig: Setting CVar [[s.UnregisterComponentsTimeLimit:1.0]]
[2025.04.08-22.04.23:546][  0]LogConfig: Setting CVar [[s.LevelStreamingComponentsUnregistrationGranularity:5]]
[2025.04.08-22.04.23:547][  0]LogConfig: Setting CVar [[s.FlushStreamingOnExit:1]]
[2025.04.08-22.04.23:547][  0]LogConfig: Applying CVar settings from Section [/Script/Engine.GarbageCollectionSettings] File [C:/Unreal Projects/Top-Down-Puzzle/TopDownPuzzle/Saved/Config/Windows/Engine.ini]
[2025.04.08-22.04.23:547][  0]LogConfig: Setting CVar [[gc.MaxObjectsNotConsideredByGC:1]]
[2025.04.08-22.04.23:548][  0]LogConfig: Setting CVar [[gc.SizeOfPermanentObjectPool:0]]
[2025.04.08-22.04.23:548][  0]LogConfig: Setting CVar [[gc.FlushStreamingOnGC:0]]
[2025.04.08-22.04.23:548][  0]LogConfig: Setting CVar [[gc.NumRetriesBeforeForcingGC:10]]
[2025.04.08-22.04.23:549][  0]LogConfig: Setting CVar [[gc.AllowParallelGC:1]]
[2025.04.08-22.04.23:549][  0]LogConfig: Setting CVar [[gc.TimeBetweenPurgingPendingKillObjects:61.1]]
[2025.04.08-22.04.23:549][  0]LogConfig: Setting CVar [[gc.MaxObjectsInEditor:25165824]]
[2025.04.08-22.04.23:550][  0]LogConfig: Setting CVar [[gc.IncrementalBeginDestroyEnabled:1]]
[2025.04.08-22.04.23:550][  0]LogConfig: Setting CVar [[gc.CreateGCClusters:1]]
[2025.04.08-22.04.23:550][  0]LogConfig: Setting CVar [[gc.MinGCClusterSize:5]]
[2025.04.08-22.04.23:551][  0]LogConfig: Setting CVar [[gc.ActorClusteringEnabled:0]]
[2025.04.08-22.04.23:551][  0]LogConfig: Setting CVar [[gc.BlueprintClusteringEnabled:0]]
[2025.04.08-22.04.23:551][  0]LogConfig: Setting CVar [[gc.UseDisregardForGCOnDedicatedServers:0]]
[2025.04.08-22.04.23:552][  0]LogConfig: Setting CVar [[gc.MultithreadedDestructionEnabled:1]]
[2025.04.08-22.04.23:552][  0]LogConfig: Applying CVar settings from Section [/Script/Engine.NetworkSettings] File [C:/Unreal Projects/Top-Down-Puzzle/TopDownPuzzle/Saved/Config/Windows/Engine.ini]
[2025.04.08-22.04.23:552][  0]LogConfig: Applying CVar settings from Section [/Script/UnrealEd.CookerSettings] File [C:/Unreal Projects/Top-Down-Puzzle/TopDownPuzzle/Saved/Config/Windows/Engine.ini]
[2025.04.08-22.04.23:553][  0]LogConfig: Applying CVar settings from Section [ViewDistanceQuality@3] File [C:/Unreal Projects/Top-Down-Puzzle/TopDownPuzzle/Saved/Config/Windows/Scalability.ini]
[2025.04.08-22.04.23:553][  0]LogConfig: Setting CVar [[r.SkeletalMeshLODBias:0]]
[2025.04.08-22.04.23:553][  0]LogConfig: Setting CVar [[r.ViewDistanceScale:1.0]]
[2025.04.08-22.04.23:554][  0]LogConfig: Applying CVar settings from Section [AntiAliasingQuality@3] File [C:/Unreal Projects/Top-Down-Puzzle/TopDownPuzzle/Saved/Config/Windows/Scalability.ini]
[2025.04.08-22.04.23:554][  0]LogConfig: Setting CVar [[r.PostProcessAAQuality:4]]
[2025.04.08-22.04.23:554][  0]LogConfig: Applying CVar settings from Section [ShadowQuality@3] File [C:/Unreal Projects/Top-Down-Puzzle/TopDownPuzzle/Saved/Config/Windows/Scalability.ini]
[2025.04.08-22.04.23:555][  0]LogConfig: Setting CVar [[r.LightFunctionQuality:1]]
[2025.04.08-22.04.23:555][  0]LogConfig: Setting CVar [[r.ShadowQuality:5]]
[2025.04.08-22.04.23:555][  0]LogConfig: Setting CVar [[r.Shadow.CSM.MaxCascades:10]]
[2025.04.08-22.04.23:556][  0]LogConfig: Setting CVar [[r.Shadow.MaxResolution:2048]]
[2025.04.08-22.04.23:556][  0]LogConfig: Setting CVar [[r.Shadow.MaxCSMResolution:2048]]
[2025.04.08-22.04.23:556][  0]LogConfig: Setting CVar [[r.Shadow.RadiusThreshold:0.01]]
[2025.04.08-22.04.23:556][  0]LogConfig: Setting CVar [[r.Shadow.DistanceScale:1.0]]
[2025.04.08-22.04.23:557][  0]LogConfig: Setting CVar [[r.Shadow.CSM.TransitionScale:1.0]]
[2025.04.08-22.04.23:557][  0]LogConfig: Setting CVar [[r.Shadow.PreShadowResolutionFactor:1.0]]
[2025.04.08-22.04.23:557][  0]LogConfig: Setting CVar [[r.DistanceFieldShadowing:1]]
[2025.04.08-22.04.23:558][  0]LogConfig: Setting CVar [[r.DistanceFieldAO:1]]
[2025.04.08-22.04.23:559][  0]LogConfig: Setting CVar [[r.AOQuality:2]]
[2025.04.08-22.04.23:559][  0]LogConfig: Setting CVar [[r.VolumetricFog:1]]
[2025.04.08-22.04.23:560][  0]LogConfig: Setting CVar [[r.VolumetricFog.GridPixelSize:8]]
[2025.04.08-22.04.23:561][  0]LogConfig: Setting CVar [[r.VolumetricFog.GridSizeZ:128]]
[2025.04.08-22.04.23:561][  0]LogConfig: Setting CVar [[r.VolumetricFog.HistoryMissSupersampleCount:4]]
[2025.04.08-22.04.23:562][  0]LogConfig: Setting CVar [[r.LightMaxDrawDistanceScale:1]]
[2025.04.08-22.04.23:562][  0]LogConfig: Setting CVar [[r.CapsuleShadows:1]]
[2025.04.08-22.04.23:562][  0]LogConfig: Applying CVar settings from Section [PostProcessQuality@3] File [C:/Unreal Projects/Top-Down-Puzzle/TopDownPuzzle/Saved/Config/Windows/Scalability.ini]
[2025.04.08-22.04.23:563][  0]LogConfig: Setting CVar [[r.MotionBlurQuality:4]]
[2025.04.08-22.04.23:563][  0]LogConfig: Setting CVar [[r.AmbientOcclusionMipLevelFactor:0.4]]
[2025.04.08-22.04.23:563][  0]LogConfig: Setting CVar [[r.AmbientOcclusionMaxQuality:100]]
[2025.04.08-22.04.23:564][  0]LogConfig: Setting CVar [[r.AmbientOcclusionLevels:-1]]
[2025.04.08-22.04.23:564][  0]LogConfig: Setting CVar [[r.AmbientOcclusionRadiusScale:1.0]]
[2025.04.08-22.04.23:564][  0]LogConfig: Setting CVar [[r.DepthOfFieldQuality:2]]
[2025.04.08-22.04.23:565][  0]LogConfig: Setting CVar [[r.RenderTargetPoolMin:400]]
[2025.04.08-22.04.23:565][  0]LogConfig: Setting CVar [[r.LensFlareQuality:2]]
[2025.04.08-22.04.23:565][  0]LogConfig: Setting CVar [[r.SceneColorFringeQuality:1]]
[2025.04.08-22.04.23:566][  0]LogConfig: Setting CVar [[r.EyeAdaptationQuality:2]]
[2025.04.08-22.04.23:566][  0]LogConfig: Setting CVar [[r.BloomQuality:5]]
[2025.04.08-22.04.23:567][  0]LogConfig: Setting CVar [[r.FastBlurThreshold:100]]
[2025.04.08-22.04.23:567][  0]LogConfig: Setting CVar [[r.Upscale.Quality:3]]
[2025.04.08-22.04.23:568][  0]LogConfig: Setting CVar [[r.Tonemapper.GrainQuantization:1]]
[2025.04.08-22.04.23:568][  0]LogConfig: Setting CVar [[r.LightShaftQuality:1]]
[2025.04.08-22.04.23:568][  0]LogConfig: Setting CVar [[r.Filter.SizeScale:1]]
[2025.04.08-22.04.23:569][  0]LogConfig: Setting CVar [[r.Tonemapper.Quality:5]]
[2025.04.08-22.04.23:569][  0]LogConfig: Setting CVar [[r.DOF.Gather.AccumulatorQuality:1        ; higher gathering accumulator quality]]
[2025.04.08-22.04.23:569][  0]LogConfig: Setting CVar [[r.DOF.Gather.PostfilterMethod:1          ; Median3x3 postfilering method]]
[2025.04.08-22.04.23:570][  0]LogConfig: Setting CVar [[r.DOF.Gather.EnableBokehSettings:0       ; no bokeh simulation when gathering]]
[2025.04.08-22.04.23:570][  0]LogConfig: Setting CVar [[r.DOF.Gather.RingCount:4                 ; medium number of samples when gathering]]
[2025.04.08-22.04.23:571][  0]LogConfig: Setting CVar [[r.DOF.Scatter.ForegroundCompositing:1    ; additive foreground scattering]]
[2025.04.08-22.04.23:571][  0]LogConfig: Setting CVar [[r.DOF.Scatter.BackgroundCompositing:2    ; additive background scattering]]
[2025.04.08-22.04.23:571][  0]LogConfig: Setting CVar [[r.DOF.Scatter.EnableBokehSettings:1      ; bokeh simulation when scattering]]
[2025.04.08-22.04.23:572][  0]LogConfig: Setting CVar [[r.DOF.Scatter.MaxSpriteRatio:0.1         ; only a maximum of 10% of scattered bokeh]]
[2025.04.08-22.04.23:572][  0]LogConfig: Setting CVar [[r.DOF.Recombine.Quality:1                ; cheap slight out of focus]]
[2025.04.08-22.04.23:572][  0]LogConfig: Setting CVar [[r.DOF.Recombine.EnableBokehSettings:0    ; no bokeh simulation on slight out of focus]]
[2025.04.08-22.04.23:573][  0]LogConfig: Setting CVar [[r.DOF.TemporalAAQuality:1                ; more stable temporal accumulation]]
[2025.04.08-22.04.23:573][  0]LogConfig: Setting CVar [[r.DOF.Kernel.MaxForegroundRadius:0.025]]
[2025.04.08-22.04.23:574][  0]LogConfig: Setting CVar [[r.DOF.Kernel.MaxBackgroundRadius:0.025]]
[2025.04.08-22.04.23:575][  0]LogConfig: Applying CVar settings from Section [TextureQuality@3] File [C:/Unreal Projects/Top-Down-Puzzle/TopDownPuzzle/Saved/Config/Windows/Scalability.ini]
[2025.04.08-22.04.23:575][  0]LogConfig: Setting CVar [[r.Streaming.MipBias:0]]
[2025.04.08-22.04.23:576][  0]LogConfig: Setting CVar [[r.Streaming.AmortizeCPUToGPUCopy:0]]
[2025.04.08-22.04.23:576][  0]LogConfig: Setting CVar [[r.Streaming.MaxNumTexturesToStreamPerFrame:0]]
[2025.04.08-22.04.23:576][  0]LogConfig: Setting CVar [[r.Streaming.Boost:1]]
[2025.04.08-22.04.23:576][  0]LogConfig: Setting CVar [[r.MaxAnisotropy:8]]
[2025.04.08-22.04.23:577][  0]LogConfig: Setting CVar [[r.VT.MaxAnisotropy:8]]
[2025.04.08-22.04.23:577][  0]LogConfig: Setting CVar [[r.Streaming.LimitPoolSizeToVRAM:0]]
[2025.04.08-22.04.23:577][  0]LogConfig: Setting CVar [[r.Streaming.PoolSize:1000]]
[2025.04.08-22.04.23:578][  0]LogConfig: Setting CVar [[r.Streaming.MaxEffectiveScreenSize:0]]
[2025.04.08-22.04.23:578][  0]LogConfig: Applying CVar settings from Section [EffectsQuality@3] File [C:/Unreal Projects/Top-Down-Puzzle/TopDownPuzzle/Saved/Config/Windows/Scalability.ini]
[2025.04.08-22.04.23:578][  0]LogConfig: Setting CVar [[r.TranslucencyLightingVolumeDim:64]]
[2025.04.08-22.04.23:579][  0]LogConfig: Setting CVar [[r.RefractionQuality:2]]
[2025.04.08-22.04.23:579][  0]LogConfig: Setting CVar [[r.SSR.Quality:3]]
[2025.04.08-22.04.23:579][  0]LogConfig: Setting CVar [[r.SSR.HalfResSceneColor:0]]
[2025.04.08-22.04.23:579][  0]LogConfig: Setting CVar [[r.SceneColorFormat:4]]
[2025.04.08-22.04.23:579][  0]LogConfig: Setting CVar [[r.DetailMode:2]]
[2025.04.08-22.04.23:580][  0]LogConfig: Setting CVar [[r.TranslucencyVolumeBlur:1]]
[2025.04.08-22.04.23:580][  0]LogConfig: Setting CVar [[r.MaterialQualityLevel:1 ; High quality]]
[2025.04.08-22.04.23:580][  0]LogConfig: Setting CVar [[r.AnisotropicMaterials:1]]
[2025.04.08-22.04.23:581][  0]LogConfig: Setting CVar [[r.SSS.Scale:1]]
[2025.04.08-22.04.23:581][  0]LogConfig: Setting CVar [[r.SSS.SampleSet:2]]
[2025.04.08-22.04.23:582][  0]LogConfig: Setting CVar [[r.SSS.Quality:1]]
[2025.04.08-22.04.23:582][  0]LogConfig: Setting CVar [[r.SSS.HalfRes:0]]
[2025.04.08-22.04.23:583][  0]LogConfig: Setting CVar [[r.SSGI.Quality:3]]
[2025.04.08-22.04.23:583][  0]LogConfig: Setting CVar [[r.EmitterSpawnRateScale:1.0]]
[2025.04.08-22.04.23:583][  0]LogConfig: Setting CVar [[r.ParticleLightQuality:2]]
[2025.04.08-22.04.23:584][  0]LogConfig: Setting CVar [[r.SkyAtmosphere.AerialPerspectiveLUT.FastApplyOnOpaque:1 ; Always have FastSkyLUT 1 in this case to avoid wrong sky]]
[2025.04.08-22.04.23:584][  0]LogConfig: Setting CVar [[r.SkyAtmosphere.AerialPerspectiveLUT.SampleCountMaxPerSlice:4]]
[2025.04.08-22.04.23:584][  0]LogConfig: Setting CVar [[r.SkyAtmosphere.AerialPerspectiveLUT.DepthResolution:16.0]]
[2025.04.08-22.04.23:585][  0]LogConfig: Setting CVar [[r.SkyAtmosphere.FastSkyLUT:1]]
[2025.04.08-22.04.23:585][  0]LogConfig: Setting CVar [[r.SkyAtmosphere.FastSkyLUT.SampleCountMin:4.0]]
[2025.04.08-22.04.23:585][  0]LogConfig: Setting CVar [[r.SkyAtmosphere.FastSkyLUT.SampleCountMax:128.0]]
[2025.04.08-22.04.23:585][  0]LogConfig: Setting CVar [[r.SkyAtmosphere.SampleCountMin:4.0]]
[2025.04.08-22.04.23:586][  0]LogConfig: Setting CVar [[r.SkyAtmosphere.SampleCountMax:128.0]]
[2025.04.08-22.04.23:586][  0]LogConfig: Setting CVar [[r.SkyAtmosphere.TransmittanceLUT.UseSmallFormat:0]]
[2025.04.08-22.04.23:586][  0]LogConfig: Setting CVar [[r.SkyAtmosphere.TransmittanceLUT.SampleCount:10.0]]
[2025.04.08-22.04.23:587][  0]LogConfig: Setting CVar [[r.SkyAtmosphere.MultiScatteringLUT.SampleCount:15.0]]
[2025.04.08-22.04.23:587][  0]LogConfig: Setting CVar [[r.SkyLight.RealTimeReflectionCapture:1]]
[2025.04.08-22.04.23:587][  0]LogConfig: Applying CVar settings from Section [FoliageQuality@3] File [C:/Unreal Projects/Top-Down-Puzzle/TopDownPuzzle/Saved/Config/Windows/Scalability.ini]
[2025.04.08-22.04.23:587][  0]LogConfig: Setting CVar [[foliage.DensityScale:1.0]]
[2025.04.08-22.04.23:588][  0]LogConfig: Setting CVar [[grass.DensityScale:1.0]]
[2025.04.08-22.04.23:588][  0]LogConfig: Applying CVar settings from Section [ShadingQuality@3] File [C:/Unreal Projects/Top-Down-Puzzle/TopDownPuzzle/Saved/Config/Windows/Scalability.ini]
[2025.04.08-22.04.23:588][  0]LogConfig: Setting CVar [[r.HairStrands.SkyLighting.IntegrationType:2]]
[2025.04.08-22.04.23:589][  0]LogConfig: Setting CVar [[r.HairStrands.SkyAO.SampleCount:4]]
[2025.04.08-22.04.23:589][  0]LogConfig: Setting CVar [[r.HairStrands.Visibility.MSAA.SamplePerPixel:4]]
[2025.04.08-22.04.23:594][  0]LogInit: Selected Device Profile: [Windows]
[2025.04.08-22.04.23:595][  0]LogInit: Applying CVar settings loaded from the selected device profile: [Windows]
[2025.04.08-22.04.23:595][  0]LogHAL: Display: Platform has ~ 16 GB [17013329920 / 17179869184 / 16], which maps to Larger [LargestMinGB=32, LargerMinGB=12, DefaultMinGB=8, SmallerMinGB=6, SmallestMinGB=0)
[2025.04.08-22.04.23:595][  0]LogInit: Going up to parent DeviceProfile []
[2025.04.08-22.04.23:596][  0]LogConfig: Applying CVar settings from Section [ViewDistanceQuality@3] File [C:/Unreal Projects/Top-Down-Puzzle/TopDownPuzzle/Saved/Config/Windows/Scalability.ini]
[2025.04.08-22.04.23:596][  0]LogConfig: Setting CVar [[r.SkeletalMeshLODBias:0]]
[2025.04.08-22.04.23:596][  0]LogConfig: Setting CVar [[r.ViewDistanceScale:1.0]]
[2025.04.08-22.04.23:597][  0]LogConfig: Applying CVar settings from Section [AntiAliasingQuality@3] File [C:/Unreal Projects/Top-Down-Puzzle/TopDownPuzzle/Saved/Config/Windows/Scalability.ini]
[2025.04.08-22.04.23:597][  0]LogConfig: Setting CVar [[r.PostProcessAAQuality:4]]
[2025.04.08-22.04.23:598][  0]LogConfig: Applying CVar settings from Section [ShadowQuality@3] File [C:/Unreal Projects/Top-Down-Puzzle/TopDownPuzzle/Saved/Config/Windows/Scalability.ini]
[2025.04.08-22.04.23:599][  0]LogConfig: Setting CVar [[r.LightFunctionQuality:1]]
[2025.04.08-22.04.23:599][  0]LogConfig: Setting CVar [[r.ShadowQuality:5]]
[2025.04.08-22.04.23:599][  0]LogConfig: Setting CVar [[r.Shadow.CSM.MaxCascades:10]]
[2025.04.08-22.04.23:600][  0]LogConfig: Setting CVar [[r.Shadow.MaxResolution:2048]]
[2025.04.08-22.04.23:600][  0]LogConfig: Setting CVar [[r.Shadow.MaxCSMResolution:2048]]
[2025.04.08-22.04.23:600][  0]LogConfig: Setting CVar [[r.Shadow.RadiusThreshold:0.01]]
[2025.04.08-22.04.23:600][  0]LogConfig: Setting CVar [[r.Shadow.DistanceScale:1.0]]
[2025.04.08-22.04.23:600][  0]LogConfig: Setting CVar [[r.Shadow.CSM.TransitionScale:1.0]]
[2025.04.08-22.04.23:600][  0]LogConfig: Setting CVar [[r.Shadow.PreShadowResolutionFactor:1.0]]
[2025.04.08-22.04.23:601][  0]LogConfig: Setting CVar [[r.DistanceFieldShadowing:1]]
[2025.04.08-22.04.23:601][  0]LogConfig: Setting CVar [[r.DistanceFieldAO:1]]
[2025.04.08-22.04.23:601][  0]LogConfig: Setting CVar [[r.AOQuality:2]]
[2025.04.08-22.04.23:601][  0]LogConfig: Setting CVar [[r.VolumetricFog:1]]
[2025.04.08-22.04.23:602][  0]LogConfig: Setting CVar [[r.VolumetricFog.GridPixelSize:8]]
[2025.04.08-22.04.23:602][  0]LogConfig: Setting CVar [[r.VolumetricFog.GridSizeZ:128]]
[2025.04.08-22.04.23:602][  0]LogConfig: Setting CVar [[r.VolumetricFog.HistoryMissSupersampleCount:4]]
[2025.04.08-22.04.23:602][  0]LogConfig: Setting CVar [[r.LightMaxDrawDistanceScale:1]]
[2025.04.08-22.04.23:603][  0]LogConfig: Setting CVar [[r.CapsuleShadows:1]]
[2025.04.08-22.04.23:603][  0]LogConfig: Applying CVar settings from Section [PostProcessQuality@3] File [C:/Unreal Projects/Top-Down-Puzzle/TopDownPuzzle/Saved/Config/Windows/Scalability.ini]
[2025.04.08-22.04.23:603][  0]LogConfig: Setting CVar [[r.MotionBlurQuality:4]]
[2025.04.08-22.04.23:604][  0]LogConfig: Setting CVar [[r.AmbientOcclusionMipLevelFactor:0.4]]
[2025.04.08-22.04.23:604][  0]LogConfig: Setting CVar [[r.AmbientOcclusionMaxQuality:100]]
[2025.04.08-22.04.23:604][  0]LogConfig: Setting CVar [[r.AmbientOcclusionLevels:-1]]
[2025.04.08-22.04.23:604][  0]LogConfig: Setting CVar [[r.AmbientOcclusionRadiusScale:1.0]]
[2025.04.08-22.04.23:605][  0]LogConfig: Setting CVar [[r.DepthOfFieldQuality:2]]
[2025.04.08-22.04.23:605][  0]LogConfig: Setting CVar [[r.RenderTargetPoolMin:400]]
[2025.04.08-22.04.23:606][  0]LogConfig: Setting CVar [[r.LensFlareQuality:2]]
[2025.04.08-22.04.23:606][  0]LogConfig: Setting CVar [[r.SceneColorFringeQuality:1]]
[2025.04.08-22.04.23:606][  0]LogConfig: Setting CVar [[r.EyeAdaptationQuality:2]]
[2025.04.08-22.04.23:606][  0]LogConfig: Setting CVar [[r.BloomQuality:5]]
[2025.04.08-22.04.23:607][  0]LogConfig: Setting CVar [[r.FastBlurThreshold:100]]
[2025.04.08-22.04.23:607][  0]LogConfig: Setting CVar [[r.Upscale.Quality:3]]
[2025.04.08-22.04.23:607][  0]LogConfig: Setting CVar [[r.Tonemapper.GrainQuantization:1]]
[2025.04.08-22.04.23:608][  0]LogConfig: Setting CVar [[r.LightShaftQuality:1]]
[2025.04.08-22.04.23:608][  0]LogConfig: Setting CVar [[r.Filter.SizeScale:1]]
[2025.04.08-22.04.23:608][  0]LogConfig: Setting CVar [[r.Tonemapper.Quality:5]]
[2025.04.08-22.04.23:609][  0]LogConfig: Setting CVar [[r.DOF.Gather.AccumulatorQuality:1        ; higher gathering accumulator quality]]
[2025.04.08-22.04.23:609][  0]LogConfig: Setting CVar [[r.DOF.Gather.PostfilterMethod:1          ; Median3x3 postfilering method]]
[2025.04.08-22.04.23:609][  0]LogConfig: Setting CVar [[r.DOF.Gather.EnableBokehSettings:0       ; no bokeh simulation when gathering]]
[2025.04.08-22.04.23:609][  0]LogConfig: Setting CVar [[r.DOF.Gather.RingCount:4                 ; medium number of samples when gathering]]
[2025.04.08-22.04.23:610][  0]LogConfig: Setting CVar [[r.DOF.Scatter.ForegroundCompositing:1    ; additive foreground scattering]]
[2025.04.08-22.04.23:610][  0]LogConfig: Setting CVar [[r.DOF.Scatter.BackgroundCompositing:2    ; additive background scattering]]
[2025.04.08-22.04.23:611][  0]LogConfig: Setting CVar [[r.DOF.Scatter.EnableBokehSettings:1      ; bokeh simulation when scattering]]
[2025.04.08-22.04.23:611][  0]LogConfig: Setting CVar [[r.DOF.Scatter.MaxSpriteRatio:0.1         ; only a maximum of 10% of scattered bokeh]]
[2025.04.08-22.04.23:612][  0]LogConfig: Setting CVar [[r.DOF.Recombine.Quality:1                ; cheap slight out of focus]]
[2025.04.08-22.04.23:612][  0]LogConfig: Setting CVar [[r.DOF.Recombine.EnableBokehSettings:0    ; no bokeh simulation on slight out of focus]]
[2025.04.08-22.04.23:613][  0]LogConfig: Setting CVar [[r.DOF.TemporalAAQuality:1                ; more stable temporal accumulation]]
[2025.04.08-22.04.23:613][  0]LogConfig: Setting CVar [[r.DOF.Kernel.MaxForegroundRadius:0.025]]
[2025.04.08-22.04.23:613][  0]LogConfig: Setting CVar [[r.DOF.Kernel.MaxBackgroundRadius:0.025]]
[2025.04.08-22.04.23:614][  0]LogConfig: Applying CVar settings from Section [TextureQuality@3] File [C:/Unreal Projects/Top-Down-Puzzle/TopDownPuzzle/Saved/Config/Windows/Scalability.ini]
[2025.04.08-22.04.23:614][  0]LogConfig: Setting CVar [[r.Streaming.MipBias:0]]
[2025.04.08-22.04.23:614][  0]LogConfig: Setting CVar [[r.Streaming.AmortizeCPUToGPUCopy:0]]
[2025.04.08-22.04.23:614][  0]LogConfig: Setting CVar [[r.Streaming.MaxNumTexturesToStreamPerFrame:0]]
[2025.04.08-22.04.23:615][  0]LogConfig: Setting CVar [[r.Streaming.Boost:1]]
[2025.04.08-22.04.23:615][  0]LogConfig: Setting CVar [[r.MaxAnisotropy:8]]
[2025.04.08-22.04.23:615][  0]LogConfig: Setting CVar [[r.VT.MaxAnisotropy:8]]
[2025.04.08-22.04.23:616][  0]LogConfig: Setting CVar [[r.Streaming.LimitPoolSizeToVRAM:0]]
[2025.04.08-22.04.23:616][  0]LogConfig: Setting CVar [[r.Streaming.PoolSize:1000]]
[2025.04.08-22.04.23:616][  0]LogConfig: Setting CVar [[r.Streaming.MaxEffectiveScreenSize:0]]
[2025.04.08-22.04.23:616][  0]LogConfig: Applying CVar settings from Section [EffectsQuality@3] File [C:/Unreal Projects/Top-Down-Puzzle/TopDownPuzzle/Saved/Config/Windows/Scalability.ini]
[2025.04.08-22.04.23:617][  0]LogConfig: Setting CVar [[r.TranslucencyLightingVolumeDim:64]]
[2025.04.08-22.04.23:617][  0]LogConfig: Setting CVar [[r.RefractionQuality:2]]
[2025.04.08-22.04.23:617][  0]LogConfig: Setting CVar [[r.SSR.Quality:3]]
[2025.04.08-22.04.23:618][  0]LogConfig: Setting CVar [[r.SSR.HalfResSceneColor:0]]
[2025.04.08-22.04.23:618][  0]LogConfig: Setting CVar [[r.SceneColorFormat:4]]
[2025.04.08-22.04.23:618][  0]LogConfig: Setting CVar [[r.DetailMode:2]]
[2025.04.08-22.04.23:618][  0]LogConfig: Setting CVar [[r.TranslucencyVolumeBlur:1]]
[2025.04.08-22.04.23:619][  0]LogConfig: Setting CVar [[r.MaterialQualityLevel:1 ; High quality]]
[2025.04.08-22.04.23:619][  0]LogConfig: Setting CVar [[r.AnisotropicMaterials:1]]
[2025.04.08-22.04.23:619][  0]LogConfig: Setting CVar [[r.SSS.Scale:1]]
[2025.04.08-22.04.23:619][  0]LogConfig: Setting CVar [[r.SSS.SampleSet:2]]
[2025.04.08-22.04.23:620][  0]LogConfig: Setting CVar [[r.SSS.Quality:1]]
[2025.04.08-22.04.23:620][  0]LogConfig: Setting CVar [[r.SSS.HalfRes:0]]
[2025.04.08-22.04.23:620][  0]LogConfig: Setting CVar [[r.SSGI.Quality:3]]
[2025.04.08-22.04.23:620][  0]LogConfig: Setting CVar [[r.EmitterSpawnRateScale:1.0]]
[2025.04.08-22.04.23:622][  0]LogConfig: Setting CVar [[r.ParticleLightQuality:2]]
[2025.04.08-22.04.23:622][  0]LogConfig: Setting CVar [[r.SkyAtmosphere.AerialPerspectiveLUT.FastApplyOnOpaque:1 ; Always have FastSkyLUT 1 in this case to avoid wrong sky]]
[2025.04.08-22.04.23:622][  0]LogConfig: Setting CVar [[r.SkyAtmosphere.AerialPerspectiveLUT.SampleCountMaxPerSlice:4]]
[2025.04.08-22.04.23:622][  0]LogConfig: Setting CVar [[r.SkyAtmosphere.AerialPerspectiveLUT.DepthResolution:16.0]]
[2025.04.08-22.04.23:622][  0]LogConfig: Setting CVar [[r.SkyAtmosphere.FastSkyLUT:1]]
[2025.04.08-22.04.23:623][  0]LogConfig: Setting CVar [[r.SkyAtmosphere.FastSkyLUT.SampleCountMin:4.0]]
[2025.04.08-22.04.23:623][  0]LogConfig: Setting CVar [[r.SkyAtmosphere.FastSkyLUT.SampleCountMax:128.0]]
[2025.04.08-22.04.23:623][  0]LogConfig: Setting CVar [[r.SkyAtmosphere.SampleCountMin:4.0]]
[2025.04.08-22.04.23:624][  0]LogConfig: Setting CVar [[r.SkyAtmosphere.SampleCountMax:128.0]]
[2025.04.08-22.04.23:624][  0]LogConfig: Setting CVar [[r.SkyAtmosphere.TransmittanceLUT.UseSmallFormat:0]]
[2025.04.08-22.04.23:624][  0]LogConfig: Setting CVar [[r.SkyAtmosphere.TransmittanceLUT.SampleCount:10.0]]
[2025.04.08-22.04.23:625][  0]LogConfig: Setting CVar [[r.SkyAtmosphere.MultiScatteringLUT.SampleCount:15.0]]
[2025.04.08-22.04.23:625][  0]LogConfig: Setting CVar [[r.SkyLight.RealTimeReflectionCapture:1]]
[2025.04.08-22.04.23:625][  0]LogConfig: Applying CVar settings from Section [FoliageQuality@3] File [C:/Unreal Projects/Top-Down-Puzzle/TopDownPuzzle/Saved/Config/Windows/Scalability.ini]
[2025.04.08-22.04.23:625][  0]LogConfig: Setting CVar [[foliage.DensityScale:1.0]]
[2025.04.08-22.04.23:626][  0]LogConfig: Setting CVar [[grass.DensityScale:1.0]]
[2025.04.08-22.04.23:626][  0]LogConfig: Applying CVar settings from Section [ShadingQuality@3] File [C:/Unreal Projects/Top-Down-Puzzle/TopDownPuzzle/Saved/Config/Windows/Scalability.ini]
[2025.04.08-22.04.23:626][  0]LogConfig: Setting CVar [[r.HairStrands.SkyLighting.IntegrationType:2]]
[2025.04.08-22.04.23:627][  0]LogConfig: Setting CVar [[r.HairStrands.SkyAO.SampleCount:4]]
[2025.04.08-22.04.23:627][  0]LogConfig: Setting CVar [[r.HairStrands.Visibility.MSAA.SamplePerPixel:4]]
[2025.04.08-22.04.23:627][  0]LogConfig: Applying CVar settings from Section [Startup] File [../../../Engine/Config/ConsoleVariables.ini]
[2025.04.08-22.04.23:628][  0]LogConfig: Setting CVar [[net.UseAdaptiveNetUpdateFrequency:0]]
[2025.04.08-22.04.23:629][  0]LogConfig: Setting CVar [[p.chaos.AllowCreatePhysxBodies:1]]
[2025.04.08-22.04.23:629][  0]LogConfig: Setting CVar [[fx.SkipVectorVMBackendOptimizations:1]]
[2025.04.08-22.04.23:629][  0]LogConfig: Applying CVar settings from Section [ConsoleVariables] File [C:/Unreal Projects/Top-Down-Puzzle/TopDownPuzzle/Saved/Config/Windows/Engine.ini]
[2025.04.08-22.04.23:630][  0]LogConfig: Applying CVar settings from Section [ConsoleVariables] File [C:/Unreal Projects/Top-Down-Puzzle/TopDownPuzzle/Saved/Config/Windows/Editor.ini]
[2025.04.08-22.04.23:631][  0]LogInit: Computer: LAPTOP-EJ2DB2HV
[2025.04.08-22.04.23:632][  0]LogInit: User: patel
[2025.04.08-22.04.23:632][  0]LogInit: CPU Page size=4096, Cores=4
[2025.04.08-22.04.23:632][  0]LogInit: High frequency timer resolution =10.000000 MHz
[2025.04.08-22.04.23:633][  0]LogMemory: Memory total: Physical=15.8GB (16GB approx)
[2025.04.08-22.04.23:633][  0]LogMemory: Platform Memory Stats for Windows
[2025.04.08-22.04.23:633][  0]LogMemory: Process Physical Memory: 135.79 MB used, 135.79 MB peak
[2025.04.08-22.04.23:633][  0]LogMemory: Process Virtual Memory: 106.64 MB used, 106.64 MB peak
[2025.04.08-22.04.23:634][  0]LogMemory: Physical Memory: 10354.57 MB used,  5870.60 MB free, 16225.18 MB total
[2025.04.08-22.04.23:634][  0]LogMemory: Virtual Memory: 134203704.00 MB used,  14022.64 MB free, 134217728.00 MB total
[2025.04.08-22.04.23:643][  0]LogWindows: WindowsPlatformFeatures enabled
[2025.04.08-22.04.23:754][  0]LogInit: Physics initialised using underlying interface: PhysX
[2025.04.08-22.04.23:754][  0]LogInit: Using OS detected language (en-US).
[2025.04.08-22.04.23:755][  0]LogInit: Using OS detected locale (en-IN).
[2025.04.08-22.04.23:775][  0]LogTextLocalizationManager: No specific localization for 'en-US' exists, so the 'en' localization will be used.
[2025.04.08-22.04.25:095][  0]LogTargetPlatformManager: Display: Loaded TargetPlatform 'AllDesktop'
[2025.04.08-22.04.25:123][  0]LogTargetPlatformManager: Display: Loaded TargetPlatform 'Android'
[2025.04.08-22.04.25:123][  0]LogTargetPlatformManager: Display: Loaded TargetPlatform 'Android_ASTC'
[2025.04.08-22.04.25:124][  0]LogTargetPlatformManager: Display: Loaded TargetPlatform 'Android_DXT'
[2025.04.08-22.04.25:124][  0]LogTargetPlatformManager: Display: Loaded TargetPlatform 'Android_ETC2'
[2025.04.08-22.04.25:124][  0]LogTargetPlatformManager: Display: Loaded TargetPlatform 'AndroidClient'
[2025.04.08-22.04.25:125][  0]LogTargetPlatformManager: Display: Loaded TargetPlatform 'Android_ASTCClient'
[2025.04.08-22.04.25:125][  0]LogTargetPlatformManager: Display: Loaded TargetPlatform 'Android_DXTClient'
[2025.04.08-22.04.25:125][  0]LogTargetPlatformManager: Display: Loaded TargetPlatform 'Android_ETC2Client'
[2025.04.08-22.04.25:126][  0]LogTargetPlatformManager: Display: Loaded TargetPlatform 'Android_Multi'
[2025.04.08-22.04.25:126][  0]LogTargetPlatformManager: Display: Loaded TargetPlatform 'Android_MultiClient'
[2025.04.08-22.04.25:152][  0]LogTargetPlatformManager: Display: Loaded TargetPlatform 'IOSClient'
[2025.04.08-22.04.25:152][  0]LogTargetPlatformManager: Display: Loaded TargetPlatform 'IOS'
[2025.04.08-22.04.25:166][  0]LogTargetPlatformManager: Display: Loaded TargetPlatform 'Linux'
[2025.04.08-22.04.25:172][  0]LogTargetPlatformManager: Display: Loaded TargetPlatform 'LinuxNoEditor'
[2025.04.08-22.04.25:178][  0]LogTargetPlatformManager: Display: Loaded TargetPlatform 'LinuxClient'
[2025.04.08-22.04.25:185][  0]LogTargetPlatformManager: Display: Loaded TargetPlatform 'LinuxServer'
[2025.04.08-22.04.25:199][  0]LogTargetPlatformManager: Display: Loaded TargetPlatform 'LinuxAArch64NoEditor'
[2025.04.08-22.04.25:207][  0]LogTargetPlatformManager: Display: Loaded TargetPlatform 'LinuxAArch64Client'
[2025.04.08-22.04.25:213][  0]LogTargetPlatformManager: Display: Loaded TargetPlatform 'LinuxAArch64Server'
[2025.04.08-22.04.25:243][  0]LogTargetPlatformManager: Display: Loaded TargetPlatform 'Lumin'
[2025.04.08-22.04.25:244][  0]LogTargetPlatformManager: Display: Loaded TargetPlatform 'LuminClient'
[2025.04.08-22.04.25:255][  0]LogTargetPlatformManager: Display: Loaded TargetPlatform 'MacNoEditor'
[2025.04.08-22.04.25:262][  0]LogTargetPlatformManager: Display: Loaded TargetPlatform 'Mac'
[2025.04.08-22.04.25:269][  0]LogTargetPlatformManager: Display: Loaded TargetPlatform 'MacClient'
[2025.04.08-22.04.25:275][  0]LogTargetPlatformManager: Display: Loaded TargetPlatform 'MacServer'
[2025.04.08-22.04.25:288][  0]LogTargetPlatformManager: Display: Loaded TargetPlatform 'TVOSClient'
[2025.04.08-22.04.25:288][  0]LogTargetPlatformManager: Display: Loaded TargetPlatform 'TVOS'
[2025.04.08-22.04.25:302][  0]LogTargetPlatformManager: Display: Loaded TargetPlatform 'WindowsNoEditor'
[2025.04.08-22.04.25:310][  0]LogTargetPlatformManager: Display: Loaded TargetPlatform 'Windows'
[2025.04.08-22.04.25:318][  0]LogTargetPlatformManager: Display: Loaded TargetPlatform 'WindowsClient'
[2025.04.08-22.04.25:326][  0]LogTargetPlatformManager: Display: Loaded TargetPlatform 'WindowsServer'
[2025.04.08-22.04.25:326][  0]LogTargetPlatformManager: Display: Building Assets For Windows
[2025.04.08-22.04.25:344][  0]LogAudioDebug: Display: Lib vorbis DLL was dynamically loaded.
[2025.04.08-22.04.25:410][  0]LogTextureFormatOodle: Display: Oodle Texture 2.9.0 init RDO Off
[2025.04.08-22.04.25:497][  0]LogRendererCore: Ray tracing is disabled. Reason: r.RayTracing=0.
[2025.04.08-22.04.25:502][  0]LogDerivedDataCache: Display: Max Cache Size: 512 MB
[2025.04.08-22.04.25:595][  0]LogDerivedDataCache: Loaded boot cache 0.09s 103MB C:/Users/patel/AppData/Local/UnrealEngine/4.27/DerivedDataCache/Boot.ddc.
[2025.04.08-22.04.25:596][  0]LogDerivedDataCache: Display: Loaded Boot cache: C:/Users/patel/AppData/Local/UnrealEngine/4.27/DerivedDataCache/Boot.ddc
[2025.04.08-22.04.25:597][  0]LogDerivedDataCache: FDerivedDataBackendGraph:  Pak pak cache file ../../../../../../Unreal Projects/Top-Down-Puzzle/TopDownPuzzle/DerivedDataCache/DDC.ddp not found, will not use a pak cache.
[2025.04.08-22.04.25:597][  0]LogDerivedDataCache: Unable to find inner node Pak for hierarchical cache Hierarchy.
[2025.04.08-22.04.25:598][  0]LogDerivedDataCache: FDerivedDataBackendGraph:  CompressedPak pak cache file ../../../../../../Unreal Projects/Top-Down-Puzzle/TopDownPuzzle/DerivedDataCache/Compressed.ddp not found, will not use a pak cache.
[2025.04.08-22.04.25:598][  0]LogDerivedDataCache: Unable to find inner node CompressedPak for hierarchical cache Hierarchy.
[2025.04.08-22.04.25:619][  0]LogDerivedDataCache: Display: Pak cache opened for reading ../../../Engine/DerivedDataCache/Compressed.ddp.
[2025.04.08-22.04.25:619][  0]LogDerivedDataCache: FDerivedDataBackendGraph:  EnterprisePak pak cache file ../../../Enterprise/DerivedDataCache/Compressed.ddp not found, will not use a pak cache.
[2025.04.08-22.04.25:620][  0]LogDerivedDataCache: Unable to find inner node EnterprisePak for hierarchical cache Hierarchy.
[2025.04.08-22.04.25:653][  0]LogDerivedDataCache: Speed tests for C:/Users/patel/AppData/Local/UnrealEngine/Common/DerivedDataCache took 0.03 seconds
[2025.04.08-22.04.25:655][  0]LogDerivedDataCache: Display: Performance to C:/Users/patel/AppData/Local/UnrealEngine/Common/DerivedDataCache: Latency=0.33ms. RandomReadSpeed=234.03MBs, RandomWriteSpeed=37.68MBs. Assigned SpeedClass 'Local'
[2025.04.08-22.04.25:663][  0]LogDerivedDataCache: Using Local data cache path C:/Users/patel/AppData/Local/UnrealEngine/Common/DerivedDataCache: Writable
[2025.04.08-22.04.25:664][  0]LogDerivedDataCache: Shared data cache path not found in *engine.ini, will not use an Shared cache.
[2025.04.08-22.04.25:664][  0]LogDerivedDataCache: Unable to find inner node Shared for hierarchical cache Hierarchy.
[2025.04.08-22.04.25:680][  0]LogAssetRegistry: FAssetRegistry took 0.0021 seconds to start up
[2025.04.08-22.04.25:982][  0]LogInit: Selected Device Profile: [Windows]
[2025.04.08-22.04.25:982][  0]LogInit: Active device profile: [000001D849AC7E00][000001D847D53880 49] Windows
[2025.04.08-22.04.25:985][  0]LogInit: Profiles: [000001D849AC7E00][000001D847D53880 49] Windows, [000001D849A7C300][000001D847D61A00 49] WindowsNoEditor, [000001D849AC4300][000001D84808DB80 49] WindowsServer, [000001D849A7D600][000001D848090180 49] WindowsClient, [000001D849AC5500][000001D848094300 49] IOS, [000001D849A7E400][000001D848098480 49] iPadAir, [000001D849AC6300][000001D84809C600 49] iPadAir2, [000001D849A37D00][000001D8480AA8C0 49] IPadPro, [000001D849A37E00][000001D8480A0900 49] iPadAir3, [000001D849AC7900][000001D8480B4A80 49] iPadAir4, [000001D849A34800][000001D8480B8C00 49] iPadMini2, [000001D849AC4600][000001D8480BCD80 49] iPadMini3, [000001D849A36D00][000001D84D042F00 49] iPadMini4, [000001D849AC5100][000001D847D57040 49] iPadMini5, [000001D849A7B600][000001D84D04B280 49] iPhone6, [000001D849A7B700][000001D84D0472C0 49] iPodTouch6, [000001D849A36000][000001D84D057540 49] iPhone7, [000001D849A36100][000001D84D04F580 49] iPodTouch7, [000001D849A78700][000001D84D05B700 49] iPhone5S, [000001D849A34D00][000001D84D05F880 49] iPhone6Plus, [000001D849A79100][000001D84D063A00 49] iPhone6S, [000001D849A35A00][000001D84D067B80 49] iPhone6SPlus, [000001D849A7B400][000001D84D06A180 49] iPhone7Plus, [000001D849A36B00][000001D84D06E300 49] iPhoneSE, [000001D849A78D00][000001D84D072480 49] iPhone8, [000001D849A37F00][000001D84D076600 49] iPhone8Plus, [000001D849A7A700][000001D84D07A780 49] iPhoneX, [000001D849A36900][000001D84D07E900 49] iPhoneXS, [000001D849A78300][000001D84D082A80 49] iPhoneXSMax, [000001D849A35700][000001D84D086C00 49] iPhoneXR, [000001D849A79200][000001D84D08AD80 49] iPhone11, [000001D849A37A00][000001D84D08EF00 49] iPhone11Pro, [000001D849A78600][000001D84D093080 49] iPhone11ProMax, [000001D849A35B00][000001D84D0531C0 49] iPhoneSE2, [000001D849A7B800][000001D84D097300 49] iPhone12Mini, [000001D849A36A00][000001D84D09B440 49] iPhone12, [000001D849A78400][000001D84D09F580 49] iPhone12Pro, [000001D849A36400][000001D84D0A7700 49] iPhone12ProMax, [000001D849A78800][000001D84D0AB880 49] iPadPro105, [000001D849A36500][000001D84D0AFA00 49] iPadPro129, [000001D849A7B300][000001D84D0B3B80 49] iPadPro97, [000001D849A35D00][000001D84D0B6180 49] iPadPro2_129, [000001D849A78B00][000001D84D0BA300 49] iPad5, [000001D849A37000][000001D84D0BE480 49] iPad6, [000001D849A79C00][000001D84D0C2600 49] iPad7, [000001D849A34900][000001D84D0C6780 49] iPad8, [000001D849A78900][000001D84D0CA900 49] iPadPro11, [000001D849A37B00][000001D84D0CEA80 49] iPadPro2_11, [000001D849A79500][000001D84D0D2C00 49] iPadPro3_129, [000001D849A36700][000001D84D0D6D80 49] iPadPro4_129, [000001D849A7BC00][000001D84D0DAF00 49] AppleTV, [000001D849A36C00][000001D84D0DF080 49] AppleTV4K, [000001D849A79F00][000001D84D0E3200 49] TVOS, [000001D849A34300][000001D84D0E7380 49] Mac, [000001D849A7AF00][000001D84D0A34C0 49] MacClient, [000001D849A35500][000001D84D0EB600 49] MacNoEditor, [000001D849A7B900][000001D84D0EF740 49] MacServer, [000001D849A35300][000001D84D0F78C0 49] Linux, [000001D849A7A300][000001D84D0FBA40 49] LinuxAArch64, [000001D849A34F00][000001D84D0FFBC0 49] LinuxNoEditor, [000001D849A78200][000001D84D1021C0 49] LinuxAArch64NoEditor, [000001D849A34700][000001D84D106340 49] LinuxClient, [000001D849A79E00][000001D84D10A4C0 49] LinuxAArch64Client, [000001D849A7C900][000001D84D10E640 49] LinuxServer, [000001D849AF9600][000001D84D1127C0 49] LinuxAArch64Server, [000001D849A7D500][000001D84D116940 49] Android, [000001D849AF8800][000001D84D11AAC0 49] Android_Low, [000001D849A7D800][000001D84D11EC40 49] Android_Mid, [000001D849AFAD00][000001D84D122DC0 49] Android_High, [000001D849A7FD00][000001D84D126F40 49] Android_Default, [000001D849AFB300][000001D84D12B0C0 49] Android_Adreno4xx, [000001D849A7EF00][000001D84D12F240 49] Android_Adreno5xx_Low, [000001D849AF9500][000001D84D1333C0 49] Android_Adreno5xx, [000001D849A7EB00][000001D84D137540 49] Android_Adreno6xx, [000001D849AF9200][000001D84D0F3680 49] Android_Adreno6xx_Vulkan, [000001D849A7C700][000001D84D13B7C0 49] Android_Mali_T6xx, [000001D849AF8400][000001D84D13F900 49] Android_Mali_T7xx, [000001D849A7DC00][000001D84D143A40 49] Android_Mali_T8xx, [000001D849AFAE00][000001D84D14BBC0 49] Android_Mali_G71, [000001D849A7CA00][000001D84D14E1C0 49] Android_Mali_G72, [000001D849AF9100][000001D84D152340 49] Android_Mali_G72_Vulkan, [000001D849A7C200][000001D84D1564C0 49] Android_Mali_G76, [000001D849AF8B00][000001D84D15A640 49] Android_Mali_G76_Vulkan, [000001D849A7D900][000001D84D15E7C0 49] Android_Mali_G77, [000001D849AFA800][000001D84D162940 49] Android_Mali_G77_Vulkan, [000001D849A7A200][000001D84D166AC0 49] Android_Mali_G78, [000001D849AF9B00][000001D84D16AC40 49] Android_Mali_G78_Vulkan, [000001D849A7A500][000001D84D16EDC0 49] Android_Mali_G710, [000001D849AF8300][000001D84D172F40 49] Android_Mali_G710_Vulkan, [000001D849A7A600][000001D84D1770C0 49] Android_Vulkan_SM5, [000001D849AFAF00][000001D84D17B240 49] Android_PowerVR_G6xxx, [000001D849A7A100][000001D84D17F3C0 49] Android_PowerVR_GT7xxx, [000001D849AFA400][000001D84D183540 49] Android_PowerVR_GE8xxx, [000001D849A7A900][000001D84D1876C0 49] Android_PowerVR_GM9xxx, [000001D849AFB900][000001D84D147800 49] Android_PowerVR_GM9xxx_Vulkan, [000001D849A7BA00][000001D84D18B940 49] Android_TegraK1, [000001D849AF8A00][000001D84D18FA80 49] Android_Unknown_Vulkan, [000001D849A7BE00][000001D84D193BC0 49] Lumin, [000001D849AFA300][000001D84D19A1C0 49] Lumin_Desktop, [000001D849A79D00][000001D84D19E340 49] HoloLens, 
[2025.04.08-22.04.26:066][  0]LogMeshReduction: Using QuadricMeshReduction for automatic static mesh reduction
[2025.04.08-22.04.26:067][  0]LogMeshReduction: Using SimplygonMeshReduction for automatic skeletal mesh reduction
[2025.04.08-22.04.26:067][  0]LogMeshReduction: Using ProxyLODMeshReduction for automatic mesh merging
[2025.04.08-22.04.26:068][  0]LogMeshReduction: No distributed automatic mesh merging module available
[2025.04.08-22.04.26:068][  0]LogMeshMerging: No distributed automatic mesh merging module available
[2025.04.08-22.04.26:082][  0]LogNetVersion: TopDownPuzzle 1.0.0, NetCL: 17155196, EngineNetVer: 17, GameNetVer: 0 (Checksum: 565499533)
[2025.04.08-22.04.26:365][  0]LogHMD: PokeAHoleMaterial loaded successfully
[2025.04.08-22.04.26:578][  0]LogCollectionManager: Loaded 0 collections in 0.003417 seconds
[2025.04.08-22.04.26:583][  0]LogFileCache: Scanning file cache for directory 'C:/Unreal Projects/Top-Down-Puzzle/TopDownPuzzle/Saved/Collections/' took 0.00s
[2025.04.08-22.04.26:584][  0]LogFileCache: Scanning file cache for directory 'C:/Unreal Projects/Top-Down-Puzzle/TopDownPuzzle/Content/Developers/patel/Collections/' took 0.00s
[2025.04.08-22.04.26:585][  0]LogCollectionManager: Fixed up redirectors for 0 collections in 0.000002 seconds (updated 0 objects)
[2025.04.08-22.04.26:687][  0]LogFileCache: Scanning file cache for directory 'C:/Unreal Projects/Top-Down-Puzzle/TopDownPuzzle/Content/Collections/' took 0.00s
[2025.04.08-22.04.26:856][  0]LogNiagaraDebuggerClient: Niagara Debugger Client Initialized | Session: F2DB7B5C4D9891C87CE58F95CE3B5ABE | Instance: 87865B264ABCB212F3E813B3BC1C107F (LAPTOP-EJ2DB2HV-2264).
[2025.04.08-22.04.26:946][  0]LogPython: Using Python 3.7.7
[2025.04.08-22.04.28:608][  0]SourceControl: Source control is disabled
[2025.04.08-22.04.28:609][  0]SourceControl: Source control is disabled
[2025.04.08-22.04.28:620][  0]SourceControl: Source control is disabled
[2025.04.08-22.04.28:629][  0]SourceControl: Source control is disabled
[2025.04.08-22.04.28:637][  0]SourceControl: Source control is disabled
[2025.04.08-22.04.28:645][  0]LogUProjectInfo: Found projects:
[2025.04.08-22.04.29:080][  0]LogOpenImageDenoise: OIDN starting up
[2025.04.08-22.04.29:147][  0]LogAndroidPermission: UAndroidPermissionCallbackProxy::GetInstance
[2025.04.08-22.04.29:170][  0]LogAudioCaptureCore: Display: No Audio Capture implementations found. Audio input will be silent.
[2025.04.08-22.04.29:172][  0]LogAudioCaptureCore: Display: No Audio Capture implementations found. Audio input will be silent.
[2025.04.08-22.04.29:408][  0]LogOcInput: OculusInput pre-init called
[2025.04.08-22.04.29:464][  0]LogUObjectArray: 24154 objects as part of root set at end of initial load.
[2025.04.08-22.04.29:464][  0]LogUObjectAllocator: 6840720 out of 0 bytes used by permanent object pool.
[2025.04.08-22.04.29:465][  0]LogUObjectArray: CloseDisregardForGC: 0/0 objects in disregard for GC pool
[2025.04.08-22.04.29:465][  0]LogInit: Error: VSTestAdapterCommandlet looked like a commandlet, but we could not find the class.
[2025.04.08-22.04.29:465][  0]LogCore: Engine exit requested (reason: Failed to find commandlet class VSTestAdapterCommandlet)
[2025.04.08-22.04.29:466][  0]LogCore: Engine exit requested (reason: EngineExit() was called; note: exit was already requested)
[2025.04.08-22.04.29:467][  0]LogExit: Preparing to exit.
[2025.04.08-22.04.29:478][  0]LogUObjectHash: Compacting FUObjectHashTables data took   0.73ms
[2025.04.08-22.04.29:539][  0]LogDemo: Cleaned up 0 splitscreen connections with owner deletion
[2025.04.08-22.04.29:606][  0]LogExit: Object subsystem successfully closed.
[2025.04.08-22.04.29:663][  0]LogModuleManager: Shutting down and abandoning module AudioSynesthesiaEditor (596)
[2025.04.08-22.04.29:663][  0]LogModuleManager: Shutting down and abandoning module OculusEditor (594)
[2025.04.08-22.04.29:663][  0]LogModuleManager: Shutting down and abandoning module OculusInput (592)
[2025.04.08-22.04.29:664][  0]LogModuleManager: Shutting down and abandoning module ContentBrowserFileDataSource (590)
[2025.04.08-22.04.29:664][  0]LogModuleManager: Shutting down and abandoning module ContentBrowserClassDataSource (588)
[2025.04.08-22.04.29:664][  0]LogModuleManager: Shutting down and abandoning module ContentBrowserAssetDataSource (586)
[2025.04.08-22.04.29:665][  0]LogModuleManager: Shutting down and abandoning module ToolMenus (585)
[2025.04.08-22.04.29:665][  0]LogModuleManager: Shutting down and abandoning module AppleImageUtilsBlueprintSupport (582)
[2025.04.08-22.04.29:665][  0]LogModuleManager: Shutting down and abandoning module AppleImageUtils (580)
[2025.04.08-22.04.29:666][  0]LogModuleManager: Shutting down and abandoning module SynthesisEditor (578)
[2025.04.08-22.04.29:666][  0]LogModuleManager: Shutting down and abandoning module Synthesis (576)
[2025.04.08-22.04.29:667][  0]LogModuleManager: Shutting down and abandoning module ProceduralMeshComponentEditor (574)
[2025.04.08-22.04.29:667][  0]LogModuleManager: Shutting down and abandoning module ProceduralMeshComponent (572)
[2025.04.08-22.04.29:667][  0]LogModuleManager: Shutting down and abandoning module TakeSequencer (570)
[2025.04.08-22.04.29:667][  0]LogModuleManager: Shutting down and abandoning module TakeMovieScene (568)
[2025.04.08-22.04.29:668][  0]LogModuleManager: Shutting down and abandoning module ScreenshotTools (566)
[2025.04.08-22.04.29:668][  0]LogModuleManager: Shutting down and abandoning module OpenXREditor (564)
[2025.04.08-22.04.29:668][  0]LogModuleManager: Shutting down and abandoning module MobilePatchingUtils (562)
[2025.04.08-22.04.29:669][  0]LogModuleManager: Shutting down and abandoning module GooglePAD (560)
[2025.04.08-22.04.29:669][  0]LogModuleManager: Shutting down and abandoning module EditableMesh (558)
[2025.04.08-22.04.29:670][  0]LogModuleManager: Shutting down and abandoning module CustomMeshComponent (556)
[2025.04.08-22.04.29:670][  0]LogModuleManager: Shutting down and abandoning module CableComponent (554)
[2025.04.08-22.04.29:671][  0]LogModuleManager: Shutting down and abandoning module AudioCapture (552)
[2025.04.08-22.04.29:671][  0]LogModuleManager: Shutting down and abandoning module AudioCaptureRtAudio (551)
[2025.04.08-22.04.29:671][  0]LogModuleManager: Shutting down and abandoning module AssetTags (548)
[2025.04.08-22.04.29:672][  0]LogModuleManager: Shutting down and abandoning module ArchVisCharacter (546)
[2025.04.08-22.04.29:672][  0]LogModuleManager: Shutting down and abandoning module AndroidPermission (544)
[2025.04.08-22.04.29:672][  0]LogModuleManager: Shutting down and abandoning module ActorLayerUtilitiesEditor (542)
[2025.04.08-22.04.29:673][  0]LogModuleManager: Shutting down and abandoning module ActorLayerUtilities (540)
[2025.04.08-22.04.29:673][  0]LogModuleManager: Shutting down and abandoning module TemplateSequence (538)
[2025.04.08-22.04.29:673][  0]LogModuleManager: Shutting down and abandoning module MediaCompositing (536)
[2025.04.08-22.04.29:674][  0]LogModuleManager: Shutting down and abandoning module MagicLeapSharedWorld (534)
[2025.04.08-22.04.29:674][  0]LogModuleManager: Shutting down and abandoning module MagicLeapLightEstimation (532)
[2025.04.08-22.04.29:674][  0]LogModuleManager: Shutting down and abandoning module MagicLeapHelperVulkan (530)
[2025.04.08-22.04.29:675][  0]LogModuleManager: Shutting down and abandoning module MagicLeapHelperOpenGL (528)
[2025.04.08-22.04.29:675][  0]LogModuleManager: Shutting down and abandoning module MagicLeapAudio (526)
[2025.04.08-22.04.29:675][  0]LogModuleManager: Shutting down and abandoning module OpenImageDenoise (524)
[2025.04.08-22.04.29:676][  0]LogOpenImageDenoise: OIDN shutting down
[2025.04.08-22.04.29:676][  0]LogModuleManager: Shutting down and abandoning module MotoSynthEditor (522)
[2025.04.08-22.04.29:676][  0]LogModuleManager: Shutting down and abandoning module MotoSynth (520)
[2025.04.08-22.04.29:677][  0]LogModuleManager: Shutting down and abandoning module MeshConversion (518)
[2025.04.08-22.04.29:677][  0]LogModuleManager: Shutting down and abandoning module DynamicMesh (516)
[2025.04.08-22.04.29:678][  0]LogModuleManager: Shutting down and abandoning module GeometryAlgorithms (514)
[2025.04.08-22.04.29:679][  0]LogModuleManager: Shutting down and abandoning module GeometricObjects (512)
[2025.04.08-22.04.29:679][  0]LogModuleManager: Shutting down and abandoning module GeometryCollectionTracks (510)
[2025.04.08-22.04.29:680][  0]LogModuleManager: Shutting down and abandoning module GeometryCollectionSequencer (509)
[2025.04.08-22.04.29:680][  0]LogModuleManager: Shutting down and abandoning module GeometryCollectionEditor (506)
[2025.04.08-22.04.29:681][  0]LogModuleManager: Shutting down and abandoning module GeometryCacheTracks (504)
[2025.04.08-22.04.29:681][  0]LogModuleManager: Shutting down and abandoning module GeometryCacheStreamer (502)
[2025.04.08-22.04.29:681][  0]LogModuleManager: Shutting down and abandoning module GeometryCacheSequencer (500)
[2025.04.08-22.04.29:682][  0]LogModuleManager: Shutting down and abandoning module NiagaraEditorWidgets (498)
[2025.04.08-22.04.29:682][  0]LogModuleManager: Shutting down and abandoning module CryptoKeysOpenSSL (496)
[2025.04.08-22.04.29:683][  0]LogModuleManager: Shutting down and abandoning module CryptoKeys (494)
[2025.04.08-22.04.29:683][  0]LogModuleManager: Shutting down and abandoning module ChaosSolverEditor (492)
[2025.04.08-22.04.29:683][  0]LogModuleManager: Shutting down and abandoning module ChaosNiagara (490)
[2025.04.08-22.04.29:684][  0]LogModuleManager: Shutting down and abandoning module FractureEditor (488)
[2025.04.08-22.04.29:684][  0]LogModuleManager: Shutting down and abandoning module FieldSystemEngine (487)
[2025.04.08-22.04.29:685][  0]LogModuleManager: Shutting down and abandoning module ChaosClothEditor (484)
[2025.04.08-22.04.29:685][  0]LogModuleManager: Shutting down and abandoning module AutomationUtilsEditor (482)
[2025.04.08-22.04.29:685][  0]LogModuleManager: Shutting down and abandoning module AutomationUtils (480)
[2025.04.08-22.04.29:685][  0]LogModuleManager: Shutting down and abandoning module VariantManagerContentEditor (478)
[2025.04.08-22.04.29:686][  0]LogModuleManager: Shutting down and abandoning module AlembicImporter (476)
[2025.04.08-22.04.29:686][  0]LogModuleManager: Shutting down and abandoning module AlembicLibrary (475)
[2025.04.08-22.04.29:686][  0]LogModuleManager: Shutting down and abandoning module GeometryCache (474)
[2025.04.08-22.04.29:687][  0]LogModuleManager: Shutting down and abandoning module GeometryCacheEd (473)
[2025.04.08-22.04.29:687][  0]LogModuleManager: Shutting down and abandoning module DatasmithContentEditor (468)
[2025.04.08-22.04.29:687][  0]LogModuleManager: Shutting down and abandoning module SpeedTreeImporter (466)
[2025.04.08-22.04.29:688][  0]LogModuleManager: Shutting down and abandoning module PluginBrowser (464)
[2025.04.08-22.04.29:688][  0]LogModuleManager: Shutting down and abandoning module MobileLauncherProfileWizard (462)
[2025.04.08-22.04.29:689][  0]LogModuleManager: Shutting down and abandoning module MaterialAnalyzer (460)
[2025.04.08-22.04.29:689][  0]LogModuleManager: Shutting down and abandoning module VisualStudioCodeSourceCodeAccess (458)
[2025.04.08-22.04.29:690][  0]LogModuleManager: Shutting down and abandoning module CurveEditorTools (456)
[2025.04.08-22.04.29:690][  0]LogModuleManager: Shutting down and abandoning module PluginUtils (454)
[2025.04.08-22.04.29:690][  0]LogModuleManager: Shutting down and abandoning module UObjectPlugin (452)
[2025.04.08-22.04.29:690][  0]LogModuleManager: Shutting down and abandoning module VisualStudioSourceCodeAccess (450)
[2025.04.08-22.04.29:690][  0]LogModuleManager: Shutting down and abandoning module SubversionSourceControl (448)
[2025.04.08-22.04.29:692][  0]LogModuleManager: Shutting down and abandoning module PlasticSourceControl (446)
[2025.04.08-22.04.29:692][  0]LogModuleManager: Shutting down and abandoning module PerforceSourceControl (444)
[2025.04.08-22.04.29:693][  0]LogModuleManager: Shutting down and abandoning module GitSourceControl (442)
[2025.04.08-22.04.29:693][  0]LogModuleManager: Shutting down and abandoning module SourceControl (441)
[2025.04.08-22.04.29:693][  0]LogModuleManager: Shutting down and abandoning module CLionSourceCodeAccess (438)
[2025.04.08-22.04.29:694][  0]LogModuleManager: Shutting down and abandoning module AnimationSharingEd (436)
[2025.04.08-22.04.29:694][  0]LogModuleManager: Shutting down and abandoning module OodleNetworkHandlerComponent (434)
[2025.04.08-22.04.29:694][  0]LogModuleManager: Shutting down and abandoning module LiveLinkSequencer (432)
[2025.04.08-22.04.29:695][  0]LogModuleManager: Shutting down and abandoning module LiveLinkMovieScene (430)
[2025.04.08-22.04.29:695][  0]LogModuleManager: Shutting down and abandoning module LiveLinkGraphNode (428)
[2025.04.08-22.04.29:695][  0]LogModuleManager: Shutting down and abandoning module LiveLinkEditor (426)
[2025.04.08-22.04.29:696][  0]LogModuleManager: Shutting down and abandoning module LiveLinkComponents (424)
[2025.04.08-22.04.29:696][  0]LogModuleManager: Shutting down and abandoning module LiveLink (422)
[2025.04.08-22.04.30:466][  0]LogModuleManager: Shutting down and abandoning module LightPropagationVolumeEditor (420)
[2025.04.08-22.04.30:466][  0]LogModuleManager: Shutting down and abandoning module PaperTiledImporter (418)
[2025.04.08-22.04.30:467][  0]LogModuleManager: Shutting down and abandoning module PaperSpriteSheetImporter (416)
[2025.04.08-22.04.30:467][  0]LogModuleManager: Shutting down and abandoning module Paper2DEditor (414)
[2025.04.08-22.04.30:468][  0]LogModuleManager: Shutting down and abandoning module MeshPaintingToolset (412)
[2025.04.08-22.04.30:469][  0]LogModuleManager: Shutting down and abandoning module MeshPaintEditorMode (410)
[2025.04.08-22.04.30:469][  0]LogModuleManager: Shutting down and abandoning module TopDownPuzzle (408)
[2025.04.08-22.04.30:469][  0]LogModuleManager: Shutting down and abandoning module AnimGraph (407)
[2025.04.08-22.04.30:470][  0]LogModuleManager: Shutting down and abandoning module PropertyAccessEditor (404)
[2025.04.08-22.04.30:470][  0]LogModuleManager: Shutting down and abandoning module SoundFields (402)
[2025.04.08-22.04.30:470][  0]LogModuleManager: Shutting down and abandoning module SignificanceManager (400)
[2025.04.08-22.04.30:471][  0]LogModuleManager: Shutting down and abandoning module RuntimePhysXCooking (398)
[2025.04.08-22.04.30:471][  0]LogModuleManager: Shutting down and abandoning module PhysXVehiclesEditor (396)
[2025.04.08-22.04.30:471][  0]LogModuleManager: Shutting down and abandoning module LocationServicesBPLibrary (392)
[2025.04.08-22.04.30:473][  0]LogModuleManager: Shutting down and abandoning module AudioSynesthesia (390)
[2025.04.08-22.04.30:473][  0]LogModuleManager: Shutting down and abandoning module AudioSynesthesiaCore (388)
[2025.04.08-22.04.30:474][  0]LogModuleManager: Shutting down and abandoning module ActorSequence (386)
[2025.04.08-22.04.30:474][  0]LogModuleManager: Shutting down and abandoning module UdpMessaging (384)
[2025.04.08-22.04.30:474][  0]LogModuleManager: Shutting down and abandoning module TcpMessaging (382)
[2025.04.08-22.04.30:475][  0]LogModuleManager: Shutting down and abandoning module MagicLeapARPin (380)
[2025.04.08-22.04.30:475][  0]LogModuleManager: Shutting down and abandoning module MagicLeapHandMeshing (378)
[2025.04.08-22.04.30:475][  0]LogModuleManager: Shutting down and abandoning module MagicLeapSecureStorage (376)
[2025.04.08-22.04.30:476][  0]LogModuleManager: Shutting down and abandoning module MagicLeapPrivileges (374)
[2025.04.08-22.04.30:476][  0]LogModuleManager: Shutting down and abandoning module MagicLeapPlanes (372)
[2025.04.08-22.04.30:476][  0]LogMagicLeapPlanes: Planes tracker already destroyed.
[2025.04.08-22.04.30:477][  0]LogModuleManager: Shutting down and abandoning module MagicLeapImageTracker (370)
[2025.04.08-22.04.30:477][  0]LogModuleManager: Shutting down and abandoning module MagicLeapIdentity (368)
[2025.04.08-22.04.30:477][  0]LogModuleManager: Shutting down and abandoning module MagicLeapHandTracking (366)
[2025.04.08-22.04.30:478][  0]LogModuleManager: Shutting down and abandoning module MagicLeapEyeTracker (364)
[2025.04.08-22.04.30:478][  0]LogModuleManager: Shutting down and abandoning module MagicLeapController (362)
[2025.04.08-22.04.30:478][  0]LogModuleManager: Shutting down and abandoning module MagicLeapARPinImpl (360)
[2025.04.08-22.04.30:479][  0]LogModuleManager: Shutting down and abandoning module MagicLeapAR (358)
[2025.04.08-22.04.30:479][  0]LogModuleManager: Shutting down and abandoning module PythonScriptPlugin (356)
[2025.04.08-22.04.30:479][  0]LogModuleManager: Shutting down and abandoning module NiagaraAnimNotifies (354)
[2025.04.08-22.04.30:480][  0]LogModuleManager: Shutting down and abandoning module Niagara (352)
[2025.04.08-22.04.30:480][  0]LogModuleManager: Shutting down and abandoning module SignalProcessing (351)
[2025.04.08-22.04.30:481][  0]LogModuleManager: Shutting down and abandoning module NiagaraEditor (349)
[2025.04.08-22.04.30:481][  0]LogModuleManager: Shutting down and abandoning module NiagaraCore (346)
[2025.04.08-22.04.30:481][  0]LogModuleManager: Shutting down and abandoning module FacialAnimationEditor (344)
[2025.04.08-22.04.30:482][  0]LogModuleManager: Shutting down and abandoning module FacialAnimation (342)
[2025.04.08-22.04.30:482][  0]LogModuleManager: Shutting down and abandoning module GameplayTagsEditor (340)
[2025.04.08-22.04.30:482][  0]LogModuleManager: Shutting down and abandoning module DataValidation (338)
[2025.04.08-22.04.30:483][  0]LogModuleManager: Shutting down and abandoning module GameplayCameras (336)
[2025.04.08-22.04.30:483][  0]LogModuleManager: Shutting down and abandoning module AssetManagerEditor (334)
[2025.04.08-22.04.30:483][  0]LogModuleManager: Shutting down and abandoning module TreeMap (333)
[2025.04.08-22.04.30:484][  0]LogModuleManager: Shutting down and abandoning module PropertyAccessNode (330)
[2025.04.08-22.04.30:484][  0]LogModuleManager: Shutting down and abandoning module AnimationSharing (328)
[2025.04.08-22.04.30:484][  0]LogModuleManager: Shutting down and abandoning module LightPropagationVolumeRuntime (326)
[2025.04.08-22.04.30:485][  0]LogModuleManager: Shutting down and abandoning module EnvironmentQueryEditor (324)
[2025.04.08-22.04.30:485][  0]LogModuleManager: Shutting down and abandoning module Paper2D (322)
[2025.04.08-22.04.30:486][  0]LogModuleManager: Shutting down and abandoning module NetworkReplayStreaming (320)
[2025.04.08-22.04.30:486][  0]LogModuleManager: Shutting down and abandoning module PacketHandler (318)
[2025.04.08-22.04.30:486][  0]LogModuleManager: Shutting down and abandoning module ClothingSystemEditor (316)
[2025.04.08-22.04.30:487][  0]LogModuleManager: Shutting down and abandoning module ClothingSystemRuntimeNv (314)
[2025.04.08-22.04.30:487][  0]LogModuleManager: Shutting down and abandoning module MediaAssets (312)
[2025.04.08-22.04.30:489][  0]LogModuleManager: Shutting down and abandoning module Overlay (310)
[2025.04.08-22.04.30:490][  0]LogModuleManager: Shutting down and abandoning module OverlayEditor (309)
[2025.04.08-22.04.30:490][  0]LogModuleManager: Shutting down and abandoning module Blutility (306)
[2025.04.08-22.04.30:491][  0]LogModuleManager: Shutting down and abandoning module LevelEditor (305)
[2025.04.08-22.04.30:493][  0]LogModuleManager: Shutting down and abandoning module PixelInspectorModule (304)
[2025.04.08-22.04.30:494][  0]LogModuleManager: Shutting down and abandoning module CommonMenuExtensions (302)
[2025.04.08-22.04.30:494][  0]LogModuleManager: Shutting down and abandoning module MainFrame (300)
[2025.04.08-22.04.30:495][  0]LogModuleManager: Shutting down and abandoning module HotReload (299)
[2025.04.08-22.04.30:496][  0]LogModuleManager: Shutting down and abandoning module ContentBrowser (295)
[2025.04.08-22.04.30:497][  0]LogModuleManager: Shutting down and abandoning module CollectionManager (294)
[2025.04.08-22.04.30:498][  0]LogModuleManager: Shutting down and abandoning module ContentBrowserData (292)
[2025.04.08-22.04.30:499][  0]LogModuleManager: Shutting down and abandoning module IntroTutorials (288)
[2025.04.08-22.04.30:500][  0]LogModuleManager: Shutting down and abandoning module VREditor (286)
[2025.04.08-22.04.30:502][  0]LogModuleManager: Shutting down and abandoning module StringTableEditor (284)
[2025.04.08-22.04.30:503][  0]LogModuleManager: Shutting down and abandoning module GameplayTasksEditor (282)
[2025.04.08-22.04.30:506][  0]LogModuleManager: Shutting down and abandoning module BehaviorTreeEditor (280)
[2025.04.08-22.04.30:508][  0]LogModuleManager: Shutting down and abandoning module FunctionalTesting (278)
[2025.04.08-22.04.30:509][  0]LogModuleManager: Shutting down and abandoning module CollisionAnalyzer (276)
[2025.04.08-22.04.30:509][  0]LogModuleManager: Shutting down and abandoning module WorkspaceMenuStructure (275)
[2025.04.08-22.04.30:510][  0]LogModuleManager: Shutting down and abandoning module UMG (272)
[2025.04.08-22.04.30:510][  0]LogModuleManager: Shutting down and abandoning module UMGEditor (271)
[2025.04.08-22.04.30:510][  0]LogModuleManager: Shutting down and abandoning module MessageLog (269)
[2025.04.08-22.04.30:511][  0]LogModuleManager: Shutting down and abandoning module SlateReflector (264)
[2025.04.08-22.04.30:512][  0]LogModuleManager: Shutting down and abandoning module Slate (262)
[2025.04.08-22.04.30:512][  0]LogModuleManager: Shutting down and abandoning module SlateCore (260)
[2025.04.08-22.04.30:514][  0]LogModuleManager: Shutting down and abandoning module LandscapeEditorUtilities (258)
[2025.04.08-22.04.30:514][  0]LogModuleManager: Shutting down and abandoning module UnrealEd (256)
[2025.04.08-22.04.30:515][  0]LogModuleManager: Shutting down and abandoning module MRMesh (254)
[2025.04.08-22.04.30:515][  0]LogModuleManager: Shutting down and abandoning module SourceCodeAccess (252)
[2025.04.08-22.04.30:516][  0]LogModuleManager: Shutting down and abandoning module HeadMountedDisplay (250)
[2025.04.08-22.04.30:516][  0]LogModuleManager: Shutting down and abandoning module XAudio2 (248)
[2025.04.08-22.04.30:517][  0]LogModuleManager: Shutting down and abandoning module Networking (246)
[2025.04.08-22.04.30:517][  0]LogModuleManager: Shutting down and abandoning module Core (244)
[2025.04.08-22.04.30:517][  0]LogModuleManager: Shutting down and abandoning module MaterialEditor (242)
[2025.04.08-22.04.30:518][  0]LogModuleManager: Shutting down and abandoning module Settings (241)
[2025.04.08-22.04.30:519][  0]LogModuleManager: Shutting down and abandoning module MovieSceneTools (238)
[2025.04.08-22.04.30:520][  0]LogModuleManager: Shutting down and abandoning module CurveEditor (237)
[2025.04.08-22.04.30:520][  0]LogModuleManager: Shutting down and abandoning module Sequencer (235)
[2025.04.08-22.04.30:520][  0]LogModuleManager: Shutting down and abandoning module EditorStyle (234)
[2025.04.08-22.04.30:523][  0]LogModuleManager: Shutting down and abandoning module KismetCompiler (230)
[2025.04.08-22.04.30:523][  0]LogModuleManager: Shutting down and abandoning module MeshBuilder (228)
[2025.04.08-22.04.30:524][  0]LogModuleManager: Shutting down and abandoning module MeshUtilities (226)
[2025.04.08-22.04.30:524][  0]LogModuleManager: Shutting down and abandoning module MeshMergeUtilities (225)
[2025.04.08-22.04.30:525][  0]LogModuleManager: Shutting down and abandoning module MeshReductionInterface (224)
[2025.04.08-22.04.30:526][  0]LogModuleManager: Shutting down and abandoning module MeshBoneReduction (223)
[2025.04.08-22.04.30:526][  0]LogModuleManager: Shutting down and abandoning module SkeletalMeshReduction (221)
[2025.04.08-22.04.30:527][  0]LogModuleManager: Shutting down and abandoning module ProxyLODMeshReduction (219)
[2025.04.08-22.04.30:527][  0]LogModuleManager: Shutting down and abandoning module QuadricMeshReduction (217)
[2025.04.08-22.04.30:527][  0]LogModuleManager: Shutting down and abandoning module MaterialBaking (213)
[2025.04.08-22.04.30:528][  0]LogModuleManager: Shutting down and abandoning module DirectoryWatcher (209)
[2025.04.08-22.04.30:528][  0]LogModuleManager: Shutting down and abandoning module NullInstallBundleManager (206)
[2025.04.08-22.04.30:528][  0]LogModuleManager: Shutting down and abandoning module DerivedDataCache (204)
[2025.04.08-22.04.30:529][  0]LogModuleManager: Shutting down and abandoning module TargetPlatform (202)
[2025.04.08-22.04.30:529][  0]LogModuleManager: Shutting down and abandoning module VulkanShaderFormat (201)
[2025.04.08-22.04.30:530][  0]LogModuleManager: Shutting down and abandoning module ShaderFormatVectorVM (199)
[2025.04.08-22.04.30:530][  0]LogModuleManager: Shutting down and abandoning module ShaderFormatOpenGL (197)
[2025.04.08-22.04.30:530][  0]LogModuleManager: Shutting down and abandoning module ShaderFormatD3D (195)
[2025.04.08-22.04.30:531][  0]LogModuleManager: Shutting down and abandoning module MetalShaderFormat (193)
[2025.04.08-22.04.30:531][  0]LogModuleManager: Shutting down and abandoning module TextureFormatOodle (191)
[2025.04.08-22.04.30:531][  0]LogModuleManager: Shutting down and abandoning module TextureFormatUncompressed (189)
[2025.04.08-22.04.30:532][  0]LogModuleManager: Shutting down and abandoning module TextureFormatPVR (187)
[2025.04.08-22.04.30:532][  0]LogModuleManager: Shutting down and abandoning module TextureFormatETC2 (185)
[2025.04.08-22.04.30:532][  0]LogModuleManager: Shutting down and abandoning module TextureFormatDXT (183)
[2025.04.08-22.04.30:532][  0]LogModuleManager: Shutting down and abandoning module TextureFormatIntelISPCTexComp (181)
[2025.04.08-22.04.30:533][  0]LogModuleManager: Shutting down and abandoning module TextureFormatASTC (179)
[2025.04.08-22.04.30:533][  0]LogModuleManager: Shutting down and abandoning module ImageWrapper (178)
[2025.04.08-22.04.30:533][  0]LogModuleManager: Shutting down and abandoning module AudioFormatOpus (175)
[2025.04.08-22.04.30:534][  0]LogModuleManager: Shutting down and abandoning module AudioFormatOgg (173)
[2025.04.08-22.04.30:534][  0]LogModuleManager: Shutting down and abandoning module AudioFormatADPCM (171)
[2025.04.08-22.04.30:534][  0]LogModuleManager: Shutting down and abandoning module WindowsServerTargetPlatform (169)
[2025.04.08-22.04.30:535][  0]LogModuleManager: Shutting down and abandoning module WindowsClientTargetPlatform (167)
[2025.04.08-22.04.30:535][  0]LogModuleManager: Shutting down and abandoning module WindowsTargetPlatform (165)
[2025.04.08-22.04.30:535][  0]LogModuleManager: Shutting down and abandoning module WindowsNoEditorTargetPlatform (163)
[2025.04.08-22.04.30:536][  0]LogModuleManager: Shutting down and abandoning module TVOSTargetPlatform (161)
[2025.04.08-22.04.30:537][  0]LogModuleManager: Shutting down and abandoning module MacServerTargetPlatform (159)
[2025.04.08-22.04.30:537][  0]LogModuleManager: Shutting down and abandoning module MacClientTargetPlatform (157)
[2025.04.08-22.04.30:537][  0]LogModuleManager: Shutting down and abandoning module MacTargetPlatform (155)
[2025.04.08-22.04.30:538][  0]LogModuleManager: Shutting down and abandoning module MacNoEditorTargetPlatform (153)
[2025.04.08-22.04.30:538][  0]LogModuleManager: Shutting down and abandoning module LuminTargetPlatform (151)
[2025.04.08-22.04.30:539][  0]LogModuleManager: Shutting down and abandoning module LinuxAArch64ServerTargetPlatform (149)
[2025.04.08-22.04.30:539][  0]LogModuleManager: Shutting down and abandoning module LinuxAArch64ClientTargetPlatform (147)
[2025.04.08-22.04.30:539][  0]LogModuleManager: Shutting down and abandoning module LinuxAArch64NoEditorTargetPlatform (145)
[2025.04.08-22.04.30:540][  0]LogModuleManager: Shutting down and abandoning module LinuxServerTargetPlatform (143)
[2025.04.08-22.04.30:540][  0]LogModuleManager: Shutting down and abandoning module LinuxClientTargetPlatform (141)
[2025.04.08-22.04.30:540][  0]LogModuleManager: Shutting down and abandoning module LinuxNoEditorTargetPlatform (139)
[2025.04.08-22.04.30:540][  0]LogModuleManager: Shutting down and abandoning module LinuxTargetPlatform (137)
[2025.04.08-22.04.30:540][  0]LogModuleManager: Shutting down and abandoning module Messaging (135)
[2025.04.08-22.04.30:542][  0]LogModuleManager: Shutting down and abandoning module IOSTargetPlatform (133)
[2025.04.08-22.04.30:542][  0]LogModuleManager: Shutting down and abandoning module AndroidTargetPlatform (131)
[2025.04.08-22.04.30:546][  0]LogModuleManager: Shutting down and abandoning module AllDesktopTargetPlatform (129)
[2025.04.08-22.04.30:546][  0]LogModuleManager: Shutting down and abandoning module NullDrv (126)
[2025.04.08-22.04.30:546][  0]LogModuleManager: Shutting down and abandoning module PhysXCooking (124)
[2025.04.08-22.04.30:547][  0]LogModuleManager: Shutting down and abandoning module Chaos (122)
[2025.04.08-22.04.30:547][  0]LogModuleManager: Shutting down and abandoning module WindowsPlatformFeatures (120)
[2025.04.08-22.04.30:548][  0]LogModuleManager: Shutting down and abandoning module GameplayMediaEncoder (119)
[2025.04.08-22.04.30:548][  0]LogModuleManager: Shutting down and abandoning module AVEncoder (118)
[2025.04.08-22.04.30:548][  0]LogModuleManager: Shutting down and abandoning module ExampleDeviceProfileSelector (114)
[2025.04.08-22.04.30:548][  0]LogModuleManager: Shutting down and abandoning module SteamVRInputDevice (112)
[2025.04.08-22.04.30:549][  0]LogModuleManager: Shutting down and abandoning module SteamVRInput (110)
[2025.04.08-22.04.30:549][  0]LogModuleManager: Shutting down and abandoning module SteamVR (108)
[2025.04.08-22.04.30:549][  0]LogHMD: Freeing OpenVRDLLHandle.
[2025.04.08-22.04.30:550][  0]LogModuleManager: Shutting down and abandoning module OculusHMD (106)
[2025.04.08-22.04.30:550][  0]LogModuleManager: Shutting down and abandoning module OpenXRHandTracking (104)
[2025.04.08-22.04.30:550][  0]LogModuleManager: Shutting down and abandoning module OpenXREyeTracker (102)
[2025.04.08-22.04.30:551][  0]LogModuleManager: Shutting down and abandoning module OpenXRAR (100)
[2025.04.08-22.04.30:551][  0]LogModuleManager: Shutting down and abandoning module AugmentedReality (99)
[2025.04.08-22.04.30:551][  0]LogModuleManager: Shutting down and abandoning module OpenXRHMD (96)
[2025.04.08-22.04.30:552][  0]LogModuleManager: Shutting down and abandoning module ChunkDownloader (94)
[2025.04.08-22.04.30:552][  0]LogModuleManager: Shutting down and abandoning module LauncherChunkInstaller (92)
[2025.04.08-22.04.30:552][  0]LogModuleManager: Shutting down and abandoning module OnlineBlueprintSupport (90)
[2025.04.08-22.04.30:553][  0]LogModuleManager: Shutting down and abandoning module OnlineSubsystem (86)
[2025.04.08-22.04.30:555][  0]LogModuleManager: Shutting down and abandoning module XMPP (81)
[2025.04.08-22.04.30:555][  0]LogModuleManager: Shutting down and abandoning module WebSockets (80)
[2025.04.08-22.04.30:588][  0]LogModuleManager: Shutting down and abandoning module HTTP (77)
[2025.04.08-22.04.30:589][  0]LogHttp: Display: cleaning up 0 outstanding Http requests.
[2025.04.08-22.04.30:612][  0]LogModuleManager: Shutting down and abandoning module SSL (76)
[2025.04.08-22.04.30:614][  0]LogModuleManager: Shutting down and abandoning module WmfMedia (72)
[2025.04.08-22.04.30:616][  0]LogModuleManager: Shutting down and abandoning module Media (71)
[2025.04.08-22.04.30:617][  0]LogModuleManager: Shutting down and abandoning module MediaInfo (70)
[2025.04.08-22.04.30:617][  0]LogModuleManager: Shutting down and abandoning module ExrReaderGpu (66)
[2025.04.08-22.04.30:618][  0]LogModuleManager: Shutting down and abandoning module MLSDK (64)
[2025.04.08-22.04.30:618][  0]LogModuleManager: Shutting down and abandoning module MagicLeap (62)
[2025.04.08-22.04.30:618][  0]LogModuleManager: Shutting down and abandoning module NiagaraVertexFactories (60)
[2025.04.08-22.04.30:619][  0]LogModuleManager: Shutting down and abandoning module NiagaraShader (58)
[2025.04.08-22.04.30:619][  0]LogModuleManager: Shutting down and abandoning module ChaosCloth (56)
[2025.04.08-22.04.30:619][  0]LogModuleManager: Shutting down and abandoning module VariantManagerContent (54)
[2025.04.08-22.04.30:619][  0]LogModuleManager: Shutting down and abandoning module DatasmithContent (52)
[2025.04.08-22.04.30:620][  0]LogModuleManager: Shutting down and abandoning module PixWinPlugin (50)
[2025.04.08-22.04.30:620][  0]LogModuleManager: Shutting down and abandoning module AISupportModule (48)
[2025.04.08-22.04.30:620][  0]LogModuleManager: Shutting down and abandoning module PythonScriptPluginPreload (46)
[2025.04.08-22.04.30:622][  0]LogModuleManager: Shutting down and abandoning module PlatformCryptoOpenSSL (44)
[2025.04.08-22.04.30:622][  0]LogModuleManager: Shutting down and abandoning module PlatformCryptoTypes (42)
[2025.04.08-22.04.30:622][  0]LogModuleManager: Shutting down and abandoning module PlatformCrypto (40)
[2025.04.08-22.04.30:623][  0]LogModuleManager: Shutting down and abandoning module OodleDataCompressionFormat (38)
[2025.04.08-22.04.30:623][  0]LogModuleManager: Shutting down and abandoning module XGEController (36)
[2025.04.08-22.04.30:623][  0]LogXGEController: Cannot use XGE Controller as Incredibuild is not installed on this machine.
[2025.04.08-22.04.30:624][  0]LogModuleManager: Shutting down and abandoning module AnimationModifiers (34)
[2025.04.08-22.04.30:624][  0]LogModuleManager: Shutting down and abandoning module AudioEditor (32)
[2025.04.08-22.04.30:625][  0]LogModuleManager: Shutting down and abandoning module PropertyEditor (31)
[2025.04.08-22.04.30:625][  0]LogModuleManager: Shutting down and abandoning module TextureCompressor (28)
[2025.04.08-22.04.30:625][  0]LogModuleManager: Shutting down and abandoning module RenderCore (26)
[2025.04.08-22.04.30:625][  0]LogModuleManager: Shutting down and abandoning module Landscape (24)
[2025.04.08-22.04.30:626][  0]LogModuleManager: Shutting down and abandoning module SlateRHIRenderer (22)
[2025.04.08-22.04.30:626][  0]LogModuleManager: Shutting down and abandoning module AnimGraphRuntime (20)
[2025.04.08-22.04.30:626][  0]LogModuleManager: Shutting down and abandoning module Renderer (18)
[2025.04.08-22.04.30:627][  0]LogModuleManager: Shutting down and abandoning module Engine (16)
[2025.04.08-22.04.30:627][  0]LogModuleManager: Shutting down and abandoning module CoreUObject (14)
[2025.04.08-22.04.30:627][  0]LogModuleManager: Shutting down and abandoning module NetworkFile (12)
[2025.04.08-22.04.30:627][  0]LogModuleManager: Shutting down and abandoning module CookedIterativeFile (10)
[2025.04.08-22.04.30:628][  0]LogModuleManager: Shutting down and abandoning module StreamingFile (8)
[2025.04.08-22.04.30:628][  0]LogModuleManager: Shutting down and abandoning module SandboxFile (6)
[2025.04.08-22.04.30:628][  0]LogModuleManager: Shutting down and abandoning module PakFile (4)
[2025.04.08-22.04.30:629][  0]LogModuleManager: Shutting down and abandoning module RSA (3)
[2025.04.08-22.04.31:088][  0]LogContentStreaming: Display: There are 1 unreleased StreamingManagers
[2025.04.08-22.04.31:095][  0]LogExit: Exiting.
[2025.04.08-22.04.31:104][  0]Log file closed, 04/08/25 18:04:31
