Log file open, 04/10/25 10:43:17
LogWindows: Failed to load 'aqProf.dll' (GetLastError=126)
LogWindows: File 'aqProf.dll' does not exist
LogWindows: Failed to load 'VtuneApi.dll' (GetLastError=126)
LogWindows: File 'VtuneApi.dll' does not exist
LogWindows: Failed to load 'VtuneApi32e.dll' (GetLastError=126)
LogWindows: File 'VtuneApi32e.dll' does not exist
LogConsoleResponse: Display: Failed to find resolution value strings in scalability ini. Falling back to default.
LogConsoleResponse: Display: Failed to find resolution value strings in scalability ini. Falling back to default.
LogInit: Display: Running engine for game: TopDownPuzzle
LogPlatformFile: Not using cached read wrapper
LogTaskGraph: Started task graph with 5 named threads and 23 total threads with 3 sets of task threads.
LogStats: Stats thread started at 0.433357
LogICUInternationalization: ICU TimeZone Detection - Raw Offset: -5:00, Platform Override: ''
LogInit: Display: Loading text-based GConfig....
LogPluginManager: Mounting plugin MeshPainting
LogPluginManager: Mounting plugin XGEController
LogPluginManager: Mounting plugin Paper2D
LogPluginManager: Mounting plugin AISupport
LogPluginManager: Mounting plugin EnvironmentQueryEditor
LogPluginManager: Mounting plugin LightPropagationVolume
LogPluginManager: Mounting plugin LiveLink
LogPluginManager: Mounting plugin CameraShakePreviewer
LogPluginManager: Mounting plugin GameplayCameras
LogPluginManager: Mounting plugin OodleData
LogPluginManager: Mounting plugin OodleNetwork
LogPluginManager: Mounting plugin AssetManagerEditor
LogPluginManager: Mounting plugin DatasmithContent
LogPluginManager: Mounting plugin CryptoKeys
LogPluginManager: Mounting plugin CurveEditorTools
LogPluginManager: Mounting plugin Niagara
LogPluginManager: Mounting plugin FacialAnimation
LogPluginManager: Mounting plugin GameplayTagsEditor
LogPluginManager: Mounting plugin MacGraphicsSwitching
LogPluginManager: Mounting plugin MaterialAnalyzer
LogPluginManager: Mounting plugin MobileLauncherProfileWizard
LogPluginManager: Mounting plugin PluginBrowser
LogPluginManager: Mounting plugin SpeedTreeImporter
LogPluginManager: Mounting plugin DataValidation
LogPluginManager: Mounting plugin VariantManagerContent
LogPluginManager: Mounting plugin AutomationUtils
LogPluginManager: Mounting plugin BackChannel
LogPluginManager: Mounting plugin ChaosCloth
LogPluginManager: Mounting plugin ChaosClothEditor
LogPluginManager: Mounting plugin ChaosEditor
LogPluginManager: Mounting plugin ChaosNiagara
LogPluginManager: Mounting plugin ChaosSolverPlugin
LogPluginManager: Mounting plugin CharacterAI
LogPluginManager: Mounting plugin GeometryCache
LogPluginManager: Mounting plugin GeometryCollectionPlugin
LogPluginManager: Mounting plugin GeometryProcessing
LogPluginManager: Mounting plugin MotoSynth
LogPluginManager: Mounting plugin OpenImageDenoise
LogPluginManager: Mounting plugin PlanarCut
LogPluginManager: Mounting plugin PlatformCrypto
LogPluginManager: Mounting plugin ProxyLODPlugin
LogPluginManager: Mounting plugin PythonScriptPlugin
LogPluginManager: Mounting plugin LuminPlatformFeatures
LogPluginManager: Mounting plugin MagicLeap
LogPluginManager: Mounting plugin MagicLeapLightEstimation
LogPluginManager: Mounting plugin MagicLeapMedia
LogPluginManager: Mounting plugin MagicLeapPassableWorld
LogPluginManager: Mounting plugin SkeletalReduction
LogPluginManager: Mounting plugin MLSDK
LogPluginManager: Mounting plugin AndroidMedia
LogPluginManager: Mounting plugin AvfMedia
LogPluginManager: Mounting plugin ImgMedia
LogPluginManager: Mounting plugin MediaCompositing
LogPluginManager: Mounting plugin MediaPlayerEditor
LogPluginManager: Mounting plugin WebMMedia
LogPluginManager: Mounting plugin WmfMedia
LogPluginManager: Mounting plugin TcpMessaging
LogPluginManager: Mounting plugin UdpMessaging
LogPluginManager: Mounting plugin ActorSequence
LogPluginManager: Mounting plugin LevelSequenceEditor
LogPluginManager: Mounting plugin MatineeToLevelSequence
LogPluginManager: Mounting plugin AlembicImporter
LogPluginManager: Mounting plugin TemplateSequence
LogPluginManager: Mounting plugin OnlineSubsystem
LogPluginManager: Mounting plugin OnlineSubsystemNull
LogPluginManager: Mounting plugin OnlineSubsystemUtils
LogPluginManager: Mounting plugin LauncherChunkInstaller
LogPluginManager: Mounting plugin ActorLayerUtilities
LogPluginManager: Mounting plugin AndroidMoviePlayer
LogPluginManager: Mounting plugin AndroidPermission
LogPluginManager: Mounting plugin AndroidDeviceProfileSelector
LogPluginManager: Mounting plugin AppleMoviePlayer
LogPluginManager: Mounting plugin ArchVisCharacter
LogPluginManager: Mounting plugin AssetTags
LogPluginManager: Mounting plugin AudioCapture
LogPluginManager: Mounting plugin AudioSynesthesia
LogPluginManager: Mounting plugin CableComponent
LogPluginManager: Mounting plugin ChunkDownloader
LogPluginManager: Mounting plugin CustomMeshComponent
LogPluginManager: Mounting plugin EditableMesh
LogPluginManager: Mounting plugin ExampleDeviceProfileSelector
LogPluginManager: Mounting plugin GoogleCloudMessaging
LogPluginManager: Mounting plugin GooglePAD
LogPluginManager: Mounting plugin AppleImageUtils
LogPluginManager: Mounting plugin IOSDeviceProfileSelector
LogPluginManager: Mounting plugin LinuxDeviceProfileSelector
LogPluginManager: Mounting plugin LocationServicesBPLibrary
LogPluginManager: Mounting plugin MobilePatchingUtils
LogPluginManager: Mounting plugin OpenXR
LogPluginManager: Mounting plugin OpenXREyeTracker
LogPluginManager: Mounting plugin OpenXRHandTracking
LogPluginManager: Mounting plugin PhysXVehicles
LogPluginManager: Mounting plugin PostSplashScreen
LogPluginManager: Mounting plugin GeometryMode
LogPluginManager: Mounting plugin ProceduralMeshComponent
LogPluginManager: Mounting plugin PropertyAccessEditor
LogPluginManager: Mounting plugin RuntimePhysXCooking
LogPluginManager: Mounting plugin SignificanceManager
LogPluginManager: Mounting plugin SoundFields
LogPluginManager: Mounting plugin WebMMoviePlayer
LogPluginManager: Mounting plugin Synthesis
LogPluginManager: Mounting plugin WindowsMoviePlayer
LogPluginManager: Mounting plugin ScreenshotTools
LogPluginManager: Mounting plugin Takes
LogPluginManager: Mounting plugin AnimationSharing
LogPluginManager: Mounting plugin CLionSourceCodeAccess
LogPluginManager: Mounting plugin CodeLiteSourceCodeAccess
LogPluginManager: Mounting plugin GitSourceControl
LogPluginManager: Mounting plugin KDevelopSourceCodeAccess
LogPluginManager: Mounting plugin NullSourceCodeAccess
LogPluginManager: Mounting plugin PixWinPlugin
LogPluginManager: Mounting plugin PerforceSourceControl
LogPluginManager: Mounting plugin PlasticSourceControl
LogPluginManager: Mounting plugin PluginUtils
LogPluginManager: Mounting plugin PropertyAccessNode
LogPluginManager: Mounting plugin RiderSourceCodeAccess
LogPluginManager: Mounting plugin SubversionSourceControl
LogPluginManager: Mounting plugin TextureFormatOodle
LogPluginManager: Mounting plugin UObjectPlugin
LogPluginManager: Mounting plugin VisualStudioCodeSourceCodeAccess
LogPluginManager: Mounting plugin XCodeSourceCodeAccess
LogPluginManager: Mounting plugin VisualStudioSourceCodeAccess
LogPluginManager: Mounting plugin ContentBrowserAssetDataSource
LogPluginManager: Mounting plugin ContentBrowserClassDataSource
LogPluginManager: Mounting plugin ContentBrowserFileDataSource
LogPluginManager: Mounting plugin OnlineSubsystemIOS
LogPluginManager: Mounting plugin OnlineSubsystemGooglePlay
LogPluginManager: Mounting plugin SteamVR
LogPluginManager: Mounting plugin OculusVR
LogInit: Using libcurl 7.55.1-DEV
LogInit:  - built for x86_64-pc-win32
LogInit:  - supports SSL with OpenSSL/1.1.1
LogInit:  - supports HTTP deflate (compression) using libz 1.2.8
LogInit:  - other features:
LogInit:      CURL_VERSION_SSL
LogInit:      CURL_VERSION_LIBZ
LogInit:      CURL_VERSION_IPV6
LogInit:      CURL_VERSION_ASYNCHDNS
LogInit:      CURL_VERSION_LARGEFILE
LogInit:      CURL_VERSION_IDN
LogInit:  CurlRequestOptions (configurable via config and command line):
LogInit:  - bVerifyPeer = true  - Libcurl will verify peer certificate
LogInit:  - bUseHttpProxy = false  - Libcurl will NOT use HTTP proxy
LogInit:  - bDontReuseConnections = false  - Libcurl will reuse connections
LogInit:  - MaxHostConnections = 16  - Libcurl will limit the number of connections to a host
LogInit:  - LocalHostAddr = Default
LogInit:  - BufferSize = 65536
LogOnline: OSS: Creating online subsystem instance for: NULL
LogInit: WinSock: version 1.1 (2.2), MaxSocks=32767, MaxUdp=65467
LogOnline: OSS: TryLoadSubsystemAndSetDefault: Loaded subsystem for module [NULL]
PixWinPlugin: PIX capture plugin failed to initialize! Check that the process is launched from PIX.
LogOculusPluginWrapper: OculusPlugin initialized successfully
LogHMD: Failed initializing OVRPlugin 1.59.0
LogInit: Build: ++UE4+Release-4.27-CL-18319896
LogInit: Engine Version: 4.27.2-18319896+++UE4+Release-4.27
LogInit: Compatible Engine Version: 4.27.0-17155196+++UE4+Release-4.27
LogInit: Net CL: 17155196
LogInit: OS: Windows 10 (Release 2009) (), CPU: Intel(R) Core(TM) i5-9300H CPU @ 2.40GHz, GPU: Intel(R) UHD Graphics 630
LogInit: Compiled (64-bit): Nov 30 2021 07:12:08
LogInit: Compiled with Visual C++: 19.24.28315.00
LogInit: Build Configuration: Development
LogInit: Branch Name: ++UE4+Release-4.27
LogInit: Command Line: 
LogInit: Base Directory: C:/Program Files/UE/UE_4.27/Engine/Binaries/Win64/
LogInit: Allocator: TBB
LogInit: Installed Engine Build: 1
LogDevObjectVersion: Number of dev versions registered: 29
LogDevObjectVersion:   Dev-Blueprints (B0D832E4-1F89-4F0D-ACCF-7EB736FD4AA2): 10
LogDevObjectVersion:   Dev-Build (E1C64328-A22C-4D53-A36C-8E866417BD8C): 0
LogDevObjectVersion:   Dev-Core (375EC13C-06E4-48FB-B500-84F0262A717E): 4
LogDevObjectVersion:   Dev-Editor (E4B068ED-F494-42E9-A231-DA0B2E46BB41): 40
LogDevObjectVersion:   Dev-Framework (CFFC743F-43B0-4480-9391-14DF171D2073): 37
LogDevObjectVersion:   Dev-Mobile (B02B49B5-BB20-44E9-A304-32B752E40360): 3
LogDevObjectVersion:   Dev-Networking (A4E4105C-59A1-49B5-A7C5-40C4547EDFEE): 0
LogDevObjectVersion:   Dev-Online (39C831C9-5AE6-47DC-9A44-9C173E1C8E7C): 0
LogDevObjectVersion:   Dev-Physics (78F01B33-EBEA-4F98-B9B4-84EACCB95AA2): 14
LogDevObjectVersion:   Dev-Platform (6631380F-2D4D-43E0-8009-CF276956A95A): 0
LogDevObjectVersion:   Dev-Rendering (12F88B9F-8875-4AFC-A67C-D90C383ABD29): 45
LogDevObjectVersion:   Dev-Sequencer (7B5AE74C-D270-4C10-A958-57980B212A5A): 13
LogDevObjectVersion:   Dev-VR (D7296918-1DD6-4BDD-9DE2-64A83CC13884): 3
LogDevObjectVersion:   Dev-LoadTimes (C2A15278-BFE7-4AFE-6C17-90FF531DF755): 1
LogDevObjectVersion:   Private-Geometry (6EACA3D4-40EC-4CC1-B786-8BED09428FC5): 3
LogDevObjectVersion:   Dev-AnimPhys (29E575DD-E0A3-4627-9D10-D276232CDCEA): 17
LogDevObjectVersion:   Dev-Anim (AF43A65D-7FD3-4947-9873-3E8ED9C1BB05): 15
LogDevObjectVersion:   Dev-ReflectionCapture (6B266CEC-1EC7-4B8F-A30B-E4D90942FC07): 1
LogDevObjectVersion:   Dev-Automation (0DF73D61-A23F-47EA-B727-89E90C41499A): 1
LogDevObjectVersion:   FortniteMain (601D1886-AC64-4F84-AA16-D3DE0DEAC7D6): 47
LogDevObjectVersion:   FortniteRelease (E7086368-6B23-4C58-8439-1B7016265E91): 1
LogDevObjectVersion:   Dev-Enterprise (9DFFBCD6-494F-0158-E221-12823C92A888): 10
LogDevObjectVersion:   Dev-Niagara (F2AED0AC-9AFE-416F-8664-AA7FFA26D6FC): 1
LogDevObjectVersion:   Dev-Destruction (174F1F0B-B4C6-45A5-B13F-2EE8D0FB917D): 10
LogDevObjectVersion:   Dev-Physics-Ext (35F94A83-E258-406C-A318-09F59610247C): 41
LogDevObjectVersion:   Dev-PhysicsMaterial-Chaos (B68FC16E-8B1B-42E2-B453-215C058844FE): 1
LogDevObjectVersion:   Dev-CineCamera (B2E18506-4273-CFC2-A54E-F4BB758BBA07): 1
LogDevObjectVersion:   Dev-VirtualProduction (64F58936-FD1B-42BA-BA96-7289D5D0FA4E): 1
LogDevObjectVersion:   Dev-MediaFramework (6F0ED827-A609-4895-9C91-998D90180EA4): 2
LogInit: Presizing for max 25165824 objects, including 0 objects not considered by GC, pre-allocating 0 bytes for permanent pool.
LogConfig: Applying CVar settings from Section [/Script/Engine.StreamingSettings] File [C:/Unreal Projects/Top-Down-Puzzle/TopDownPuzzle/Saved/Config/Windows/Engine.ini]
LogConfig: Setting CVar [[s.MinBulkDataSizeForAsyncLoading:131072]]
LogConfig: Setting CVar [[s.AsyncLoadingThreadEnabled:0]]
LogConfig: Setting CVar [[s.EventDrivenLoaderEnabled:1]]
LogConfig: Setting CVar [[s.WarnIfTimeLimitExceeded:0]]
LogConfig: Setting CVar [[s.TimeLimitExceededMultiplier:1.5]]
LogConfig: Setting CVar [[s.TimeLimitExceededMinTime:0.005]]
LogConfig: Setting CVar [[s.UseBackgroundLevelStreaming:1]]
LogConfig: Setting CVar [[s.PriorityAsyncLoadingExtraTime:15.0]]
LogConfig: Setting CVar [[s.LevelStreamingActorsUpdateTimeLimit:5.0]]
LogConfig: Setting CVar [[s.PriorityLevelStreamingActorsUpdateExtraTime:5.0]]
LogConfig: Setting CVar [[s.LevelStreamingComponentsRegistrationGranularity:10]]
LogConfig: Setting CVar [[s.UnregisterComponentsTimeLimit:1.0]]
LogConfig: Setting CVar [[s.LevelStreamingComponentsUnregistrationGranularity:5]]
LogConfig: Setting CVar [[s.FlushStreamingOnExit:1]]
LogInit: Object subsystem initialized
LogConfig: Setting CVar [[con.DebugEarlyDefault:1]]
LogConfig: Setting CVar [[r.setres:1280x720]]
[2025.04.10-14.43.18:262][  0]LogConfig: Setting CVar [[r.VSync:0]]
[2025.04.10-14.43.18:262][  0]LogConfig: Setting CVar [[r.RHICmdBypass:0]]
[2025.04.10-14.43.18:262][  0]LogConfig: Applying CVar settings from Section [/Script/Engine.RendererSettings] File [C:/Unreal Projects/Top-Down-Puzzle/TopDownPuzzle/Saved/Config/Windows/Engine.ini]
[2025.04.10-14.43.18:262][  0]LogConfig: Setting CVar [[r.GPUCrashDebugging:0]]
[2025.04.10-14.43.18:262][  0]LogConfig: Setting CVar [[r.Mobile.DisableVertexFog:1]]
[2025.04.10-14.43.18:262][  0]LogConfig: Setting CVar [[r.Shadow.CSM.MaxMobileCascades:2]]
[2025.04.10-14.43.18:262][  0]LogConfig: Setting CVar [[r.MobileMSAA:1]]
[2025.04.10-14.43.18:262][  0]LogConfig: Setting CVar [[r.Mobile.AllowDitheredLODTransition:0]]
[2025.04.10-14.43.18:262][  0]LogConfig: Setting CVar [[r.Mobile.AllowSoftwareOcclusion:0]]
[2025.04.10-14.43.18:262][  0]LogConfig: Setting CVar [[r.Mobile.VirtualTextures:0]]
[2025.04.10-14.43.18:262][  0]LogConfig: Setting CVar [[r.DiscardUnusedQuality:0]]
[2025.04.10-14.43.18:262][  0]LogConfig: Setting CVar [[r.AllowOcclusionQueries:1]]
[2025.04.10-14.43.18:262][  0]LogConfig: Setting CVar [[r.MinScreenRadiusForLights:0.030000]]
[2025.04.10-14.43.18:262][  0]LogConfig: Setting CVar [[r.MinScreenRadiusForDepthPrepass:0.030000]]
[2025.04.10-14.43.18:262][  0]LogConfig: Setting CVar [[r.MinScreenRadiusForCSMDepth:0.010000]]
[2025.04.10-14.43.18:263][  0]LogConfig: Setting CVar [[r.PrecomputedVisibilityWarning:0]]
[2025.04.10-14.43.18:263][  0]LogConfig: Setting CVar [[r.TextureStreaming:1]]
[2025.04.10-14.43.18:263][  0]LogConfig: Setting CVar [[Compat.UseDXT5NormalMaps:0]]
[2025.04.10-14.43.18:263][  0]LogConfig: Setting CVar [[r.VirtualTextures:0]]
[2025.04.10-14.43.18:263][  0]LogConfig: Setting CVar [[r.VT.EnableAutoImport:1]]
[2025.04.10-14.43.18:263][  0]LogConfig: Setting CVar [[r.VirtualTexturedLightmaps:0]]
[2025.04.10-14.43.18:263][  0]LogConfig: Setting CVar [[r.VT.TileSize:128]]
[2025.04.10-14.43.18:263][  0]LogConfig: Setting CVar [[r.VT.TileBorderSize:4]]
[2025.04.10-14.43.18:263][  0]LogConfig: Setting CVar [[r.vt.FeedbackFactor:16]]
[2025.04.10-14.43.18:263][  0]LogConfig: Setting CVar [[r.VT.EnableCompressZlib:1]]
[2025.04.10-14.43.18:263][  0]LogConfig: Setting CVar [[r.VT.EnableCompressCrunch:0]]
[2025.04.10-14.43.18:263][  0]LogConfig: Setting CVar [[r.ClearCoatNormal:0]]
[2025.04.10-14.43.18:263][  0]LogConfig: Setting CVar [[r.ReflectionCaptureResolution:128]]
[2025.04.10-14.43.18:263][  0]LogConfig: Setting CVar [[r.Mobile.ReflectionCaptureCompression:0]]
[2025.04.10-14.43.18:263][  0]LogConfig: Setting CVar [[r.ReflectionEnvironmentLightmapMixBasedOnRoughness:1]]
[2025.04.10-14.43.18:263][  0]LogConfig: Setting CVar [[r.ForwardShading:0]]
[2025.04.10-14.43.18:263][  0]LogConfig: Setting CVar [[r.VertexFoggingForOpaque:1]]
[2025.04.10-14.43.18:263][  0]LogConfig: Setting CVar [[r.AllowStaticLighting:1]]
[2025.04.10-14.43.18:263][  0]LogConfig: Setting CVar [[r.NormalMapsForStaticLighting:0]]
[2025.04.10-14.43.18:263][  0]LogConfig: Setting CVar [[r.GenerateMeshDistanceFields:0]]
[2025.04.10-14.43.18:263][  0]LogConfig: Setting CVar [[r.DistanceFieldBuild.EightBit:0]]
[2025.04.10-14.43.18:263][  0]LogConfig: Setting CVar [[r.GenerateLandscapeGIData:0]]
[2025.04.10-14.43.18:263][  0]LogConfig: Setting CVar [[r.DistanceFieldBuild.Compress:0]]
[2025.04.10-14.43.18:263][  0]LogConfig: Setting CVar [[r.TessellationAdaptivePixelsPerTriangle:48.000000]]
[2025.04.10-14.43.18:263][  0]LogConfig: Setting CVar [[r.SeparateTranslucency:1]]
[2025.04.10-14.43.18:263][  0]LogConfig: Setting CVar [[r.TranslucentSortPolicy:0]]
[2025.04.10-14.43.18:263][  0]LogConfig: Setting CVar [[vr.VRS.HMDFixedFoveationLevel:0]]
[2025.04.10-14.43.18:263][  0]LogConfig: Setting CVar [[r.CustomDepth:1]]
[2025.04.10-14.43.18:263][  0]LogConfig: Setting CVar [[r.CustomDepthTemporalAAJitter:1]]
[2025.04.10-14.43.18:263][  0]LogConfig: Setting CVar [[r.PostProcessing.PropagateAlpha:0]]
[2025.04.10-14.43.18:263][  0]LogConfig: Setting CVar [[r.DefaultFeature.Bloom:1]]
[2025.04.10-14.43.18:263][  0]LogConfig: Setting CVar [[r.DefaultFeature.AmbientOcclusion:1]]
[2025.04.10-14.43.18:263][  0]LogConfig: Setting CVar [[r.DefaultFeature.AmbientOcclusionStaticFraction:1]]
[2025.04.10-14.43.18:263][  0]LogConfig: Setting CVar [[r.DefaultFeature.AutoExposure:0]]
[2025.04.10-14.43.18:263][  0]LogConfig: Setting CVar [[r.DefaultFeature.AutoExposure.Method:0]]
[2025.04.10-14.43.18:263][  0]LogConfig: Setting CVar [[r.DefaultFeature.AutoExposure.Bias:1.000000]]
[2025.04.10-14.43.18:263][  0]LogConfig: Setting CVar [[r.DefaultFeature.AutoExposure.ExtendDefaultLuminanceRange:0]]
[2025.04.10-14.43.18:263][  0]LogConfig: Setting CVar [[r.UsePreExposure:1]]
[2025.04.10-14.43.18:263][  0]LogConfig: Setting CVar [[r.EyeAdaptation.EditorOnly:0]]
[2025.04.10-14.43.18:263][  0]LogConfig: Setting CVar [[r.DefaultFeature.MotionBlur:0]]
[2025.04.10-14.43.18:263][  0]LogConfig: Setting CVar [[r.DefaultFeature.LensFlare:0]]
[2025.04.10-14.43.18:263][  0]LogConfig: Setting CVar [[r.TemporalAA.Upsampling:0]]
[2025.04.10-14.43.18:263][  0]LogConfig: Setting CVar [[r.SSGI.Enable:0]]
[2025.04.10-14.43.18:263][  0]LogConfig: Setting CVar [[r.DefaultFeature.AntiAliasing:0]]
[2025.04.10-14.43.18:263][  0]LogConfig: Setting CVar [[r.DefaultFeature.LightUnits:1]]
[2025.04.10-14.43.18:263][  0]LogConfig: Setting CVar [[r.DefaultBackBufferPixelFormat:4]]
[2025.04.10-14.43.18:263][  0]LogConfig: Setting CVar [[r.Shadow.UnbuiltPreviewInGame:1]]
[2025.04.10-14.43.18:263][  0]LogConfig: Setting CVar [[r.StencilForLODDither:0]]
[2025.04.10-14.43.18:263][  0]LogConfig: Setting CVar [[r.EarlyZPass:3]]
[2025.04.10-14.43.18:263][  0]LogConfig: Setting CVar [[r.EarlyZPassOnlyMaterialMasking:0]]
[2025.04.10-14.43.18:263][  0]LogConfig: Setting CVar [[r.DBuffer:1]]
[2025.04.10-14.43.18:264][  0]LogConfig: Setting CVar [[r.ClearSceneMethod:1]]
[2025.04.10-14.43.18:264][  0]LogConfig: Setting CVar [[r.BasePassOutputsVelocity:0]]
[2025.04.10-14.43.18:264][  0]LogConfig: Setting CVar [[r.VertexDeformationOutputsVelocity:0]]
[2025.04.10-14.43.18:264][  0]LogConfig: Setting CVar [[r.SelectiveBasePassOutputs:0]]
[2025.04.10-14.43.18:264][  0]LogConfig: Setting CVar [[fx.GPUSimulationTextureSizeX:1024]]
[2025.04.10-14.43.18:264][  0]LogConfig: Setting CVar [[fx.GPUSimulationTextureSizeY:1024]]
[2025.04.10-14.43.18:264][  0]LogConfig: Setting CVar [[r.AllowGlobalClipPlane:0]]
[2025.04.10-14.43.18:264][  0]LogConfig: Setting CVar [[r.GBufferFormat:1]]
[2025.04.10-14.43.18:264][  0]LogConfig: Setting CVar [[r.MorphTarget.Mode:1]]
[2025.04.10-14.43.18:264][  0]LogConfig: Setting CVar [[vr.InstancedStereo:0]]
[2025.04.10-14.43.18:264][  0]LogConfig: Setting CVar [[r.MobileHDR:1]]
[2025.04.10-14.43.18:264][  0]LogConfig: Setting CVar [[vr.MobileMultiView:0]]
[2025.04.10-14.43.18:264][  0]LogConfig: Setting CVar [[r.Mobile.UseHWsRGBEncoding:0]]
[2025.04.10-14.43.18:264][  0]LogConfig: Setting CVar [[vr.RoundRobinOcclusion:0]]
[2025.04.10-14.43.18:264][  0]LogConfig: Setting CVar [[vr.ODSCapture:0]]
[2025.04.10-14.43.18:264][  0]LogConfig: Setting CVar [[r.MeshStreaming:0]]
[2025.04.10-14.43.18:264][  0]LogConfig: Setting CVar [[r.WireframeCullThreshold:5.000000]]
[2025.04.10-14.43.18:264][  0]LogConfig: Setting CVar [[r.RayTracing:0]]
[2025.04.10-14.43.18:264][  0]LogConfig: Setting CVar [[r.RayTracing.UseTextureLod:0]]
[2025.04.10-14.43.18:264][  0]LogConfig: Setting CVar [[r.SupportStationarySkylight:1]]
[2025.04.10-14.43.18:264][  0]LogConfig: Setting CVar [[r.SupportLowQualityLightmaps:1]]
[2025.04.10-14.43.18:264][  0]LogConfig: Setting CVar [[r.SupportPointLightWholeSceneShadows:1]]
[2025.04.10-14.43.18:264][  0]LogConfig: Setting CVar [[r.SupportAtmosphericFog:1]]
[2025.04.10-14.43.18:264][  0]LogConfig: Setting CVar [[r.SupportSkyAtmosphere:1]]
[2025.04.10-14.43.18:264][  0]LogConfig: Setting CVar [[r.SupportSkyAtmosphereAffectsHeightFog:0]]
[2025.04.10-14.43.18:264][  0]LogConfig: Setting CVar [[r.SkinCache.CompileShaders:0]]
[2025.04.10-14.43.18:264][  0]LogConfig: Setting CVar [[r.SkinCache.DefaultBehavior:1]]
[2025.04.10-14.43.18:264][  0]LogConfig: Setting CVar [[r.SkinCache.SceneMemoryLimitInMB:128.000000]]
[2025.04.10-14.43.18:264][  0]LogConfig: Setting CVar [[r.Mobile.EnableStaticAndCSMShadowReceivers:1]]
[2025.04.10-14.43.18:264][  0]LogConfig: Setting CVar [[r.Mobile.EnableMovableLightCSMShaderCulling:1]]
[2025.04.10-14.43.18:264][  0]LogConfig: Setting CVar [[r.Mobile.AllowDistanceFieldShadows:1]]
[2025.04.10-14.43.18:264][  0]LogConfig: Setting CVar [[r.Mobile.AllowMovableDirectionalLights:1]]
[2025.04.10-14.43.18:264][  0]LogConfig: Setting CVar [[r.MobileNumDynamicPointLights:4]]
[2025.04.10-14.43.18:264][  0]LogConfig: Setting CVar [[r.MobileDynamicPointLightsUseStaticBranch:1]]
[2025.04.10-14.43.18:264][  0]LogConfig: Setting CVar [[r.Mobile.EnableMovableSpotlights:0]]
[2025.04.10-14.43.18:264][  0]LogConfig: Setting CVar [[r.Mobile.EnableMovableSpotlightsShadow:0]]
[2025.04.10-14.43.18:264][  0]LogConfig: Setting CVar [[r.GPUSkin.Support16BitBoneIndex:0]]
[2025.04.10-14.43.18:264][  0]LogConfig: Setting CVar [[r.GPUSkin.Limit2BoneInfluences:0]]
[2025.04.10-14.43.18:264][  0]LogConfig: Setting CVar [[r.SupportDepthOnlyIndexBuffers:1]]
[2025.04.10-14.43.18:264][  0]LogConfig: Setting CVar [[r.SupportReversedIndexBuffers:1]]
[2025.04.10-14.43.18:264][  0]LogConfig: Setting CVar [[r.LightPropagationVolume:0]]
[2025.04.10-14.43.18:264][  0]LogConfig: Setting CVar [[r.Mobile.AmbientOcclusion:0]]
[2025.04.10-14.43.18:264][  0]LogConfig: Setting CVar [[r.GPUSkin.UnlimitedBoneInfluences:0]]
[2025.04.10-14.43.18:264][  0]LogConfig: Setting CVar [[r.GPUSkin.UnlimitedBoneInfluencesThreshold:8]]
[2025.04.10-14.43.18:264][  0]LogConfig: Setting CVar [[r.Mobile.PlanarReflectionMode:0]]
[2025.04.10-14.43.18:264][  0]LogConfig: Setting CVar [[r.Mobile.SupportsGen4TAA:0]]
[2025.04.10-14.43.18:264][  0]LogConfig: Applying CVar settings from Section [/Script/Engine.RendererOverrideSettings] File [C:/Unreal Projects/Top-Down-Puzzle/TopDownPuzzle/Saved/Config/Windows/Engine.ini]
[2025.04.10-14.43.18:264][  0]LogConfig: Applying CVar settings from Section [/Script/Engine.StreamingSettings] File [C:/Unreal Projects/Top-Down-Puzzle/TopDownPuzzle/Saved/Config/Windows/Engine.ini]
[2025.04.10-14.43.18:264][  0]LogConfig: Setting CVar [[s.MinBulkDataSizeForAsyncLoading:131072]]
[2025.04.10-14.43.18:264][  0]LogConfig: Setting CVar [[s.AsyncLoadingThreadEnabled:0]]
[2025.04.10-14.43.18:264][  0]LogConfig: Setting CVar [[s.EventDrivenLoaderEnabled:1]]
[2025.04.10-14.43.18:264][  0]LogConfig: Setting CVar [[s.WarnIfTimeLimitExceeded:0]]
[2025.04.10-14.43.18:264][  0]LogConfig: Setting CVar [[s.TimeLimitExceededMultiplier:1.5]]
[2025.04.10-14.43.18:264][  0]LogConfig: Setting CVar [[s.TimeLimitExceededMinTime:0.005]]
[2025.04.10-14.43.18:264][  0]LogConfig: Setting CVar [[s.UseBackgroundLevelStreaming:1]]
[2025.04.10-14.43.18:264][  0]LogConfig: Setting CVar [[s.PriorityAsyncLoadingExtraTime:15.0]]
[2025.04.10-14.43.18:264][  0]LogConfig: Setting CVar [[s.LevelStreamingActorsUpdateTimeLimit:5.0]]
[2025.04.10-14.43.18:264][  0]LogConfig: Setting CVar [[s.PriorityLevelStreamingActorsUpdateExtraTime:5.0]]
[2025.04.10-14.43.18:265][  0]LogConfig: Setting CVar [[s.LevelStreamingComponentsRegistrationGranularity:10]]
[2025.04.10-14.43.18:265][  0]LogConfig: Setting CVar [[s.UnregisterComponentsTimeLimit:1.0]]
[2025.04.10-14.43.18:265][  0]LogConfig: Setting CVar [[s.LevelStreamingComponentsUnregistrationGranularity:5]]
[2025.04.10-14.43.18:265][  0]LogConfig: Setting CVar [[s.FlushStreamingOnExit:1]]
[2025.04.10-14.43.18:265][  0]LogConfig: Applying CVar settings from Section [/Script/Engine.GarbageCollectionSettings] File [C:/Unreal Projects/Top-Down-Puzzle/TopDownPuzzle/Saved/Config/Windows/Engine.ini]
[2025.04.10-14.43.18:265][  0]LogConfig: Setting CVar [[gc.MaxObjectsNotConsideredByGC:1]]
[2025.04.10-14.43.18:265][  0]LogConfig: Setting CVar [[gc.SizeOfPermanentObjectPool:0]]
[2025.04.10-14.43.18:265][  0]LogConfig: Setting CVar [[gc.FlushStreamingOnGC:0]]
[2025.04.10-14.43.18:265][  0]LogConfig: Setting CVar [[gc.NumRetriesBeforeForcingGC:10]]
[2025.04.10-14.43.18:265][  0]LogConfig: Setting CVar [[gc.AllowParallelGC:1]]
[2025.04.10-14.43.18:265][  0]LogConfig: Setting CVar [[gc.TimeBetweenPurgingPendingKillObjects:61.1]]
[2025.04.10-14.43.18:265][  0]LogConfig: Setting CVar [[gc.MaxObjectsInEditor:25165824]]
[2025.04.10-14.43.18:265][  0]LogConfig: Setting CVar [[gc.IncrementalBeginDestroyEnabled:1]]
[2025.04.10-14.43.18:265][  0]LogConfig: Setting CVar [[gc.CreateGCClusters:1]]
[2025.04.10-14.43.18:265][  0]LogConfig: Setting CVar [[gc.MinGCClusterSize:5]]
[2025.04.10-14.43.18:265][  0]LogConfig: Setting CVar [[gc.ActorClusteringEnabled:0]]
[2025.04.10-14.43.18:265][  0]LogConfig: Setting CVar [[gc.BlueprintClusteringEnabled:0]]
[2025.04.10-14.43.18:265][  0]LogConfig: Setting CVar [[gc.UseDisregardForGCOnDedicatedServers:0]]
[2025.04.10-14.43.18:265][  0]LogConfig: Setting CVar [[gc.MultithreadedDestructionEnabled:1]]
[2025.04.10-14.43.18:265][  0]LogConfig: Applying CVar settings from Section [/Script/Engine.NetworkSettings] File [C:/Unreal Projects/Top-Down-Puzzle/TopDownPuzzle/Saved/Config/Windows/Engine.ini]
[2025.04.10-14.43.18:265][  0]LogConfig: Applying CVar settings from Section [/Script/UnrealEd.CookerSettings] File [C:/Unreal Projects/Top-Down-Puzzle/TopDownPuzzle/Saved/Config/Windows/Engine.ini]
[2025.04.10-14.43.18:278][  0]LogConfig: Applying CVar settings from Section [ViewDistanceQuality@3] File [C:/Unreal Projects/Top-Down-Puzzle/TopDownPuzzle/Saved/Config/Windows/Scalability.ini]
[2025.04.10-14.43.18:278][  0]LogConfig: Setting CVar [[r.SkeletalMeshLODBias:0]]
[2025.04.10-14.43.18:278][  0]LogConfig: Setting CVar [[r.ViewDistanceScale:1.0]]
[2025.04.10-14.43.18:278][  0]LogConfig: Applying CVar settings from Section [AntiAliasingQuality@3] File [C:/Unreal Projects/Top-Down-Puzzle/TopDownPuzzle/Saved/Config/Windows/Scalability.ini]
[2025.04.10-14.43.18:278][  0]LogConfig: Setting CVar [[r.PostProcessAAQuality:4]]
[2025.04.10-14.43.18:278][  0]LogConfig: Applying CVar settings from Section [ShadowQuality@3] File [C:/Unreal Projects/Top-Down-Puzzle/TopDownPuzzle/Saved/Config/Windows/Scalability.ini]
[2025.04.10-14.43.18:278][  0]LogConfig: Setting CVar [[r.LightFunctionQuality:1]]
[2025.04.10-14.43.18:278][  0]LogConfig: Setting CVar [[r.ShadowQuality:5]]
[2025.04.10-14.43.18:278][  0]LogConfig: Setting CVar [[r.Shadow.CSM.MaxCascades:10]]
[2025.04.10-14.43.18:278][  0]LogConfig: Setting CVar [[r.Shadow.MaxResolution:2048]]
[2025.04.10-14.43.18:278][  0]LogConfig: Setting CVar [[r.Shadow.MaxCSMResolution:2048]]
[2025.04.10-14.43.18:278][  0]LogConfig: Setting CVar [[r.Shadow.RadiusThreshold:0.01]]
[2025.04.10-14.43.18:279][  0]LogConfig: Setting CVar [[r.Shadow.DistanceScale:1.0]]
[2025.04.10-14.43.18:279][  0]LogConfig: Setting CVar [[r.Shadow.CSM.TransitionScale:1.0]]
[2025.04.10-14.43.18:279][  0]LogConfig: Setting CVar [[r.Shadow.PreShadowResolutionFactor:1.0]]
[2025.04.10-14.43.18:279][  0]LogConfig: Setting CVar [[r.DistanceFieldShadowing:1]]
[2025.04.10-14.43.18:279][  0]LogConfig: Setting CVar [[r.DistanceFieldAO:1]]
[2025.04.10-14.43.18:279][  0]LogConfig: Setting CVar [[r.AOQuality:2]]
[2025.04.10-14.43.18:279][  0]LogConfig: Setting CVar [[r.VolumetricFog:1]]
[2025.04.10-14.43.18:279][  0]LogConfig: Setting CVar [[r.VolumetricFog.GridPixelSize:8]]
[2025.04.10-14.43.18:279][  0]LogConfig: Setting CVar [[r.VolumetricFog.GridSizeZ:128]]
[2025.04.10-14.43.18:279][  0]LogConfig: Setting CVar [[r.VolumetricFog.HistoryMissSupersampleCount:4]]
[2025.04.10-14.43.18:279][  0]LogConfig: Setting CVar [[r.LightMaxDrawDistanceScale:1]]
[2025.04.10-14.43.18:279][  0]LogConfig: Setting CVar [[r.CapsuleShadows:1]]
[2025.04.10-14.43.18:279][  0]LogConfig: Applying CVar settings from Section [PostProcessQuality@3] File [C:/Unreal Projects/Top-Down-Puzzle/TopDownPuzzle/Saved/Config/Windows/Scalability.ini]
[2025.04.10-14.43.18:279][  0]LogConfig: Setting CVar [[r.MotionBlurQuality:4]]
[2025.04.10-14.43.18:279][  0]LogConfig: Setting CVar [[r.AmbientOcclusionMipLevelFactor:0.4]]
[2025.04.10-14.43.18:279][  0]LogConfig: Setting CVar [[r.AmbientOcclusionMaxQuality:100]]
[2025.04.10-14.43.18:279][  0]LogConfig: Setting CVar [[r.AmbientOcclusionLevels:-1]]
[2025.04.10-14.43.18:279][  0]LogConfig: Setting CVar [[r.AmbientOcclusionRadiusScale:1.0]]
[2025.04.10-14.43.18:279][  0]LogConfig: Setting CVar [[r.DepthOfFieldQuality:2]]
[2025.04.10-14.43.18:279][  0]LogConfig: Setting CVar [[r.RenderTargetPoolMin:400]]
[2025.04.10-14.43.18:279][  0]LogConfig: Setting CVar [[r.LensFlareQuality:2]]
[2025.04.10-14.43.18:279][  0]LogConfig: Setting CVar [[r.SceneColorFringeQuality:1]]
[2025.04.10-14.43.18:279][  0]LogConfig: Setting CVar [[r.EyeAdaptationQuality:2]]
[2025.04.10-14.43.18:279][  0]LogConfig: Setting CVar [[r.BloomQuality:5]]
[2025.04.10-14.43.18:279][  0]LogConfig: Setting CVar [[r.FastBlurThreshold:100]]
[2025.04.10-14.43.18:279][  0]LogConfig: Setting CVar [[r.Upscale.Quality:3]]
[2025.04.10-14.43.18:279][  0]LogConfig: Setting CVar [[r.Tonemapper.GrainQuantization:1]]
[2025.04.10-14.43.18:279][  0]LogConfig: Setting CVar [[r.LightShaftQuality:1]]
[2025.04.10-14.43.18:279][  0]LogConfig: Setting CVar [[r.Filter.SizeScale:1]]
[2025.04.10-14.43.18:279][  0]LogConfig: Setting CVar [[r.Tonemapper.Quality:5]]
[2025.04.10-14.43.18:279][  0]LogConfig: Setting CVar [[r.DOF.Gather.AccumulatorQuality:1        ; higher gathering accumulator quality]]
[2025.04.10-14.43.18:279][  0]LogConfig: Setting CVar [[r.DOF.Gather.PostfilterMethod:1          ; Median3x3 postfilering method]]
[2025.04.10-14.43.18:279][  0]LogConfig: Setting CVar [[r.DOF.Gather.EnableBokehSettings:0       ; no bokeh simulation when gathering]]
[2025.04.10-14.43.18:279][  0]LogConfig: Setting CVar [[r.DOF.Gather.RingCount:4                 ; medium number of samples when gathering]]
[2025.04.10-14.43.18:279][  0]LogConfig: Setting CVar [[r.DOF.Scatter.ForegroundCompositing:1    ; additive foreground scattering]]
[2025.04.10-14.43.18:279][  0]LogConfig: Setting CVar [[r.DOF.Scatter.BackgroundCompositing:2    ; additive background scattering]]
[2025.04.10-14.43.18:279][  0]LogConfig: Setting CVar [[r.DOF.Scatter.EnableBokehSettings:1      ; bokeh simulation when scattering]]
[2025.04.10-14.43.18:279][  0]LogConfig: Setting CVar [[r.DOF.Scatter.MaxSpriteRatio:0.1         ; only a maximum of 10% of scattered bokeh]]
[2025.04.10-14.43.18:279][  0]LogConfig: Setting CVar [[r.DOF.Recombine.Quality:1                ; cheap slight out of focus]]
[2025.04.10-14.43.18:279][  0]LogConfig: Setting CVar [[r.DOF.Recombine.EnableBokehSettings:0    ; no bokeh simulation on slight out of focus]]
[2025.04.10-14.43.18:279][  0]LogConfig: Setting CVar [[r.DOF.TemporalAAQuality:1                ; more stable temporal accumulation]]
[2025.04.10-14.43.18:279][  0]LogConfig: Setting CVar [[r.DOF.Kernel.MaxForegroundRadius:0.025]]
[2025.04.10-14.43.18:279][  0]LogConfig: Setting CVar [[r.DOF.Kernel.MaxBackgroundRadius:0.025]]
[2025.04.10-14.43.18:279][  0]LogConfig: Applying CVar settings from Section [TextureQuality@3] File [C:/Unreal Projects/Top-Down-Puzzle/TopDownPuzzle/Saved/Config/Windows/Scalability.ini]
[2025.04.10-14.43.18:279][  0]LogConfig: Setting CVar [[r.Streaming.MipBias:0]]
[2025.04.10-14.43.18:279][  0]LogConfig: Setting CVar [[r.Streaming.AmortizeCPUToGPUCopy:0]]
[2025.04.10-14.43.18:279][  0]LogConfig: Setting CVar [[r.Streaming.MaxNumTexturesToStreamPerFrame:0]]
[2025.04.10-14.43.18:279][  0]LogConfig: Setting CVar [[r.Streaming.Boost:1]]
[2025.04.10-14.43.18:279][  0]LogConfig: Setting CVar [[r.MaxAnisotropy:8]]
[2025.04.10-14.43.18:279][  0]LogConfig: Setting CVar [[r.VT.MaxAnisotropy:8]]
[2025.04.10-14.43.18:279][  0]LogConfig: Setting CVar [[r.Streaming.LimitPoolSizeToVRAM:0]]
[2025.04.10-14.43.18:279][  0]LogConfig: Setting CVar [[r.Streaming.PoolSize:1000]]
[2025.04.10-14.43.18:279][  0]LogConfig: Setting CVar [[r.Streaming.MaxEffectiveScreenSize:0]]
[2025.04.10-14.43.18:279][  0]LogConfig: Applying CVar settings from Section [EffectsQuality@3] File [C:/Unreal Projects/Top-Down-Puzzle/TopDownPuzzle/Saved/Config/Windows/Scalability.ini]
[2025.04.10-14.43.18:280][  0]LogConfig: Setting CVar [[r.TranslucencyLightingVolumeDim:64]]
[2025.04.10-14.43.18:280][  0]LogConfig: Setting CVar [[r.RefractionQuality:2]]
[2025.04.10-14.43.18:280][  0]LogConfig: Setting CVar [[r.SSR.Quality:3]]
[2025.04.10-14.43.18:280][  0]LogConfig: Setting CVar [[r.SSR.HalfResSceneColor:0]]
[2025.04.10-14.43.18:280][  0]LogConfig: Setting CVar [[r.SceneColorFormat:4]]
[2025.04.10-14.43.18:280][  0]LogConfig: Setting CVar [[r.DetailMode:2]]
[2025.04.10-14.43.18:280][  0]LogConfig: Setting CVar [[r.TranslucencyVolumeBlur:1]]
[2025.04.10-14.43.18:280][  0]LogConfig: Setting CVar [[r.MaterialQualityLevel:1 ; High quality]]
[2025.04.10-14.43.18:280][  0]LogConfig: Setting CVar [[r.AnisotropicMaterials:1]]
[2025.04.10-14.43.18:280][  0]LogConfig: Setting CVar [[r.SSS.Scale:1]]
[2025.04.10-14.43.18:280][  0]LogConfig: Setting CVar [[r.SSS.SampleSet:2]]
[2025.04.10-14.43.18:280][  0]LogConfig: Setting CVar [[r.SSS.Quality:1]]
[2025.04.10-14.43.18:280][  0]LogConfig: Setting CVar [[r.SSS.HalfRes:0]]
[2025.04.10-14.43.18:280][  0]LogConfig: Setting CVar [[r.SSGI.Quality:3]]
[2025.04.10-14.43.18:280][  0]LogConfig: Setting CVar [[r.EmitterSpawnRateScale:1.0]]
[2025.04.10-14.43.18:280][  0]LogConfig: Setting CVar [[r.ParticleLightQuality:2]]
[2025.04.10-14.43.18:280][  0]LogConfig: Setting CVar [[r.SkyAtmosphere.AerialPerspectiveLUT.FastApplyOnOpaque:1 ; Always have FastSkyLUT 1 in this case to avoid wrong sky]]
[2025.04.10-14.43.18:280][  0]LogConfig: Setting CVar [[r.SkyAtmosphere.AerialPerspectiveLUT.SampleCountMaxPerSlice:4]]
[2025.04.10-14.43.18:280][  0]LogConfig: Setting CVar [[r.SkyAtmosphere.AerialPerspectiveLUT.DepthResolution:16.0]]
[2025.04.10-14.43.18:280][  0]LogConfig: Setting CVar [[r.SkyAtmosphere.FastSkyLUT:1]]
[2025.04.10-14.43.18:280][  0]LogConfig: Setting CVar [[r.SkyAtmosphere.FastSkyLUT.SampleCountMin:4.0]]
[2025.04.10-14.43.18:280][  0]LogConfig: Setting CVar [[r.SkyAtmosphere.FastSkyLUT.SampleCountMax:128.0]]
[2025.04.10-14.43.18:280][  0]LogConfig: Setting CVar [[r.SkyAtmosphere.SampleCountMin:4.0]]
[2025.04.10-14.43.18:280][  0]LogConfig: Setting CVar [[r.SkyAtmosphere.SampleCountMax:128.0]]
[2025.04.10-14.43.18:280][  0]LogConfig: Setting CVar [[r.SkyAtmosphere.TransmittanceLUT.UseSmallFormat:0]]
[2025.04.10-14.43.18:280][  0]LogConfig: Setting CVar [[r.SkyAtmosphere.TransmittanceLUT.SampleCount:10.0]]
[2025.04.10-14.43.18:280][  0]LogConfig: Setting CVar [[r.SkyAtmosphere.MultiScatteringLUT.SampleCount:15.0]]
[2025.04.10-14.43.18:280][  0]LogConfig: Setting CVar [[r.SkyLight.RealTimeReflectionCapture:1]]
[2025.04.10-14.43.18:280][  0]LogConfig: Applying CVar settings from Section [FoliageQuality@3] File [C:/Unreal Projects/Top-Down-Puzzle/TopDownPuzzle/Saved/Config/Windows/Scalability.ini]
[2025.04.10-14.43.18:280][  0]LogConfig: Setting CVar [[foliage.DensityScale:1.0]]
[2025.04.10-14.43.18:280][  0]LogConfig: Setting CVar [[grass.DensityScale:1.0]]
[2025.04.10-14.43.18:280][  0]LogConfig: Applying CVar settings from Section [ShadingQuality@3] File [C:/Unreal Projects/Top-Down-Puzzle/TopDownPuzzle/Saved/Config/Windows/Scalability.ini]
[2025.04.10-14.43.18:280][  0]LogConfig: Setting CVar [[r.HairStrands.SkyLighting.IntegrationType:2]]
[2025.04.10-14.43.18:280][  0]LogConfig: Setting CVar [[r.HairStrands.SkyAO.SampleCount:4]]
[2025.04.10-14.43.18:280][  0]LogConfig: Setting CVar [[r.HairStrands.Visibility.MSAA.SamplePerPixel:4]]
[2025.04.10-14.43.18:280][  0]LogInit: Selected Device Profile: [Windows]
[2025.04.10-14.43.18:280][  0]LogInit: Applying CVar settings loaded from the selected device profile: [Windows]
[2025.04.10-14.43.18:280][  0]LogHAL: Display: Platform has ~ 16 GB [17013329920 / 17179869184 / 16], which maps to Larger [LargestMinGB=32, LargerMinGB=12, DefaultMinGB=8, SmallerMinGB=6, SmallestMinGB=0)
[2025.04.10-14.43.18:280][  0]LogInit: Going up to parent DeviceProfile []
[2025.04.10-14.43.18:280][  0]LogConfig: Applying CVar settings from Section [ViewDistanceQuality@3] File [C:/Unreal Projects/Top-Down-Puzzle/TopDownPuzzle/Saved/Config/Windows/Scalability.ini]
[2025.04.10-14.43.18:280][  0]LogConfig: Setting CVar [[r.SkeletalMeshLODBias:0]]
[2025.04.10-14.43.18:280][  0]LogConfig: Setting CVar [[r.ViewDistanceScale:1.0]]
[2025.04.10-14.43.18:280][  0]LogConfig: Applying CVar settings from Section [AntiAliasingQuality@3] File [C:/Unreal Projects/Top-Down-Puzzle/TopDownPuzzle/Saved/Config/Windows/Scalability.ini]
[2025.04.10-14.43.18:280][  0]LogConfig: Setting CVar [[r.PostProcessAAQuality:4]]
[2025.04.10-14.43.18:280][  0]LogConfig: Applying CVar settings from Section [ShadowQuality@3] File [C:/Unreal Projects/Top-Down-Puzzle/TopDownPuzzle/Saved/Config/Windows/Scalability.ini]
[2025.04.10-14.43.18:281][  0]LogConfig: Setting CVar [[r.LightFunctionQuality:1]]
[2025.04.10-14.43.18:281][  0]LogConfig: Setting CVar [[r.ShadowQuality:5]]
[2025.04.10-14.43.18:281][  0]LogConfig: Setting CVar [[r.Shadow.CSM.MaxCascades:10]]
[2025.04.10-14.43.18:281][  0]LogConfig: Setting CVar [[r.Shadow.MaxResolution:2048]]
[2025.04.10-14.43.18:281][  0]LogConfig: Setting CVar [[r.Shadow.MaxCSMResolution:2048]]
[2025.04.10-14.43.18:281][  0]LogConfig: Setting CVar [[r.Shadow.RadiusThreshold:0.01]]
[2025.04.10-14.43.18:281][  0]LogConfig: Setting CVar [[r.Shadow.DistanceScale:1.0]]
[2025.04.10-14.43.18:281][  0]LogConfig: Setting CVar [[r.Shadow.CSM.TransitionScale:1.0]]
[2025.04.10-14.43.18:281][  0]LogConfig: Setting CVar [[r.Shadow.PreShadowResolutionFactor:1.0]]
[2025.04.10-14.43.18:281][  0]LogConfig: Setting CVar [[r.DistanceFieldShadowing:1]]
[2025.04.10-14.43.18:281][  0]LogConfig: Setting CVar [[r.DistanceFieldAO:1]]
[2025.04.10-14.43.18:281][  0]LogConfig: Setting CVar [[r.AOQuality:2]]
[2025.04.10-14.43.18:281][  0]LogConfig: Setting CVar [[r.VolumetricFog:1]]
[2025.04.10-14.43.18:281][  0]LogConfig: Setting CVar [[r.VolumetricFog.GridPixelSize:8]]
[2025.04.10-14.43.18:281][  0]LogConfig: Setting CVar [[r.VolumetricFog.GridSizeZ:128]]
[2025.04.10-14.43.18:281][  0]LogConfig: Setting CVar [[r.VolumetricFog.HistoryMissSupersampleCount:4]]
[2025.04.10-14.43.18:281][  0]LogConfig: Setting CVar [[r.LightMaxDrawDistanceScale:1]]
[2025.04.10-14.43.18:281][  0]LogConfig: Setting CVar [[r.CapsuleShadows:1]]
[2025.04.10-14.43.18:281][  0]LogConfig: Applying CVar settings from Section [PostProcessQuality@3] File [C:/Unreal Projects/Top-Down-Puzzle/TopDownPuzzle/Saved/Config/Windows/Scalability.ini]
[2025.04.10-14.43.18:281][  0]LogConfig: Setting CVar [[r.MotionBlurQuality:4]]
[2025.04.10-14.43.18:281][  0]LogConfig: Setting CVar [[r.AmbientOcclusionMipLevelFactor:0.4]]
[2025.04.10-14.43.18:281][  0]LogConfig: Setting CVar [[r.AmbientOcclusionMaxQuality:100]]
[2025.04.10-14.43.18:281][  0]LogConfig: Setting CVar [[r.AmbientOcclusionLevels:-1]]
[2025.04.10-14.43.18:281][  0]LogConfig: Setting CVar [[r.AmbientOcclusionRadiusScale:1.0]]
[2025.04.10-14.43.18:281][  0]LogConfig: Setting CVar [[r.DepthOfFieldQuality:2]]
[2025.04.10-14.43.18:281][  0]LogConfig: Setting CVar [[r.RenderTargetPoolMin:400]]
[2025.04.10-14.43.18:281][  0]LogConfig: Setting CVar [[r.LensFlareQuality:2]]
[2025.04.10-14.43.18:281][  0]LogConfig: Setting CVar [[r.SceneColorFringeQuality:1]]
[2025.04.10-14.43.18:281][  0]LogConfig: Setting CVar [[r.EyeAdaptationQuality:2]]
[2025.04.10-14.43.18:281][  0]LogConfig: Setting CVar [[r.BloomQuality:5]]
[2025.04.10-14.43.18:281][  0]LogConfig: Setting CVar [[r.FastBlurThreshold:100]]
[2025.04.10-14.43.18:281][  0]LogConfig: Setting CVar [[r.Upscale.Quality:3]]
[2025.04.10-14.43.18:281][  0]LogConfig: Setting CVar [[r.Tonemapper.GrainQuantization:1]]
[2025.04.10-14.43.18:281][  0]LogConfig: Setting CVar [[r.LightShaftQuality:1]]
[2025.04.10-14.43.18:281][  0]LogConfig: Setting CVar [[r.Filter.SizeScale:1]]
[2025.04.10-14.43.18:281][  0]LogConfig: Setting CVar [[r.Tonemapper.Quality:5]]
[2025.04.10-14.43.18:281][  0]LogConfig: Setting CVar [[r.DOF.Gather.AccumulatorQuality:1        ; higher gathering accumulator quality]]
[2025.04.10-14.43.18:281][  0]LogConfig: Setting CVar [[r.DOF.Gather.PostfilterMethod:1          ; Median3x3 postfilering method]]
[2025.04.10-14.43.18:281][  0]LogConfig: Setting CVar [[r.DOF.Gather.EnableBokehSettings:0       ; no bokeh simulation when gathering]]
[2025.04.10-14.43.18:281][  0]LogConfig: Setting CVar [[r.DOF.Gather.RingCount:4                 ; medium number of samples when gathering]]
[2025.04.10-14.43.18:281][  0]LogConfig: Setting CVar [[r.DOF.Scatter.ForegroundCompositing:1    ; additive foreground scattering]]
[2025.04.10-14.43.18:281][  0]LogConfig: Setting CVar [[r.DOF.Scatter.BackgroundCompositing:2    ; additive background scattering]]
[2025.04.10-14.43.18:281][  0]LogConfig: Setting CVar [[r.DOF.Scatter.EnableBokehSettings:1      ; bokeh simulation when scattering]]
[2025.04.10-14.43.18:281][  0]LogConfig: Setting CVar [[r.DOF.Scatter.MaxSpriteRatio:0.1         ; only a maximum of 10% of scattered bokeh]]
[2025.04.10-14.43.18:281][  0]LogConfig: Setting CVar [[r.DOF.Recombine.Quality:1                ; cheap slight out of focus]]
[2025.04.10-14.43.18:281][  0]LogConfig: Setting CVar [[r.DOF.Recombine.EnableBokehSettings:0    ; no bokeh simulation on slight out of focus]]
[2025.04.10-14.43.18:281][  0]LogConfig: Setting CVar [[r.DOF.TemporalAAQuality:1                ; more stable temporal accumulation]]
[2025.04.10-14.43.18:281][  0]LogConfig: Setting CVar [[r.DOF.Kernel.MaxForegroundRadius:0.025]]
[2025.04.10-14.43.18:281][  0]LogConfig: Setting CVar [[r.DOF.Kernel.MaxBackgroundRadius:0.025]]
[2025.04.10-14.43.18:281][  0]LogConfig: Applying CVar settings from Section [TextureQuality@3] File [C:/Unreal Projects/Top-Down-Puzzle/TopDownPuzzle/Saved/Config/Windows/Scalability.ini]
[2025.04.10-14.43.18:281][  0]LogConfig: Setting CVar [[r.Streaming.MipBias:0]]
[2025.04.10-14.43.18:282][  0]LogConfig: Setting CVar [[r.Streaming.AmortizeCPUToGPUCopy:0]]
[2025.04.10-14.43.18:282][  0]LogConfig: Setting CVar [[r.Streaming.MaxNumTexturesToStreamPerFrame:0]]
[2025.04.10-14.43.18:282][  0]LogConfig: Setting CVar [[r.Streaming.Boost:1]]
[2025.04.10-14.43.18:282][  0]LogConfig: Setting CVar [[r.MaxAnisotropy:8]]
[2025.04.10-14.43.18:282][  0]LogConfig: Setting CVar [[r.VT.MaxAnisotropy:8]]
[2025.04.10-14.43.18:282][  0]LogConfig: Setting CVar [[r.Streaming.LimitPoolSizeToVRAM:0]]
[2025.04.10-14.43.18:282][  0]LogConfig: Setting CVar [[r.Streaming.PoolSize:1000]]
[2025.04.10-14.43.18:282][  0]LogConfig: Setting CVar [[r.Streaming.MaxEffectiveScreenSize:0]]
[2025.04.10-14.43.18:282][  0]LogConfig: Applying CVar settings from Section [EffectsQuality@3] File [C:/Unreal Projects/Top-Down-Puzzle/TopDownPuzzle/Saved/Config/Windows/Scalability.ini]
[2025.04.10-14.43.18:282][  0]LogConfig: Setting CVar [[r.TranslucencyLightingVolumeDim:64]]
[2025.04.10-14.43.18:282][  0]LogConfig: Setting CVar [[r.RefractionQuality:2]]
[2025.04.10-14.43.18:282][  0]LogConfig: Setting CVar [[r.SSR.Quality:3]]
[2025.04.10-14.43.18:282][  0]LogConfig: Setting CVar [[r.SSR.HalfResSceneColor:0]]
[2025.04.10-14.43.18:282][  0]LogConfig: Setting CVar [[r.SceneColorFormat:4]]
[2025.04.10-14.43.18:282][  0]LogConfig: Setting CVar [[r.DetailMode:2]]
[2025.04.10-14.43.18:282][  0]LogConfig: Setting CVar [[r.TranslucencyVolumeBlur:1]]
[2025.04.10-14.43.18:282][  0]LogConfig: Setting CVar [[r.MaterialQualityLevel:1 ; High quality]]
[2025.04.10-14.43.18:282][  0]LogConfig: Setting CVar [[r.AnisotropicMaterials:1]]
[2025.04.10-14.43.18:282][  0]LogConfig: Setting CVar [[r.SSS.Scale:1]]
[2025.04.10-14.43.18:282][  0]LogConfig: Setting CVar [[r.SSS.SampleSet:2]]
[2025.04.10-14.43.18:282][  0]LogConfig: Setting CVar [[r.SSS.Quality:1]]
[2025.04.10-14.43.18:282][  0]LogConfig: Setting CVar [[r.SSS.HalfRes:0]]
[2025.04.10-14.43.18:282][  0]LogConfig: Setting CVar [[r.SSGI.Quality:3]]
[2025.04.10-14.43.18:282][  0]LogConfig: Setting CVar [[r.EmitterSpawnRateScale:1.0]]
[2025.04.10-14.43.18:282][  0]LogConfig: Setting CVar [[r.ParticleLightQuality:2]]
[2025.04.10-14.43.18:282][  0]LogConfig: Setting CVar [[r.SkyAtmosphere.AerialPerspectiveLUT.FastApplyOnOpaque:1 ; Always have FastSkyLUT 1 in this case to avoid wrong sky]]
[2025.04.10-14.43.18:282][  0]LogConfig: Setting CVar [[r.SkyAtmosphere.AerialPerspectiveLUT.SampleCountMaxPerSlice:4]]
[2025.04.10-14.43.18:282][  0]LogConfig: Setting CVar [[r.SkyAtmosphere.AerialPerspectiveLUT.DepthResolution:16.0]]
[2025.04.10-14.43.18:282][  0]LogConfig: Setting CVar [[r.SkyAtmosphere.FastSkyLUT:1]]
[2025.04.10-14.43.18:282][  0]LogConfig: Setting CVar [[r.SkyAtmosphere.FastSkyLUT.SampleCountMin:4.0]]
[2025.04.10-14.43.18:282][  0]LogConfig: Setting CVar [[r.SkyAtmosphere.FastSkyLUT.SampleCountMax:128.0]]
[2025.04.10-14.43.18:282][  0]LogConfig: Setting CVar [[r.SkyAtmosphere.SampleCountMin:4.0]]
[2025.04.10-14.43.18:282][  0]LogConfig: Setting CVar [[r.SkyAtmosphere.SampleCountMax:128.0]]
[2025.04.10-14.43.18:282][  0]LogConfig: Setting CVar [[r.SkyAtmosphere.TransmittanceLUT.UseSmallFormat:0]]
[2025.04.10-14.43.18:282][  0]LogConfig: Setting CVar [[r.SkyAtmosphere.TransmittanceLUT.SampleCount:10.0]]
[2025.04.10-14.43.18:282][  0]LogConfig: Setting CVar [[r.SkyAtmosphere.MultiScatteringLUT.SampleCount:15.0]]
[2025.04.10-14.43.18:282][  0]LogConfig: Setting CVar [[r.SkyLight.RealTimeReflectionCapture:1]]
[2025.04.10-14.43.18:282][  0]LogConfig: Applying CVar settings from Section [FoliageQuality@3] File [C:/Unreal Projects/Top-Down-Puzzle/TopDownPuzzle/Saved/Config/Windows/Scalability.ini]
[2025.04.10-14.43.18:282][  0]LogConfig: Setting CVar [[foliage.DensityScale:1.0]]
[2025.04.10-14.43.18:282][  0]LogConfig: Setting CVar [[grass.DensityScale:1.0]]
[2025.04.10-14.43.18:282][  0]LogConfig: Applying CVar settings from Section [ShadingQuality@3] File [C:/Unreal Projects/Top-Down-Puzzle/TopDownPuzzle/Saved/Config/Windows/Scalability.ini]
[2025.04.10-14.43.18:282][  0]LogConfig: Setting CVar [[r.HairStrands.SkyLighting.IntegrationType:2]]
[2025.04.10-14.43.18:282][  0]LogConfig: Setting CVar [[r.HairStrands.SkyAO.SampleCount:4]]
[2025.04.10-14.43.18:282][  0]LogConfig: Setting CVar [[r.HairStrands.Visibility.MSAA.SamplePerPixel:4]]
[2025.04.10-14.43.18:282][  0]LogConfig: Applying CVar settings from Section [Startup] File [../../../Engine/Config/ConsoleVariables.ini]
[2025.04.10-14.43.18:283][  0]LogConfig: Setting CVar [[net.UseAdaptiveNetUpdateFrequency:0]]
[2025.04.10-14.43.18:283][  0]LogConfig: Setting CVar [[p.chaos.AllowCreatePhysxBodies:1]]
[2025.04.10-14.43.18:283][  0]LogConfig: Setting CVar [[fx.SkipVectorVMBackendOptimizations:1]]
[2025.04.10-14.43.18:283][  0]LogConfig: Applying CVar settings from Section [ConsoleVariables] File [C:/Unreal Projects/Top-Down-Puzzle/TopDownPuzzle/Saved/Config/Windows/Engine.ini]
[2025.04.10-14.43.18:283][  0]LogConfig: Applying CVar settings from Section [ConsoleVariables] File [C:/Unreal Projects/Top-Down-Puzzle/TopDownPuzzle/Saved/Config/Windows/Editor.ini]
[2025.04.10-14.43.18:283][  0]LogInit: Computer: LAPTOP-EJ2DB2HV
[2025.04.10-14.43.18:283][  0]LogInit: User: patel
[2025.04.10-14.43.18:283][  0]LogInit: CPU Page size=4096, Cores=4
[2025.04.10-14.43.18:283][  0]LogInit: High frequency timer resolution =10.000000 MHz
[2025.04.10-14.43.18:283][  0]LogMemory: Memory total: Physical=15.8GB (16GB approx)
[2025.04.10-14.43.18:283][  0]LogMemory: Platform Memory Stats for Windows
[2025.04.10-14.43.18:283][  0]LogMemory: Process Physical Memory: 141.84 MB used, 141.84 MB peak
[2025.04.10-14.43.18:283][  0]LogMemory: Process Virtual Memory: 112.26 MB used, 112.26 MB peak
[2025.04.10-14.43.18:283][  0]LogMemory: Physical Memory: 7775.11 MB used,  8450.07 MB free, 16225.18 MB total
[2025.04.10-14.43.18:283][  0]LogMemory: Virtual Memory: 134193016.00 MB used,  24714.50 MB free, 134217728.00 MB total
[2025.04.10-14.43.18:290][  0]LogWindows: WindowsPlatformFeatures enabled
[2025.04.10-14.43.18:357][  0]LogInit: Physics initialised using underlying interface: PhysX
[2025.04.10-14.43.18:358][  0]LogInit: Using OS detected language (en-US).
[2025.04.10-14.43.18:358][  0]LogInit: Using OS detected locale (en-IN).
[2025.04.10-14.43.18:366][  0]LogTextLocalizationManager: No specific localization for 'en-US' exists, so the 'en' localization will be used.
[2025.04.10-14.43.18:753][  0]LogInit: Setting process to per monitor DPI aware
[2025.04.10-14.43.18:770][  0]LogWindowsTextInputMethodSystem: Display: IME system deactivated.
[2025.04.10-14.43.18:784][  0]LogSlate: New Slate User Created.  User Index 0, Is Virtual User: 0
[2025.04.10-14.43.18:784][  0]LogSlate: Slate User Registered.  User Index 0, Is Virtual User: 0
[2025.04.10-14.43.19:084][  0]LogD3D11RHI: Loaded GFSDK_Aftermath_Lib.x64.dll
[2025.04.10-14.43.19:185][  0]LogHMD: Failed to initialize OpenVR with code 110
[2025.04.10-14.43.19:185][  0]LogD3D11RHI: D3D11 min allowed feature level: 11_0
[2025.04.10-14.43.19:185][  0]LogD3D11RHI: D3D11 max allowed feature level: 11_0
[2025.04.10-14.43.19:185][  0]LogD3D11RHI: D3D11 adapters:
[2025.04.10-14.43.19:427][  0]LogD3D11RHI:    0. 'NVIDIA GeForce GTX 1650' (Feature Level 11_0)
[2025.04.10-14.43.19:427][  0]LogD3D11RHI:       3935/0/8112 MB DedicatedVideo/DedicatedSystem/SharedSystem, Outputs:1, VendorId:0x10de
[2025.04.10-14.43.19:514][  0]LogD3D11RHI:    1. 'Intel(R) UHD Graphics 630' (Feature Level 11_0)
[2025.04.10-14.43.19:514][  0]LogD3D11RHI:       128/0/8112 MB DedicatedVideo/DedicatedSystem/SharedSystem, Outputs:0, VendorId:0x8086
[2025.04.10-14.43.19:519][  0]LogD3D11RHI:    2. 'Microsoft Basic Render Driver' (Feature Level 11_0)
[2025.04.10-14.43.19:519][  0]LogD3D11RHI:       0/0/8112 MB DedicatedVideo/DedicatedSystem/SharedSystem, Outputs:0, VendorId:0x1414
[2025.04.10-14.43.19:519][  0]LogD3D11RHI: Chosen D3D11 Adapter:
[2025.04.10-14.43.19:519][  0]LogD3D11RHI:     Description : NVIDIA GeForce GTX 1650
[2025.04.10-14.43.19:519][  0]LogD3D11RHI:     VendorId    : 10de
[2025.04.10-14.43.19:519][  0]LogD3D11RHI:     DeviceId    : 1f91
[2025.04.10-14.43.19:519][  0]LogD3D11RHI:     SubSysId    : 85fc103c
[2025.04.10-14.43.19:519][  0]LogD3D11RHI:     Revision    : 00a1
[2025.04.10-14.43.19:519][  0]LogD3D11RHI:     DedicatedVideoMemory : 4126146560 bytes
[2025.04.10-14.43.19:519][  0]LogD3D11RHI:     DedicatedSystemMemory : 0 bytes
[2025.04.10-14.43.19:519][  0]LogD3D11RHI:     SharedSystemMemory : 8506664960 bytes
[2025.04.10-14.43.19:519][  0]LogD3D11RHI:     AdapterLuid : 0 80733
[2025.04.10-14.43.19:527][  0]LogD3D11RHI: Creating new Direct3DDevice
[2025.04.10-14.43.19:527][  0]LogD3D11RHI:     GPU DeviceId: 0x1f91 (for the marketing name, search the web for "GPU Device Id")
[2025.04.10-14.43.19:527][  0]LogWindows: EnumDisplayDevices:
[2025.04.10-14.43.19:528][  0]LogWindows:    0. 'Intel(R) UHD Graphics 630' (P:1 D:1)
[2025.04.10-14.43.19:528][  0]LogWindows:    1. 'Intel(R) UHD Graphics 630' (P:0 D:0)
[2025.04.10-14.43.19:529][  0]LogWindows:    2. 'Intel(R) UHD Graphics 630' (P:0 D:0)
[2025.04.10-14.43.19:529][  0]LogWindows:    3. 'NVIDIA GeForce GTX 1650' (P:0 D:0)
[2025.04.10-14.43.19:530][  0]LogWindows:    4. 'NVIDIA GeForce GTX 1650' (P:0 D:0)
[2025.04.10-14.43.19:531][  0]LogWindows:    5. 'NVIDIA GeForce GTX 1650' (P:0 D:0)
[2025.04.10-14.43.19:531][  0]LogWindows:    6. 'NVIDIA GeForce GTX 1650' (P:0 D:0)
[2025.04.10-14.43.19:531][  0]LogWindows: DebugString: PrimaryIsNotTheChoosenAdapter PrimaryIsNotTheChoosenAdapter PrimaryIsNotTheChoosenAdapter FoundDriverCount:4 
[2025.04.10-14.43.19:531][  0]LogD3D11RHI:     Adapter Name: NVIDIA GeForce GTX 1650
[2025.04.10-14.43.19:531][  0]LogD3D11RHI:   Driver Version: 561.19 (internal:32.0.15.6119, unified:561.19)
[2025.04.10-14.43.19:531][  0]LogD3D11RHI:      Driver Date: 11-11-2024
[2025.04.10-14.43.19:531][  0]LogRHI: Texture pool is 2754 MB (70% of 3935 MB)
[2025.04.10-14.43.19:531][  0]LogD3D11RHI: Creating D3DDevice using adapter:
[2025.04.10-14.43.19:532][  0]LogD3D11RHI:     Description : NVIDIA GeForce GTX 1650
[2025.04.10-14.43.19:532][  0]LogD3D11RHI:     VendorId    : 10de
[2025.04.10-14.43.19:532][  0]LogD3D11RHI:     DeviceId    : 1f91
[2025.04.10-14.43.19:532][  0]LogD3D11RHI:     SubSysId    : 85fc103c
[2025.04.10-14.43.19:532][  0]LogD3D11RHI:     Revision    : 00a1
[2025.04.10-14.43.19:532][  0]LogD3D11RHI:     DedicatedVideoMemory : 4126146560 bytes
[2025.04.10-14.43.19:532][  0]LogD3D11RHI:     DedicatedSystemMemory : 0 bytes
[2025.04.10-14.43.19:532][  0]LogD3D11RHI:     SharedSystemMemory : 8506664960 bytes
[2025.04.10-14.43.19:532][  0]LogD3D11RHI:     AdapterLuid : 0 80733
[2025.04.10-14.43.19:642][  0]LogD3D11RHI: RHI has support for 64 bit atomics
[2025.04.10-14.43.19:643][  0]LogD3D11RHI: Async texture creation enabled
[2025.04.10-14.43.19:643][  0]LogD3D11RHI: Array index from any shader is supported
[2025.04.10-14.43.19:669][  0]LogD3D11RHI: GPU Timing Frequency: 1000.000000 (Debug: 2 1)
[2025.04.10-14.43.19:763][  0]LogRHI: GeForceNow SDK initialized: 1
[2025.04.10-14.43.20:443][  0]LogTargetPlatformManager: Display: Loaded TargetPlatform 'AllDesktop'
[2025.04.10-14.43.20:475][  0]LogTargetPlatformManager: Display: Loaded TargetPlatform 'Android'
[2025.04.10-14.43.20:475][  0]LogTargetPlatformManager: Display: Loaded TargetPlatform 'Android_ASTC'
[2025.04.10-14.43.20:475][  0]LogTargetPlatformManager: Display: Loaded TargetPlatform 'Android_DXT'
[2025.04.10-14.43.20:475][  0]LogTargetPlatformManager: Display: Loaded TargetPlatform 'Android_ETC2'
[2025.04.10-14.43.20:475][  0]LogTargetPlatformManager: Display: Loaded TargetPlatform 'AndroidClient'
[2025.04.10-14.43.20:475][  0]LogTargetPlatformManager: Display: Loaded TargetPlatform 'Android_ASTCClient'
[2025.04.10-14.43.20:475][  0]LogTargetPlatformManager: Display: Loaded TargetPlatform 'Android_DXTClient'
[2025.04.10-14.43.20:475][  0]LogTargetPlatformManager: Display: Loaded TargetPlatform 'Android_ETC2Client'
[2025.04.10-14.43.20:475][  0]LogTargetPlatformManager: Display: Loaded TargetPlatform 'Android_Multi'
[2025.04.10-14.43.20:475][  0]LogTargetPlatformManager: Display: Loaded TargetPlatform 'Android_MultiClient'
[2025.04.10-14.43.20:496][  0]LogTargetPlatformManager: Display: Loaded TargetPlatform 'IOSClient'
[2025.04.10-14.43.20:496][  0]LogTargetPlatformManager: Display: Loaded TargetPlatform 'IOS'
[2025.04.10-14.43.20:509][  0]LogTargetPlatformManager: Display: Loaded TargetPlatform 'Linux'
[2025.04.10-14.43.20:514][  0]LogTargetPlatformManager: Display: Loaded TargetPlatform 'LinuxNoEditor'
[2025.04.10-14.43.20:519][  0]LogTargetPlatformManager: Display: Loaded TargetPlatform 'LinuxClient'
[2025.04.10-14.43.20:524][  0]LogTargetPlatformManager: Display: Loaded TargetPlatform 'LinuxServer'
[2025.04.10-14.43.20:538][  0]LogTargetPlatformManager: Display: Loaded TargetPlatform 'LinuxAArch64NoEditor'
[2025.04.10-14.43.20:542][  0]LogTargetPlatformManager: Display: Loaded TargetPlatform 'LinuxAArch64Client'
[2025.04.10-14.43.20:546][  0]LogTargetPlatformManager: Display: Loaded TargetPlatform 'LinuxAArch64Server'
[2025.04.10-14.43.20:582][  0]LogTargetPlatformManager: Display: Loaded TargetPlatform 'Lumin'
[2025.04.10-14.43.20:582][  0]LogTargetPlatformManager: Display: Loaded TargetPlatform 'LuminClient'
[2025.04.10-14.43.20:593][  0]LogTargetPlatformManager: Display: Loaded TargetPlatform 'MacNoEditor'
[2025.04.10-14.43.20:598][  0]LogTargetPlatformManager: Display: Loaded TargetPlatform 'Mac'
[2025.04.10-14.43.20:602][  0]LogTargetPlatformManager: Display: Loaded TargetPlatform 'MacClient'
[2025.04.10-14.43.20:606][  0]LogTargetPlatformManager: Display: Loaded TargetPlatform 'MacServer'
[2025.04.10-14.43.20:621][  0]LogTargetPlatformManager: Display: Loaded TargetPlatform 'TVOSClient'
[2025.04.10-14.43.20:621][  0]LogTargetPlatformManager: Display: Loaded TargetPlatform 'TVOS'
[2025.04.10-14.43.20:633][  0]LogTargetPlatformManager: Display: Loaded TargetPlatform 'WindowsNoEditor'
[2025.04.10-14.43.20:638][  0]LogTargetPlatformManager: Display: Loaded TargetPlatform 'Windows'
[2025.04.10-14.43.20:642][  0]LogTargetPlatformManager: Display: Loaded TargetPlatform 'WindowsClient'
[2025.04.10-14.43.20:646][  0]LogTargetPlatformManager: Display: Loaded TargetPlatform 'WindowsServer'
[2025.04.10-14.43.20:646][  0]LogTargetPlatformManager: Display: Building Assets For Windows
[2025.04.10-14.43.20:652][  0]LogAudioDebug: Display: Lib vorbis DLL was dynamically loaded.
[2025.04.10-14.43.20:680][  0]LogTextureFormatOodle: Display: Oodle Texture 2.9.0 init RDO Off
[2025.04.10-14.43.20:701][  0]LogRendererCore: Ray tracing is disabled. Reason: r.RayTracing=0.
[2025.04.10-14.43.20:701][  0]LogShaderCompilers: Guid format shader working directory is -18 characters bigger than the processId version (../../../../../../Unreal Projects/Top-Down-Puzzle/TopDownPuzzle/Intermediate/Shaders/WorkingDirectory/16160/).
[2025.04.10-14.43.20:701][  0]LogShaderCompilers: Cleaned the shader compiler working directory 'C:/Users/patel/AppData/Local/Temp/UnrealShaderWorkingDir/2B768D9640D7C47C9375A8833D048C9F/'.
[2025.04.10-14.43.20:701][  0]LogXGEController: Cannot use XGE Controller as Incredibuild is not installed on this machine.
[2025.04.10-14.43.20:701][  0]LogShaderCompilers: Cannot use XGE Shader Compiler as Incredibuild is not installed on this machine.
[2025.04.10-14.43.20:701][  0]LogShaderCompilers: Display: Using Local Shader Compiler.
[2025.04.10-14.43.21:841][  0]LogDerivedDataCache: Display: Max Cache Size: 512 MB
[2025.04.10-14.43.21:913][  0]LogDerivedDataCache: Loaded boot cache 0.07s 103MB C:/Users/patel/AppData/Local/UnrealEngine/4.27/DerivedDataCache/Boot.ddc.
[2025.04.10-14.43.21:913][  0]LogDerivedDataCache: Display: Loaded Boot cache: C:/Users/patel/AppData/Local/UnrealEngine/4.27/DerivedDataCache/Boot.ddc
[2025.04.10-14.43.21:913][  0]LogDerivedDataCache: FDerivedDataBackendGraph:  Pak pak cache file ../../../../../../Unreal Projects/Top-Down-Puzzle/TopDownPuzzle/DerivedDataCache/DDC.ddp not found, will not use a pak cache.
[2025.04.10-14.43.21:913][  0]LogDerivedDataCache: Unable to find inner node Pak for hierarchical cache Hierarchy.
[2025.04.10-14.43.21:913][  0]LogDerivedDataCache: FDerivedDataBackendGraph:  CompressedPak pak cache file ../../../../../../Unreal Projects/Top-Down-Puzzle/TopDownPuzzle/DerivedDataCache/Compressed.ddp not found, will not use a pak cache.
[2025.04.10-14.43.21:913][  0]LogDerivedDataCache: Unable to find inner node CompressedPak for hierarchical cache Hierarchy.
[2025.04.10-14.43.21:934][  0]LogDerivedDataCache: Display: Pak cache opened for reading ../../../Engine/DerivedDataCache/Compressed.ddp.
[2025.04.10-14.43.21:934][  0]LogDerivedDataCache: FDerivedDataBackendGraph:  EnterprisePak pak cache file ../../../Enterprise/DerivedDataCache/Compressed.ddp not found, will not use a pak cache.
[2025.04.10-14.43.21:934][  0]LogDerivedDataCache: Unable to find inner node EnterprisePak for hierarchical cache Hierarchy.
[2025.04.10-14.43.21:945][  0]LogDerivedDataCache: Speed tests for C:/Users/patel/AppData/Local/UnrealEngine/Common/DerivedDataCache took 0.01 seconds
[2025.04.10-14.43.21:945][  0]LogDerivedDataCache: Display: Performance to C:/Users/patel/AppData/Local/UnrealEngine/Common/DerivedDataCache: Latency=0.07ms. RandomReadSpeed=654.53MBs, RandomWriteSpeed=105.42MBs. Assigned SpeedClass 'Local'
[2025.04.10-14.43.21:946][  0]LogDerivedDataCache: Using Local data cache path C:/Users/patel/AppData/Local/UnrealEngine/Common/DerivedDataCache: Writable
[2025.04.10-14.43.21:946][  0]LogDerivedDataCache: Shared data cache path not found in *engine.ini, will not use an Shared cache.
[2025.04.10-14.43.21:946][  0]LogDerivedDataCache: Unable to find inner node Shared for hierarchical cache Hierarchy.
[2025.04.10-14.43.22:021][  0]LogSlate: Using FreeType 2.10.0
[2025.04.10-14.43.22:021][  0]LogSlate: SlateFontServices - WITH_FREETYPE: 1, WITH_HARFBUZZ: 1
[2025.04.10-14.43.22:047][  0]LogAssetRegistry: FAssetRegistry took 0.0035 seconds to start up
[2025.04.10-14.43.22:369][  0]LogInit: Selected Device Profile: [Windows]
[2025.04.10-14.43.22:369][  0]LogInit: Active device profile: [000002158FFFD400][0000021585463A00 49] Windows
[2025.04.10-14.43.22:369][  0]LogInit: Profiles: [000002158FFFD400][0000021585463A00 49] Windows, [000002158FF93F00][000002158857DB80 49] WindowsNoEditor, [000002158FFA3E00][0000021588580180 49] WindowsServer, [000002158FF91500][0000021585886300 49] WindowsClient, [000002158FFA1800][000002158588A480 49] IOS, [000002158FF91000][000002158588E600 49] iPadAir, [000002158FFA0C00][0000021585892780 49] iPadAir2, [000002158FF4C100][000002158589AA40 49] IPadPro, [000002158FF4C200][0000021585896A80 49] iPadAir3, [000002158FF91600][0000021585466BC0 49] iPadAir4, [000002158FF4EC00][000002158589ED00 49] iPadMini2, [000002158FF91300][00000215858A2E40 49] iPadMini3, [000002158FFA0100][00000215858A6F80 49] iPadMini4, [000002158FF91700][00000215858AF100 49] iPadMini5, [000002158FF4B900][00000215858B73C0 49] iPhone6, [000002158FF4BA00][00000215858B3400 49] iPodTouch6, [000002158FFA1200][00000215881E76C0 49] iPhone7, [000002158FFA1100][00000215881E3700 49] iPodTouch7, [000002158FF48400][00000215881EB880 49] iPhone5S, [000002158FF4FD00][00000215881EFA00 49] iPhone6Plus, [000002158FF49F00][00000215881F3B80 49] iPhone6S, [000002158FFA1600][00000215881F6180 49] iPhone6SPlus, [000002158FF49300][00000215881FA300 49] iPhone7Plus, [000002158FFA0200][00000215881FE480 49] iPhoneSE, [000002158FF48D00][0000021588202600 49] iPhone8, [000002158FFA0A00][0000021588206780 49] iPhone8Plus, [000002158FF4BC00][000002158820A900 49] iPhoneX, [000002158FFA3500][000002158820EA80 49] iPhoneXS, [000002158FF4A800][0000021588212C00 49] iPhoneXSMax, [000002158FFA2700][00000215858AAD40 49] iPhoneXR, [000002158FF4AA00][0000021588216E80 49] iPhone11, [000002158FFA2E00][0000021588068FC0 49] iPhone11Pro, [000002158FF4B300][000002158F661100 49] iPhone11ProMax, [000002158FFA2100][000002158F669280 49] iPhoneSE2, [000002158FF4AF00][000002158F66D400 49] iPhone12Mini, [000002158FFA2B00][0000021588421580 49] iPhone12, [000002158FF4BF00][0000021588435700 49] iPhone12Pro, [000002158FFA2C00][0000021588439880 49] iPhone12ProMax, [000002158FF49E00][000002158843DA00 49] iPadPro105, [000002158FFA3000][00000215909ADB80 49] iPadPro129, [000002158FF4A400][00000215909E8180 49] iPadPro97, [000002158FFA0D00][0000021590A1C300 49] iPadPro2_129, [000002158FF48F00][0000021590A2A480 49] iPad5, [000002158FFA0800][0000021590A68600 49] iPad6, [000002158FF48300][0000021590A6C780 49] iPad7, [000002158FFA2500][0000021590A70900 49] iPad8, [000002158FF48800][0000021590A74A80 49] iPadPro11, [000002158FFA1000][0000021590A78C00 49] iPadPro2_11, [000002158FF48700][0000021590A7CD80 49] iPadPro3_129, [000002158FFA1700][000002159072AF00 49] iPadPro4_129, [000002158FF4B000][000002158F665040 49] AppleTV, [000002158FFA3300][00000215908C5180 49] AppleTV4K, [000002158FF49200][00000215908D12C0 49] TVOS, [000002158FFA1A00][0000021590C49440 49] Mac, [000002158FF49000][0000021590C515C0 49] MacClient, [000002158FFA3A00][0000021590D6F740 49] MacNoEditor, [000002158FF49100][0000021590D7D8C0 49] MacServer, [000002158FFA0400][0000021590D81A40 49] Linux, [000002158FF48500][0000021590D85BC0 49] LinuxAArch64, [000002158FFA2300][0000021590D881C0 49] LinuxNoEditor, [000002158FF48C00][0000021590D8C340 49] LinuxAArch64NoEditor, [000002158FFA2D00][0000021590D904C0 49] LinuxClient, [000002158FF4B100][0000021590D94640 49] LinuxAArch64Client, [000002158FFA3C00][0000021590F1C7C0 49] LinuxServer, [000002158FF4B600][000002158F5BC940 49] LinuxAArch64Server, [000002158FFA3800][000002158F5C0AC0 49] Android, [000002158FFFF000][000002158F5C4C40 49] Android_Low, [000002158FF4E700][000002158F5C8DC0 49] Android_Mid, [000002158FFFED00][000002158F602F40 49] Android_High, [000002158FF4CA00][000002158F6070C0 49] Android_Default, [000002158FFFC200][0000021590C45200 49] Android_Adreno4xx, [000002158FF4D200][00000215F242D340 49] Android_Adreno5xx_Low, [000002158FFFD000][00000215F2431480 49] Android_Adreno5xx, [000002158FF4C300][00000215910115C0 49] Android_Adreno6xx, [000002158FFFF700][000002159101D740 49] Android_Adreno6xx_Vulkan, [000002158FF4E300][00000215909FD8C0 49] Android_Mali_T6xx, [000002158FFFF400][0000021590A01A40 49] Android_Mali_T7xx, [000002158FF4EE00][0000021590A05BC0 49] Android_Mali_T8xx, [000002158FFFF500][0000021590A081C0 49] Android_Mali_G71, [000002158FF4C500][0000021590A0C340 49] Android_Mali_G72, [000002158FFFC500][00000215910144C0 49] Android_Mali_G72_Vulkan, [000002158FF4D500][00000215F2434640 49] Android_Mali_G76, [000002158FFFF300][00000215F244E7C0 49] Android_Mali_G76_Vulkan, [000002158FF4FB00][00000215F2452940 49] Android_Mali_G77, [000002158FFFD900][00000215F2456AC0 49] Android_Mali_G77_Vulkan, [000002158FF4ED00][00000215F245AC40 49] Android_Mali_G78, [000002158FFFE300][00000215908CCDC0 49] Android_Mali_G78_Vulkan, [000002158FF4F000][00000215908C8F40 49] Android_Mali_G710, [000002158FFFEF00][000002159072F0C0 49] Android_Mali_G710_Vulkan, [000002158FF4CF00][00000215909B1240 49] Android_Vulkan_SM5, [000002158FFFC900][0000021591019380 49] Android_PowerVR_G6xxx, [000002158FFA1300][00000215909B54C0 49] Android_PowerVR_GT7xxx, [000002158FFFCC00][00000215909C1600 49] Android_PowerVR_GE8xxx, [000002158FFA0B00][00000215909C5740 49] Android_PowerVR_GM9xxx, [000002158FFFC700][00000215909CD8C0 49] Android_PowerVR_GM9xxx_Vulkan, [000002158FFA0E00][00000215909D1A40 49] Android_TegraK1, [000002158FFFEC00][00000215909D5BC0 49] Android_Unknown_Vulkan, [000002158FFA2600][00000215909D81C0 49] Lumin, [000002158FFFEA00][00000215909DC340 49] Lumin_Desktop, [000002158FFA2900][00000215909E04C0 49] HoloLens, 
[2025.04.10-14.43.22:516][  0]LogMeshReduction: Using QuadricMeshReduction for automatic static mesh reduction
[2025.04.10-14.43.22:516][  0]LogMeshReduction: Using SimplygonMeshReduction for automatic skeletal mesh reduction
[2025.04.10-14.43.22:516][  0]LogMeshReduction: Using ProxyLODMeshReduction for automatic mesh merging
[2025.04.10-14.43.22:516][  0]LogMeshReduction: No distributed automatic mesh merging module available
[2025.04.10-14.43.22:516][  0]LogMeshMerging: No distributed automatic mesh merging module available
[2025.04.10-14.43.22:535][  0]LogNetVersion: TopDownPuzzle 1.0.0, NetCL: 17155196, EngineNetVer: 17, GameNetVer: 0 (Checksum: 565499533)
[2025.04.10-14.43.23:111][  0]LogTexture: Default maximum texture size for cubemaps generated from long-lat sources has been changed from 512 to unlimited. In order to preserve old behaiour for '/Engine/MapTemplates/Sky/DaylightAmbientCubemap.DaylightAmbientCubemap', its maximum texture size has been explicitly set to 512.
[2025.04.10-14.43.23:197][  0]LogHMD: PokeAHoleMaterial loaded successfully
[2025.04.10-14.43.23:207][  0]LogUObjectArray: 17178 objects as part of root set at end of initial load.
[2025.04.10-14.43.23:207][  0]LogUObjectAllocator: 4302048 out of 0 bytes used by permanent object pool.
[2025.04.10-14.43.23:207][  0]LogUObjectArray: CloseDisregardForGC: 0/0 objects in disregard for GC pool
[2025.04.10-14.43.23:456][  0]LogNiagaraDebuggerClient: Niagara Debugger Client Initialized | Session: CD15660544F80F31D532D9BBC543C3E2 | Instance: 54CB00A44580060F5D6DD795951B49A3 (LAPTOP-EJ2DB2HV-16160).
[2025.04.10-14.43.23:499][  0]LogPython: Using Python 3.7.7
[2025.04.10-14.43.24:413][  0]LogTcpMessaging: Initializing TcpMessaging bridge
[2025.04.10-14.43.24:417][  0]LogUdpMessaging: Initializing bridge on interface 0.0.0.0:0 to multicast group 230.0.0.1:6666.
[2025.04.10-14.43.25:853][  0]LogWindows: Error: === Critical error: ===
[2025.04.10-14.43.25:853][  0]LogWindows: Error: 
[2025.04.10-14.43.25:853][  0]LogWindows: Error: Fatal error!
[2025.04.10-14.43.25:853][  0]LogWindows: Error: 
[2025.04.10-14.43.25:853][  0]LogWindows: Error: Unhandled Exception: EXCEPTION_ACCESS_VIOLATION reading address 0x00000000000000b8
[2025.04.10-14.43.25:853][  0]LogWindows: Error: 
[2025.04.10-14.43.25:853][  0]LogWindows: Error: [Callstack] 0x00007ffe70acd9e4 UE4Editor-Engine.dll!UnknownFunction []
[2025.04.10-14.43.25:853][  0]LogWindows: Error: [Callstack] 0x00007ffe4ae74f9e UE4Editor-TopDownPuzzle-9630.dll!ATopDownPuzzleCharacter::ATopDownPuzzleCharacter() [C:\Unreal Projects\Top-Down-Puzzle\TopDownPuzzle\Source\TopDownPuzzle\TopDownPuzzleCharacter.cpp:68]
[2025.04.10-14.43.25:853][  0]LogWindows: Error: [Callstack] 0x00007ffe836261d3 UE4Editor-CoreUObject.dll!UnknownFunction []
[2025.04.10-14.43.25:853][  0]LogWindows: Error: [Callstack] 0x00007ffe83948faf UE4Editor-CoreUObject.dll!UnknownFunction []
[2025.04.10-14.43.25:853][  0]LogWindows: Error: [Callstack] 0x00007ffe83925411 UE4Editor-CoreUObject.dll!UnknownFunction []
[2025.04.10-14.43.25:853][  0]LogWindows: Error: [Callstack] 0x00007ffe837eddc5 UE4Editor-CoreUObject.dll!UnknownFunction []
[2025.04.10-14.43.25:854][  0]LogWindows: Error: [Callstack] 0x00007ffe6e7e1bea UE4Editor-Core.dll!UnknownFunction []
[2025.04.10-14.43.25:854][  0]LogWindows: Error: [Callstack] 0x00007ffe6e8015a3 UE4Editor-Core.dll!UnknownFunction []
[2025.04.10-14.43.25:854][  0]LogWindows: Error: [Callstack] 0x00007ffe82886433 UE4Editor-Projects.dll!UnknownFunction []
[2025.04.10-14.43.25:854][  0]LogWindows: Error: [Callstack] 0x00007ffe8288674f UE4Editor-Projects.dll!UnknownFunction []
[2025.04.10-14.43.25:854][  0]LogWindows: Error: [Callstack] 0x00007ff613945642 UE4Editor.exe!UnknownFunction []
[2025.04.10-14.43.25:854][  0]LogWindows: Error: [Callstack] 0x00007ff613949000 UE4Editor.exe!UnknownFunction []
[2025.04.10-14.43.25:854][  0]LogWindows: Error: [Callstack] 0x00007ff613940d2c UE4Editor.exe!UnknownFunction []
[2025.04.10-14.43.25:854][  0]LogWindows: Error: [Callstack] 0x00007ff6139410ba UE4Editor.exe!UnknownFunction []
[2025.04.10-14.43.25:854][  0]LogWindows: Error: [Callstack] 0x00007ff6139440dd UE4Editor.exe!UnknownFunction []
[2025.04.10-14.43.25:854][  0]LogWindows: Error: [Callstack] 0x00007ff613955984 UE4Editor.exe!UnknownFunction []
[2025.04.10-14.43.25:854][  0]LogWindows: Error: [Callstack] 0x00007ff61395853a UE4Editor.exe!UnknownFunction []
[2025.04.10-14.43.25:854][  0]LogWindows: Error: [Callstack] 0x00007ffef5dc259d KERNEL32.DLL!UnknownFunction []
[2025.04.10-14.43.25:854][  0]LogWindows: Error: [Callstack] 0x00007ffef6c2af38 ntdll.dll!UnknownFunction []
[2025.04.10-14.43.25:854][  0]LogWindows: Error: 
[2025.04.10-14.43.25:868][  0]LogExit: Executing StaticShutdownAfterError
[2025.04.10-14.43.25:869][  0]LogWindows: FPlatformMisc::RequestExit(1)
[2025.04.10-14.43.25:870][  0]LogWindows: FPlatformMisc::RequestExitWithStatus(1, 3)
[2025.04.10-14.43.25:870][  0]LogCore: Engine exit requested (reason: Win RequestExit)
[2025.04.10-14.43.25:876][  0]Log file closed, 04/10/25 10:43:25
